1..22
ok 1 consistency.attributes.pl - Consistency check: attributes: action=query&text=cow
ok 2 consistency.attributes.pl - Consistency check: attributes: action=query&text=cow+AND+black
ok 3 consistency.attributes.pl - Consistency check: attributes: action=query&text=brown:FIELD
ok 4 consistency.attributes.pl - Consistency check: attributes: action=query&text=brown:_ATTR_COLOUR
ok 5 consistency.attributes.pl - Consistency check: attributes: action=query&text=brown:*/_ATTR_COLOUR
ok 6 consistency.attributes.pl - Consistency check: attributes: action=query&text=brown:*/COLOUR
ok 7 consistency.attributes.pl - Consistency check: attributes: action=query&text=brown:/xml/document/field/_attr_colour
ok 8 consistency.attributes.pl - Consistency check: attributes: action=query&text=brown:*COLOUR
ok 9 consistency.attributes.pl - Consistency check: attributes: action=query&text=café
ok 10 consistency.attributes.pl - Consistency check: attributes: action=query&text=café:_ATTR_USE
ok 11 consistency.attributes.pl - Consistency check: attributes: action=getcontent&reference=doc3&outputencoding=utf8
ok 12 consistency.attributes.pl - Consistency check: attributes: action=getcontent&reference=doc3&print=fields&printfields=SUBFIELD*
ok 13 consistency.attributes.pl - Consistency check: attributes: action=getcontent&reference=doc3&print=fields&printfields=SUBFIELD,SUBFIELD/_attr_use
ok 14 consistency.attributes.pl - Consistency check: attributes: action=query&text=farmer&fieldtext=MATCH{barn}:SUBFIELD/_ATTR_BUILDING
ok 15 consistency.attributes.pl - Consistency check: attributes: action=query&text=farmer&fieldtext=MATCH{black}:FIELD/_ATTR_COLOUR
ok 16 consistency.attributes.pl - Consistency check: attributes: action=query&text=farmer&fieldtext=EXISTS{}:SUBFIELD/_ATTR_USE
ok 17 consistency.attributes.pl - Consistency check: attributes: action=query&text=farmer&fieldtext=MATCH{café}:SUBFIELD/_ATTR_USE
ok 18 consistency.attributes.pl - Consistency check: attributes: action=query&text=farmer&fieldtext=STRING{ar}:SUBFIELD/_ATTR_BUILDING
ok 19 consistency.attributes.pl - Consistency check: attributes: action=query&text=farmer&fieldtext=TERM{cows}:FIELD/_ATTR_ANIMAL
ok 20 consistency.attributes.pl - Consistency check: attributes: action=query&text=puff&print=all
ok 21 consistency.attributes.pl - Consistency check: attributes: action=query&text=magic&printfields=*/FIELD*&highlight=terms
ok 22 consistency.attributes.pl - Consistency check: attributes: action=query&text=dragon&print=index&highlight=terms
# INFO Passed: 22 Failed: 0
