8.092: [GC [PSYoungGen: 1024064K->13715K(1194688K)] 1024064K->13715K(3925376K), 0.0226640 secs] [Times: user=0.13 sys=0.02, real=0.02 secs] 
12.621: [GC [PSYoungGen: 1037779K->24483K(1194688K)] 1037779K->24483K(3925376K), 0.0246800 secs] [Times: user=0.15 sys=0.03, real=0.03 secs] 
14.499: [GC [PSYoungGen: 1048547K->50601K(1194688K)] 1048547K->50601K(3925376K), 0.0575960 secs] [Times: user=0.32 sys=0.05, real=0.06 secs] 
15.572: [GC [PSYoungGen: 1074665K->74219K(2218752K)] 1074665K->74219K(4949440K), 0.0635610 secs] [Times: user=0.32 sys=0.10, real=0.06 secs] 
17.272: [GC [PSYoungGen: 2122347K->119140K(2218752K)] 2122347K->119140K(4949440K), 0.1071470 secs] [Times: user=0.53 sys=0.18, real=0.10 secs] 
18.816: [GC [PSYoungGen: 2167268K->129959K(2476800K)] 2167268K->152831K(5207488K), 0.1281670 secs] [Times: user=0.67 sys=0.22, real=0.13 secs] 
20.376: [GC [PSYoungGen: 2476775K->142193K(2519360K)] 2499647K->188699K(5250048K), 0.1324870 secs] [Times: user=0.69 sys=0.25, real=0.13 secs] 
21.782: [GC [PSYoungGen: 2489009K->124176K(2526656K)] 2535515K->210914K(5257344K), 0.1150240 secs] [Times: user=0.77 sys=0.09, real=0.12 secs] 
23.192: [GC [PSYoungGen: 2457104K->101104K(2434048K)] 2543842K->249224K(5164736K), 0.1186070 secs] [Times: user=0.80 sys=0.10, real=0.12 secs] 
24.590: [GC [PSYoungGen: 2434032K->68960K(2537472K)] 2582152K->269691K(5268160K), 0.0882020 secs] [Times: user=0.58 sys=0.09, real=0.09 secs] 
25.953: [GC [PSYoungGen: 2414112K->41360K(2530368K)] 2614843K->299328K(5261056K), 0.0761630 secs] [Times: user=0.49 sys=0.11, real=0.08 secs] 
27.174: [GC [PSYoungGen: 2386512K->65760K(2538048K)] 2644480K->352286K(5268736K), 0.0828500 secs] [Times: user=0.59 sys=0.05, real=0.08 secs] 
28.492: [GC [PSYoungGen: 2426208K->47568K(2536064K)] 2712734K->362931K(5266752K), 0.0637140 secs] [Times: user=0.43 sys=0.05, real=0.07 secs] 
29.805: [GC [PSYoungGen: 2408016K->47120K(2550656K)] 2723379K->391987K(5281344K), 0.0631160 secs] [Times: user=0.45 sys=0.04, real=0.06 secs] 
31.051: [GC [PSYoungGen: 2428880K->43344K(2549056K)] 2773747K->417645K(5279744K), 0.0596120 secs] [Times: user=0.40 sys=0.05, real=0.06 secs] 
32.284: [GC [PSYoungGen: 2425104K->37968K(2559744K)] 2799405K->441705K(5290432K), 0.0551660 secs] [Times: user=0.38 sys=0.05, real=0.06 secs] 
33.484: [GC [PSYoungGen: 2435984K->63152K(2557568K)] 2839721K->495697K(5288256K), 0.0727330 secs] [Times: user=0.52 sys=0.05, real=0.07 secs] 
34.680: [GC [PSYoungGen: 2461168K->54688K(2564864K)] 2893713K->516896K(5295552K), 0.0656790 secs] [Times: user=0.46 sys=0.06, real=0.07 secs] 
35.909: [GC [PSYoungGen: 2470240K->66768K(2560448K)] 2932448K->558341K(5291136K), 0.0753370 secs] [Times: user=0.55 sys=0.04, real=0.08 secs] 
37.151: [GC [PSYoungGen: 2482320K->74480K(2577664K)] 2973893K->595545K(5308352K), 0.0822080 secs] [Times: user=0.60 sys=0.05, real=0.08 secs] 
38.432: [GC [PSYoungGen: 2514864K->61648K(2573696K)] 3035929K->611985K(5304384K), 0.0745600 secs] [Times: user=0.52 sys=0.06, real=0.08 secs] 
39.709: [GC [PSYoungGen: 2502032K->43280K(2589760K)] 3052369K->623237K(5320448K), 0.0610570 secs] [Times: user=0.37 sys=0.04, real=0.06 secs] 
40.948: [GC [PSYoungGen: 2505488K->77520K(2587584K)] 3085445K->686733K(5318272K), 0.0850180 secs] [Times: user=0.58 sys=0.08, real=0.08 secs] 
42.210: [GC [PSYoungGen: 2539728K->53024K(2601024K)] 3148941K->692459K(5331712K), 0.0668650 secs] [Times: user=0.49 sys=0.04, real=0.07 secs] 
43.518: [GC [PSYoungGen: 2534048K->53904K(2601472K)] 3173483K->723400K(5332160K), 0.0683290 secs] [Times: user=0.49 sys=0.05, real=0.07 secs] 
44.776: [GC [PSYoungGen: 2534928K->53280K(2606336K)] 3204424K->753555K(5337024K), 0.0687230 secs] [Times: user=0.50 sys=0.04, real=0.07 secs] 
46.018: [GC [PSYoungGen: 2546912K->51824K(2606528K)] 3247187K->782331K(5337216K), 0.0672100 secs] [Times: user=0.47 sys=0.05, real=0.06 secs] 
47.273: [GC [PSYoungGen: 2545456K->51264K(2614592K)] 3275963K->812486K(5345280K), 0.0679740 secs] [Times: user=0.47 sys=0.05, real=0.07 secs] 
48.577: [GC [PSYoungGen: 2559424K->61728K(2614592K)] 3320646K->853905K(5345280K), 0.0744410 secs] [Times: user=0.53 sys=0.05, real=0.07 secs] 
49.836: [GC [PSYoungGen: 2569888K->58128K(2620352K)] 3362065K->881872K(5351040K), 0.0731250 secs] [Times: user=0.51 sys=0.07, real=0.07 secs] 
51.112: [GC [PSYoungGen: 2579728K->58800K(2620160K)] 3403472K->913043K(5350848K), 0.0710980 secs] [Times: user=0.51 sys=0.05, real=0.07 secs] 
52.428: [GC [PSYoungGen: 2580400K->59408K(2628672K)] 3434643K->944168K(5359360K), 0.0745010 secs] [Times: user=0.53 sys=0.07, real=0.07 secs] 
53.858: [GC [PSYoungGen: 2596112K->44992K(2628224K)] 3480872K->960351K(5358912K), 0.0628140 secs] [Times: user=0.44 sys=0.04, real=0.06 secs] 
55.239: [GC [PSYoungGen: 2581696K->56944K(2634176K)] 3497055K->1002795K(5364864K), 0.0715920 secs] [Times: user=0.50 sys=0.06, real=0.07 secs] 
56.573: [GC [PSYoungGen: 2605168K->58928K(2636096K)] 3551019K->1035889K(5366784K), 0.0734430 secs] [Times: user=0.52 sys=0.05, real=0.07 secs] 
57.846: [GC [PSYoungGen: 2607152K->47654K(2641728K)] 3584113K->1054699K(5372416K), 0.0642510 secs] [Times: user=0.47 sys=0.04, real=0.07 secs] 
59.184: [GC [PSYoungGen: 2605222K->53648K(2641856K)] 3612267K->1091309K(5372544K), 0.0674800 secs] [Times: user=0.49 sys=0.05, real=0.07 secs] 
60.466: [GC [PSYoungGen: 2611216K->62338K(2644928K)] 3648877K->1130880K(5375616K), 0.0768750 secs] [Times: user=0.55 sys=0.07, real=0.08 secs] 
61.834: [GC [PSYoungGen: 2625026K->76580K(2639296K)] 3693568K->1175737K(5369984K), 0.0879400 secs] [Times: user=0.63 sys=0.05, real=0.09 secs] 
63.355: [GC [PSYoungGen: 2639268K->81654K(2633152K)] 3738425K->1210764K(5363840K), 0.0929520 secs] [Times: user=0.65 sys=0.07, real=0.10 secs] 
64.830: [GC [PSYoungGen: 2628470K->77382K(2624256K)] 3757580K->1235183K(5354944K), 0.0864360 secs] [Times: user=0.63 sys=0.05, real=0.08 secs] 
66.421: [GC [PSYoungGen: 2624198K->94714K(2591104K)] 3781999K->1290031K(5321792K), 0.1099670 secs] [Times: user=0.78 sys=0.07, real=0.11 secs] 
67.996: [GC [PSYoungGen: 2591098K->85990K(2582400K)] 3786415K->1312408K(5313088K), 0.0976230 secs] [Times: user=0.71 sys=0.05, real=0.10 secs] 
69.544: [GC [PSYoungGen: 2582374K->118182K(2587200K)] 3808792K->1374110K(5317888K), 0.1171050 secs] [Times: user=0.89 sys=0.03, real=0.12 secs] 
70.921: [GC [PSYoungGen: 2587046K->90182K(2599744K)] 3842974K->1376394K(5330432K), 0.0977020 secs] [Times: user=0.74 sys=0.04, real=0.09 secs] 
72.300: [GC [PSYoungGen: 2559046K->92970K(2599296K)] 3845258K->1409378K(5329984K), 0.0994430 secs] [Times: user=0.74 sys=0.04, real=0.09 secs] 
73.625: [GC [PSYoungGen: 2561706K->95366K(2564160K)] 3878114K->1441514K(5294848K), 0.1006670 secs] [Times: user=0.75 sys=0.05, real=0.10 secs] 
75.044: [GC [PSYoungGen: 2564102K->119238K(2580608K)] 3910250K->1496726K(5311296K), 0.1210190 secs] [Times: user=0.91 sys=0.05, real=0.12 secs] 
76.544: [GC [PSYoungGen: 2568134K->110938K(2559872K)] 3945622K->1519855K(5290560K), 0.1142680 secs] [Times: user=0.85 sys=0.06, real=0.11 secs] 
78.000: [GC [PSYoungGen: 2559834K->93206K(2589248K)] 3968751K->1532351K(5319936K), 0.1017670 secs] [Times: user=0.74 sys=0.05, real=0.11 secs] 
79.466: [GC [PSYoungGen: 2537494K->130966K(2575296K)] 3976639K->1600676K(5305984K), 0.1301250 secs] [Times: user=0.98 sys=0.04, real=0.13 secs] 
80.891: [GC [PSYoungGen: 2575254K->97014K(2582848K)] 4044964K->1596999K(5313536K), 0.1035740 secs] [Times: user=0.78 sys=0.05, real=0.11 secs] 
82.318: [GC [PSYoungGen: 2527926K->95758K(2526720K)] 4027911K->1626283K(5257408K), 0.1115910 secs] [Times: user=0.81 sys=0.04, real=0.11 secs] 
83.870: [GC [PSYoungGen: 2526670K->77716K(2576832K)] 4057195K->1638027K(5307520K), 0.0888910 secs] [Times: user=0.65 sys=0.05, real=0.09 secs] 
85.616: [GC [PSYoungGen: 2511124K->71154K(2574336K)] 4071435K->1662356K(5305024K), 0.0853950 secs] [Times: user=0.62 sys=0.06, real=0.08 secs] 
87.455: [GC [PSYoungGen: 2504562K->71952K(2587648K)] 4095764K->1694710K(5318336K), 0.0869160 secs] [Times: user=0.64 sys=0.05, real=0.08 secs] 
89.531: [GC [PSYoungGen: 2520272K->42066K(2585728K)] 4143030K->1696426K(5316416K), 0.0622330 secs] [Times: user=0.44 sys=0.05, real=0.07 secs] 
91.340: [GC [PSYoungGen: 2490386K->36084K(2585792K)] 4144746K->1723581K(5316480K), 0.0610920 secs] [Times: user=0.40 sys=0.07, real=0.06 secs] 
93.144: [GC [PSYoungGen: 2481652K->77940K(2523520K)] 4169149K->1797655K(5254208K), 0.0928800 secs] [Times: user=0.69 sys=0.04, real=0.09 secs] 
95.648: [GC [PSYoungGen: 2523508K->36000K(2582656K)] 4243223K->1787685K(5313344K), 0.0621420 secs] [Times: user=0.43 sys=0.04, real=0.06 secs] 
98.472: [GC [PSYoungGen: 2482464K->33952K(2584064K)] 4234149K->1819658K(5314752K), 0.0640610 secs] [Times: user=0.45 sys=0.05, real=0.07 secs] 
101.096: [GC [PSYoungGen: 2480416K->36944K(2591232K)] 4266122K->1856266K(5321920K), 0.0644390 secs] [Times: user=0.44 sys=0.06, real=0.06 secs] 
104.222: [GC [PSYoungGen: 2491856K->34976K(2591872K)] 4311178K->1888610K(5322560K), 0.0643740 secs] [Times: user=0.46 sys=0.04, real=0.07 secs] 
107.723: [GC [PSYoungGen: 2489888K->34192K(2590272K)] 4343522K->1922535K(5320960K), 0.0653770 secs] [Times: user=0.47 sys=0.05, real=0.07 secs] 
111.188: [GC [PSYoungGen: 2492496K->34800K(2591488K)] 4380839K->1957097K(5322176K), 0.0623830 secs] [Times: user=0.43 sys=0.05, real=0.06 secs] 
114.396: [GC [PSYoungGen: 2493104K->34944K(2592576K)] 4415401K->1990713K(5323264K), 0.0645150 secs] [Times: user=0.43 sys=0.05, real=0.06 secs] 
117.539: [GC [PSYoungGen: 2502080K->37968K(2594176K)] 4457849K->2026839K(5324864K), 0.0653600 secs] [Times: user=0.46 sys=0.05, real=0.06 secs] 
120.562: [GC [PSYoungGen: 2505104K->35952K(2598400K)] 4493975K->2058141K(5329088K), 0.0654310 secs] [Times: user=0.44 sys=0.04, real=0.07 secs] 
123.766: [GC [PSYoungGen: 2516592K->41600K(2599744K)] 4538781K->2096843K(5330432K), 0.0678900 secs] [Times: user=0.48 sys=0.04, real=0.07 secs] 
126.677: [GC [PSYoungGen: 2522240K->37392K(2607104K)] 4577483K->2128184K(5337792K), 0.0633990 secs] [Times: user=0.44 sys=0.05, real=0.07 secs] 
129.608: [GC [PSYoungGen: 2534672K->39488K(2607552K)] 4625464K->2163562K(5338240K), 0.0666640 secs] [Times: user=0.48 sys=0.05, real=0.07 secs] 
132.557: [GC [PSYoungGen: 2536768K->38656K(2616128K)] 4660842K->2196121K(5346816K), 0.0638090 secs] [Times: user=0.45 sys=0.05, real=0.07 secs] 
135.497: [GC [PSYoungGen: 2553024K->36000K(2616320K)] 4710489K->2226983K(5347008K), 0.0656480 secs] [Times: user=0.43 sys=0.06, real=0.07 secs] 
138.513: [GC [PSYoungGen: 2550368K->34368K(2625600K)] 4741351K->2258999K(5356288K), 0.0639910 secs] [Times: user=0.44 sys=0.05, real=0.06 secs] 
141.490: [GC [PSYoungGen: 2564352K->37936K(2625408K)] 4788983K->2296135K(5356096K), 0.0681780 secs] [Times: user=0.47 sys=0.05, real=0.06 secs] 
144.797: [GC [PSYoungGen: 2567920K->36144K(2631936K)] 4826119K->2328126K(5362624K), 0.0668860 secs] [Times: user=0.46 sys=0.05, real=0.07 secs] 
148.196: [GC [PSYoungGen: 2578992K->40336K(2631232K)] 4870974K->2368191K(5361920K), 0.0711940 secs] [Times: user=0.51 sys=0.05, real=0.07 secs] 
151.284: [GC [PSYoungGen: 2583184K->36432K(2639360K)] 4911039K->2402079K(5370048K), 0.0678420 secs] [Times: user=0.49 sys=0.05, real=0.07 secs] 
154.595: [GC [PSYoungGen: 2592464K->37984K(2637632K)] 4958111K->2438836K(5368320K), 0.0665150 secs] [Times: user=0.46 sys=0.06, real=0.06 secs] 
157.919: [GC [PSYoungGen: 2594016K->38352K(2646016K)] 4994868K->2476036K(5376704K), 0.0669890 secs] [Times: user=0.46 sys=0.07, real=0.07 secs] 
161.333: [GC [PSYoungGen: 2607056K->37136K(2644224K)] 5044740K->2511900K(5374912K), 0.0692120 secs] [Times: user=0.47 sys=0.07, real=0.07 secs] 
164.934: [GC [PSYoungGen: 2605840K->37680K(2652608K)] 5080604K->2548922K(5383296K), 0.0694460 secs] [Times: user=0.50 sys=0.04, real=0.06 secs] 
168.477: [GC [PSYoungGen: 2617968K->36368K(2650752K)] 5129210K->2583863K(5381440K), 0.0707740 secs] [Times: user=0.47 sys=0.06, real=0.07 secs] 
172.726: [GC [PSYoungGen: 2616656K->37312K(2657920K)] 5164151K->2619413K(5388608K), 0.0707640 secs] [Times: user=0.47 sys=0.05, real=0.07 secs] 
177.005: [GC [PSYoungGen: 2627392K->47536K(2656128K)] 5209493K->2665270K(5386816K), 0.0781690 secs] [Times: user=0.54 sys=0.05, real=0.08 secs] 
180.722: [GC [PSYoungGen: 2637616K->45040K(2663616K)] 5255350K->2708108K(5394304K), 0.0860670 secs] [Times: user=0.60 sys=0.07, real=0.09 secs] 
184.495: [GC [PSYoungGen: 2642736K->57008K(2654720K)] 5305804K->2754515K(5385408K), 0.0872480 secs] [Times: user=0.63 sys=0.05, real=0.09 secs] 
184.582: [Full GC [PSYoungGen: 57008K->23490K(2654720K)] [PSOldGen: 2697507K->2730687K(4420288K)] 2754515K->2754178K(7075008K) [PSPermGen: 46264K->45603K(86016K)], 6.1902500 secs] [Times: user=6.15 sys=0.03, real=6.19 secs] 
193.915: [GC [PSYoungGen: 2597696K->68592K(2645120K)] 5328383K->2803392K(7065408K), 0.5078350 secs] [Times: user=4.02 sys=0.03, real=0.51 secs] 
197.391: [GC [PSYoungGen: 2645104K->54656K(2631232K)] 5379904K->2845751K(7051520K), 0.1066020 secs] [Times: user=0.76 sys=0.09, real=0.10 secs] 
200.344: [GC [PSYoungGen: 2631168K->47632K(2656192K)] 5422263K->2871804K(7076480K), 0.0814190 secs] [Times: user=0.61 sys=0.04, real=0.08 secs] 
203.288: [GC [PSYoungGen: 2626640K->40864K(2619904K)] 5450812K->2895913K(7040192K), 0.0762380 secs] [Times: user=0.56 sys=0.05, real=0.08 secs] 
206.229: [GC [PSYoungGen: 2619872K->72688K(2641536K)] 5474921K->2930577K(7061824K), 0.0777720 secs] [Times: user=0.60 sys=0.01, real=0.08 secs] 
209.110: [GC [PSYoungGen: 2641520K->42656K(2649728K)] 5499409K->2961840K(7070016K), 0.0951170 secs] [Times: user=0.65 sys=0.10, real=0.09 secs] 
212.083: [GC [PSYoungGen: 2611488K->78816K(2633088K)] 5530672K->3001240K(7053376K), 0.0807500 secs] [Times: user=0.63 sys=0.01, real=0.08 secs] 
214.974: [GC [PSYoungGen: 2633056K->44512K(2642432K)] 5555480K->3026551K(7062720K), 0.0984210 secs] [Times: user=0.68 sys=0.09, real=0.10 secs] 
217.929: [GC [PSYoungGen: 2598752K->46576K(2634688K)] 5580791K->3059190K(7054976K), 0.0829080 secs] [Times: user=0.61 sys=0.04, real=0.09 secs] 
220.808: [GC [PSYoungGen: 2603184K->60656K(2639744K)] 5615798K->3103757K(7060032K), 0.0928790 secs] [Times: user=0.69 sys=0.05, real=0.09 secs] 
223.768: [GC [PSYoungGen: 2617264K->46336K(2643456K)] 5660365K->3119924K(7063744K), 0.0823640 secs] [Times: user=0.59 sys=0.06, real=0.08 secs] 
226.669: [GC [PSYoungGen: 2610240K->57216K(2645248K)] 5683828K->3161403K(7065536K), 0.0898630 secs] [Times: user=0.65 sys=0.07, real=0.09 secs] 
229.586: [GC [PSYoungGen: 2621120K->55408K(2645440K)] 5725307K->3190170K(7065728K), 0.0888500 secs] [Times: user=0.66 sys=0.05, real=0.09 secs] 
232.520: [GC [PSYoungGen: 2624112K->65328K(2647744K)] 5758874K->3230829K(7068032K), 0.0949730 secs] [Times: user=0.71 sys=0.05, real=0.10 secs] 
235.427: [GC [PSYoungGen: 2634032K->48752K(2649600K)] 5799533K->3245036K(7069888K), 0.0821060 secs] [Times: user=0.60 sys=0.06, real=0.08 secs] 
238.344: [GC [PSYoungGen: 2618928K->58112K(2649408K)] 5815212K->3285314K(7069696K), 0.0914120 secs] [Times: user=0.66 sys=0.06, real=0.10 secs] 
241.272: [GC [PSYoungGen: 2628288K->52624K(2647552K)] 5855490K->3310661K(7067840K), 0.0843080 secs] [Times: user=0.61 sys=0.06, real=0.09 secs] 
244.196: [GC [PSYoungGen: 2625488K->45200K(2649024K)] 5883525K->3334067K(7069312K), 0.0817620 secs] [Times: user=0.58 sys=0.06, real=0.08 secs] 
247.091: [GC [PSYoungGen: 2618064K->75232K(2637824K)] 5906931K->3371143K(7058112K), 0.0841600 secs] [Times: user=0.65 sys=0.02, real=0.08 secs] 
249.996: [GC [PSYoungGen: 2637792K->55328K(2646592K)] 5933703K->3410523K(7066880K), 0.1072140 secs] [Times: user=0.75 sys=0.10, real=0.10 secs] 
252.962: [GC [PSYoungGen: 2617888K->56400K(2639296K)] 5973083K->3442473K(7059584K), 0.0914500 secs] [Times: user=0.68 sys=0.05, real=0.09 secs] 
255.869: [GC [PSYoungGen: 2621776K->47376K(2644352K)] 6007849K->3464128K(7064640K), 0.0818630 secs] [Times: user=0.59 sys=0.05, real=0.08 secs] 
258.782: [GC [PSYoungGen: 2612752K->63728K(2650560K)] 6029504K->3511322K(7070848K), 0.0965650 secs] [Times: user=0.70 sys=0.06, real=0.10 secs] 
261.797: [GC [PSYoungGen: 2636272K->42000K(2651584K)] 6083866K->3520373K(7071872K), 0.0768490 secs] [Times: user=0.55 sys=0.06, real=0.08 secs] 
264.739: [GC [PSYoungGen: 2614544K->57248K(2648768K)] 6092917K->3566611K(7069056K), 0.0900760 secs] [Times: user=0.66 sys=0.06, real=0.09 secs] 
267.670: [GC [PSYoungGen: 2629792K->44176K(2650176K)] 6139155K->3584398K(7070464K), 0.0834320 secs] [Times: user=0.62 sys=0.04, real=0.08 secs] 
270.585: [GC [PSYoungGen: 2616720K->44672K(2650816K)] 6156942K->3615808K(7071104K), 0.0791060 secs] [Times: user=0.58 sys=0.05, real=0.08 secs] 
273.520: [GC [PSYoungGen: 2620544K->76272K(2652160K)] 6191680K->3660340K(7072448K), 0.0896370 secs] [Times: user=0.68 sys=0.02, real=0.09 secs] 
276.430: [GC [PSYoungGen: 2652144K->51168K(2638720K)] 6236212K->3689946K(7059008K), 0.1029780 secs] [Times: user=0.73 sys=0.09, real=0.11 secs] 
279.371: [GC [PSYoungGen: 2611424K->54608K(2645440K)] 6250202K->3724264K(7065728K), 0.0868350 secs] [Times: user=0.63 sys=0.05, real=0.08 secs] 
282.265: [GC [PSYoungGen: 2614864K->58192K(2639168K)] 6284520K->3758427K(7059456K), 0.0916160 secs] [Times: user=0.68 sys=0.05, real=0.09 secs] 
285.178: [GC [PSYoungGen: 2621136K->61200K(2643648K)] 6321371K->3792021K(7063936K), 0.0943030 secs] [Times: user=0.70 sys=0.05, real=0.10 secs] 
288.103: [GC [PSYoungGen: 2624144K->65712K(2648384K)] 6354965K->3827224K(7068672K), 0.0970340 secs] [Times: user=0.73 sys=0.04, real=0.09 secs] 
291.049: [GC [PSYoungGen: 2633904K->55568K(2623808K)] 6395416K->3847878K(7044096K), 0.0916880 secs] [Times: user=0.69 sys=0.05, real=0.09 secs] 
293.941: [GC [PSYoungGen: 2623760K->51712K(2649664K)] 6416070K->3874820K(7069952K), 0.0891000 secs] [Times: user=0.64 sys=0.04, real=0.09 secs] 
296.868: [GC [PSYoungGen: 2622208K->37648K(2648384K)] 6445316K->3891367K(7068672K), 0.0794290 secs] [Times: user=0.57 sys=0.05, real=0.08 secs] 
299.793: [GC [PSYoungGen: 2608144K->36208K(2650176K)] 6461863K->3920717K(7070464K), 0.0761190 secs] [Times: user=0.57 sys=0.03, real=0.07 secs] 
302.678: [GC [PSYoungGen: 2607344K->76480K(2647680K)] 6491853K->3960989K(7067968K), 0.0793150 secs] [Times: user=0.63 sys=0.00, real=0.08 secs] 
305.578: [GC [PSYoungGen: 2647616K->82928K(2595712K)] 6532125K->4010468K(7016000K), 0.1148260 secs] [Times: user=0.83 sys=0.07, real=0.11 secs] 
308.453: [GC [PSYoungGen: 2595696K->73504K(2621696K)] 6523236K->4041086K(7041984K), 0.1082370 secs] [Times: user=0.79 sys=0.06, real=0.11 secs] 
311.359: [GC [PSYoungGen: 2586272K->86640K(2614080K)] 6553854K->4076081K(7034368K), 0.0995800 secs] [Times: user=0.76 sys=0.03, real=0.10 secs] 
314.422: [GC [PSYoungGen: 2592368K->86768K(2592512K)] 6581809K->4106296K(7012800K), 0.1051450 secs] [Times: user=0.78 sys=0.04, real=0.11 secs] 
317.512: [GC [PSYoungGen: 2592496K->74688K(2617280K)] 6612024K->4124258K(7037568K), 0.0955230 secs] [Times: user=0.70 sys=0.05, real=0.10 secs] 
321.528: [GC [PSYoungGen: 2576384K->68080K(2569792K)] 6625954K->4149813K(6990080K), 0.0982890 secs] [Times: user=0.69 sys=0.05, real=0.10 secs] 
326.562: [GC [PSYoungGen: 2569776K->71280K(2613632K)] 6651509K->4185236K(7033920K), 0.1012470 secs] [Times: user=0.70 sys=0.04, real=0.10 secs] 
334.343: [GC [PSYoungGen: 2575984K->105888K(2610624K)] 6689940K->4219981K(7030912K), 0.0964370 secs] [Times: user=0.72 sys=0.00, real=0.10 secs] 
348.433: [GC [PSYoungGen: 2610592K->63312K(2617408K)] 6724685K->4248257K(7037696K), 0.1197860 secs] [Times: user=0.80 sys=0.11, real=0.12 secs] 
372.979: [GC [PSYoungGen: 2564752K->113195K(2614656K)] 6749697K->4335277K(7034944K), 0.1490110 secs] [Times: user=1.09 sys=0.05, real=0.15 secs] 
374.946: [GC [PSYoungGen: 2614635K->59335K(2575104K)] 6836717K->4335484K(6995392K), 0.1031490 secs] [Times: user=0.75 sys=0.08, real=0.10 secs] 
794.070: [GC [PSYoungGen: 2518471K->69270K(2594880K)] 6794620K->4345419K(7015168K), 0.0796580 secs] [Times: user=0.56 sys=0.00, real=0.08 secs] 
1519.397: [GC [PSYoungGen: 2528406K->76667K(2579456K)] 6804555K->4352816K(6999744K), 0.1676190 secs] [Times: user=0.80 sys=0.39, real=0.17 secs] 
1603.904: [GC [PSYoungGen: 2540219K->66403K(2589376K)] 6816368K->4342553K(7009664K), 0.0804980 secs] [Times: user=0.60 sys=0.02, real=0.08 secs] 
1681.786: [GC [PSYoungGen: 2529955K->81890K(2596928K)] 6806105K->4358040K(7017216K), 0.0939160 secs] [Times: user=0.67 sys=0.03, real=0.09 secs] 
1803.962: [GC [PSYoungGen: 2564002K->89516K(2602432K)] 6840152K->4365666K(7022720K), 0.1091330 secs] [Times: user=0.75 sys=0.09, real=0.10 secs] 
2156.674: [GC [PSYoungGen: 2571628K->109171K(2595072K)] 6847778K->4385321K(7015360K), 0.2177620 secs] [Times: user=1.06 sys=0.54, real=0.21 secs] 
2233.046: [GC [PSYoungGen: 2582708K->112344K(2586624K)] 6858858K->4388494K(7006912K), 0.2109530 secs] [Times: user=1.02 sys=0.58, real=0.21 secs] 
2597.638: [GC [PSYoungGen: 2586584K->121119K(2578112K)] 6862734K->4397268K(6998400K), 0.2540900 secs] [Times: user=1.13 sys=0.71, real=0.25 secs] 
3151.752: [GC [PSYoungGen: 2564127K->119881K(2562944K)] 6840276K->4396030K(6983232K), 0.1148650 secs] [Times: user=0.77 sys=0.06, real=0.11 secs] 
3685.625: [GC [PSYoungGen: 2562889K->122243K(2569088K)] 6839038K->4398393K(6989376K), 0.2221050 secs] [Times: user=1.11 sys=0.55, real=0.23 secs] 
4109.633: [GC [PSYoungGen: 2541187K->121224K(2540224K)] 6817337K->4397373K(6960512K), 0.2263820 secs] [Times: user=1.15 sys=0.54, real=0.22 secs] 
4130.307: [GC [PSYoungGen: 2540168K->114765K(2570176K)] 6816317K->4390914K(6990464K), 0.1053540 secs] [Times: user=0.77 sys=0.06, real=0.10 secs] 
4168.334: [GC [PSYoungGen: 2525261K->114962K(2570560K)] 6801410K->4391111K(6990848K), 0.0980900 secs] [Times: user=0.76 sys=0.00, real=0.10 secs] 
4209.111: [GC [PSYoungGen: 2525458K->54625K(2567040K)] 6801607K->4390276K(6987328K), 0.1178670 secs] [Times: user=0.79 sys=0.09, real=0.12 secs] 
4275.547: [GC [PSYoungGen: 2461665K->56826K(2568832K)] 6797316K->4392542K(6989120K), 0.0645850 secs] [Times: user=0.49 sys=0.00, real=0.06 secs] 
4296.114: [GC [PSYoungGen: 2463866K->52191K(2568192K)] 6799582K->4390351K(6988480K), 0.0655000 secs] [Times: user=0.49 sys=0.01, real=0.07 secs] 
4316.622: [GC [PSYoungGen: 2459231K->50302K(2568512K)] 6797391K->4390450K(6988800K), 0.0616580 secs] [Times: user=0.49 sys=0.00, real=0.06 secs] 
4369.543: [GC [PSYoungGen: 2457342K->50621K(2565824K)] 6797490K->4391601K(6986112K), 0.0624080 secs] [Times: user=0.46 sys=0.01, real=0.06 secs] 
4403.847: [GC [PSYoungGen: 2459261K->39691K(2567168K)] 6800241K->4392994K(6987456K), 0.1370030 secs] [Times: user=0.70 sys=0.36, real=0.14 secs] 
4481.091: [GC [PSYoungGen: 2448331K->28180K(2571840K)] 6801634K->4390843K(6992128K), 0.0559860 secs] [Times: user=0.42 sys=0.02, real=0.06 secs] 
4644.556: [GC [PSYoungGen: 2442580K->20078K(2572224K)] 6805243K->4396388K(6992512K), 0.0628440 secs] [Times: user=0.39 sys=0.03, real=0.07 secs] 
4664.668: [GC [PSYoungGen: 2434478K->15476K(2572096K)] 6810788K->4392817K(6992384K), 0.0448140 secs] [Times: user=0.34 sys=0.00, real=0.05 secs] 
4684.768: [GC [PSYoungGen: 2430260K->6101K(2572352K)] 6807601K->4392517K(6992640K), 0.0481840 secs] [Times: user=0.36 sys=0.01, real=0.05 secs] 
4684.817: [Full GC [PSYoungGen: 6101K->0K(2572352K)] [PSOldGen: 4386415K->4390345K(5461376K)] 4392517K->4390345K(8033728K) [PSPermGen: 71475K->71475K(86016K)], 11.3615070 secs] [Times: user=10.50 sys=0.86, real=11.36 secs] 
4720.737: [GC [PSYoungGen: 2414784K->4432K(2570176K)] 6805129K->4394777K(8031552K), 0.0168570 secs] [Times: user=0.12 sys=0.00, real=0.02 secs] 
4745.339: [GC [PSYoungGen: 2420112K->3504K(2571648K)] 6810457K->4393849K(8033024K), 0.0192860 secs] [Times: user=0.14 sys=0.00, real=0.02 secs] 
4768.661: [GC [PSYoungGen: 2419184K->5894K(2567872K)] 6809529K->4396239K(8029248K), 0.0199930 secs] [Times: user=0.14 sys=0.00, real=0.02 secs] 
4793.339: [GC [PSYoungGen: 2427078K->4816K(2570752K)] 6817423K->4395161K(8032128K), 0.0165070 secs] [Times: user=0.12 sys=0.01, real=0.02 secs] 
4817.556: [GC [PSYoungGen: 2426000K->3040K(2573248K)] 6816345K->4393385K(8034624K), 0.0146320 secs] [Times: user=0.11 sys=0.01, real=0.01 secs] 
4843.569: [GC [PSYoungGen: 2438944K->2096K(2576384K)] 6829289K->4392441K(8037760K), 0.0160660 secs] [Times: user=0.12 sys=0.00, real=0.01 secs] 
4865.244: [GC [PSYoungGen: 2438000K->4576K(2580352K)] 6828345K->4394921K(8041728K), 0.0189310 secs] [Times: user=0.14 sys=0.00, real=0.02 secs] 
4906.739: [GC [PSYoungGen: 2459232K->4141K(2584320K)] 6849577K->4394487K(8045696K), 0.0209740 secs] [Times: user=0.14 sys=0.01, real=0.02 secs] 
4933.471: [GC [PSYoungGen: 2458797K->2256K(2586752K)] 6849143K->4392601K(8048128K), 0.0170930 secs] [Times: user=0.13 sys=0.00, real=0.02 secs] 
5024.803: [GC [PSYoungGen: 2477008K->5642K(2592896K)] 6867353K->4395988K(8054272K), 0.0455230 secs] [Times: user=0.21 sys=0.09, real=0.05 secs] 
5080.793: [GC [PSYoungGen: 2480394K->2576K(2589632K)] 6870740K->4392921K(8051008K), 0.0210540 secs] [Times: user=0.14 sys=0.01, real=0.02 secs] 
5118.164: [GC [PSYoungGen: 2493840K->4899K(2597440K)] 6884185K->4395245K(8058816K), 0.0236900 secs] [Times: user=0.15 sys=0.00, real=0.03 secs] 
5161.358: [GC [PSYoungGen: 2496163K->3413K(2595584K)] 6886509K->4393758K(8056960K), 0.0222630 secs] [Times: user=0.15 sys=0.01, real=0.02 secs] 
5190.938: [GC [PSYoungGen: 2510741K->3141K(2601920K)] 6901086K->4393486K(8063296K), 0.0206880 secs] [Times: user=0.15 sys=0.01, real=0.03 secs] 
5238.577: [GC [PSYoungGen: 2510469K->4883K(2600960K)] 6900814K->4395228K(8062336K), 0.0242800 secs] [Times: user=0.15 sys=0.01, real=0.02 secs] 
5289.670: [GC [PSYoungGen: 2528403K->2021K(2607232K)] 6918748K->4393846K(8068608K), 0.0222300 secs] [Times: user=0.16 sys=0.01, real=0.02 secs] 
5403.585: [GC [PSYoungGen: 2525541K->3859K(2603840K)] 6917366K->4395748K(8065216K), 0.0285350 secs] [Times: user=0.17 sys=0.00, real=0.03 secs] 
5472.287: [GC [PSYoungGen: 2540627K->4343K(2610816K)] 6932516K->4396305K(8072192K), 0.0282470 secs] [Times: user=0.18 sys=0.01, real=0.03 secs] 
5492.943: [GC [PSYoungGen: 2541111K->2842K(2619648K)] 6933073K->4394868K(8081024K), 0.0247230 secs] [Times: user=0.17 sys=0.00, real=0.03 secs] 
5513.753: [GC [PSYoungGen: 2556762K->2869K(2618880K)] 6948788K->4394950K(8080256K), 0.0273960 secs] [Times: user=0.19 sys=0.01, real=0.03 secs] 
5535.823: [GC [PSYoungGen: 2556789K->2789K(2631936K)] 6948870K->4394934K(8093312K), 0.0216340 secs] [Times: user=0.16 sys=0.00, real=0.02 secs] 
5557.107: [GC [PSYoungGen: 2580389K->2277K(2634624K)] 6972534K->4394486K(8096000K), 0.0232680 secs] [Times: user=0.18 sys=0.01, real=0.02 secs] 
5578.740: [GC [PSYoungGen: 2579877K->2981K(2652032K)] 6972086K->4395254K(8113408K), 0.0240120 secs] [Times: user=0.17 sys=0.01, real=0.02 secs] 
5599.389: [GC [PSYoungGen: 2607397K->4055K(2654272K)] 6999670K->4396392K(8115648K), 0.0526850 secs] [Times: user=0.25 sys=0.13, real=0.06 secs] 
5622.128: [GC [PSYoungGen: 2608471K->1973K(2676288K)] 7000808K->4394446K(8137664K), 0.0335290 secs] [Times: user=0.21 sys=0.00, real=0.03 secs] 
5644.732: [GC [PSYoungGen: 2636405K->2357K(2677888K)] 7028878K->4394910K(8139264K), 0.0235100 secs] [Times: user=0.16 sys=0.00, real=0.02 secs] 
5676.115: [GC [PSYoungGen: 2636789K->992K(2683584K)] 7029342K->4394318K(8144960K), 0.0227510 secs] [Times: user=0.16 sys=0.01, real=0.02 secs] 
5721.521: [GC [PSYoungGen: 2647584K->2685K(2684736K)] 7040910K->4396076K(8146112K), 0.0215610 secs] [Times: user=0.14 sys=0.01, real=0.02 secs] 
5819.815: [GC [PSYoungGen: 2649277K->1648K(2689344K)] 7042668K->4395102K(8150720K), 0.0246810 secs] [Times: user=0.16 sys=0.00, real=0.02 secs] 
5856.918: [GC [PSYoungGen: 2658608K->3782K(2690176K)] 7052062K->4397301K(8151552K), 0.0246200 secs] [Times: user=0.16 sys=0.01, real=0.02 secs] 
5906.114: [GC [PSYoungGen: 2660742K->1248K(2695424K)] 7054261K->4394822K(8156800K), 0.0265670 secs] [Times: user=0.18 sys=0.01, real=0.02 secs] 
5948.929: [GC [PSYoungGen: 2668000K->1616K(2695552K)] 7061574K->4395350K(8156928K), 0.0229520 secs] [Times: user=0.17 sys=0.00, real=0.03 secs] 
5979.433: [GC [PSYoungGen: 2668368K->2637K(2699776K)] 7062102K->4396484K(8161152K), 0.0238000 secs] [Times: user=0.15 sys=0.00, real=0.03 secs] 
6040.277: [GC [PSYoungGen: 2677581K->1472K(2699904K)] 7071428K->4395374K(8161280K), 0.0243080 secs] [Times: user=0.16 sys=0.01, real=0.02 secs] 
6100.065: [GC [PSYoungGen: 2676416K->2813K(2703680K)] 7070318K->4396780K(8165056K), 0.0247290 secs] [Times: user=0.17 sys=0.00, real=0.02 secs] 
6181.334: [GC [PSYoungGen: 2685117K->6048K(2703936K)] 7079084K->4400070K(8165312K), 0.0302700 secs] [Times: user=0.20 sys=0.01, real=0.04 secs] 
6200.343: [GC [PSYoungGen: 2688352K->11138K(2707328K)] 7082374K->4405224K(8168704K), 0.0587520 secs] [Times: user=0.29 sys=0.14, real=0.06 secs] 
6235.514: [GC [PSYoungGen: 2697794K->1488K(2708288K)] 7091880K->4395638K(8169664K), 0.0240650 secs] [Times: user=0.17 sys=0.01, real=0.02 secs] 
6270.151: [GC [PSYoungGen: 2688144K->2344K(2706752K)] 7082294K->4396559K(8168128K), 0.0241500 secs] [Times: user=0.18 sys=0.00, real=0.02 secs] 
6308.390: [GC [PSYoungGen: 2690856K->4528K(2707776K)] 7085071K->4398806K(8169152K), 0.0265250 secs] [Times: user=0.19 sys=0.00, real=0.03 secs] 
6330.658: [GC [PSYoungGen: 2693040K->3453K(2709312K)] 7087318K->4397796K(8170688K), 0.0264680 secs] [Times: user=0.18 sys=0.00, real=0.02 secs] 
6368.465: [GC [PSYoungGen: 2696957K->2128K(2710144K)] 7091300K->4396534K(8171520K), 0.0264930 secs] [Times: user=0.19 sys=0.00, real=0.02 secs] 
6457.670: [GC [PSYoungGen: 2695632K->3549K(2711872K)] 7090038K->4398020K(8173248K), 0.0336820 secs] [Times: user=0.22 sys=0.00, real=0.03 secs] 
6479.712: [GC [PSYoungGen: 2701789K->4064K(2712896K)] 7096260K->4398662K(8174272K), 0.0254770 secs] [Times: user=0.19 sys=0.01, real=0.02 secs] 
6501.730: [GC [PSYoungGen: 2702304K->1440K(2714944K)] 7096902K->4396110K(8176320K), 0.0234770 secs] [Times: user=0.19 sys=0.00, real=0.03 secs] 
6523.745: [GC [PSYoungGen: 2703776K->1680K(2715456K)] 7098446K->4396414K(8176832K), 0.0220590 secs] [Times: user=0.18 sys=0.00, real=0.02 secs] 
6546.255: [GC [PSYoungGen: 2704016K->2768K(2716096K)] 7098750K->4397566K(8177472K), 0.0233520 secs] [Times: user=0.17 sys=0.00, real=0.03 secs] 
6567.078: [GC [PSYoungGen: 2707792K->4381K(2716736K)] 7102590K->4399244K(8178112K), 0.0259360 secs] [Times: user=0.18 sys=0.00, real=0.03 secs] 
6590.208: [GC [PSYoungGen: 2709405K->4000K(2717568K)] 7104268K->4398926K(8178944K), 0.0234250 secs] [Times: user=0.18 sys=0.01, real=0.02 secs] 
6613.144: [GC [PSYoungGen: 2711648K->3584K(2718336K)] 7106574K->4398590K(8179712K), 0.0225630 secs] [Times: user=0.18 sys=0.00, real=0.02 secs] 
6636.375: [GC [PSYoungGen: 2711232K->1920K(2719104K)] 7106238K->4397062K(8180480K), 0.0200670 secs] [Times: user=0.16 sys=0.00, real=0.02 secs] 
6686.115: [GC [PSYoungGen: 2711872K->4342K(2719552K)] 7107014K->4399581K(8180928K), 0.0246920 secs] [Times: user=0.17 sys=0.00, real=0.03 secs] 
6715.666: [GC [PSYoungGen: 2714294K->1408K(2720320K)] 7109533K->4396710K(8181696K), 0.0212230 secs] [Times: user=0.16 sys=0.00, real=0.02 secs] 
6801.215: [GC [PSYoungGen: 2713088K->3617K(2720768K)] 7108390K->4399016K(8182144K), 0.0667860 secs] [Times: user=0.30 sys=0.16, real=0.07 secs] 
6855.598: [GC [PSYoungGen: 2715297K->1424K(2721152K)] 7110696K->4396950K(8182528K), 0.0228650 secs] [Times: user=0.16 sys=0.00, real=0.02 secs] 
6897.698: [GC [PSYoungGen: 2714320K->2054K(2721344K)] 7109846K->4397645K(8182720K), 0.0220130 secs] [Times: user=0.17 sys=0.00, real=0.03 secs] 
6932.835: [GC [PSYoungGen: 2714950K->3394K(2721536K)] 7110541K->4399081K(8182912K), 0.0230230 secs] [Times: user=0.15 sys=0.00, real=0.03 secs] 
6965.576: [GC [PSYoungGen: 2717442K->1749K(2721792K)] 7113129K->4397628K(8183168K), 0.0202400 secs] [Times: user=0.15 sys=0.00, real=0.02 secs] 
7015.412: [GC [PSYoungGen: 2715797K->2037K(2722240K)] 7111676K->4397980K(8183616K), 0.0217200 secs] [Times: user=0.17 sys=0.00, real=0.02 secs] 
7091.843: [GC [PSYoungGen: 2717429K->4587K(2722560K)] 7113372K->4400594K(8183936K), 0.0281820 secs] [Times: user=0.17 sys=0.01, real=0.03 secs] 
7122.908: [GC [PSYoungGen: 2719979K->2325K(2723072K)] 7115986K->4398396K(8184448K), 0.0205310 secs] [Times: user=0.16 sys=0.00, real=0.02 secs] 
7151.601: [GC [PSYoungGen: 2718357K->3810K(2723136K)] 7114428K->4399945K(8184512K), 0.0224980 secs] [Times: user=0.15 sys=0.01, real=0.02 secs] 
7188.500: [GC [PSYoungGen: 2719842K->2342K(2723072K)] 7115977K->4398541K(8184448K), 0.0224640 secs] [Times: user=0.17 sys=0.00, real=0.02 secs] 
7232.134: [GC [PSYoungGen: 2718886K->3141K(2723264K)] 7115085K->4399404K(8184640K), 0.0224590 secs] [Times: user=0.17 sys=0.00, real=0.02 secs] 
8591.968: [GC [PSYoungGen: 2719685K->6386K(2709888K)] 7115948K->4419518K(8171264K), 0.1650500 secs] [Times: user=0.27 sys=0.42, real=0.17 secs] 
9834.145: [GC [PSYoungGen: 2709874K->13545K(2717056K)] 7123006K->4434142K(8178432K), 0.1081060 secs] [Times: user=0.37 sys=0.18, real=0.10 secs] 
10134.018: [GC [PSYoungGen: 2717033K->7032K(2708992K)] 7137630K->4427764K(8170368K), 0.0319810 secs] [Times: user=0.19 sys=0.01, real=0.04 secs] 
10340.334: [GC [PSYoungGen: 2702456K->9000K(2713024K)] 7123188K->4429732K(8174400K), 0.0314580 secs] [Times: user=0.20 sys=0.00, real=0.03 secs] 
10363.447: [GC [PSYoungGen: 2704424K->3941K(2711744K)] 7125156K->4424673K(8173120K), 0.0206850 secs] [Times: user=0.16 sys=0.00, real=0.02 secs] 
10407.053: [GC [PSYoungGen: 2699621K->5239K(2712512K)] 7120353K->4426036K(8173888K), 0.0522330 secs] [Times: user=0.26 sys=0.12, real=0.05 secs] 
10460.446: [GC [PSYoungGen: 2700919K->3424K(2712896K)] 7121716K->4424993K(8174272K), 0.0236470 secs] [Times: user=0.17 sys=0.00, real=0.02 secs] 
10493.510: [GC [PSYoungGen: 2701152K->3904K(2713344K)] 7122721K->4425537K(8174720K), 0.0208540 secs] [Times: user=0.15 sys=0.00, real=0.03 secs] 
10514.758: [GC [PSYoungGen: 2701632K->4429K(2713856K)] 7123265K->4426127K(8175232K), 0.0216830 secs] [Times: user=0.14 sys=0.00, real=0.02 secs] 
10562.338: [GC [PSYoungGen: 2704397K->2704K(2714368K)] 7126095K->4424465K(8175744K), 0.0215580 secs] [Times: user=0.16 sys=0.01, real=0.02 secs] 
10601.204: [GC [PSYoungGen: 2702672K->2704K(2715264K)] 7124433K->4424593K(8176640K), 0.0211410 secs] [Times: user=0.16 sys=0.00, real=0.02 secs] 
10690.387: [GC [PSYoungGen: 2704848K->4061K(2715840K)] 7126737K->4426015K(8177216K), 0.0243260 secs] [Times: user=0.15 sys=0.01, real=0.03 secs] 
10741.821: [GC [PSYoungGen: 2706205K->4665K(2715648K)] 7128159K->4426682K(8177024K), 0.0229710 secs] [Times: user=0.16 sys=0.01, real=0.02 secs] 
10762.335: [GC [PSYoungGen: 2708601K->4653K(2716224K)] 7130618K->4426791K(8177600K), 0.0212450 secs] [Times: user=0.14 sys=0.00, real=0.02 secs] 
10784.691: [GC [PSYoungGen: 2708589K->3680K(2717504K)] 7130727K->4425905K(8178880K), 0.0171810 secs] [Times: user=0.13 sys=0.00, real=0.02 secs] 
10806.049: [GC [PSYoungGen: 2710368K->3760K(2717888K)] 7132593K->4426785K(8179264K), 0.0203340 secs] [Times: user=0.15 sys=0.01, real=0.02 secs] 
10827.158: [GC [PSYoungGen: 2710448K->1696K(2719360K)] 7133473K->4425601K(8180736K), 0.0161500 secs] [Times: user=0.12 sys=0.00, real=0.02 secs] 
10849.852: [GC [PSYoungGen: 2710368K->1072K(2719360K)] 7134273K->4425033K(8180736K), 0.0152060 secs] [Times: user=0.12 sys=0.00, real=0.02 secs] 
10871.547: [GC [PSYoungGen: 2709744K->3508K(2718976K)] 7133705K->4427518K(8180352K), 0.0184020 secs] [Times: user=0.13 sys=0.01, real=0.01 secs] 
10892.961: [GC [PSYoungGen: 2712820K->3017K(2719424K)] 7136830K->4427027K(8180800K), 0.0184490 secs] [Times: user=0.13 sys=0.00, real=0.01 secs] 
10929.619: [GC [PSYoungGen: 2712329K->672K(2720512K)] 7136339K->4424721K(8181888K), 0.0178930 secs] [Times: user=0.13 sys=0.00, real=0.02 secs] 
10958.880: [GC [PSYoungGen: 2711520K->784K(2720512K)] 7135569K->4424833K(8181888K), 0.0168460 secs] [Times: user=0.13 sys=0.00, real=0.02 secs] 
10992.254: [GC [PSYoungGen: 2711632K->2607K(2720064K)] 7135681K->4426657K(8181440K), 0.0294690 secs] [Times: user=0.15 sys=0.02, real=0.03 secs] 
11093.879: [GC [PSYoungGen: 2714031K->1395K(2720448K)] 7138081K->4425500K(8181824K), 0.0234220 secs] [Times: user=0.15 sys=0.00, real=0.03 secs] 
11129.582: [GC [PSYoungGen: 2712819K->2998K(2720448K)] 7136924K->4427103K(8181824K), 0.0201260 secs] [Times: user=0.13 sys=0.00, real=0.02 secs] 
11176.961: [GC [PSYoungGen: 2715830K->592K(2721088K)] 7139935K->4424697K(8182464K), 0.0212610 secs] [Times: user=0.14 sys=0.00, real=0.02 secs] 
11208.635: [GC [PSYoungGen: 2713424K->960K(2721856K)] 7137529K->4425097K(8183232K), 0.0165240 secs] [Times: user=0.12 sys=0.00, real=0.02 secs] 
11253.561: [GC [PSYoungGen: 2715200K->2237K(2722176K)] 7139337K->4426391K(8183552K), 0.0181980 secs] [Times: user=0.12 sys=0.00, real=0.02 secs] 
11304.803: [GC [PSYoungGen: 2716477K->576K(2722560K)] 7140631K->4424777K(8183936K), 0.0219090 secs] [Times: user=0.14 sys=0.00, real=0.02 secs] 
11434.001: [GC [PSYoungGen: 2715776K->2381K(2722560K)] 7139977K->4426583K(8183936K), 0.0229450 secs] [Times: user=0.14 sys=0.01, real=0.02 secs] 
11493.157: [GC [PSYoungGen: 2717581K->4349K(2722496K)] 7141783K->4428550K(8183872K), 0.0216740 secs] [Times: user=0.14 sys=0.00, real=0.03 secs] 
11515.185: [GC [PSYoungGen: 2719997K->1008K(2722752K)] 7144198K->4425225K(8184128K), 0.0146050 secs] [Times: user=0.11 sys=0.00, real=0.01 secs] 
11535.948: [GC [PSYoungGen: 2716656K->1689K(2722816K)] 7140873K->4425906K(8184192K), 0.0165080 secs] [Times: user=0.12 sys=0.00, real=0.01 secs] 
11558.804: [GC [PSYoungGen: 2718297K->2496K(2723200K)] 7142514K->4426713K(8184576K), 0.0168060 secs] [Times: user=0.13 sys=0.00, real=0.02 secs] 
11581.389: [GC [PSYoungGen: 2719104K->1296K(2723456K)] 7143321K->4425537K(8184832K), 0.0161460 secs] [Times: user=0.12 sys=0.00, real=0.02 secs] 
11600.561: [GC [PSYoungGen: 2719056K->2833K(2723776K)] 7143297K->4427075K(8185152K), 0.0198720 secs] [Times: user=0.12 sys=0.01, real=0.02 secs] 
11623.947: [GC [PSYoungGen: 2720593K->1328K(2724096K)] 7144835K->4425569K(8185472K), 0.0160390 secs] [Times: user=0.12 sys=0.00, real=0.02 secs] 
11647.420: [GC [PSYoungGen: 2720048K->2272K(2724416K)] 7144289K->4426537K(8185792K), 0.0157340 secs] [Times: user=0.11 sys=0.01, real=0.02 secs] 
11672.998: [GC [PSYoungGen: 2720992K->624K(2724800K)] 7145257K->4424921K(8186176K), 0.0148320 secs] [Times: user=0.12 sys=0.00, real=0.01 secs] 
11703.134: [GC [PSYoungGen: 2720176K->768K(2724864K)] 7144473K->4425081K(8186240K), 0.0139610 secs] [Times: user=0.11 sys=0.00, real=0.01 secs] 
11776.825: [GC [PSYoungGen: 2720320K->2301K(2724928K)] 7144633K->4426654K(8186304K), 0.0219860 secs] [Times: user=0.13 sys=0.00, real=0.02 secs] 
11831.850: [GC [PSYoungGen: 2722365K->2285K(2725120K)] 7146718K->4426639K(8186496K), 0.0199070 secs] [Times: user=0.12 sys=0.00, real=0.02 secs] 
11870.151: [GC [PSYoungGen: 2722349K->816K(2725440K)] 7146703K->4425217K(8186816K), 0.0171570 secs] [Times: user=0.12 sys=0.00, real=0.02 secs] 
11925.230: [GC [PSYoungGen: 2721520K->1136K(2725504K)] 7145921K->4425537K(8186880K), 0.0169300 secs] [Times: user=0.12 sys=0.00, real=0.02 secs] 
11951.639: [GC [PSYoungGen: 2721840K->3239K(2725440K)] 7146241K->4427688K(8186816K), 0.0194980 secs] [Times: user=0.13 sys=0.00, real=0.02 secs] 
11997.652: [GC [PSYoungGen: 2724071K->1283K(2725696K)] 7148520K->4425789K(8187072K), 0.0197740 secs] [Times: user=0.14 sys=0.00, real=0.02 secs] 
12045.123: [GC [PSYoungGen: 2722115K->656K(2725568K)] 7146621K->4425161K(8186944K), 0.0175120 secs] [Times: user=0.13 sys=0.00, real=0.01 secs] 
12129.110: [GC [PSYoungGen: 2721744K->2188K(2725696K)] 7146249K->4426734K(8187072K), 0.0226070 secs] [Times: user=0.13 sys=0.00, real=0.03 secs] 
12170.400: [GC [PSYoungGen: 2723276K->4448K(2722560K)] 7147822K->4431857K(8183936K), 0.0208350 secs] [Times: user=0.14 sys=0.02, real=0.02 secs] 
12191.499: [GC [PSYoungGen: 2722528K->1107K(2724352K)] 7149937K->4428572K(8185728K), 0.0151750 secs] [Times: user=0.12 sys=0.00, real=0.02 secs] 
12229.867: [GC [PSYoungGen: 2719187K->3530K(2724288K)] 7146652K->4430996K(8185664K), 0.0240510 secs] [Times: user=0.15 sys=0.01, real=0.03 secs] 
12271.623: [GC [PSYoungGen: 2721738K->1120K(2719360K)] 7149204K->4428585K(8180736K), 0.0168230 secs] [Times: user=0.13 sys=0.00, real=0.02 secs] 
12293.763: [GC [PSYoungGen: 2719328K->5984K(2720512K)] 7146793K->4436257K(8181888K), 0.0228350 secs] [Times: user=0.16 sys=0.01, real=0.02 secs] 
12325.331: [GC [PSYoungGen: 2720480K->2621K(2722560K)] 7150753K->4432894K(8183936K), 0.0169700 secs] [Times: user=0.11 sys=0.01, real=0.02 secs] 
12368.989: [GC [PSYoungGen: 2717117K->592K(2721856K)] 7147390K->4430865K(8183232K), 0.0165260 secs] [Times: user=0.12 sys=0.00, real=0.01 secs] 
12433.888: [GC [PSYoungGen: 2715536K->5069K(2722432K)] 7145809K->4435366K(8183808K), 0.0207420 secs] [Times: user=0.13 sys=0.00, real=0.03 secs] 
12455.780: [GC [PSYoungGen: 2720013K->1520K(2722880K)] 7150310K->4431841K(8184256K), 0.0151400 secs] [Times: user=0.12 sys=0.01, real=0.02 secs] 
12478.008: [GC [PSYoungGen: 2716528K->2816K(2717888K)] 7146849K->4433137K(8179264K), 0.0164380 secs] [Times: user=0.13 sys=0.00, real=0.02 secs] 
12499.726: [GC [PSYoungGen: 2717824K->1408K(2722560K)] 7148145K->4431729K(8183936K), 0.0153530 secs] [Times: user=0.11 sys=0.00, real=0.02 secs] 
12522.288: [GC [PSYoungGen: 2716736K->2752K(2722304K)] 7147057K->4433081K(8183680K), 0.0154980 secs] [Times: user=0.12 sys=0.00, real=0.02 secs] 
12544.047: [GC [PSYoungGen: 2718080K->496K(2723008K)] 7148409K->4430849K(8184384K), 0.0146920 secs] [Times: user=0.11 sys=0.00, real=0.01 secs] 
12562.361: [GC [PSYoungGen: 2716912K->2301K(2723008K)] 7147265K->4432655K(8184384K), 0.0167430 secs] [Times: user=0.13 sys=0.00, real=0.02 secs] 
12585.430: [GC [PSYoungGen: 2718717K->1440K(2723776K)] 7149071K->4431841K(8185152K), 0.0150310 secs] [Times: user=0.12 sys=0.00, real=0.02 secs] 
12628.685: [GC [PSYoungGen: 2719136K->1560K(2723648K)] 7149537K->4431962K(8185024K), 0.0173840 secs] [Times: user=0.12 sys=0.00, real=0.02 secs] 
12657.872: [GC [PSYoungGen: 2719256K->528K(2724416K)] 7149658K->4430961K(8185792K), 0.0156400 secs] [Times: user=0.12 sys=0.00, real=0.01 secs] 
12721.261: [GC [PSYoungGen: 2719184K->2157K(2724352K)] 7149617K->4432638K(8185728K), 0.0187080 secs] [Times: user=0.12 sys=0.00, real=0.02 secs] 
12780.448: [GC [PSYoungGen: 2720813K->576K(2724608K)] 7151294K->4431057K(8185984K), 0.0169170 secs] [Times: user=0.12 sys=0.00, real=0.01 secs] 
12814.803: [GC [PSYoungGen: 2719808K->2434K(2724544K)] 7150289K->4432916K(8185920K), 0.0210230 secs] [Times: user=0.12 sys=0.00, real=0.02 secs] 
12860.476: [GC [PSYoungGen: 2721666K->608K(2725120K)] 7152148K->4431097K(8186496K), 0.0180840 secs] [Times: user=0.12 sys=0.00, real=0.02 secs] 
12892.548: [GC [PSYoungGen: 2720608K->896K(2725056K)] 7151097K->4431385K(8186432K), 0.0154700 secs] [Times: user=0.12 sys=0.00, real=0.01 secs] 
12938.312: [GC [PSYoungGen: 2720896K->2189K(2725376K)] 7151385K->4432710K(8186752K), 0.0189800 secs] [Times: user=0.13 sys=0.00, real=0.01 secs] 
13006.825: [GC [PSYoungGen: 2722829K->736K(2725376K)] 7153350K->4431257K(8186752K), 0.0184280 secs] [Times: user=0.13 sys=0.00, real=0.02 secs] 
13050.572: [GC [PSYoungGen: 2721376K->4591K(2723968K)] 7151897K->4435706K(8185344K), 0.0228070 secs] [Times: user=0.13 sys=0.01, real=0.02 secs] 
13075.748: [GC [PSYoungGen: 2723951K->1840K(2724992K)] 7155066K->4432954K(8186368K), 0.0165140 secs] [Times: user=0.12 sys=0.00, real=0.02 secs] 
13111.444: [GC [PSYoungGen: 2721200K->704K(2724416K)] 7152314K->4431818K(8185792K), 0.0152070 secs] [Times: user=0.12 sys=0.00, real=0.02 secs] 
13151.481: [GC [PSYoungGen: 2720384K->672K(2724864K)] 7151498K->4431786K(8186240K), 0.0185700 secs] [Times: user=0.13 sys=0.00, real=0.02 secs] 
13387.174: [GC [PSYoungGen: 2720352K->3625K(2724864K)] 7151466K->4434796K(8186240K), 0.0226510 secs] [Times: user=0.13 sys=0.00, real=0.02 secs] 
13597.779: [GC [PSYoungGen: 2723369K->5239K(2724992K)] 7154540K->4436409K(8186368K), 0.0300150 secs] [Times: user=0.14 sys=0.00, real=0.03 secs] 
13856.449: [GC [PSYoungGen: 2724983K->4042K(2723072K)] 7156153K->4435228K(8184448K), 0.0254980 secs] [Times: user=0.14 sys=0.00, real=0.02 secs] 
13877.771: [GC [PSYoungGen: 2721482K->3606K(2724032K)] 7152668K->4434792K(8185408K), 0.0215490 secs] [Times: user=0.13 sys=0.00, real=0.02 secs] 
13913.983: [GC [PSYoungGen: 2721046K->944K(2723776K)] 7152232K->4432146K(8185152K), 0.0175610 secs] [Times: user=0.11 sys=0.00, real=0.02 secs] 
13953.352: [GC [PSYoungGen: 2718384K->992K(2723904K)] 7149586K->4432194K(8185280K), 0.0185210 secs] [Times: user=0.12 sys=0.00, real=0.01 secs] 
13997.830: [GC [PSYoungGen: 2718432K->3922K(2723904K)] 7149634K->4435156K(8185280K), 0.0260550 secs] [Times: user=0.16 sys=0.02, real=0.02 secs] 
14021.779: [GC [PSYoungGen: 2721490K->1872K(2719488K)] 7152724K->4433106K(8180864K), 0.0170780 secs] [Times: user=0.13 sys=0.00, real=0.02 secs] 
14053.405: [GC [PSYoungGen: 2719440K->992K(2724096K)] 7150674K->4432226K(8185472K), 0.0150660 secs] [Times: user=0.11 sys=0.00, real=0.02 secs] 
14102.828: [GC [PSYoungGen: 2718880K->1216K(2723968K)] 7150114K->4432458K(8185344K), 0.0162160 secs] [Times: user=0.11 sys=0.00, real=0.02 secs] 
14144.746: [GC [PSYoungGen: 2719104K->2205K(2724224K)] 7150346K->4433447K(8185600K), 0.0204620 secs] [Times: user=0.13 sys=0.00, real=0.02 secs] 
14234.802: [GC [PSYoungGen: 2720861K->4941K(2724160K)] 7152103K->4436431K(8185536K), 0.0250190 secs] [Times: user=0.14 sys=0.00, real=0.03 secs] 
14256.489: [GC [PSYoungGen: 2723597K->3440K(2724416K)] 7155087K->4434930K(8185792K), 0.0202110 secs] [Times: user=0.13 sys=0.00, real=0.02 secs] 
14278.400: [GC [PSYoungGen: 2721648K->1584K(2719808K)] 7153138K->4433074K(8181184K), 0.0159500 secs] [Times: user=0.12 sys=0.00, real=0.01 secs] 
14298.435: [GC [PSYoungGen: 2719792K->2809K(2724416K)] 7151282K->4434299K(8185792K), 0.0164450 secs] [Times: user=0.11 sys=0.00, real=0.01 secs] 
14320.449: [GC [PSYoungGen: 2721209K->2944K(2724224K)] 7152699K->4434490K(8185600K), 0.0188390 secs] [Times: user=0.12 sys=0.00, real=0.02 secs] 
14342.261: [GC [PSYoungGen: 2721344K->2752K(2724608K)] 7152890K->4434330K(8185984K), 0.0166520 secs] [Times: user=0.13 sys=0.00, real=0.01 secs] 
14361.299: [GC [PSYoungGen: 2721728K->2525K(2724416K)] 7153306K->4434135K(8185792K), 0.0160210 secs] [Times: user=0.11 sys=0.00, real=0.02 secs] 
14383.845: [GC [PSYoungGen: 2721501K->656K(2724608K)] 7153111K->4432314K(8185984K), 0.0158060 secs] [Times: user=0.11 sys=0.00, real=0.02 secs] 
14406.114: [GC [PSYoungGen: 2720144K->512K(2724672K)] 7151802K->4432170K(8186048K), 0.0150080 secs] [Times: user=0.11 sys=0.00, real=0.02 secs] 
14444.726: [GC [PSYoungGen: 2720000K->1024K(2725248K)] 7151658K->4432682K(8186624K), 0.0162900 secs] [Times: user=0.12 sys=0.00, real=0.01 secs] 
14471.537: [GC [PSYoungGen: 2721216K->1284K(2725312K)] 7152874K->4433006K(8186688K), 0.0162620 secs] [Times: user=0.13 sys=0.00, real=0.02 secs] 
14557.606: [GC [PSYoungGen: 2721476K->2010K(2725120K)] 7153198K->4433732K(8186496K), 0.0211480 secs] [Times: user=0.13 sys=0.00, real=0.02 secs] 
14601.591: [GC [PSYoungGen: 2722586K->2817K(2725248K)] 7154308K->4434540K(8186624K), 0.0241310 secs] [Times: user=0.13 sys=0.02, real=0.02 secs] 
14650.026: [GC [PSYoungGen: 2723393K->768K(2725888K)] 7155116K->4432490K(8187264K), 0.0220070 secs] [Times: user=0.15 sys=0.00, real=0.02 secs] 
14681.870: [GC [PSYoungGen: 2721984K->928K(2722176K)] 7153706K->4432706K(8183552K), 0.0160040 secs] [Times: user=0.11 sys=0.00, real=0.01 secs] 
14711.617: [GC [PSYoungGen: 2722144K->3286K(2725440K)] 7153922K->4435112K(8186816K), 0.0214420 secs] [Times: user=0.14 sys=0.01, real=0.02 secs] 
14759.895: [GC [PSYoungGen: 2724182K->1412K(2725760K)] 7156008K->4433238K(8187136K), 0.0185140 secs] [Times: user=0.12 sys=0.00, real=0.02 secs] 
14840.601: [GC [PSYoungGen: 2722308K->2253K(2725248K)] 7154134K->4434079K(8186624K), 0.0210220 secs] [Times: user=0.13 sys=0.01, real=0.02 secs] 
14941.415: [GC [PSYoungGen: 2723341K->3872K(2725568K)] 7155167K->4435714K(8186944K), 0.0229730 secs] [Times: user=0.15 sys=0.00, real=0.02 secs] 
14960.834: [GC [PSYoungGen: 2724960K->4093K(2724864K)] 7156802K->4435935K(8186240K), 0.0192020 secs] [Times: user=0.13 sys=0.00, real=0.02 secs] 
14982.300: [GC [PSYoungGen: 2723965K->1136K(2725248K)] 7155807K->4432978K(8186624K), 0.0186240 secs] [Times: user=0.13 sys=0.00, real=0.02 secs] 
15003.692: [GC [PSYoungGen: 2721008K->2192K(2724544K)] 7152850K->4434066K(8185920K), 0.0160730 secs] [Times: user=0.13 sys=0.00, real=0.02 secs] 
15025.983: [GC [PSYoungGen: 2722128K->896K(2724928K)] 7154002K->4432770K(8186304K), 0.0146700 secs] [Times: user=0.11 sys=0.00, real=0.01 secs] 
15048.299: [GC [PSYoungGen: 2720832K->1056K(2725440K)] 7152706K->4432930K(8186816K), 0.0152740 secs] [Times: user=0.11 sys=0.00, real=0.02 secs] 
15071.000: [GC [PSYoungGen: 2721760K->2864K(2725568K)] 7153634K->4434770K(8186944K), 0.0174450 secs] [Times: user=0.13 sys=0.00, real=0.01 secs] 
15091.257: [GC [PSYoungGen: 2723568K->4317K(2724608K)] 7155474K->4436231K(8185984K), 0.0182830 secs] [Times: user=0.12 sys=0.00, real=0.02 secs] 
15115.762: [GC [PSYoungGen: 2724061K->704K(2725184K)] 7155975K->4432626K(8186560K), 0.0143960 secs] [Times: user=0.11 sys=0.00, real=0.02 secs] 
15142.571: [GC [PSYoungGen: 2720448K->1416K(2724736K)] 7152370K->4433386K(8186112K), 0.0178240 secs] [Times: user=0.13 sys=0.00, real=0.02 secs] 
15214.047: [GC [PSYoungGen: 2721224K->2897K(2724992K)] 7153194K->4434867K(8186368K), 0.0291710 secs] [Times: user=0.16 sys=0.01, real=0.03 secs] 
15279.385: [GC [PSYoungGen: 2722705K->752K(2725312K)] 7154675K->4432722K(8186688K), 0.0187790 secs] [Times: user=0.12 sys=0.00, real=0.02 secs] 
15314.782: [GC [PSYoungGen: 2721008K->2013K(2722304K)] 7152978K->4434007K(8183680K), 0.0185890 secs] [Times: user=0.13 sys=0.00, real=0.02 secs] 
15370.633: [GC [PSYoungGen: 2722269K->1120K(2725376K)] 7154263K->4433170K(8186752K), 0.0202400 secs] [Times: user=0.14 sys=0.00, real=0.02 secs] 
15401.914: [GC [PSYoungGen: 2721696K->544K(2725248K)] 7153746K->4432658K(8186624K), 0.0151450 secs] [Times: user=0.12 sys=0.00, real=0.02 secs] 
15444.047: [GC [PSYoungGen: 2721120K->1901K(2725568K)] 7153234K->4434015K(8186944K), 0.0177100 secs] [Times: user=0.12 sys=0.00, real=0.02 secs] 
15491.481: [GC [PSYoungGen: 2723181K->608K(2725696K)] 7155295K->4432778K(8187072K), 0.0177310 secs] [Times: user=0.13 sys=0.00, real=0.01 secs] 
15569.620: [GC [PSYoungGen: 2721888K->3174K(2725632K)] 7154058K->4435344K(8187008K), 0.0233280 secs] [Times: user=0.13 sys=0.00, real=0.02 secs] 
15619.214: [GC [PSYoungGen: 2724454K->4656K(2725952K)] 7156624K->4438794K(8187328K), 0.0229130 secs] [Times: user=0.16 sys=0.01, real=0.02 secs] 
15637.943: [GC [PSYoungGen: 2725936K->4640K(2718912K)] 7160074K->4442994K(8180288K), 0.0231140 secs] [Times: user=0.18 sys=0.00, real=0.02 secs] 
15675.304: [GC [PSYoungGen: 2718880K->2285K(2722432K)] 7157234K->4440655K(8183808K), 0.0167930 secs] [Times: user=0.12 sys=0.00, real=0.02 secs] 
15716.808: [GC [PSYoungGen: 2716525K->1648K(2721408K)] 7154895K->4440018K(8182784K), 0.0174330 secs] [Times: user=0.13 sys=0.00, real=0.02 secs] 
15738.786: [GC [PSYoungGen: 2716272K->6016K(2722112K)] 7154642K->4444386K(8183488K), 0.0176640 secs] [Times: user=0.13 sys=0.00, real=0.01 secs] 
15772.896: [GC [PSYoungGen: 2720640K->928K(2722496K)] 7159010K->4439298K(8183872K), 0.0163400 secs] [Times: user=0.13 sys=0.00, real=0.02 secs] 
15797.209: [GC [PSYoungGen: 2715168K->3802K(2718080K)] 7153538K->4442228K(8179456K), 0.0233560 secs] [Times: user=0.12 sys=0.02, real=0.02 secs] 
15877.066: [GC [PSYoungGen: 2718042K->3760K(2722368K)] 7156468K->4442242K(8183744K), 0.0225330 secs] [Times: user=0.15 sys=0.01, real=0.03 secs] 
15898.644: [GC [PSYoungGen: 2718192K->576K(2722176K)] 7156674K->4439058K(8183552K), 0.0166770 secs] [Times: user=0.13 sys=0.00, real=0.02 secs] 
15917.695: [GC [PSYoungGen: 2715008K->2205K(2722368K)] 7153490K->4440719K(8183744K), 0.0195390 secs] [Times: user=0.12 sys=0.00, real=0.02 secs] 
15939.247: [GC [PSYoungGen: 2717405K->1136K(2722496K)] 7155919K->4439650K(8183872K), 0.0176050 secs] [Times: user=0.13 sys=0.01, real=0.01 secs] 
15961.209: [GC [PSYoungGen: 2716336K->1712K(2722752K)] 7154850K->4440226K(8184128K), 0.0156330 secs] [Times: user=0.12 sys=0.00, real=0.01 secs] 
15983.453: [GC [PSYoungGen: 2717936K->1088K(2723008K)] 7156450K->4439618K(8184384K), 0.0159560 secs] [Times: user=0.12 sys=0.00, real=0.01 secs] 
16004.480: [GC [PSYoungGen: 2717312K->3072K(2723520K)] 7155842K->4441602K(8184896K), 0.0169430 secs] [Times: user=0.13 sys=0.01, real=0.02 secs] 
16026.756: [GC [PSYoungGen: 2720320K->2992K(2723712K)] 7158850K->4441586K(8185088K), 0.0183390 secs] [Times: user=0.13 sys=0.00, real=0.02 secs] 
16053.319: [GC [PSYoungGen: 2720240K->1949K(2723648K)] 7158834K->4440559K(8185024K), 0.0174500 secs] [Times: user=0.11 sys=0.00, real=0.02 secs] 
16098.073: [GC [PSYoungGen: 2719837K->688K(2723904K)] 7158447K->4439378K(8185280K), 0.0154450 secs] [Times: user=0.11 sys=0.00, real=0.02 secs] 
16131.260: [GC [PSYoungGen: 2718576K->528K(2724416K)] 7157266K->4439234K(8185792K), 0.0171720 secs] [Times: user=0.13 sys=0.00, real=0.02 secs] 
16211.586: [GC [PSYoungGen: 2719184K->3253K(2724544K)] 7157890K->4441959K(8185920K), 0.0230010 secs] [Times: user=0.13 sys=0.00, real=0.02 secs] 
16252.980: [GC [PSYoungGen: 2721909K->1186K(2724352K)] 7160615K->4439892K(8185728K), 0.0168510 secs] [Times: user=0.13 sys=0.00, real=0.02 secs] 
16296.100: [GC [PSYoungGen: 2720034K->2222K(2724544K)] 7158740K->4440928K(8185920K), 0.0189900 secs] [Times: user=0.14 sys=0.00, real=0.02 secs] 
16326.786: [GC [PSYoungGen: 2721070K->768K(2724736K)] 7159776K->4439514K(8186112K), 0.0144120 secs] [Times: user=0.10 sys=0.00, real=0.01 secs] 
16372.165: [GC [PSYoungGen: 2720256K->608K(2724800K)] 7159002K->4439354K(8186176K), 0.0176540 secs] [Times: user=0.13 sys=0.00, real=0.02 secs] 
16413.482: [GC [PSYoungGen: 2720096K->2497K(2725248K)] 7158842K->4441243K(8186624K), 0.0230270 secs] [Times: user=0.12 sys=0.00, real=0.02 secs] 
16486.924: [GC [PSYoungGen: 2722625K->5104K(2725248K)] 7161371K->4447018K(8186624K), 0.0268590 secs] [Times: user=0.18 sys=0.01, real=0.03 secs] 
16509.408: [GC [PSYoungGen: 2725232K->5360K(2719872K)] 7167146K->4448194K(8181248K), 0.0190410 secs] [Times: user=0.14 sys=0.00, real=0.02 secs] 
16542.678: [GC [PSYoungGen: 2719856K->2205K(2722560K)] 7162690K->4445039K(8183936K), 0.0181010 secs] [Times: user=0.12 sys=0.00, real=0.02 secs] 
16579.135: [GC [PSYoungGen: 2716701K->4384K(2722432K)] 7159535K->4447218K(8183808K), 0.0177520 secs] [Times: user=0.14 sys=0.00, real=0.02 secs] 
16871.490: [GC [PSYoungGen: 2719264K->4437K(2722688K)] 7162098K->4447271K(8184064K), 0.0199980 secs] [Times: user=0.12 sys=0.00, real=0.02 secs] 
17106.774: [GC [PSYoungGen: 2719317K->5351K(2722048K)] 7162151K->4448186K(8183424K), 0.0324160 secs] [Times: user=0.18 sys=0.02, real=0.03 secs] 
17374.046: [GC [PSYoungGen: 2719591K->4871K(2719168K)] 7162426K->4447713K(8180544K), 0.0255670 secs] [Times: user=0.13 sys=0.00, real=0.03 secs] 
17463.100: [GC [PSYoungGen: 2719111K->1728K(2722496K)] 7161953K->4444570K(8183872K), 0.0175970 secs] [Times: user=0.12 sys=0.00, real=0.01 secs] 
17488.017: [GC [PSYoungGen: 2715968K->3286K(2717568K)] 7158810K->4446128K(8178944K), 0.0210980 secs] [Times: user=0.13 sys=0.00, real=0.02 secs] 
17529.471: [GC [PSYoungGen: 2717526K->864K(2721856K)] 7160368K->4443754K(8183232K), 0.0160090 secs] [Times: user=0.12 sys=0.00, real=0.01 secs] 
17582.875: [GC [PSYoungGen: 2715104K->2272K(2721856K)] 7157994K->4445170K(8183232K), 0.0182570 secs] [Times: user=0.13 sys=0.00, real=0.02 secs] 
17603.688: [GC [PSYoungGen: 2716512K->3618K(2722816K)] 7159410K->4446524K(8184192K), 0.0222240 secs] [Times: user=0.13 sys=0.02, real=0.02 secs] 
17633.131: [GC [PSYoungGen: 2719202K->784K(2722688K)] 7162108K->4443690K(8184064K), 0.0178580 secs] [Times: user=0.12 sys=0.00, real=0.02 secs] 
17680.782: [GC [PSYoungGen: 2716368K->704K(2723456K)] 7159274K->4443610K(8184832K), 0.0184770 secs] [Times: user=0.13 sys=0.00, real=0.01 secs] 
17714.046: [GC [PSYoungGen: 2717056K->2141K(2718528K)] 7159962K->4445079K(8179904K), 0.0191400 secs] [Times: user=0.13 sys=0.01, real=0.02 secs] 
17816.114: [GC [PSYoungGen: 2718493K->1056K(2723264K)] 7161431K->4444002K(8184640K), 0.0185310 secs] [Times: user=0.13 sys=0.00, real=0.02 secs] 
17836.052: [GC [PSYoungGen: 2717664K->4542K(2723136K)] 7160610K->4447504K(8184512K), 0.0207030 secs] [Times: user=0.13 sys=0.00, real=0.02 secs] 
17857.442: [GC [PSYoungGen: 2721150K->608K(2723776K)] 7164112K->4443618K(8185152K), 0.0158450 secs] [Times: user=0.12 sys=0.01, real=0.02 secs] 
17878.479: [GC [PSYoungGen: 2717472K->688K(2717568K)] 7160482K->4443698K(8178944K), 0.0144130 secs] [Times: user=0.11 sys=0.00, real=0.02 secs] 
17898.918: [GC [PSYoungGen: 2717552K->1897K(2723968K)] 7160562K->4444939K(8185344K), 0.0161520 secs] [Times: user=0.12 sys=0.00, real=0.02 secs] 
17920.400: [GC [PSYoungGen: 2719145K->3104K(2723584K)] 7162187K->4446226K(8184960K), 0.0163850 secs] [Times: user=0.12 sys=0.00, real=0.01 secs] 
17942.090: [GC [PSYoungGen: 2720352K->1408K(2723968K)] 7163474K->4444570K(8185344K), 0.0150050 secs] [Times: user=0.11 sys=0.00, real=0.01 secs] 
17960.986: [GC [PSYoungGen: 2719168K->2845K(2723776K)] 7162330K->4446047K(8185152K), 0.0175450 secs] [Times: user=0.11 sys=0.00, real=0.02 secs] 
17982.113: [GC [PSYoungGen: 2720605K->1440K(2724416K)] 7163807K->4444698K(8185792K), 0.0145810 secs] [Times: user=0.10 sys=0.00, real=0.02 secs] 
18020.676: [GC [PSYoungGen: 2720032K->1040K(2724224K)] 7163290K->4444298K(8185600K), 0.0165390 secs] [Times: user=0.12 sys=0.00, real=0.02 secs] 
18049.716: [GC [PSYoungGen: 2719632K->640K(2724800K)] 7162890K->4443898K(8186176K), 0.0197300 secs] [Times: user=0.14 sys=0.00, real=0.02 secs] 
18131.351: [GC [PSYoungGen: 2719936K->2301K(2724672K)] 7163194K->4445623K(8186048K), 0.0188810 secs] [Times: user=0.12 sys=0.00, real=0.02 secs] 
18182.908: [GC [PSYoungGen: 2721597K->544K(2724992K)] 7164919K->4443866K(8186368K), 0.0155900 secs] [Times: user=0.10 sys=0.00, real=0.01 secs] 
18219.569: [GC [PSYoungGen: 2720352K->2529K(2724928K)] 7163674K->4445852K(8186304K), 0.0212400 secs] [Times: user=0.13 sys=0.00, real=0.02 secs] 
18260.097: [GC [PSYoungGen: 2722337K->640K(2725376K)] 7165660K->4443970K(8186752K), 0.0170850 secs] [Times: user=0.12 sys=0.00, real=0.02 secs] 
18291.826: [GC [PSYoungGen: 2721088K->736K(2725376K)] 7164418K->4444074K(8186752K), 0.0166140 secs] [Times: user=0.12 sys=0.00, real=0.02 secs] 
18334.047: [GC [PSYoungGen: 2721184K->3254K(2725184K)] 7164522K->4446624K(8186560K), 0.0221700 secs] [Times: user=0.13 sys=0.00, real=0.03 secs] 
18404.802: [GC [PSYoungGen: 2723638K->752K(2725504K)] 7167008K->4444122K(8186880K), 0.0190150 secs] [Times: user=0.13 sys=0.00, real=0.02 secs] 
18516.973: [GC [PSYoungGen: 2721136K->2525K(2725376K)] 7164506K->4445895K(8186752K), 0.0243610 secs] [Times: user=0.14 sys=0.00, real=0.03 secs] 
18538.013: [GC [PSYoungGen: 2723101K->3152K(2725504K)] 7166471K->4446570K(8186880K), 0.0171010 secs] [Times: user=0.13 sys=0.01, real=0.02 secs] 
18557.632: [GC [PSYoungGen: 2723728K->3725K(2724864K)] 7167146K->4447143K(8186240K), 0.0178930 secs] [Times: user=0.13 sys=0.00, real=0.02 secs] 
18579.119: [GC [PSYoungGen: 2723469K->2432K(2725184K)] 7166887K->4445850K(8186560K), 0.0159870 secs] [Times: user=0.12 sys=0.00, real=0.02 secs] 
18601.290: [GC [PSYoungGen: 2722176K->560K(2724928K)] 7165594K->4443994K(8186304K), 0.0173290 secs] [Times: user=0.12 sys=0.00, real=0.02 secs] 
18623.041: [GC [PSYoungGen: 2720496K->2960K(2725120K)] 7163930K->4446394K(8186496K), 0.0197760 secs] [Times: user=0.14 sys=0.00, real=0.02 secs] 
18645.447: [GC [PSYoungGen: 2722896K->432K(2725376K)] 7166330K->4443906K(8186752K), 0.0164440 secs] [Times: user=0.12 sys=0.00, real=0.01 secs] 
18668.015: [GC [PSYoungGen: 2720560K->1904K(2722048K)] 7164034K->4445378K(8183424K), 0.0156010 secs] [Times: user=0.11 sys=0.00, real=0.02 secs] 
18686.903: [GC [PSYoungGen: 2722032K->3405K(2724800K)] 7165506K->4446919K(8186176K), 0.0174020 secs] [Times: user=0.12 sys=0.00, real=0.02 secs] 
18715.880: [GC [PSYoungGen: 2723277K->576K(2725056K)] 7166791K->4444090K(8186432K), 0.0153890 secs] [Times: user=0.12 sys=0.00, real=0.02 secs] 
18765.589: [GC [PSYoungGen: 2720448K->1593K(2724864K)] 7163962K->4445171K(8186240K), 0.0173600 secs] [Times: user=0.11 sys=0.00, real=0.02 secs] 
18841.663: [GC [PSYoungGen: 2721913K->2850K(2725184K)] 7165491K->4446428K(8186560K), 0.0289730 secs] [Times: user=0.16 sys=0.02, real=0.03 secs] 
18882.385: [GC [PSYoungGen: 2723170K->512K(2725696K)] 7166748K->4444090K(8187072K), 0.0175450 secs] [Times: user=0.13 sys=0.00, real=0.02 secs] 
18928.124: [GC [PSYoungGen: 2721344K->2029K(2722880K)] 7164922K->4445631K(8184256K), 0.0177590 secs] [Times: user=0.12 sys=0.00, real=0.02 secs] 
18968.927: [GC [PSYoungGen: 2722861K->912K(2725568K)] 7166463K->4444554K(8186944K), 0.0167080 secs] [Times: user=0.12 sys=0.00, real=0.02 secs] 
19000.552: [GC [PSYoungGen: 2721872K->624K(2725504K)] 7165514K->4444314K(8186880K), 0.0162240 secs] [Times: user=0.12 sys=0.00, real=0.02 secs] 
19056.670: [GC [PSYoungGen: 2721584K->2205K(2725952K)] 7165274K->4445895K(8187328K), 0.0209550 secs] [Times: user=0.14 sys=0.00, real=0.02 secs] 
19130.842: [GC [PSYoungGen: 2723741K->736K(2725888K)] 7167431K->4444482K(8187264K), 0.0203430 secs] [Times: user=0.12 sys=0.00, real=0.02 secs] 
19189.804: [GC [PSYoungGen: 2722272K->3846K(2725184K)] 7166018K->4447592K(8186560K), 0.0207390 secs] [Times: user=0.12 sys=0.00, real=0.02 secs] 
19210.337: [GC [PSYoungGen: 2724742K->4704K(2725632K)] 7168488K->4448450K(8187008K), 0.0214610 secs] [Times: user=0.14 sys=0.01, real=0.03 secs] 
19245.188: [GC [PSYoungGen: 2725600K->912K(2724736K)] 7169346K->4444666K(8186112K), 0.0147800 secs] [Times: user=0.11 sys=0.00, real=0.01 secs] 
19276.115: [GC [PSYoungGen: 2720656K->1949K(2725184K)] 7164410K->4445703K(8186560K), 0.0188200 secs] [Times: user=0.12 sys=0.00, real=0.02 secs] 
19311.502: [GC [PSYoungGen: 2721693K->5088K(2723584K)] 7165447K->4449130K(8184960K), 0.0200860 secs] [Times: user=0.14 sys=0.00, real=0.02 secs] 
19335.780: [GC [PSYoungGen: 2723552K->1072K(2724544K)] 7167594K->4445138K(8185920K), 0.0152400 secs] [Times: user=0.12 sys=0.00, real=0.01 secs] 
19373.467: [GC [PSYoungGen: 2719536K->608K(2724224K)] 7163602K->4444674K(8185600K), 0.0164280 secs] [Times: user=0.11 sys=0.00, real=0.02 secs] 
19448.188: [GC [PSYoungGen: 2719264K->4427K(2723136K)] 7163330K->4448549K(8184512K), 0.0299970 secs] [Times: user=0.16 sys=0.01, real=0.03 secs] 
19471.068: [GC [PSYoungGen: 2723083K->576K(2724416K)] 7167205K->4444746K(8185792K), 0.0166060 secs] [Times: user=0.13 sys=0.00, real=0.01 secs] 
19492.220: [GC [PSYoungGen: 2718656K->896K(2718976K)] 7162826K->4445066K(8180352K), 0.0153250 secs] [Times: user=0.11 sys=0.00, real=0.01 secs] 
19511.678: [GC [PSYoungGen: 2718976K->3258K(2724032K)] 7163146K->4447460K(8185408K), 0.0200640 secs] [Times: user=0.13 sys=0.00, real=0.02 secs] 
19532.057: [GC [PSYoungGen: 2721274K->2564K(2724096K)] 7165476K->4446767K(8185472K), 0.0164290 secs] [Times: user=0.12 sys=0.00, real=0.01 secs] 
19553.718: [GC [PSYoungGen: 2720580K->832K(2724416K)] 7164783K->4445034K(8185792K), 0.0169990 secs] [Times: user=0.12 sys=0.00, real=0.02 secs] 
19575.427: [GC [PSYoungGen: 2719488K->1408K(2724352K)] 7163690K->4445618K(8185728K), 0.0152070 secs] [Times: user=0.12 sys=0.00, real=0.02 secs] 
19597.853: [GC [PSYoungGen: 2720064K->608K(2724736K)] 7164274K->4444818K(8186112K), 0.0150400 secs] [Times: user=0.12 sys=0.00, real=0.02 secs] 
19619.427: [GC [PSYoungGen: 2719904K->1088K(2724608K)] 7164114K->4445354K(8185984K), 0.0190890 secs] [Times: user=0.13 sys=0.00, real=0.02 secs] 
19663.947: [GC [PSYoungGen: 2720384K->2237K(2725120K)] 7164650K->4446503K(8186496K), 0.0186400 secs] [Times: user=0.12 sys=0.00, real=0.02 secs] 
19692.932: [GC [PSYoungGen: 2722237K->576K(2724992K)] 7166503K->4444842K(8186368K), 0.0163180 secs] [Times: user=0.12 sys=0.00, real=0.01 secs] 
19773.327: [GC [PSYoungGen: 2720576K->2381K(2725440K)] 7164842K->4446655K(8186816K), 0.0221200 secs] [Times: user=0.13 sys=0.00, real=0.02 secs] 
19818.590: [GC [PSYoungGen: 2722957K->1624K(2725376K)] 7167231K->4445899K(8186752K), 0.0179300 secs] [Times: user=0.12 sys=0.00, real=0.02 secs] 
19866.795: [GC [PSYoungGen: 2722200K->816K(2725632K)] 7166475K->4445154K(8187008K), 0.0150200 secs] [Times: user=0.11 sys=0.00, real=0.01 secs] 
19895.313: [GC [PSYoungGen: 2721904K->2413K(2725504K)] 7166242K->4446752K(8186880K), 0.0183370 secs] [Times: user=0.12 sys=0.00, real=0.02 secs] 
19938.972: [GC [PSYoungGen: 2723501K->624K(2726144K)] 7167840K->4445042K(8187520K), 0.0207680 secs] [Times: user=0.14 sys=0.00, real=0.02 secs] 
19984.802: [GC [PSYoungGen: 2722352K->512K(2726080K)] 7166770K->4444930K(8187456K), 0.0174800 secs] [Times: user=0.13 sys=0.00, real=0.01 secs] 
20059.770: [GC [PSYoungGen: 2722240K->4192K(2722432K)] 7166658K->4451922K(8183808K), 0.0304930 secs] [Times: user=0.16 sys=0.01, real=0.03 secs] 
20083.381: [GC [PSYoungGen: 2722400K->6176K(2724416K)] 7170130K->4457370K(8185792K), 0.0239510 secs] [Times: user=0.16 sys=0.01, real=0.02 secs] 
20115.426: [GC [PSYoungGen: 2724384K->2477K(2720704K)] 7175578K->4453672K(8182080K), 0.0181400 secs] [Times: user=0.12 sys=0.00, real=0.02 secs] 
20152.441: [GC [PSYoungGen: 2716973K->848K(2722560K)] 7168168K->4452042K(8183936K), 0.0168300 secs] [Times: user=0.12 sys=0.00, real=0.02 secs] 
20193.436: [GC [PSYoungGen: 2715344K->608K(2721984K)] 7166538K->4451802K(8183360K), 0.0169750 secs] [Times: user=0.13 sys=0.00, real=0.02 secs] 
20473.829: [GC [PSYoungGen: 2715296K->7667K(2722368K)] 7166490K->4461960K(8183744K), 0.0320150 secs] [Times: user=0.17 sys=0.00, real=0.03 secs] 
20534.838: [GC [PSYoungGen: 2722355K->8225K(2675264K)] 7176648K->4517607K(8136640K), 0.0792900 secs] [Times: user=0.53 sys=0.08, real=0.08 secs] 
20622.167: [GC [PSYoungGen: 2675233K->22673K(2689728K)] 7184615K->4532064K(8151104K), 0.1277120 secs] [Times: user=0.40 sys=0.56, real=0.12 secs] 
20731.918: [GC [PSYoungGen: 2689681K->20849K(2693312K)] 7199072K->4530240K(8154688K), 0.0438660 secs] [Times: user=0.27 sys=0.04, real=0.05 secs] 
20827.315: [GC [PSYoungGen: 2679665K->13344K(2672192K)] 7189056K->4522735K(8133568K), 0.0298950 secs] [Times: user=0.22 sys=0.00, real=0.03 secs] 
20884.487: [GC [PSYoungGen: 2672160K->34085K(2651200K)] 7181551K->4588496K(8112576K), 0.1000210 secs] [Times: user=0.65 sys=0.07, real=0.10 secs] 
20942.874: [GC [PSYoungGen: 2651173K->56737K(2673856K)] 7205584K->4640532K(8135232K), 0.0926800 secs] [Times: user=0.67 sys=0.04, real=0.09 secs] 
20984.383: [GC [PSYoungGen: 2673825K->56742K(2598080K)] 7257620K->4668325K(8059456K), 0.0955460 secs] [Times: user=0.68 sys=0.05, real=0.10 secs] 
21035.335: [GC [PSYoungGen: 2598054K->58902K(2600256K)] 7209637K->4670621K(8061632K), 0.0672000 secs] [Times: user=0.49 sys=0.00, real=0.07 secs] 
21066.647: [GC [PSYoungGen: 2600214K->59206K(2626304K)] 7211933K->4670925K(8087680K), 0.0655750 secs] [Times: user=0.51 sys=0.00, real=0.07 secs] 
21109.181: [GC [PSYoungGen: 2586950K->82636K(2610432K)] 7198669K->4694356K(8071808K), 0.0835170 secs] [Times: user=0.64 sys=0.00, real=0.08 secs] 
21127.423: [GC [PSYoungGen: 2610380K->62614K(2616832K)] 7222100K->4674333K(8078208K), 0.0653620 secs] [Times: user=0.52 sys=0.00, real=0.06 secs] 
21149.712: [GC [PSYoungGen: 2567446K->92679K(2597568K)] 7179165K->4704407K(8058944K), 0.0918370 secs] [Times: user=0.71 sys=0.00, real=0.10 secs] 
21188.896: [GC [PSYoungGen: 2597511K->67313K(2606976K)] 7209239K->4679041K(8068352K), 0.0703420 secs] [Times: user=0.55 sys=0.00, real=0.07 secs] 
21229.111: [GC [PSYoungGen: 2550065K->73604K(2556416K)] 7161793K->4685331K(8017792K), 0.1903650 secs] [Times: user=0.91 sys=0.54, real=0.19 secs] 
21258.172: [GC [PSYoungGen: 2556356K->67811K(2607168K)] 7168083K->4682440K(8068544K), 0.0728140 secs] [Times: user=0.56 sys=0.01, real=0.07 secs] 
21273.808: [GC [PSYoungGen: 2549987K->123427K(2605632K)] 7164616K->4766692K(8067008K), 0.1659490 secs] [Times: user=1.18 sys=0.14, real=0.17 secs] 
21291.707: [GC [PSYoungGen: 2605603K->73159K(2560960K)] 7248868K->4719032K(8022336K), 0.0776690 secs] [Times: user=0.60 sys=0.02, real=0.08 secs] 
21320.577: [GC [PSYoungGen: 2509127K->74068K(2583296K)] 7155000K->4719941K(8044672K), 0.0750550 secs] [Times: user=0.56 sys=0.00, real=0.08 secs] 
21356.084: [GC [PSYoungGen: 2510036K->76367K(2571072K)] 7155909K->4724696K(8032448K), 0.0752880 secs] [Times: user=0.57 sys=0.01, real=0.07 secs] 
21381.138: [GC [PSYoungGen: 2517135K->89764K(2579584K)] 7165464K->4754698K(8040960K), 0.0976960 secs] [Times: user=0.73 sys=0.03, real=0.09 secs] 
21393.026: [GC [PSYoungGen: 2530532K->136051K(2555072K)] 7195466K->4820129K(8016448K), 0.1537410 secs] [Times: user=1.09 sys=0.13, real=0.16 secs] 
21410.434: [GC [PSYoungGen: 2551027K->96206K(2572800K)] 7235105K->4790669K(8034176K), 0.0972580 secs] [Times: user=0.73 sys=0.02, real=0.10 secs] 
21417.390: [GC [PSYoungGen: 2511182K->157167K(2526592K)] 7205645K->4856943K(7987968K), 0.1309360 secs] [Times: user=1.02 sys=0.01, real=0.13 secs] 
21425.715: [GC [PSYoungGen: 2526575K->67138K(2550016K)] 7226351K->4770557K(8011392K), 0.0697300 secs] [Times: user=0.54 sys=0.00, real=0.07 secs] 
21433.035: [GC [PSYoungGen: 2436546K->88810K(2529088K)] 7139965K->4792229K(7990464K), 0.0823170 secs] [Times: user=0.61 sys=0.00, real=0.09 secs] 
21440.191: [GC [PSYoungGen: 2464426K->167014K(2542656K)] 7167845K->4883650K(8004032K), 0.1468490 secs] [Times: user=1.12 sys=0.02, real=0.15 secs] 
21452.398: [GC [PSYoungGen: 2542630K->114943K(2534976K)] 7259266K->4837677K(7996352K), 0.0978790 secs] [Times: user=0.75 sys=0.01, real=0.09 secs] 
21462.208: [GC [PSYoungGen: 2461951K->45578K(2538816K)] 7184685K->4768312K(8000192K), 0.0473570 secs] [Times: user=0.36 sys=0.00, real=0.05 secs] 
21471.603: [GC [PSYoungGen: 2392586K->112864K(2533952K)] 7115320K->4837142K(7995328K), 0.0993010 secs] [Times: user=0.78 sys=0.00, real=0.10 secs] 
21484.036: [GC [PSYoungGen: 2460768K->171457K(2519424K)] 7185046K->4896383K(7980800K), 0.1423950 secs] [Times: user=1.11 sys=0.00, real=0.14 secs] 
21504.719: [GC [PSYoungGen: 2519361K->72928K(2528256K)] 7244287K->4807378K(7989632K), 0.0747570 secs] [Times: user=0.56 sys=0.01, real=0.07 secs] 
21531.689: [GC [PSYoungGen: 2392992K->131683K(2522432K)] 7127442K->4868409K(7983808K), 0.1046700 secs] [Times: user=0.78 sys=0.01, real=0.11 secs] 
21554.045: [GC [PSYoungGen: 2451747K->67958K(2523072K)] 7188473K->4804708K(7984448K), 0.0533440 secs] [Times: user=0.40 sys=0.00, real=0.05 secs] 
21574.544: [GC [PSYoungGen: 2391926K->74055K(2523712K)] 7128676K->4810853K(7985088K), 0.0580560 secs] [Times: user=0.45 sys=0.00, real=0.06 secs] 
21584.519: [GC [PSYoungGen: 2398023K->66743K(2526016K)] 7134821K->4803597K(7987392K), 0.0516500 secs] [Times: user=0.40 sys=0.00, real=0.05 secs] 
21594.154: [GC [PSYoungGen: 2403383K->177059K(2513728K)] 7140237K->4914089K(7975104K), 0.1434410 secs] [Times: user=1.12 sys=0.00, real=0.14 secs] 
21610.042: [GC [PSYoungGen: 2513699K->56151K(2523392K)] 7250729K->4803021K(7984768K), 0.0532820 secs] [Times: user=0.40 sys=0.01, real=0.05 secs] 
21628.105: [GC [PSYoungGen: 2369111K->56024K(2369024K)] 7115981K->4804198K(7830400K), 0.0444600 secs] [Times: user=0.35 sys=0.00, real=0.04 secs] 
21639.374: [GC [PSYoungGen: 2368984K->56120K(2520832K)] 7117158K->4804994K(7982208K), 0.0457250 secs] [Times: user=0.36 sys=0.00, real=0.05 secs] 
21651.660: [GC [PSYoungGen: 2373816K->66840K(2516096K)] 7122690K->4815970K(7977472K), 0.0555160 secs] [Times: user=0.42 sys=0.00, real=0.05 secs] 
21662.227: [GC [PSYoungGen: 2384536K->51704K(2524736K)] 7133666K->4804250K(7986112K), 0.0454470 secs] [Times: user=0.35 sys=0.00, real=0.05 secs] 
21674.298: [GC [PSYoungGen: 2385208K->51829K(2520320K)] 7137754K->4805104K(7981696K), 0.0444120 secs] [Times: user=0.34 sys=0.00, real=0.05 secs] 
21687.224: [GC [PSYoungGen: 2385333K->47920K(2539072K)] 7138608K->4802211K(8000448K), 0.0426380 secs] [Times: user=0.31 sys=0.00, real=0.04 secs] 
21702.049: [GC [PSYoungGen: 2405168K->32546K(2534400K)] 7159459K->4787549K(7995776K), 0.0423600 secs] [Times: user=0.33 sys=0.00, real=0.04 secs] 
21715.120: [GC [PSYoungGen: 2389794K->31938K(2549696K)] 7144797K->4787972K(8011072K), 0.0424370 secs] [Times: user=0.33 sys=0.01, real=0.04 secs] 
21725.076: [GC [PSYoungGen: 2406914K->74200K(2546368K)] 7162948K->4830675K(8007744K), 0.0762070 secs] [Times: user=0.56 sys=0.00, real=0.08 secs] 
21742.327: [GC [PSYoungGen: 2449176K->26656K(2549888K)] 7205651K->4783883K(8011264K), 0.0367360 secs] [Times: user=0.29 sys=0.00, real=0.04 secs] 
21757.731: [GC [PSYoungGen: 2413344K->8832K(2547712K)] 7170571K->4766859K(8009088K), 0.0214420 secs] [Times: user=0.16 sys=0.00, real=0.03 secs] 
21770.330: [GC [PSYoungGen: 2395520K->6272K(2568384K)] 7153547K->4765067K(8029760K), 0.0227010 secs] [Times: user=0.15 sys=0.00, real=0.02 secs] 
21797.364: [GC [PSYoungGen: 2413888K->8130K(2415808K)] 7172683K->4767277K(7877184K), 0.0388870 secs] [Times: user=0.20 sys=0.07, real=0.04 secs] 
21806.389: [GC [PSYoungGen: 2415746K->130041K(2535488K)] 7174893K->4890044K(7996864K), 0.1714080 secs] [Times: user=1.06 sys=0.28, real=0.18 secs] 
21821.130: [GC [PSYoungGen: 2508537K->74803K(2554560K)] 7268540K->4834838K(8015936K), 0.0835350 secs] [Times: user=0.56 sys=0.08, real=0.09 secs] 
21831.023: [GC [PSYoungGen: 2453299K->40096K(2533376K)] 7213334K->4800251K(7994752K), 0.0511470 secs] [Times: user=0.39 sys=0.01, real=0.06 secs] 
21845.216: [GC [PSYoungGen: 2424032K->79173K(2546688K)] 7184187K->4839608K(8008064K), 0.0839710 secs] [Times: user=0.58 sys=0.02, real=0.08 secs] 
21869.620: [GC [PSYoungGen: 2463109K->36301K(2553152K)] 7223544K->4796952K(8014528K), 0.0462900 secs] [Times: user=0.35 sys=0.00, real=0.04 secs] 
21889.271: [GC [PSYoungGen: 2443853K->83890K(2561728K)] 7204504K->4844733K(8023104K), 0.1009390 secs] [Times: user=0.67 sys=0.05, real=0.11 secs] 
21902.796: [GC [PSYoungGen: 2491442K->88849K(2573696K)] 7252285K->4849868K(8035072K), 0.0864930 secs] [Times: user=0.64 sys=0.00, real=0.08 secs] 
21913.202: [GC [PSYoungGen: 2508177K->136775K(2556160K)] 7269196K->4898106K(8017536K), 0.1373040 secs] [Times: user=0.93 sys=0.13, real=0.14 secs] 
21927.227: [GC [PSYoungGen: 2556103K->173746K(2455616K)] 7317434K->4996340K(7916992K), 0.2077870 secs] [Times: user=1.48 sys=0.13, real=0.21 secs] 
21945.974: [GC [PSYoungGen: 2455602K->49392K(2506240K)] 7278196K->4873214K(7967616K), 0.0575350 secs] [Times: user=0.43 sys=0.01, real=0.06 secs] 
21957.244: [GC [PSYoungGen: 2331248K->179491K(2468992K)] 7155070K->5003313K(7930368K), 0.1444830 secs] [Times: user=1.15 sys=0.00, real=0.14 secs] 
21967.339: [GC [PSYoungGen: 2431523K->119120K(2491328K)] 7255345K->4944555K(7952704K), 0.1080970 secs] [Times: user=0.80 sys=0.01, real=0.11 secs] 
21986.875: [GC [PSYoungGen: 2371152K->48384K(2474560K)] 7196587K->4873891K(7935936K), 0.0549770 secs] [Times: user=0.42 sys=0.00, real=0.06 secs] 
21998.425: [GC [PSYoungGen: 2305280K->80608K(2485376K)] 7130787K->4906467K(7946752K), 0.0783290 secs] [Times: user=0.61 sys=0.00, real=0.08 secs] 
22006.328: [GC [PSYoungGen: 2337504K->148738K(2491648K)] 7163363K->4974806K(7953024K), 0.1398750 secs] [Times: user=1.02 sys=0.00, real=0.14 secs] 
22015.583: [GC [PSYoungGen: 2424002K->139831K(2500864K)] 7250070K->4967018K(7962240K), 0.1233840 secs] [Times: user=0.94 sys=0.00, real=0.12 secs] 
22023.463: [GC [PSYoungGen: 2415095K->69760K(2492928K)] 7242282K->4897331K(7954304K), 0.0685090 secs] [Times: user=0.53 sys=0.00, real=0.06 secs] 
22031.556: [GC [PSYoungGen: 2345792K->141373K(2497280K)] 7173363K->4970740K(7958656K), 0.1335720 secs] [Times: user=0.97 sys=0.01, real=0.13 secs] 
22040.797: [GC [PSYoungGen: 2417405K->54809K(2504448K)] 7246772K->4884665K(7965824K), 0.0634480 secs] [Times: user=0.46 sys=0.00, real=0.06 secs] 
22052.247: [GC [PSYoungGen: 2338905K->115461K(2399616K)] 7168761K->4946100K(7860992K), 0.1023900 secs] [Times: user=0.80 sys=0.00, real=0.10 secs] 
22065.524: [GC [PSYoungGen: 2399557K->127765K(2505600K)] 7230196K->4958732K(7966976K), 0.1164650 secs] [Times: user=0.84 sys=0.00, real=0.12 secs] 
22081.759: [GC [PSYoungGen: 2418069K->60488K(2504768K)] 7249036K->4905172K(7966144K), 0.0783150 secs] [Times: user=0.59 sys=0.03, real=0.08 secs] 
22087.690: [GC [PSYoungGen: 2350792K->181499K(2480704K)] 7195476K->5029303K(7942080K), 0.1625180 secs] [Times: user=1.17 sys=0.02, real=0.17 secs] 
22109.273: [GC [PSYoungGen: 2452091K->9764K(2280384K)] 7299895K->4881321K(7741760K), 0.0486150 secs] [Times: user=0.32 sys=0.04, real=0.05 secs] 
22120.462: [GC [PSYoungGen: 2280356K->22870K(2498048K)] 7151913K->4895475K(7959424K), 0.0324570 secs] [Times: user=0.25 sys=0.00, real=0.03 secs] 
22125.473: [GC [PSYoungGen: 2286998K->141073K(2405248K)] 7159603K->5013885K(7866624K), 0.1314820 secs] [Times: user=1.00 sys=0.00, real=0.13 secs] 
22144.618: [GC [PSYoungGen: 2405201K->14321K(2493888K)] 7278013K->4887438K(7955264K), 0.0258430 secs] [Times: user=0.20 sys=0.00, real=0.03 secs] 
22170.158: [GC [PSYoungGen: 2270641K->28111K(2284480K)] 7143758K->4901547K(7745856K), 0.0373770 secs] [Times: user=0.28 sys=0.00, real=0.04 secs] 
22185.274: [GC [PSYoungGen: 2284431K->122594K(2487360K)] 7157867K->4996399K(7948736K), 0.1003720 secs] [Times: user=0.78 sys=0.00, real=0.10 secs] 
22201.761: [GC [PSYoungGen: 2378402K->141811K(2487872K)] 7252207K->5016032K(7949248K), 0.1074880 secs] [Times: user=0.84 sys=0.00, real=0.10 secs] 
22251.944: [GC [PSYoungGen: 2397619K->13474K(2493888K)] 7271840K->4888134K(7955264K), 0.0269310 secs] [Times: user=0.20 sys=0.00, real=0.03 secs] 
22270.324: [GC [PSYoungGen: 2268834K->18914K(2274304K)] 7143494K->4893806K(7735680K), 0.0309120 secs] [Times: user=0.23 sys=0.00, real=0.03 secs] 
22299.194: [GC [PSYoungGen: 2274274K->109227K(2490816K)] 7149166K->4984407K(7952192K), 0.0909510 secs] [Times: user=0.71 sys=0.00, real=0.09 secs] 
22329.226: [GC [PSYoungGen: 2367915K->22130K(2487488K)] 7243095K->4897446K(7948864K), 0.0333610 secs] [Times: user=0.23 sys=0.01, real=0.04 secs] 
22356.045: [GC [PSYoungGen: 2280818K->129200K(2487808K)] 7156134K->5004740K(7949184K), 0.1314040 secs] [Times: user=0.90 sys=0.00, real=0.13 secs] 
22383.041: [GC [PSYoungGen: 2393392K->22147K(2493312K)] 7268932K->4897936K(7954688K), 0.0307140 secs] [Times: user=0.22 sys=0.00, real=0.03 secs] 
22402.502: [GC [PSYoungGen: 2286339K->21757K(2488832K)] 7162128K->4901030K(7950208K), 0.0592040 secs] [Times: user=0.30 sys=0.12, real=0.06 secs] 
22421.958: [GC [PSYoungGen: 2299389K->110314K(2495296K)] 7178662K->4989946K(7956672K), 0.1513830 secs] [Times: user=0.91 sys=0.24, real=0.15 secs] 
22442.610: [GC [PSYoungGen: 2387946K->18818K(2502784K)] 7267578K->4898786K(7964160K), 0.0336970 secs] [Times: user=0.22 sys=0.02, real=0.04 secs] 
22460.780: [GC [PSYoungGen: 2313538K->25240K(2507584K)] 7193506K->4911002K(7968960K), 0.0342500 secs] [Times: user=0.25 sys=0.01, real=0.03 secs] 
22527.908: [GC [PSYoungGen: 2319960K->77047K(2502208K)] 7205722K->4963618K(7963584K), 0.1023580 secs] [Times: user=0.65 sys=0.12, real=0.10 secs] 
22554.926: [GC [PSYoungGen: 2389367K->150255K(2508672K)] 7275938K->5036866K(7970048K), 0.1595930 secs] [Times: user=1.05 sys=0.15, real=0.16 secs] 
22576.421: [GC [PSYoungGen: 2462575K->140992K(2493696K)] 7349186K->5027754K(7955072K), 0.1341880 secs] [Times: user=0.89 sys=0.17, real=0.14 secs] 
22595.812: [GC [PSYoungGen: 2419776K->219451K(2498240K)] 7306538K->5106477K(7959616K), 0.1717830 secs] [Times: user=1.27 sys=0.08, real=0.17 secs] 
22618.591: [GC [PSYoungGen: 2498235K->155168K(2425536K)] 7385261K->5042491K(7886912K), 0.1281170 secs] [Times: user=0.92 sys=0.00, real=0.12 secs] 
22633.760: [GC [PSYoungGen: 2348320K->167934K(2361088K)] 7235643K->5055432K(7822464K), 0.1491430 secs] [Times: user=1.01 sys=0.00, real=0.15 secs] 
22652.886: [GC [PSYoungGen: 2361086K->138048K(2459008K)] 7248584K->5028927K(7920384K), 0.1035830 secs] [Times: user=0.80 sys=0.01, real=0.10 secs] 
22716.165: [GC [PSYoungGen: 2320000K->89074K(2271040K)] 7210879K->4985986K(7732416K), 0.0742700 secs] [Times: user=0.57 sys=0.01, real=0.07 secs] 
22737.145: [GC [PSYoungGen: 2271026K->47318K(2445696K)] 7167938K->4944367K(7907072K), 0.0420030 secs] [Times: user=0.33 sys=0.00, real=0.05 secs] 
22753.160: [GC [PSYoungGen: 2234070K->49901K(2440896K)] 7131119K->4947133K(7902272K), 0.0451390 secs] [Times: user=0.33 sys=0.00, real=0.04 secs] 
22775.204: [GC [PSYoungGen: 2236653K->46886K(2469824K)] 7133885K->4944319K(7931200K), 0.0394310 secs] [Times: user=0.31 sys=0.00, real=0.04 secs] 
22797.351: [GC [PSYoungGen: 2271078K->48342K(2465216K)] 7168511K->4946039K(7926592K), 0.0428020 secs] [Times: user=0.33 sys=0.00, real=0.04 secs] 
22819.656: [GC [PSYoungGen: 2272534K->45974K(2482048K)] 7170231K->4943935K(7943424K), 0.0408130 secs] [Times: user=0.32 sys=0.00, real=0.04 secs] 
22842.312: [GC [PSYoungGen: 2297494K->45718K(2477376K)] 7195455K->4943935K(7938752K), 0.0384980 secs] [Times: user=0.29 sys=0.00, real=0.04 secs] 
22867.281: [GC [PSYoungGen: 2297238K->45718K(2496640K)] 7195455K->4944199K(7958016K), 0.0390550 secs] [Times: user=0.31 sys=0.00, real=0.04 secs] 
22888.082: [GC [PSYoungGen: 2328086K->47795K(2492160K)] 7226567K->4946396K(7953536K), 0.0434400 secs] [Times: user=0.31 sys=0.00, real=0.04 secs] 
22909.177: [GC [PSYoungGen: 2330163K->47862K(2512320K)] 7228764K->4946711K(7973696K), 0.0418960 secs] [Times: user=0.33 sys=0.00, real=0.04 secs] 
22935.700: [GC [PSYoungGen: 2362934K->44950K(2507776K)] 7261783K->4944087K(7969152K), 0.0394570 secs] [Times: user=0.30 sys=0.00, real=0.04 secs] 
22973.546: [GC [PSYoungGen: 2360022K->3100K(2526208K)] 7259159K->4902524K(7987584K), 0.0224760 secs] [Times: user=0.16 sys=0.00, real=0.02 secs] 
23005.606: [GC [PSYoungGen: 2344412K->5670K(2525568K)] 7243836K->4905439K(7986944K), 0.0303350 secs] [Times: user=0.17 sys=0.04, real=0.04 secs] 
23256.115: [GC [PSYoungGen: 2346982K->5303K(2541952K)] 7246751K->4905383K(8003328K), 0.0301060 secs] [Times: user=0.17 sys=0.01, real=0.03 secs] 
23369.811: [GC [PSYoungGen: 2370167K->2521K(2542464K)] 7270247K->4903993K(8003840K), 0.0254210 secs] [Times: user=0.16 sys=0.00, real=0.02 secs] 
23422.742: [GC [PSYoungGen: 2367385K->1733K(2546560K)] 7268857K->4903261K(8007936K), 0.0223940 secs] [Times: user=0.16 sys=0.01, real=0.02 secs] 
23522.648: [GC [PSYoungGen: 2381573K->2221K(2547840K)] 7283101K->4903969K(8009216K), 0.0251400 secs] [Times: user=0.17 sys=0.00, real=0.03 secs] 
23570.293: [GC [PSYoungGen: 2382061K->784K(2545152K)] 7283809K->4902604K(8006528K), 0.0218820 secs] [Times: user=0.17 sys=0.00, real=0.02 secs] 
23609.825: [GC [PSYoungGen: 2396432K->2945K(2551552K)] 7298252K->4904766K(8012928K), 0.0254040 secs] [Times: user=0.16 sys=0.02, real=0.03 secs] 
23711.548: [GC [PSYoungGen: 2398593K->1396K(2542144K)] 7300414K->4903217K(8003520K), 0.0226890 secs] [Times: user=0.15 sys=0.01, real=0.03 secs] 
23807.101: [GC [PSYoungGen: 2410676K->1914K(2551488K)] 7312497K->4903735K(8012864K), 0.0253710 secs] [Times: user=0.17 sys=0.00, real=0.03 secs] 
23951.545: [GC [PSYoungGen: 2411194K->4093K(2538816K)] 7313015K->4905914K(8000192K), 0.0328300 secs] [Times: user=0.17 sys=0.01, real=0.03 secs] 
23984.297: [GC [PSYoungGen: 2423933K->5305K(2547712K)] 7325754K->4907126K(8009088K), 0.0235860 secs] [Times: user=0.16 sys=0.01, real=0.03 secs] 
24002.707: [GC [PSYoungGen: 2425145K->4656K(2549568K)] 7326966K->4906524K(8010944K), 0.0247980 secs] [Times: user=0.18 sys=0.01, real=0.02 secs] 
24047.693: [GC [PSYoungGen: 2442544K->1088K(2551296K)] 7344412K->4902956K(8012672K), 0.0231390 secs] [Times: user=0.17 sys=0.01, real=0.02 secs] 
24077.804: [GC [PSYoungGen: 2438976K->2861K(2552576K)] 7340844K->4904730K(8013952K), 0.0267570 secs] [Times: user=0.18 sys=0.01, real=0.03 secs] 
24119.669: [GC [PSYoungGen: 2459373K->9664K(2557376K)] 7361242K->4911612K(8018752K), 0.0309050 secs] [Times: user=0.21 sys=0.02, real=0.04 secs] 
24138.182: [GC [PSYoungGen: 2466176K->512K(2563200K)] 7368124K->4902492K(8024576K), 0.0200190 secs] [Times: user=0.15 sys=0.00, real=0.02 secs] 
24182.758: [GC [PSYoungGen: 2478336K->2560K(2566144K)] 7380316K->4904548K(8027520K), 0.0237370 secs] [Times: user=0.16 sys=0.01, real=0.03 secs] 
24224.803: [GC [PSYoungGen: 2480384K->2513K(2569216K)] 7382372K->4904518K(8030592K), 0.0277930 secs] [Times: user=0.18 sys=0.01, real=0.03 secs] 
24319.205: [GC [PSYoungGen: 2499665K->5414K(2574848K)] 7401670K->4907443K(8036224K), 0.0289090 secs] [Times: user=0.17 sys=0.00, real=0.03 secs] 
24340.449: [GC [PSYoungGen: 2502566K->2224K(2582976K)] 7404595K->4904284K(8044352K), 0.0223060 secs] [Times: user=0.16 sys=0.00, real=0.02 secs] 
24360.288: [GC [PSYoungGen: 2519088K->3088K(2584576K)] 7421148K->4905148K(8045952K), 0.0213820 secs] [Times: user=0.16 sys=0.01, real=0.02 secs] 
24380.973: [GC [PSYoungGen: 2519952K->720K(2596416K)] 7422012K->4902804K(8057792K), 0.0196030 secs] [Times: user=0.15 sys=0.01, real=0.02 secs] 
24402.601: [GC [PSYoungGen: 2540688K->528K(2599360K)] 7442772K->4902612K(8060736K), 0.0192350 secs] [Times: user=0.14 sys=0.00, real=0.01 secs] 
24423.568: [GC [PSYoungGen: 2540496K->1680K(2613440K)] 7442580K->4903772K(8074816K), 0.0205140 secs] [Times: user=0.15 sys=0.00, real=0.02 secs] 
24441.710: [GC [PSYoungGen: 2566032K->2093K(2616384K)] 7468124K->4904202K(8077760K), 0.0243750 secs] [Times: user=0.18 sys=0.01, real=0.02 secs] 
24464.025: [GC [PSYoungGen: 2566445K->1920K(2634048K)] 7468554K->4904060K(8095424K), 0.0232900 secs] [Times: user=0.17 sys=0.00, real=0.02 secs] 
24484.941: [GC [PSYoungGen: 2594048K->2112K(2637248K)] 7496188K->4904252K(8098624K), 0.0220070 secs] [Times: user=0.16 sys=0.01, real=0.02 secs] 
24541.526: [GC [PSYoungGen: 2594240K->736K(2648768K)] 7496380K->4902892K(8110144K), 0.0222210 secs] [Times: user=0.15 sys=0.00, real=0.02 secs] 
24567.812: [GC [PSYoungGen: 2617120K->2189K(2655616K)] 7519276K->4904369K(8116992K), 0.0235370 secs] [Times: user=0.15 sys=0.00, real=0.02 secs] 
24669.469: [GC [PSYoungGen: 2618573K->832K(2663680K)] 7520753K->4903036K(8125056K), 0.0221510 secs] [Times: user=0.14 sys=0.00, real=0.03 secs] 
24723.501: [GC [PSYoungGen: 2637440K->3190K(2670592K)] 7539644K->4905403K(8131968K), 0.0269390 secs] [Times: user=0.17 sys=0.00, real=0.02 secs] 
24766.805: [GC [PSYoungGen: 2639798K->560K(2680064K)] 7542011K->4902796K(8141440K), 0.0193970 secs] [Times: user=0.14 sys=0.00, real=0.01 secs] 
24809.165: [GC [PSYoungGen: 2654704K->2545K(2683456K)] 7556940K->4904814K(8144832K), 0.0269120 secs] [Times: user=0.16 sys=0.02, real=0.03 secs] 
24844.047: [GC [PSYoungGen: 2656689K->560K(2695488K)] 7558958K->4902860K(8156864K), 0.0209490 secs] [Times: user=0.15 sys=0.00, real=0.02 secs] 
24901.941: [GC [PSYoungGen: 2672496K->864K(2697280K)] 7574796K->4903164K(8158656K), 0.0226520 secs] [Times: user=0.18 sys=0.00, real=0.02 secs] 
24985.720: [GC [PSYoungGen: 2672800K->2237K(2701504K)] 7575100K->4904537K(8162880K), 0.0263140 secs] [Times: user=0.16 sys=0.00, real=0.02 secs] 
25041.265: [GC [PSYoungGen: 2683901K->11613K(2703424K)] 7586201K->4913913K(8164800K), 0.0316670 secs] [Times: user=0.20 sys=0.01, real=0.04 secs] 
25066.920: [GC [PSYoungGen: 2693277K->752K(2707456K)] 7595577K->4903052K(8168832K), 0.0190800 secs] [Times: user=0.14 sys=0.00, real=0.01 secs] 
25107.501: [GC [PSYoungGen: 2686576K->2217K(2688064K)] 7588876K->4904518K(8149440K), 0.0216270 secs] [Times: user=0.16 sys=0.00, real=0.02 secs] 
25148.771: [GC [PSYoungGen: 2688041K->672K(2708608K)] 7590342K->4902988K(8169984K), 0.0199550 secs] [Times: user=0.15 sys=0.00, real=0.02 secs] 
25511.653: [GC [PSYoungGen: 2689120K->6516K(2707456K)] 7591436K->4908833K(8168832K), 0.0363810 secs] [Times: user=0.19 sys=0.01, real=0.04 secs] 
26711.579: [GC [PSYoungGen: 2694964K->18603K(2703296K)] 7597281K->4921732K(8164672K), 0.0668890 secs] [Times: user=0.20 sys=0.04, real=0.07 secs] 
27851.488: [GC [PSYoungGen: 2703275K->17032K(2701760K)] 7606404K->4920169K(8163136K), 0.0654810 secs] [Times: user=0.23 sys=0.03, real=0.06 secs] 
28214.441: [GC [PSYoungGen: 2701704K->6257K(2706944K)] 7604841K->4909394K(8168320K), 0.0317470 secs] [Times: user=0.17 sys=0.01, real=0.03 secs] 
28597.342: [GC [PSYoungGen: 2687601K->7013K(2688384K)] 7590738K->4910150K(8149760K), 0.0451810 secs] [Times: user=0.23 sys=0.02, real=0.04 secs] 
28623.714: [GC [PSYoungGen: 2688357K->1152K(2704256K)] 7591494K->4904321K(8165632K), 0.0195990 secs] [Times: user=0.15 sys=0.00, real=0.02 secs] 
28655.295: [GC [PSYoungGen: 2683200K->2397K(2703552K)] 7586369K->4905566K(8164928K), 0.0227560 secs] [Times: user=0.16 sys=0.00, real=0.03 secs] 
28691.559: [GC [PSYoungGen: 2684445K->1909K(2708224K)] 7587614K->4905094K(8169600K), 0.0233090 secs] [Times: user=0.17 sys=0.00, real=0.03 secs] 
28735.890: [GC [PSYoungGen: 2689717K->2661K(2707456K)] 7592902K->4905846K(8168832K), 0.0222740 secs] [Times: user=0.16 sys=0.00, real=0.02 secs] 
28755.168: [GC [PSYoungGen: 2690469K->2541K(2710016K)] 7593654K->4905726K(8171392K), 0.0226290 secs] [Times: user=0.16 sys=0.00, real=0.02 secs] 
28784.047: [GC [PSYoungGen: 2694061K->1088K(2709248K)] 7597246K->4904297K(8170624K), 0.0210080 secs] [Times: user=0.16 sys=0.00, real=0.02 secs] 
28829.376: [GC [PSYoungGen: 2692608K->1472K(2712128K)] 7595817K->4904705K(8173504K), 0.0216800 secs] [Times: user=0.16 sys=0.00, real=0.02 secs] 
28871.578: [GC [PSYoungGen: 2696640K->2440K(2711424K)] 7599873K->4905689K(8172800K), 0.0251440 secs] [Times: user=0.17 sys=0.01, real=0.02 secs] 
28963.550: [GC [PSYoungGen: 2697608K->4580K(2713472K)] 7600857K->4907853K(8174848K), 0.0278440 secs] [Times: user=0.19 sys=0.01, real=0.03 secs] 
28983.720: [GC [PSYoungGen: 2702884K->2464K(2712704K)] 7606157K->4905761K(8174080K), 0.0210570 secs] [Times: user=0.16 sys=0.00, real=0.02 secs] 
29002.545: [GC [PSYoungGen: 2700768K->5570K(2715008K)] 7604065K->4908891K(8176384K), 0.0266170 secs] [Times: user=0.16 sys=0.01, real=0.03 secs] 
29023.382: [GC [PSYoungGen: 2706946K->2448K(2714688K)] 7610267K->4906193K(8176064K), 0.0206270 secs] [Times: user=0.16 sys=0.00, real=0.02 secs] 
29044.047: [GC [PSYoungGen: 2703824K->1840K(2716800K)] 7607569K->4905673K(8178176K), 0.0213030 secs] [Times: user=0.17 sys=0.00, real=0.02 secs] 
29065.218: [GC [PSYoungGen: 2706032K->2864K(2716288K)] 7609865K->4906713K(8177664K), 0.0215650 secs] [Times: user=0.16 sys=0.01, real=0.02 secs] 
29085.885: [GC [PSYoungGen: 2707056K->656K(2717632K)] 7610905K->4904545K(8179008K), 0.0184030 secs] [Times: user=0.15 sys=0.01, real=0.02 secs] 
29106.688: [GC [PSYoungGen: 2706896K->1584K(2717312K)] 7610785K->4905473K(8178688K), 0.0196590 secs] [Times: user=0.16 sys=0.00, real=0.02 secs] 
29120.961: [GC [PSYoungGen: 2707824K->3398K(2718912K)] 7611713K->4907335K(8180288K), 0.0228530 secs] [Times: user=0.15 sys=0.01, real=0.02 secs] 
29156.974: [GC [PSYoungGen: 2712198K->1104K(2718784K)] 7616135K->4905049K(8180160K), 0.0209270 secs] [Times: user=0.16 sys=0.00, real=0.02 secs] 
29184.328: [GC [PSYoungGen: 2709904K->912K(2720320K)] 7613849K->4904881K(8181696K), 0.0224760 secs] [Times: user=0.16 sys=0.01, real=0.02 secs] 
29263.895: [GC [PSYoungGen: 2711760K->2461K(2720128K)] 7615729K->4906438K(8181504K), 0.0273060 secs] [Times: user=0.18 sys=0.00, real=0.03 secs] 
29314.047: [GC [PSYoungGen: 2713309K->608K(2720832K)] 7617286K->4904585K(8182208K), 0.0208140 secs] [Times: user=0.16 sys=0.00, real=0.02 secs] 
29351.695: [GC [PSYoungGen: 2712736K->2333K(2720576K)] 7616713K->4906326K(8181952K), 0.0235830 secs] [Times: user=0.17 sys=0.00, real=0.03 secs] 
29386.116: [GC [PSYoungGen: 2714461K->1441K(2721664K)] 7618454K->4905434K(8183040K), 0.0217740 secs] [Times: user=0.16 sys=0.00, real=0.02 secs] 
29417.458: [GC [PSYoungGen: 2715233K->672K(2721344K)] 7619226K->4904689K(8182720K), 0.0202460 secs] [Times: user=0.15 sys=0.00, real=0.02 secs] 
29466.115: [GC [PSYoungGen: 2714464K->608K(2722752K)] 7618481K->4904625K(8184128K), 0.0251170 secs] [Times: user=0.15 sys=0.00, real=0.03 secs] 
29531.588: [GC [PSYoungGen: 2716064K->3237K(2722496K)] 7620081K->4907302K(8183872K), 0.0269090 secs] [Times: user=0.18 sys=0.00, real=0.02 secs] 
29633.811: [GC [PSYoungGen: 2718693K->4931K(2722496K)] 7622758K->4908996K(8183872K), 0.0379250 secs] [Times: user=0.20 sys=0.03, real=0.03 secs] 
29654.672: [GC [PSYoungGen: 2720451K->1536K(2723072K)] 7624516K->4905601K(8184448K), 0.0199300 secs] [Times: user=0.15 sys=0.00, real=0.02 secs] 
29675.719: [GC [PSYoungGen: 2717056K->2048K(2722112K)] 7621121K->4906113K(8183488K), 0.0223910 secs] [Times: user=0.15 sys=0.00, real=0.02 secs] 
29696.115: [GC [PSYoungGen: 2717952K->448K(2722688K)] 7622017K->4904513K(8184064K), 0.0197010 secs] [Times: user=0.16 sys=0.00, real=0.02 secs] 
29714.752: [GC [PSYoungGen: 2716352K->2221K(2722816K)] 7620417K->4906286K(8184192K), 0.0228090 secs] [Times: user=0.17 sys=0.00, real=0.02 secs] 
29735.472: [GC [PSYoungGen: 2719405K->3088K(2723392K)] 7623470K->4907185K(8184768K), 0.0223990 secs] [Times: user=0.16 sys=0.00, real=0.02 secs] 
29755.854: [GC [PSYoungGen: 2720272K->1648K(2723840K)] 7624369K->4905761K(8185216K), 0.0198520 secs] [Times: user=0.16 sys=0.00, real=0.02 secs] 
29777.106: [GC [PSYoungGen: 2719920K->416K(2724160K)] 7624033K->4904529K(8185536K), 0.0195730 secs] [Times: user=0.16 sys=0.00, real=0.02 secs] 
29798.426: [GC [PSYoungGen: 2718688K->720K(2724288K)] 7622801K->4904865K(8185664K), 0.0210710 secs] [Times: user=0.16 sys=0.00, real=0.02 secs] 
29826.887: [GC [PSYoungGen: 2719632K->784K(2724544K)] 7623777K->4904929K(8185920K), 0.0224650 secs] [Times: user=0.15 sys=0.00, real=0.03 secs] 
29886.115: [GC [PSYoungGen: 2719696K->2269K(2724672K)] 7623841K->4906422K(8186048K), 0.0253740 secs] [Times: user=0.18 sys=0.00, real=0.03 secs] 
29951.540: [GC [PSYoungGen: 2721821K->1684K(2724864K)] 7625974K->4905861K(8186240K), 0.0243620 secs] [Times: user=0.16 sys=0.01, real=0.02 secs] 
29985.953: [GC [PSYoungGen: 2721236K->2802K(2725184K)] 7625413K->4906979K(8186560K), 0.0232500 secs] [Times: user=0.16 sys=0.00, real=0.02 secs] 
30034.047: [GC [PSYoungGen: 2722994K->672K(2725184K)] 7627171K->4904849K(8186560K), 0.0219460 secs] [Times: user=0.16 sys=0.00, real=0.03 secs] 
30070.242: [GC [PSYoungGen: 2720864K->864K(2725312K)] 7625041K->4905057K(8186688K), 0.0216520 secs] [Times: user=0.17 sys=0.01, real=0.02 secs] 
30098.543: [GC [PSYoungGen: 2721568K->2157K(2725440K)] 7625761K->4906398K(8186816K), 0.0220960 secs] [Times: user=0.15 sys=0.00, real=0.02 secs] 
30161.302: [GC [PSYoungGen: 2722861K->768K(2725632K)] 7627102K->4905009K(8187008K), 0.0225170 secs] [Times: user=0.17 sys=0.00, real=0.02 secs] 
30222.509: [GC [PSYoungGen: 2722048K->3706K(2724992K)] 7626289K->4907947K(8186368K), 0.0283870 secs] [Times: user=0.16 sys=0.01, real=0.03 secs] 
30303.357: [GC [PSYoungGen: 2724986K->2608K(2725632K)] 7629227K->4906849K(8187008K), 0.0235230 secs] [Times: user=0.17 sys=0.01, real=0.03 secs] 
30321.602: [GC [PSYoungGen: 2723248K->4509K(2725184K)] 7627489K->4908758K(8186560K), 0.0229200 secs] [Times: user=0.16 sys=0.00, real=0.02 secs] 
30358.699: [GC [PSYoungGen: 2725149K->1392K(2725184K)] 7629398K->4905641K(8186560K), 0.0217520 secs] [Times: user=0.16 sys=0.00, real=0.02 secs] 
30394.048: [GC [PSYoungGen: 2721136K->512K(2720256K)] 7625385K->4904761K(8181632K), 0.0202320 secs] [Times: user=0.15 sys=0.00, real=0.02 secs] 
30431.578: [GC [PSYoungGen: 2720256K->4970K(2723712K)] 7624505K->4909219K(8185088K), 0.0223970 secs] [Times: user=0.16 sys=0.00, real=0.02 secs] 
30453.049: [GC [PSYoungGen: 2723306K->1844K(2724480K)] 7627555K->4906094K(8185856K), 0.0219430 secs] [Times: user=0.16 sys=0.00, real=0.03 secs] 
30493.311: [GC [PSYoungGen: 2720180K->736K(2723904K)] 7624430K->4904985K(8185280K), 0.0204200 secs] [Times: user=0.15 sys=0.00, real=0.02 secs] 
30583.947: [GC [PSYoungGen: 2719392K->2349K(2724352K)] 7623641K->4906622K(8185728K), 0.0255260 secs] [Times: user=0.17 sys=0.00, real=0.03 secs] 
30605.194: [GC [PSYoungGen: 2721005K->2464K(2724352K)] 7625278K->4906745K(8185728K), 0.0207220 secs] [Times: user=0.16 sys=0.00, real=0.02 secs] 
30625.602: [GC [PSYoungGen: 2721952K->1784K(2724736K)] 7626233K->4906081K(8186112K), 0.0214620 secs] [Times: user=0.16 sys=0.00, real=0.02 secs] 
30646.903: [GC [PSYoungGen: 2721272K->736K(2725120K)] 7625569K->4905033K(8186496K), 0.0186640 secs] [Times: user=0.13 sys=0.00, real=0.02 secs] 
30667.785: [GC [PSYoungGen: 2721120K->1152K(2725312K)] 7625417K->4905449K(8186688K), 0.0216910 secs] [Times: user=0.16 sys=0.00, real=0.02 secs] 
30686.751: [GC [PSYoungGen: 2721536K->3293K(2725312K)] 7625833K->4907614K(8186688K), 0.0232850 secs] [Times: user=0.16 sys=0.00, real=0.02 secs] 
30709.414: [GC [PSYoungGen: 2723805K->1104K(2725568K)] 7628126K->4905425K(8186944K), 0.0202010 secs] [Times: user=0.15 sys=0.00, real=0.02 secs] 
30732.105: [GC [PSYoungGen: 2721616K->2640K(2725504K)] 7625937K->4907033K(8186880K), 0.0199950 secs] [Times: user=0.16 sys=0.00, real=0.02 secs] 
30754.803: [GC [PSYoungGen: 2723344K->960K(2725568K)] 7627737K->4905353K(8186944K), 0.0196080 secs] [Times: user=0.16 sys=0.01, real=0.02 secs] 
30805.424: [GC [PSYoungGen: 2721664K->2769K(2725632K)] 7626057K->4907210K(8187008K), 0.0293680 secs] [Times: user=0.17 sys=0.01, real=0.03 secs] 
30836.851: [GC [PSYoungGen: 2723665K->768K(2725696K)] 7628106K->4905209K(8187072K), 0.0195830 secs] [Times: user=0.15 sys=0.00, real=0.02 secs] 
30930.365: [GC [PSYoungGen: 2721664K->2509K(2725696K)] 7626105K->4906950K(8187072K), 0.0263410 secs] [Times: user=0.18 sys=0.01, real=0.03 secs] 
30985.675: [GC [PSYoungGen: 2723597K->688K(2725760K)] 7628038K->4905137K(8187136K), 0.0210730 secs] [Times: user=0.16 sys=0.00, real=0.02 secs] 
31031.559: [GC [PSYoungGen: 2721776K->1930K(2725568K)] 7626225K->4906427K(8186944K), 0.0238420 secs] [Times: user=0.17 sys=0.00, real=0.02 secs] 
31062.505: [GC [PSYoungGen: 2723274K->2783K(2725760K)] 7627771K->4907280K(8187136K), 0.0221620 secs] [Times: user=0.15 sys=0.00, real=0.02 secs] 
31104.048: [GC [PSYoungGen: 2724127K->544K(2726144K)] 7628624K->4905065K(8187520K), 0.0200860 secs] [Times: user=0.15 sys=0.00, real=0.02 secs] 
31151.553: [GC [PSYoungGen: 2722208K->1492K(2723200K)] 7626729K->4906013K(8184576K), 0.0230100 secs] [Times: user=0.17 sys=0.00, real=0.03 secs] 
31244.803: [GC [PSYoungGen: 2723156K->1816K(2726080K)] 7627677K->4906353K(8187456K), 0.0264050 secs] [Times: user=0.17 sys=0.00, real=0.03 secs] 
31269.529: [GC [PSYoungGen: 2723672K->800K(2725888K)] 7628209K->4905337K(8187264K), 0.0213190 secs] [Times: user=0.17 sys=0.00, real=0.02 secs] 
31299.928: [GC [PSYoungGen: 2722656K->2157K(2726400K)] 7627193K->4906694K(8187776K), 0.0212900 secs] [Times: user=0.15 sys=0.00, real=0.02 secs] 
31338.303: [GC [PSYoungGen: 2724589K->528K(2726336K)] 7629126K->4905089K(8187712K), 0.0207970 secs] [Times: user=0.16 sys=0.00, real=0.02 secs] 
31381.596: [GC [PSYoungGen: 2722960K->1936K(2726528K)] 7627521K->4906497K(8187904K), 0.0200580 secs] [Times: user=0.15 sys=0.00, real=0.02 secs] 
31991.520: [GC [PSYoungGen: 2724752K->3768K(2726592K)] 7629313K->4914851K(8187968K), 0.0407170 secs] [Times: user=0.16 sys=0.02, real=0.04 secs] 
33191.578: [GC [PSYoungGen: 2726584K->4006K(2709056K)] 7637667K->4930897K(8170432K), 0.0634080 secs] [Times: user=0.21 sys=0.04, real=0.06 secs] 
34854.723: [GC [PSYoungGen: 2709030K->12797K(2717824K)] 7635921K->4951030K(8179200K), 0.0783850 secs] [Times: user=0.22 sys=0.03, real=0.08 secs] 
35144.875: [GC [PSYoungGen: 2717821K->7766K(2706304K)] 7656054K->4946007K(8167680K), 0.0410190 secs] [Times: user=0.21 sys=0.02, real=0.04 secs] 
35471.508: [GC [PSYoungGen: 2701270K->5633K(2712064K)] 7639511K->4943874K(8173440K), 0.0301290 secs] [Times: user=0.20 sys=0.00, real=0.03 secs] 
35561.200: [GC [PSYoungGen: 2699137K->6003K(2708800K)] 7637378K->4944244K(8170176K), 0.0296030 secs] [Times: user=0.18 sys=0.01, real=0.03 secs] 
35588.342: [GC [PSYoungGen: 2700595K->2176K(2710976K)] 7638836K->4940417K(8172352K), 0.0215760 secs] [Times: user=0.17 sys=0.00, real=0.02 secs] 
35629.891: [GC [PSYoungGen: 2696768K->4370K(2712384K)] 7635009K->4942626K(8173760K), 0.0297260 secs] [Times: user=0.17 sys=0.03, real=0.03 secs] 
35683.295: [GC [PSYoungGen: 2702546K->2832K(2713472K)] 7640802K->4941089K(8174848K), 0.0237060 secs] [Times: user=0.17 sys=0.00, real=0.02 secs] 
35705.483: [GC [PSYoungGen: 2701008K->2672K(2713984K)] 7639265K->4940928K(8175360K), 0.0220580 secs] [Times: user=0.17 sys=0.00, real=0.02 secs] 
35731.582: [GC [PSYoungGen: 2703152K->3341K(2714880K)] 7641408K->4941606K(8176256K), 0.0260250 secs] [Times: user=0.18 sys=0.01, real=0.02 secs] 
35779.449: [GC [PSYoungGen: 2703821K->2208K(2715200K)] 7642086K->4940472K(8176576K), 0.0235030 secs] [Times: user=0.17 sys=0.00, real=0.02 secs] 
35817.652: [GC [PSYoungGen: 2704672K->1936K(2715840K)] 7642936K->4940216K(8177216K), 0.0275690 secs] [Times: user=0.18 sys=0.00, real=0.02 secs] 
35916.116: [GC [PSYoungGen: 2704400K->6262K(2716608K)] 7642680K->4944543K(8177984K), 0.0337940 secs] [Times: user=0.20 sys=0.00, real=0.04 secs] 
35938.346: [GC [PSYoungGen: 2710518K->4576K(2717056K)] 7648799K->4942856K(8178432K), 0.0219840 secs] [Times: user=0.16 sys=0.01, real=0.02 secs] 
35957.970: [GC [PSYoungGen: 2708832K->5021K(2717056K)] 7647112K->4943518K(8178432K), 0.0241130 secs] [Times: user=0.17 sys=0.00, real=0.03 secs] 
35979.482: [GC [PSYoungGen: 2710877K->1904K(2717248K)] 7649374K->4940857K(8178624K), 0.0219480 secs] [Times: user=0.16 sys=0.00, real=0.02 secs] 
36001.251: [GC [PSYoungGen: 2707760K->576K(2719104K)] 7646713K->4940185K(8180480K), 0.0213860 secs] [Times: user=0.16 sys=0.00, real=0.02 secs] 
36022.380: [GC [PSYoungGen: 2708608K->2016K(2719168K)] 7648217K->4941697K(8180544K), 0.0210620 secs] [Times: user=0.15 sys=0.00, real=0.03 secs] 
36045.049: [GC [PSYoungGen: 2710048K->1920K(2719168K)] 7649729K->4941625K(8180544K), 0.0202410 secs] [Times: user=0.14 sys=0.00, real=0.02 secs] 
36068.181: [GC [PSYoungGen: 2710656K->2080K(2719168K)] 7650361K->4941833K(8180544K), 0.0242570 secs] [Times: user=0.16 sys=0.01, real=0.02 secs] 
36087.834: [GC [PSYoungGen: 2710816K->3229K(2719360K)] 7650569K->4942982K(8180736K), 0.0218960 secs] [Times: user=0.15 sys=0.00, real=0.02 secs] 
36124.404: [GC [PSYoungGen: 2713437K->1056K(2719552K)] 7653190K->4940857K(8180928K), 0.0238160 secs] [Times: user=0.17 sys=0.01, real=0.03 secs] 
36152.867: [GC [PSYoungGen: 2711264K->912K(2720704K)] 7651065K->4940713K(8182080K), 0.0198440 secs] [Times: user=0.15 sys=0.00, real=0.02 secs] 
36233.045: [GC [PSYoungGen: 2712976K->2945K(2721024K)] 7652777K->4942746K(8182400K), 0.0290090 secs] [Times: user=0.17 sys=0.01, real=0.03 secs] 
36286.116: [GC [PSYoungGen: 2715009K->608K(2721536K)] 7654810K->4940441K(8182912K), 0.0225300 secs] [Times: user=0.18 sys=0.00, real=0.02 secs] 
36316.115: [GC [PSYoungGen: 2713760K->2950K(2721408K)] 7653593K->4942783K(8182784K), 0.0245930 secs] [Times: user=0.16 sys=0.00, real=0.02 secs] 
36358.036: [GC [PSYoungGen: 2716102K->1344K(2722048K)] 7655935K->4941177K(8183424K), 0.0243000 secs] [Times: user=0.17 sys=0.01, real=0.02 secs] 
36389.040: [GC [PSYoungGen: 2715648K->736K(2721792K)] 7655481K->4940593K(8183168K), 0.0218300 secs] [Times: user=0.16 sys=0.00, real=0.02 secs] 
36433.500: [GC [PSYoungGen: 2715040K->2301K(2722496K)] 7654897K->4942158K(8183872K), 0.0257760 secs] [Times: user=0.17 sys=0.00, real=0.03 secs] 
36505.579: [GC [PSYoungGen: 2718077K->848K(2722624K)] 7657934K->4940721K(8184000K), 0.0233540 secs] [Times: user=0.17 sys=0.01, real=0.03 secs] 
36619.975: [GC [PSYoungGen: 2716624K->3357K(2723648K)] 7656497K->4943230K(8185024K), 0.0281680 secs] [Times: user=0.18 sys=0.00, real=0.03 secs] 
36641.956: [GC [PSYoungGen: 2720413K->656K(2723712K)] 7660286K->4940529K(8185088K), 0.0198850 secs] [Times: user=0.15 sys=0.00, real=0.02 secs] 
36663.010: [GC [PSYoungGen: 2717712K->3104K(2723904K)] 7657585K->4942993K(8185280K), 0.0211150 secs] [Times: user=0.16 sys=0.00, real=0.02 secs] 
36682.301: [GC [PSYoungGen: 2720544K->3501K(2723904K)] 7660433K->4943390K(8185280K), 0.0267710 secs] [Times: user=0.17 sys=0.00, real=0.02 secs] 
36704.936: [GC [PSYoungGen: 2720941K->2752K(2723648K)] 7660830K->4942641K(8185024K), 0.0220470 secs] [Times: user=0.17 sys=0.00, real=0.02 secs] 
36726.115: [GC [PSYoungGen: 2720448K->560K(2723904K)] 7660337K->4940465K(8185280K), 0.0209550 secs] [Times: user=0.16 sys=0.00, real=0.02 secs] 
36747.076: [GC [PSYoungGen: 2718256K->2425K(2723712K)] 7658161K->4942330K(8185088K), 0.0205090 secs] [Times: user=0.15 sys=0.00, real=0.02 secs] 
36769.313: [GC [PSYoungGen: 2720697K->832K(2724096K)] 7660602K->4940737K(8185472K), 0.0199390 secs] [Times: user=0.15 sys=0.00, real=0.02 secs] 
36791.474: [GC [PSYoungGen: 2719104K->1440K(2724288K)] 7659009K->4941401K(8185664K), 0.0199880 secs] [Times: user=0.15 sys=0.00, real=0.02 secs] 
36816.115: [GC [PSYoungGen: 2720544K->2769K(2724608K)] 7660505K->4942730K(8185984K), 0.0277750 secs] [Times: user=0.17 sys=0.01, real=0.03 secs] 
36846.299: [GC [PSYoungGen: 2721873K->672K(2724864K)] 7661834K->4940657K(8186240K), 0.0211610 secs] [Times: user=0.15 sys=0.00, real=0.02 secs] 
36941.614: [GC [PSYoungGen: 2720416K->2461K(2725056K)] 7660401K->4942462K(8186432K), 0.0265870 secs] [Times: user=0.17 sys=0.00, real=0.03 secs] 
36983.797: [GC [PSYoungGen: 2722205K->912K(2724992K)] 7662206K->4940913K(8186368K), 0.0210760 secs] [Times: user=0.16 sys=0.00, real=0.02 secs] 
37031.481: [GC [PSYoungGen: 2721040K->672K(2725184K)] 7661041K->4940705K(8186560K), 0.0218120 secs] [Times: user=0.16 sys=0.00, real=0.02 secs] 
37068.942: [GC [PSYoungGen: 2720800K->2093K(2725120K)] 7660833K->4942142K(8186496K), 0.0226710 secs] [Times: user=0.15 sys=0.00, real=0.03 secs] 
37100.657: [GC [PSYoungGen: 2722733K->672K(2725376K)] 7662782K->4940737K(8186752K), 0.0222420 secs] [Times: user=0.16 sys=0.00, real=0.02 secs] 
37153.090: [GC [PSYoungGen: 2721312K->3350K(2725312K)] 7661377K->4943415K(8186688K), 0.0273230 secs] [Times: user=0.18 sys=0.00, real=0.02 secs] 
37212.269: [GC [PSYoungGen: 2723990K->880K(2725632K)] 7664055K->4940945K(8187008K), 0.0222590 secs] [Times: user=0.16 sys=0.00, real=0.02 secs] 
37286.739: [GC [PSYoungGen: 2721520K->4861K(2724096K)] 7661585K->4944942K(8185472K), 0.0277200 secs] [Times: user=0.18 sys=0.00, real=0.02 secs] 
37309.463: [GC [PSYoungGen: 2724093K->1808K(2724928K)] 7664174K->4941889K(8186304K), 0.0198690 secs] [Times: user=0.15 sys=0.00, real=0.02 secs] 
37340.185: [GC [PSYoungGen: 2721040K->800K(2724352K)] 7661121K->4940881K(8185728K), 0.0188610 secs] [Times: user=0.15 sys=0.00, real=0.02 secs] 
37378.390: [GC [PSYoungGen: 2720352K->704K(2724800K)] 7660433K->4940809K(8186176K), 0.0219350 secs] [Times: user=0.17 sys=0.00, real=0.03 secs] 
37410.004: [GC [PSYoungGen: 2720256K->5106K(2721920K)] 7660361K->4947620K(8183296K), 0.0319230 secs] [Times: user=0.18 sys=0.02, real=0.04 secs] 
37431.365: [GC [PSYoungGen: 2721906K->6880K(2723712K)] 7664420K->4949962K(8185088K), 0.0262440 secs] [Times: user=0.18 sys=0.01, real=0.03 secs] 
37470.380: [GC [PSYoungGen: 2723680K->688K(2721152K)] 7666762K->4943794K(8182528K), 0.0230460 secs] [Times: user=0.17 sys=0.00, real=0.02 secs] 
37564.803: [GC [PSYoungGen: 2714928K->2109K(2722432K)] 7658034K->4945215K(8183808K), 0.0239430 secs] [Times: user=0.17 sys=0.00, real=0.02 secs] 
37662.265: [GC [PSYoungGen: 2716349K->4877K(2722240K)] 7659455K->4947984K(8183616K), 0.0274520 secs] [Times: user=0.19 sys=0.00, real=0.02 secs] 
37684.048: [GC [PSYoungGen: 2719373K->1344K(2722560K)] 7662480K->4944450K(8183936K), 0.0218550 secs] [Times: user=0.15 sys=0.00, real=0.02 secs] 
37711.760: [GC [PSYoungGen: 2715840K->2560K(2721472K)] 7658946K->4945666K(8182848K), 0.0220750 secs] [Times: user=0.16 sys=0.00, real=0.02 secs] 
37733.209: [GC [PSYoungGen: 2717312K->608K(2722048K)] 7660418K->4943730K(8183424K), 0.0197190 secs] [Times: user=0.15 sys=0.00, real=0.02 secs] 
37757.273: [GC [PSYoungGen: 2715360K->4605K(2722816K)] 7658482K->4947727K(8184192K), 0.0240210 secs] [Times: user=0.18 sys=0.00, real=0.03 secs] 
37781.440: [GC [PSYoungGen: 2720253K->2256K(2717952K)] 7663375K->4945402K(8179328K), 0.0207880 secs] [Times: user=0.15 sys=0.00, real=0.03 secs] 
37803.323: [GC [PSYoungGen: 2717904K->2672K(2723520K)] 7661050K->4945818K(8184896K), 0.0197020 secs] [Times: user=0.14 sys=0.01, real=0.01 secs] 
37825.960: [GC [PSYoungGen: 2719088K->1785K(2723072K)] 7662234K->4944963K(8184448K), 0.0230540 secs] [Times: user=0.16 sys=0.00, real=0.02 secs] 
37876.114: [GC [PSYoungGen: 2718201K->2653K(2723584K)] 7661379K->4945831K(8184960K), 0.0239440 secs] [Times: user=0.17 sys=0.00, real=0.02 secs] 
37912.306: [GC [PSYoungGen: 2719837K->1088K(2723264K)] 7663015K->4944266K(8184640K), 0.0209800 secs] [Times: user=0.16 sys=0.00, real=0.02 secs] 
37992.058: [GC [PSYoungGen: 2718272K->1845K(2724288K)] 7661450K->4945024K(8185664K), 0.0393140 secs] [Times: user=0.23 sys=0.06, real=0.04 secs] 
38050.070: [GC [PSYoungGen: 2720245K->2512K(2724096K)] 7663424K->4945786K(8185472K), 0.0273920 secs] [Times: user=0.17 sys=0.00, real=0.02 secs] 
38095.301: [GC [PSYoungGen: 2720912K->848K(2724544K)] 7664186K->4944138K(8185920K), 0.0205080 secs] [Times: user=0.16 sys=0.00, real=0.02 secs] 
38139.891: [GC [PSYoungGen: 2719952K->2157K(2724480K)] 7663242K->4945447K(8185856K), 0.0232950 secs] [Times: user=0.16 sys=0.00, real=0.03 secs] 
38173.230: [GC [PSYoungGen: 2721261K->928K(2724992K)] 7664551K->4944234K(8186368K), 0.0206710 secs] [Times: user=0.15 sys=0.00, real=0.02 secs] 
38222.687: [GC [PSYoungGen: 2720800K->704K(2724928K)] 7664106K->4944026K(8186304K), 0.0210510 secs] [Times: user=0.15 sys=0.00, real=0.02 secs] 
38285.511: [GC [PSYoungGen: 2720576K->3190K(2725312K)] 7663898K->4946512K(8186688K), 0.0267000 secs] [Times: user=0.17 sys=0.00, real=0.03 secs] 
38340.761: [GC [PSYoungGen: 2723510K->5088K(2725440K)] 7666832K->4950322K(8186816K), 0.0253110 secs] [Times: user=0.19 sys=0.01, real=0.03 secs] 
38361.195: [GC [PSYoungGen: 2725408K->5171K(2720704K)] 7670642K->4951307K(8182080K), 0.0268990 secs] [Times: user=0.17 sys=0.00, real=0.03 secs] 
38404.047: [GC [PSYoungGen: 2720691K->1872K(2723072K)] 7666827K->4948007K(8184448K), 0.0233920 secs] [Times: user=0.17 sys=0.00, real=0.02 secs] 
38442.432: [GC [PSYoungGen: 2717392K->832K(2722560K)] 7663527K->4946967K(8183936K), 0.0203650 secs] [Times: user=0.14 sys=0.01, real=0.02 secs] 
38711.595: [GC [PSYoungGen: 2716608K->6177K(2721984K)] 7662743K->4952313K(8183360K), 0.0332570 secs] [Times: user=0.18 sys=0.02, real=0.04 secs] 
40031.483: [GC [PSYoungGen: 2721953K->7988K(2712000K)] 7668089K->4964700K(8173376K), 0.0654410 secs] [Times: user=0.21 sys=0.03, real=0.06 secs] 
41352.118: [GC [PSYoungGen: 2711988K->13310K(2717312K)] 7668700K->4978160K(8178688K), 0.0678240 secs] [Times: user=0.21 sys=0.03, real=0.07 secs] 
42229.387: [GC [PSYoungGen: 2717310K->13307K(2702976K)] 7682160K->4979301K(8164352K), 0.0603690 secs] [Times: user=0.24 sys=0.03, real=0.06 secs] 
42531.625: [GC [PSYoungGen: 2702971K->5619K(2710144K)] 7668965K->4971654K(8171520K), 0.0277390 secs] [Times: user=0.18 sys=0.00, real=0.03 secs] 
42699.787: [GC [PSYoungGen: 2695283K->7251K(2706752K)] 7661318K->4973286K(8168128K), 0.0335530 secs] [Times: user=0.18 sys=0.01, real=0.03 secs] 
42720.941: [GC [PSYoungGen: 2698003K->3568K(2708992K)] 7664038K->4969602K(8170368K), 0.0227580 secs] [Times: user=0.17 sys=0.00, real=0.03 secs] 
42765.384: [GC [PSYoungGen: 2694320K->2528K(2710976K)] 7660354K->4968562K(8172352K), 0.0231110 secs] [Times: user=0.17 sys=0.01, real=0.02 secs] 
42810.629: [GC [PSYoungGen: 2697184K->4178K(2711936K)] 7663218K->4970212K(8173312K), 0.0305510 secs] [Times: user=0.19 sys=0.02, real=0.03 secs] 
42841.612: [GC [PSYoungGen: 2698834K->2928K(2712128K)] 7664868K->4968962K(8173504K), 0.0243840 secs] [Times: user=0.18 sys=0.01, real=0.03 secs] 
42864.453: [GC [PSYoungGen: 2699760K->3392K(2712832K)] 7665794K->4969434K(8174208K), 0.0211720 secs] [Times: user=0.15 sys=0.01, real=0.02 secs] 
42911.482: [GC [PSYoungGen: 2700224K->2208K(2713664K)] 7666266K->4968250K(8175040K), 0.0227090 secs] [Times: user=0.16 sys=0.00, real=0.02 secs] 
42943.412: [GC [PSYoungGen: 2701472K->3565K(2714176K)] 7667514K->4969759K(8175552K), 0.0257370 secs] [Times: user=0.17 sys=0.01, real=0.03 secs] 
43031.582: [GC [PSYoungGen: 2702829K->3642K(2714496K)] 7669023K->4969836K(8175872K), 0.0351310 secs] [Times: user=0.22 sys=0.01, real=0.03 secs] 
43075.333: [GC [PSYoungGen: 2705146K->4996K(2715008K)] 7671340K->4971191K(8176384K), 0.0244400 secs] [Times: user=0.17 sys=0.01, real=0.03 secs] 
43095.956: [GC [PSYoungGen: 2706500K->3192K(2716352K)] 7672695K->4969419K(8177728K), 0.0229970 secs] [Times: user=0.17 sys=0.00, real=0.03 secs] 
43117.235: [GC [PSYoungGen: 2707576K->2640K(2716608K)] 7673803K->4969386K(8177984K), 0.0229880 secs] [Times: user=0.16 sys=0.00, real=0.02 secs] 
43139.111: [GC [PSYoungGen: 2707024K->3152K(2717504K)] 7673770K->4970354K(8178880K), 0.0220090 secs] [Times: user=0.17 sys=0.00, real=0.02 secs] 
43158.338: [GC [PSYoungGen: 2709712K->4461K(2717888K)] 7676914K->4971960K(8179264K), 0.0244660 secs] [Times: user=0.17 sys=0.01, real=0.03 secs] 
43180.627: [GC [PSYoungGen: 2711021K->2320K(2718912K)] 7678520K->4969842K(8180288K), 0.0207970 secs] [Times: user=0.17 sys=0.00, real=0.02 secs] 
43202.344: [GC [PSYoungGen: 2710928K->1616K(2718976K)] 7678450K->4969186K(8180352K), 0.0220470 secs] [Times: user=0.17 sys=0.00, real=0.03 secs] 
43224.047: [GC [PSYoungGen: 2710224K->1712K(2719872K)] 7677794K->4969282K(8181248K), 0.0210060 secs] [Times: user=0.16 sys=0.00, real=0.03 secs] 
43259.210: [GC [PSYoungGen: 2711792K->656K(2720000K)] 7679362K->4968226K(8181376K), 0.0204410 secs] [Times: user=0.15 sys=0.00, real=0.02 secs] 
43284.803: [GC [PSYoungGen: 2710736K->1949K(2719744K)] 7678306K->4969576K(8181120K), 0.0237970 secs] [Times: user=0.16 sys=0.00, real=0.03 secs] 
43344.047: [GC [PSYoungGen: 2712797K->768K(2720256K)] 7680424K->4968394K(8181632K), 0.0217150 secs] [Times: user=0.15 sys=0.00, real=0.02 secs] 
43410.912: [GC [PSYoungGen: 2711616K->2929K(2719872K)] 7679242K->4970556K(8181248K), 0.0293820 secs] [Times: user=0.18 sys=0.02, real=0.03 secs] 
43450.757: [GC [PSYoungGen: 2714929K->864K(2720640K)] 7682556K->4968490K(8182016K), 0.0224300 secs] [Times: user=0.17 sys=0.00, real=0.02 secs] 
43494.738: [GC [PSYoungGen: 2712864K->1264K(2721152K)] 7680490K->4968906K(8182528K), 0.0232370 secs] [Times: user=0.17 sys=0.01, real=0.02 secs] 
43520.787: [GC [PSYoungGen: 2714800K->3173K(2721664K)] 7682442K->4970824K(8183040K), 0.0261730 secs] [Times: user=0.18 sys=0.00, real=0.03 secs] 
43566.116: [GC [PSYoungGen: 2716709K->768K(2721920K)] 7684360K->4968442K(8183296K), 0.0206340 secs] [Times: user=0.16 sys=0.01, real=0.02 secs] 
43617.002: [GC [PSYoungGen: 2715456K->608K(2722304K)] 7683130K->4968298K(8183680K), 0.0216740 secs] [Times: user=0.16 sys=0.00, real=0.02 secs] 
43730.560: [GC [PSYoungGen: 2715296K->2589K(2721920K)] 7682986K->4970279K(8183296K), 0.0295910 secs] [Times: user=0.20 sys=0.00, real=0.03 secs] 
43780.866: [GC [PSYoungGen: 2718173K->4461K(2722560K)] 7685863K->4972151K(8183936K), 0.0273340 secs] [Times: user=0.18 sys=0.00, real=0.03 secs] 
43802.109: [GC [PSYoungGen: 2720045K->1408K(2723328K)] 7687735K->4969106K(8184704K), 0.0217350 secs] [Times: user=0.18 sys=0.00, real=0.02 secs] 
43823.161: [GC [PSYoungGen: 2717632K->3184K(2723264K)] 7685330K->4970882K(8184640K), 0.0210850 secs] [Times: user=0.16 sys=0.00, real=0.02 secs] 
43845.432: [GC [PSYoungGen: 2719408K->2368K(2723072K)] 7687106K->4970066K(8184448K), 0.0197640 secs] [Times: user=0.15 sys=0.00, real=0.02 secs] 
43867.046: [GC [PSYoungGen: 2719104K->512K(2723200K)] 7686802K->4968234K(8184576K), 0.0219170 secs] [Times: user=0.17 sys=0.00, real=0.02 secs] 
43887.151: [GC [PSYoungGen: 2717248K->2589K(2723456K)] 7684970K->4970311K(8184832K), 0.0228250 secs] [Times: user=0.17 sys=0.00, real=0.02 secs] 
43908.460: [GC [PSYoungGen: 2720349K->2128K(2723840K)] 7688071K->4969866K(8185216K), 0.0218770 secs] [Times: user=0.16 sys=0.00, real=0.02 secs] 
43930.224: [GC [PSYoungGen: 2719888K->1216K(2724224K)] 7687626K->4968954K(8185600K), 0.0211200 secs] [Times: user=0.15 sys=0.00, real=0.02 secs] 
43953.964: [GC [PSYoungGen: 2720000K->1704K(2724416K)] 7687738K->4969499K(8185792K), 0.0211410 secs] [Times: user=0.16 sys=0.01, real=0.02 secs] 
43983.459: [GC [PSYoungGen: 2720488K->784K(2724800K)] 7688283K->4968578K(8186176K), 0.0205190 secs] [Times: user=0.15 sys=0.00, real=0.03 secs] 
44061.081: [GC [PSYoungGen: 2720400K->2817K(2724864K)] 7688194K->4970612K(8186240K), 0.0264910 secs] [Times: user=0.17 sys=0.01, real=0.03 secs] 
44116.754: [GC [PSYoungGen: 2722433K->2285K(2724864K)] 7690228K->4970087K(8186240K), 0.0244320 secs] [Times: user=0.17 sys=0.00, real=0.02 secs] 
44155.679: [GC [PSYoungGen: 2722413K->944K(2725120K)] 7690215K->4968770K(8186496K), 0.0208790 secs] [Times: user=0.15 sys=0.00, real=0.02 secs] 
44210.290: [GC [PSYoungGen: 2721072K->1248K(2725184K)] 7688898K->4969074K(8186560K), 0.0236270 secs] [Times: user=0.17 sys=0.00, real=0.02 secs] 
44238.662: [GC [PSYoungGen: 2721952K->2492K(2725440K)] 7689778K->4970343K(8186816K), 0.0223480 secs] [Times: user=0.16 sys=0.00, real=0.02 secs] 
44296.115: [GC [PSYoungGen: 2723196K->912K(2725696K)] 7691047K->4968786K(8187072K), 0.0218580 secs] [Times: user=0.17 sys=0.00, real=0.03 secs] 
44349.388: [GC [PSYoungGen: 2722128K->784K(2725824K)] 7690002K->4968658K(8187200K), 0.0228460 secs] [Times: user=0.16 sys=0.00, real=0.02 secs] 
44426.061: [GC [PSYoungGen: 2722000K->3189K(2725504K)] 7689874K->4971064K(8186880K), 0.0266150 secs] [Times: user=0.16 sys=0.01, real=0.03 secs] 
44457.025: [GC [PSYoungGen: 2724213K->4768K(2725824K)] 7692088K->4977234K(8187200K), 0.0274050 secs] [Times: user=0.21 sys=0.01, real=0.03 secs] 
44476.655: [GC [PSYoungGen: 2725792K->3518K(2721216K)] 7698258K->4976000K(8182592K), 0.0225640 secs] [Times: user=0.17 sys=0.00, real=0.02 secs] 
44519.050: [GC [PSYoungGen: 2719934K->2000K(2723520K)] 7692416K->4974482K(8184896K), 0.0215950 secs] [Times: user=0.16 sys=0.00, real=0.03 secs] 
44559.152: [GC [PSYoungGen: 2718416K->6288K(2721920K)] 7690898K->4978770K(8183296K), 0.0241870 secs] [Times: user=0.18 sys=0.00, real=0.03 secs] 
44580.307: [GC [PSYoungGen: 2721424K->4640K(2719808K)] 7693906K->4977122K(8181184K), 0.0214180 secs] [Times: user=0.17 sys=0.00, real=0.02 secs] 
44603.338: [GC [PSYoungGen: 2719776K->3498K(2723136K)] 7692258K->4976004K(8184512K), 0.0273300 secs] [Times: user=0.16 sys=0.01, real=0.03 secs] 
44640.716: [GC [PSYoungGen: 2718762K->1056K(2716352K)] 7691268K->4973562K(8177728K), 0.0215770 secs] [Times: user=0.16 sys=0.00, real=0.03 secs] 
44718.499: [GC [PSYoungGen: 2716320K->2669K(2723072K)] 7688826K->4975224K(8184448K), 0.0268340 secs] [Times: user=0.18 sys=0.00, real=0.03 secs] 
44739.520: [GC [PSYoungGen: 2718317K->880K(2722688K)] 7690872K->4973450K(8184064K), 0.0201840 secs] [Times: user=0.14 sys=0.00, real=0.02 secs] 
44760.783: [GC [PSYoungGen: 2716528K->1360K(2723392K)] 7689098K->4973930K(8184768K), 0.0204220 secs] [Times: user=0.16 sys=0.00, real=0.02 secs] 
44781.449: [GC [PSYoungGen: 2717712K->1792K(2723200K)] 7690282K->4974362K(8184576K), 0.0216350 secs] [Times: user=0.17 sys=0.01, real=0.02 secs] 
44802.783: [GC [PSYoungGen: 2718144K->2832K(2723520K)] 7690714K->4975418K(8184896K), 0.0198080 secs] [Times: user=0.15 sys=0.00, real=0.02 secs] 
44824.689: [GC [PSYoungGen: 2719824K->2432K(2723264K)] 7692410K->4975018K(8184640K), 0.0224350 secs] [Times: user=0.16 sys=0.01, real=0.02 secs] 
44842.750: [GC [PSYoungGen: 2719424K->2669K(2724032K)] 7692010K->4975256K(8185408K), 0.0236350 secs] [Times: user=0.15 sys=0.00, real=0.02 secs] 
44863.818: [GC [PSYoungGen: 2720813K->1120K(2723776K)] 7693400K->4973738K(8185152K), 0.0199510 secs] [Times: user=0.15 sys=0.00, real=0.02 secs] 
44900.623: [GC [PSYoungGen: 2719264K->640K(2724672K)] 7691882K->4973282K(8186048K), 0.0199810 secs] [Times: user=0.15 sys=0.00, real=0.02 secs] 
44935.483: [GC [PSYoungGen: 2719744K->912K(2724672K)] 7692386K->4973586K(8186048K), 0.0203700 secs] [Times: user=0.16 sys=0.00, real=0.02 secs] 
44959.176: [GC [PSYoungGen: 2720016K->2429K(2724800K)] 7692690K->4975103K(8186176K), 0.0231780 secs] [Times: user=0.16 sys=0.00, real=0.02 secs] 
45047.446: [GC [PSYoungGen: 2722045K->1897K(2724864K)] 7694719K->4974571K(8186240K), 0.0261250 secs] [Times: user=0.16 sys=0.00, real=0.03 secs] 
45085.466: [GC [PSYoungGen: 2721513K->2061K(2725056K)] 7694187K->4974743K(8186432K), 0.0223030 secs] [Times: user=0.15 sys=0.00, real=0.02 secs] 
45130.319: [GC [PSYoungGen: 2722445K->896K(2725120K)] 7695127K->4973626K(8186496K), 0.0208370 secs] [Times: user=0.15 sys=0.00, real=0.02 secs] 
45160.744: [GC [PSYoungGen: 2721280K->512K(2725888K)] 7694010K->4973242K(8187264K), 0.0222780 secs] [Times: user=0.16 sys=0.00, real=0.03 secs] 
45199.641: [GC [PSYoungGen: 2721728K->2689K(2725888K)] 7694458K->4975428K(8187264K), 0.0286540 secs] [Times: user=0.17 sys=0.01, real=0.02 secs] 
45250.141: [GC [PSYoungGen: 2723905K->816K(2725824K)] 7696644K->4973554K(8187200K), 0.0208830 secs] [Times: user=0.15 sys=0.00, real=0.02 secs] 
45317.957: [GC [PSYoungGen: 2722096K->4576K(2725888K)] 7694834K->4980125K(8187264K), 0.0287390 secs] [Times: user=0.18 sys=0.01, real=0.03 secs] 
45338.539: [GC [PSYoungGen: 2725856K->4720K(2720640K)] 7701405K->4981636K(8182016K), 0.0237880 secs] [Times: user=0.18 sys=0.01, real=0.03 secs] 
45374.804: [GC [PSYoungGen: 2720624K->1456K(2723264K)] 7697540K->4978380K(8184640K), 0.0212050 secs] [Times: user=0.17 sys=0.00, real=0.02 secs] 
45410.699: [GC [PSYoungGen: 2717360K->2368K(2722240K)] 7694284K->4979292K(8183616K), 0.0227610 secs] [Times: user=0.17 sys=0.01, real=0.02 secs] 
45447.674: [GC [PSYoungGen: 2718528K->3174K(2722880K)] 7695452K->4980099K(8184256K), 0.0255650 secs] [Times: user=0.16 sys=0.00, real=0.03 secs] 
45708.026: [GC [PSYoungGen: 2719334K->6516K(2712448K)] 7696259K->4996344K(8173824K), 0.0352600 secs] [Times: user=0.24 sys=0.03, real=0.03 secs] 
45852.772: [GC [PSYoungGen: 2712436K->12329K(2718272K)] 7702264K->5004093K(8179648K), 0.0680310 secs] [Times: user=0.31 sys=0.15, real=0.07 secs] 
45916.439: [GC [PSYoungGen: 2718249K->12346K(2708928K)] 7710013K->5004539K(8170304K), 0.0333880 secs] [Times: user=0.22 sys=0.01, real=0.03 secs] 
45941.944: [GC [PSYoungGen: 2708922K->11040K(2707648K)] 7701115K->5003233K(8169024K), 0.0266100 secs] [Times: user=0.20 sys=0.00, real=0.03 secs] 
45983.907: [GC [PSYoungGen: 2707616K->10976K(2711872K)] 7699809K->5003169K(8173248K), 0.0281780 secs] [Times: user=0.21 sys=0.00, real=0.02 secs] 
46031.627: [GC [PSYoungGen: 2705120K->18225K(2712384K)] 7697313K->5011547K(8173760K), 0.0323020 secs] [Times: user=0.24 sys=0.00, real=0.03 secs] 
46052.014: [GC [PSYoungGen: 2712369K->18208K(2698688K)] 7705691K->5014347K(8160064K), 0.0306010 secs] [Times: user=0.23 sys=0.01, real=0.03 secs] 
46083.874: [GC [PSYoungGen: 2698656K->18432K(2698944K)] 7694795K->5014571K(8160320K), 0.0305940 secs] [Times: user=0.23 sys=0.00, real=0.03 secs] 
46140.312: [GC [PSYoungGen: 2690379K->26787K(2685632K)] 7686518K->5035525K(8147008K), 0.0751160 secs] [Times: user=0.36 sys=0.18, real=0.07 secs] 
46214.576: [GC [PSYoungGen: 2685603K->31772K(2690624K)] 7694341K->5040510K(8152000K), 0.0817070 secs] [Times: user=0.39 sys=0.19, real=0.08 secs] 
46271.492: [GC [PSYoungGen: 2690588K->29225K(2684224K)] 7699326K->5037963K(8145600K), 0.0681180 secs] [Times: user=0.36 sys=0.15, real=0.07 secs] 
46372.078: [GC [PSYoungGen: 2673449K->38947K(2683200K)] 7682187K->5047685K(8144576K), 0.0867280 secs] [Times: user=0.40 sys=0.20, real=0.09 secs] 
46393.341: [GC [PSYoungGen: 2683171K->30992K(2677440K)] 7691909K->5039730K(8138816K), 0.0690410 secs] [Times: user=0.34 sys=0.15, real=0.07 secs] 
46414.712: [GC [PSYoungGen: 2661008K->29146K(2659200K)] 7669746K->5037884K(8120576K), 0.0378240 secs] [Times: user=0.26 sys=0.03, real=0.03 secs] 
46434.382: [GC [PSYoungGen: 2659162K->29610K(2679552K)] 7667900K->5038348K(8140928K), 0.0356130 secs] [Times: user=0.27 sys=0.01, real=0.04 secs] 
46454.047: [GC [PSYoungGen: 2658474K->24362K(2653248K)] 7667212K->5038117K(8114624K), 0.0407800 secs] [Times: user=0.26 sys=0.01, real=0.04 secs] 
46474.791: [GC [PSYoungGen: 2653226K->20666K(2680512K)] 7666981K->5038273K(8141888K), 0.0359080 secs] [Times: user=0.25 sys=0.01, real=0.03 secs] 
46495.516: [GC [PSYoungGen: 2652218K->19546K(2678016K)] 7669825K->5037297K(8139392K), 0.0306690 secs] [Times: user=0.22 sys=0.00, real=0.03 secs] 
46513.658: [GC [PSYoungGen: 2651098K->20535K(2681664K)] 7668849K->5038286K(8143040K), 0.0317730 secs] [Times: user=0.22 sys=0.00, real=0.03 secs] 
46534.393: [GC [PSYoungGen: 2657783K->19098K(2679616K)] 7675534K->5036849K(8140992K), 0.0283060 secs] [Times: user=0.22 sys=0.00, real=0.03 secs] 
46569.576: [GC [PSYoungGen: 2656346K->12362K(2684928K)] 7674097K->5036273K(8146304K), 0.0319840 secs] [Times: user=0.22 sys=0.01, real=0.03 secs] 
46596.603: [GC [PSYoungGen: 2656586K->11082K(2684544K)] 7680497K->5036501K(8145920K), 0.0266890 secs] [Times: user=0.20 sys=0.00, real=0.03 secs] 
46663.309: [GC [PSYoungGen: 2655306K->12247K(2689536K)] 7680725K->5037890K(8150912K), 0.0283370 secs] [Times: user=0.19 sys=0.00, real=0.02 secs] 
46718.524: [GC [PSYoungGen: 2662615K->11139K(2689472K)] 7688258K->5037454K(8150848K), 0.0269140 secs] [Times: user=0.19 sys=0.00, real=0.03 secs] 
46752.760: [GC [PSYoungGen: 2661507K->2237K(2690048K)] 7687822K->5037778K(8151424K), 0.0312620 secs] [Times: user=0.20 sys=0.01, real=0.03 secs] 
46798.761: [GC [PSYoungGen: 2653949K->816K(2690688K)] 7689490K->5036469K(8152064K), 0.0220360 secs] [Times: user=0.17 sys=0.00, real=0.02 secs] 
46828.624: [GC [PSYoungGen: 2652528K->896K(2691264K)] 7688181K->5036613K(8152640K), 0.0209400 secs] [Times: user=0.15 sys=0.00, real=0.02 secs] 
46871.612: [GC [PSYoungGen: 2652736K->2219K(2654080K)] 7688453K->5037961K(8115456K), 0.0232650 secs] [Times: user=0.15 sys=0.00, real=0.02 secs] 
46922.857: [GC [PSYoungGen: 2654059K->1154K(2691200K)] 7689801K->5036928K(8152576K), 0.0226150 secs] [Times: user=0.15 sys=0.00, real=0.02 secs] 
47029.887: [GC [PSYoungGen: 2653698K->3186K(2690496K)] 7689472K->5038991K(8151872K), 0.0401150 secs] [Times: user=0.23 sys=0.03, real=0.04 secs] 
47085.742: [GC [PSYoungGen: 2655730K->2080K(2691520K)] 7691535K->5037885K(8152896K), 0.0249700 secs] [Times: user=0.18 sys=0.00, real=0.02 secs] 
47106.115: [GC [PSYoungGen: 2657248K->576K(2690624K)] 7693053K->5036381K(8152000K), 0.0206270 secs] [Times: user=0.14 sys=0.01, real=0.02 secs] 
47123.536: [GC [PSYoungGen: 2655744K->4870K(2693248K)] 7691549K->5040676K(8154624K), 0.0271540 secs] [Times: user=0.18 sys=0.01, real=0.02 secs] 
47144.220: [GC [PSYoungGen: 2665606K->2032K(2693184K)] 7701412K->5037861K(8154560K), 0.0214320 secs] [Times: user=0.16 sys=0.00, real=0.02 secs] 
47164.744: [GC [PSYoungGen: 2662768K->1296K(2696960K)] 7698597K->5037125K(8158336K), 0.0221690 secs] [Times: user=0.17 sys=0.00, real=0.02 secs] 
47184.803: [GC [PSYoungGen: 2668176K->2944K(2696768K)] 7704005K->5038789K(8158144K), 0.0239970 secs] [Times: user=0.18 sys=0.01, real=0.03 secs] 
47206.116: [GC [PSYoungGen: 2669824K->512K(2699584K)] 7705669K->5036357K(8160960K), 0.0195370 secs] [Times: user=0.15 sys=0.01, real=0.02 secs] 
47226.547: [GC [PSYoungGen: 2672320K->3072K(2698944K)] 7708165K->5038941K(8160320K), 0.0218070 secs] [Times: user=0.16 sys=0.01, real=0.02 secs] 
47246.746: [GC [PSYoungGen: 2674880K->2109K(2702144K)] 7710749K->5038010K(8163520K), 0.0228380 secs] [Times: user=0.16 sys=0.00, real=0.02 secs] 
47275.448: [GC [PSYoungGen: 2679165K->1120K(2701248K)] 7715066K->5037045K(8162624K), 0.0207410 secs] [Times: user=0.15 sys=0.00, real=0.02 secs] 
47351.530: [GC [PSYoungGen: 2678176K->1458K(2705216K)] 7714101K->5037399K(8166592K), 0.0220120 secs] [Times: user=0.15 sys=0.01, real=0.02 secs] 
47407.584: [GC [PSYoungGen: 2684018K->2235K(2704384K)] 7719959K->5038192K(8165760K), 0.0269600 secs] [Times: user=0.17 sys=0.00, real=0.03 secs] 
47444.835: [GC [PSYoungGen: 2684795K->848K(2707648K)] 7720752K->5036821K(8169024K), 0.0214800 secs] [Times: user=0.16 sys=0.00, real=0.02 secs] 
47497.185: [GC [PSYoungGen: 2688016K->2797K(2706624K)] 7723989K->5038795K(8168000K), 0.0251790 secs] [Times: user=0.17 sys=0.01, real=0.03 secs] 
47527.734: [GC [PSYoungGen: 2689965K->928K(2709696K)] 7725963K->5036989K(8171072K), 0.0213070 secs] [Times: user=0.16 sys=0.00, real=0.03 secs] 
47569.725: [GC [PSYoungGen: 2692512K->1673K(2708800K)] 7728573K->5037758K(8170176K), 0.0225000 secs] [Times: user=0.17 sys=0.00, real=0.02 secs] 
47613.448: [GC [PSYoungGen: 2693257K->2690K(2712256K)] 7729342K->5038775K(8173632K), 0.0312840 secs] [Times: user=0.18 sys=0.01, real=0.03 secs] 
47695.417: [GC [PSYoungGen: 2699138K->992K(2711488K)] 7735223K->5037109K(8172864K), 0.0269580 secs] [Times: user=0.17 sys=0.01, real=0.03 secs] 
47742.653: [GC [PSYoungGen: 2697440K->9949K(2712640K)] 7733557K->5046114K(8174016K), 0.0327200 secs] [Times: user=0.21 sys=0.02, real=0.03 secs] 
47760.951: [GC [PSYoungGen: 2708317K->5456K(2714048K)] 7744482K->5041621K(8175424K), 0.0254790 secs] [Times: user=0.18 sys=0.02, real=0.02 secs] 
47798.441: [GC [PSYoungGen: 2703824K->1152K(2713088K)] 7739989K->5037317K(8174464K), 0.0216410 secs] [Times: user=0.17 sys=0.00, real=0.02 secs] 
47831.601: [GC [PSYoungGen: 2700992K->2269K(2714304K)] 7737157K->5038435K(8175680K), 0.0245730 secs] [Times: user=0.16 sys=0.00, real=0.02 secs] 
47862.781: [GC [PSYoungGen: 2702109K->8273K(2715456K)] 7738275K->5044439K(8176832K), 0.0250150 secs] [Times: user=0.18 sys=0.00, real=0.03 secs] 
47887.088: [GC [PSYoungGen: 2710097K->1632K(2716224K)] 7746263K->5037821K(8177600K), 0.0209700 secs] [Times: user=0.16 sys=0.00, real=0.02 secs] 
47923.537: [GC [PSYoungGen: 2703456K->1536K(2714816K)] 7739645K->5037725K(8176192K), 0.0208170 secs] [Times: user=0.17 sys=0.00, real=0.02 secs] 
47998.478: [GC [PSYoungGen: 2704000K->4614K(2715584K)] 7740189K->5040828K(8176960K), 0.0305410 secs] [Times: user=0.18 sys=0.00, real=0.03 secs] 
48018.774: [GC [PSYoungGen: 2707078K->2848K(2715712K)] 7743292K->5039077K(8177088K), 0.0210460 secs] [Times: user=0.15 sys=0.00, real=0.02 secs] 
48039.521: [GC [PSYoungGen: 2707744K->2080K(2716736K)] 7743973K->5038317K(8178112K), 0.0190900 secs] [Times: user=0.15 sys=0.00, real=0.02 secs] 
48060.390: [GC [PSYoungGen: 2706976K->2864K(2716928K)] 7743213K->5039133K(8178304K), 0.0199490 secs] [Times: user=0.15 sys=0.00, real=0.02 secs] 
48079.724: [GC [PSYoungGen: 2710384K->3021K(2718080K)] 7746653K->5039291K(8179456K), 0.0253760 secs] [Times: user=0.18 sys=0.01, real=0.03 secs] 
48101.109: [GC [PSYoungGen: 2710541K->2832K(2718400K)] 7746811K->5039141K(8179776K), 0.0224740 secs] [Times: user=0.16 sys=0.00, real=0.03 secs] 
48121.617: [GC [PSYoungGen: 2712976K->3200K(2719488K)] 7749285K->5039573K(8180864K), 0.0199990 secs] [Times: user=0.16 sys=0.00, real=0.02 secs] 
48143.122: [GC [PSYoungGen: 2713344K->1616K(2720256K)] 7749717K->5038005K(8181632K), 0.0207250 secs] [Times: user=0.17 sys=0.00, real=0.02 secs] 
48163.947: [GC [PSYoungGen: 2714128K->480K(2721024K)] 7750517K->5036893K(8182400K), 0.0213860 secs] [Times: user=0.17 sys=0.00, real=0.03 secs] 
48202.526: [GC [PSYoungGen: 2712992K->4202K(2721856K)] 7749405K->5040616K(8183232K), 0.0316400 secs] [Times: user=0.17 sys=0.02, real=0.03 secs] 
48232.453: [GC [PSYoungGen: 2717930K->992K(2722048K)] 7754344K->5037405K(8183424K), 0.0215950 secs] [Times: user=0.16 sys=0.00, real=0.02 secs] 
48310.100: [GC [PSYoungGen: 2714720K->976K(2721920K)] 7751133K->5037397K(8183296K), 0.0261300 secs] [Times: user=0.17 sys=0.00, real=0.02 secs] 
48356.642: [GC [PSYoungGen: 2715152K->2237K(2722112K)] 7751573K->5038683K(8183488K), 0.0259330 secs] [Times: user=0.18 sys=0.00, real=0.03 secs] 
48394.047: [GC [PSYoungGen: 2716413K->688K(2722496K)] 7752859K->5037133K(8183872K), 0.0226600 secs] [Times: user=0.16 sys=0.00, real=0.02 secs] 
48431.668: [GC [PSYoungGen: 2715824K->2425K(2722432K)] 7752269K->5038871K(8183808K), 0.0234500 secs] [Times: user=0.16 sys=0.00, real=0.02 secs] 
48460.842: [GC [PSYoungGen: 2717561K->1414K(2723008K)] 7754007K->5037891K(8184384K), 0.0223180 secs] [Times: user=0.16 sys=0.00, real=0.02 secs] 
48508.494: [GC [PSYoungGen: 2717702K->832K(2637248K)] 7754179K->5037309K(8098624K), 0.0223060 secs] [Times: user=0.16 sys=0.00, real=0.02 secs] 
48574.048: [GC [PSYoungGen: 2637248K->2349K(2562240K)] 7673725K->5038827K(8023616K), 0.0286100 secs] [Times: user=0.18 sys=0.00, real=0.03 secs] 
48616.115: [GC [PSYoungGen: 2562221K->2056K(2488576K)] 7598699K->5038534K(7949952K), 0.0233110 secs] [Times: user=0.16 sys=0.00, real=0.02 secs] 
48634.803: [GC [PSYoungGen: 2488520K->5600K(2512960K)] 7524998K->5045741K(7974336K), 0.0253350 secs] [Times: user=0.20 sys=0.00, real=0.03 secs] 
48671.631: [GC [PSYoungGen: 2512928K->1168K(2528640K)] 7553069K->5041309K(7990016K), 0.0236450 secs] [Times: user=0.16 sys=0.00, real=0.03 secs] 
48701.900: [GC [PSYoungGen: 2528592K->4669K(2552640K)] 7568733K->5044811K(8014016K), 0.0237760 secs] [Times: user=0.17 sys=0.00, real=0.02 secs] 
48911.587: [GC [PSYoungGen: 2552637K->4191K(2479232K)] 7592779K->5044332K(7940608K), 0.0307470 secs] [Times: user=0.18 sys=0.01, real=0.04 secs] 
49476.115: [GC [PSYoungGen: 2479199K->7029K(2412096K)] 7519340K->5049499K(7873472K), 0.0486620 secs] [Times: user=0.22 sys=0.03, real=0.05 secs] 
49751.491: [GC [PSYoungGen: 2412085K->3868K(2341824K)] 7454555K->5046361K(7803200K), 0.0305360 secs] [Times: user=0.17 sys=0.01, real=0.03 secs] 
49945.213: [GC [PSYoungGen: 2341788K->6467K(2280000K)] 7384281K->5048961K(7741376K), 0.0335190 secs] [Times: user=0.17 sys=0.01, real=0.03 secs] 
49963.114: [GC [PSYoungGen: 2279939K->1664K(2213312K)] 7322433K->5044181K(7674688K), 0.0254320 secs] [Times: user=0.16 sys=0.00, real=0.02 secs] 
49991.492: [GC [PSYoungGen: 2213248K->1312K(2153472K)] 7255765K->5043846K(7614848K), 0.0224880 secs] [Times: user=0.16 sys=0.01, real=0.02 secs] 
50021.584: [GC [PSYoungGen: 2153440K->3441K(2098496K)] 7195974K->5045983K(7559872K), 0.0294050 secs] [Times: user=0.19 sys=0.00, real=0.03 secs] 
50066.115: [GC [PSYoungGen: 2098481K->1072K(2041216K)] 7141023K->5043621K(7502592K), 0.0225030 secs] [Times: user=0.16 sys=0.00, real=0.02 secs] 
50087.902: [GC [PSYoungGen: 2041200K->960K(1988288K)] 7083749K->5043533K(7449664K), 0.0215790 secs] [Times: user=0.16 sys=0.00, real=0.02 secs] 
50104.935: [GC [PSYoungGen: 1988288K->2624K(1939264K)] 7030861K->5045213K(7400640K), 0.0233800 secs] [Times: user=0.17 sys=0.01, real=0.02 secs] 
50124.804: [GC [PSYoungGen: 1939200K->2381K(1959616K)] 6981789K->5045002K(7420992K), 0.0255910 secs] [Times: user=0.18 sys=0.00, real=0.03 secs] 
50160.655: [GC [PSYoungGen: 1959565K->1296K(1908928K)] 7002186K->5043925K(7370304K), 0.0226800 secs] [Times: user=0.16 sys=0.00, real=0.02 secs] 
50188.083: [GC [PSYoungGen: 1908880K->1568K(1861440K)] 6951509K->5044197K(7322816K), 0.0233850 secs] [Times: user=0.17 sys=0.01, real=0.03 secs] 
50217.621: [GC [PSYoungGen: 1861408K->1024K(1814912K)] 6904037K->5043653K(7276288K), 0.0221730 secs] [Times: user=0.16 sys=0.00, real=0.02 secs] 
50290.105: [GC [PSYoungGen: 1814912K->2813K(1772480K)] 6857541K->5045451K(7233856K), 0.0273480 secs] [Times: user=0.18 sys=0.00, real=0.03 secs] 
50320.843: [GC [PSYoungGen: 1772477K->3384K(1730432K)] 6815115K->5046054K(7191808K), 0.0258760 secs] [Times: user=0.18 sys=0.01, real=0.03 secs] 
50334.352: [GC [PSYoungGen: 1730424K->2432K(1688448K)] 6773094K->5045477K(7149824K), 0.0236470 secs] [Times: user=0.17 sys=0.00, real=0.02 secs] 
50347.363: [GC [PSYoungGen: 1688384K->1280K(1708416K)] 6731429K->5044357K(7169792K), 0.0227470 secs] [Times: user=0.16 sys=0.00, real=0.02 secs] 
50358.687: [GC [PSYoungGen: 1708416K->4333K(1737088K)] 6751493K->5047459K(7198464K), 0.0247400 secs] [Times: user=0.18 sys=0.00, real=0.03 secs] 
50371.154: [GC [PSYoungGen: 1737069K->1824K(1761728K)] 6780195K->5044949K(7223104K), 0.0214320 secs] [Times: user=0.16 sys=0.00, real=0.02 secs] 
50384.292: [GC [PSYoungGen: 1761696K->1872K(1789888K)] 6804821K->5045014K(7251264K), 0.0215180 secs] [Times: user=0.17 sys=0.00, real=0.02 secs] 
50397.965: [GC [PSYoungGen: 1789840K->2560K(1819456K)] 6832982K->5045765K(7280832K), 0.0222330 secs] [Times: user=0.17 sys=0.00, real=0.03 secs] 
50411.779: [GC [PSYoungGen: 1819392K->736K(1846144K)] 6862597K->5043941K(7307520K), 0.0190560 secs] [Times: user=0.14 sys=0.01, real=0.01 secs] 
50425.436: [GC [PSYoungGen: 1846112K->1760K(1877120K)] 6889317K->5044965K(7338496K), 0.0237700 secs] [Times: user=0.17 sys=0.00, real=0.02 secs] 
50439.997: [GC [PSYoungGen: 1877088K->1056K(1906944K)] 6920293K->5044261K(7368320K), 0.0231830 secs] [Times: user=0.16 sys=0.00, real=0.02 secs] 
50454.974: [GC [PSYoungGen: 1906912K->2112K(1938560K)] 6950117K->5045349K(7399936K), 0.0218690 secs] [Times: user=0.16 sys=0.01, real=0.03 secs] 
50470.091: [GC [PSYoungGen: 1938496K->1920K(1968832K)] 6981733K->5045157K(7430208K), 0.0216320 secs] [Times: user=0.15 sys=0.01, real=0.02 secs] 
50485.089: [GC [PSYoungGen: 1968768K->1997K(1999872K)] 7012005K->5045235K(7461248K), 0.0228850 secs] [Times: user=0.16 sys=0.01, real=0.03 secs] 
50517.325: [GC [PSYoungGen: 1999821K->736K(2026048K)] 7043059K->5043973K(7487424K), 0.0220880 secs] [Times: user=0.17 sys=0.00, real=0.02 secs] 
50538.570: [GC [PSYoungGen: 2026016K->1088K(2052992K)] 7069253K->5044365K(7514368K), 0.0227710 secs] [Times: user=0.17 sys=0.00, real=0.02 secs] 
50591.593: [GC [PSYoungGen: 2052992K->2332K(2001024K)] 7096269K->5045618K(7462400K), 0.0256080 secs] [Times: user=0.17 sys=0.00, real=0.03 secs] 
50630.512: [GC [PSYoungGen: 2000988K->4272K(1951744K)] 7044274K->5053076K(7413120K), 0.0360510 secs] [Times: user=0.19 sys=0.02, real=0.03 secs] 
50666.042: [GC [PSYoungGen: 1951728K->6672K(1904960K)] 7000532K->5055484K(7366336K), 0.0289390 secs] [Times: user=0.20 sys=0.02, real=0.03 secs] 
50711.577: [GC [PSYoungGen: 1904912K->2992K(1853824K)] 6953724K->5060774K(7315200K), 0.0309300 secs] [Times: user=0.22 sys=0.01, real=0.03 secs] 
50760.080: [GC [PSYoungGen: 1853808K->6664K(1811904K)] 6911590K->5064446K(7273280K), 0.0304010 secs] [Times: user=0.21 sys=0.01, real=0.03 secs] 
50777.290: [GC [PSYoungGen: 1811848K->7648K(1768960K)] 6869630K->5065430K(7230336K), 0.0280740 secs] [Times: user=0.21 sys=0.00, real=0.03 secs] 
50794.047: [GC [PSYoungGen: 1768928K->8493K(1792704K)] 6826710K->5066275K(7254080K), 0.0310220 secs] [Times: user=0.21 sys=0.01, real=0.03 secs] 
50831.733: [GC [PSYoungGen: 1792685K->7280K(1748352K)] 6850467K->5068393K(7209728K), 0.0296120 secs] [Times: user=0.20 sys=0.01, real=0.03 secs] 
50893.961: [GC [PSYoungGen: 1748336K->7936K(1707456K)] 6809449K->5069049K(7168832K), 0.0323360 secs] [Times: user=0.22 sys=0.01, real=0.03 secs] 
50926.508: [GC [PSYoungGen: 1707392K->7728K(1667136K)] 6768505K->5068841K(7128512K), 0.0281070 secs] [Times: user=0.21 sys=0.01, real=0.03 secs] 
50951.375: [GC [PSYoungGen: 1667120K->7632K(1628416K)] 6728233K->5068745K(7089792K), 0.0301550 secs] [Times: user=0.21 sys=0.02, real=0.03 secs] 
50971.161: [GC [PSYoungGen: 1628368K->9165K(1592704K)] 6689481K->5070278K(7054080K), 0.0290430 secs] [Times: user=0.19 sys=0.01, real=0.02 secs] 
51008.298: [GC [PSYoungGen: 1592653K->7712K(1555264K)] 6653766K->5068825K(7016640K), 0.0307290 secs] [Times: user=0.20 sys=0.02, real=0.03 secs] 
51030.294: [GC [PSYoungGen: 1555232K->7856K(1520704K)] 6616345K->5068969K(6982080K), 0.0275730 secs] [Times: user=0.21 sys=0.00, real=0.03 secs] 
51046.271: [GC [PSYoungGen: 1520688K->11314K(1545216K)] 6581801K->5072427K(7006592K), 0.0327840 secs] [Times: user=0.22 sys=0.02, real=0.04 secs] 
51064.241: [GC [PSYoungGen: 1545202K->7728K(1564480K)] 6606315K->5075141K(7025856K), 0.0306330 secs] [Times: user=0.21 sys=0.01, real=0.03 secs] 
51094.018: [GC [PSYoungGen: 1564464K->8653K(1587456K)] 6631877K->5077474K(7048832K), 0.0336980 secs] [Times: user=0.22 sys=0.02, real=0.04 secs] 
51125.019: [GC [PSYoungGen: 1587405K->10352K(1609920K)] 6656226K->5079172K(7071296K), 0.0295990 secs] [Times: user=0.22 sys=0.01, real=0.03 secs] 
51142.228: [GC [PSYoungGen: 1609904K->11873K(1635648K)] 6678724K->5081749K(7097024K), 0.0360440 secs] [Times: user=0.22 sys=0.03, real=0.03 secs] 
51202.577: [GC [PSYoungGen: 1633676K->9504K(1656128K)] 6703553K->5101892K(7117504K), 0.0603470 secs] [Times: user=0.30 sys=0.12, real=0.06 secs] 
51204.894: [GC [PSYoungGen: 1645210K->19629K(1750464K)] 6737599K->5125071K(7211840K), 0.0470250 secs] [Times: user=0.29 sys=0.06, real=0.05 secs] 
51207.048: [GC [PSYoungGen: 1741612K->19641K(1870656K)] 6847054K->5140013K(7332032K), 0.0413050 secs] [Times: user=0.29 sys=0.03, real=0.04 secs] 
51287.180: [GC [PSYoungGen: 1870649K->22642K(1981696K)] 6991021K->5143582K(7443072K), 0.0745550 secs] [Times: user=0.36 sys=0.13, real=0.07 secs] 
51363.246: [GC [PSYoungGen: 1981682K->21661K(2075200K)] 7102622K->5142601K(7536576K), 0.0475270 secs] [Times: user=0.30 sys=0.04, real=0.05 secs] 
51382.277: [GC [PSYoungGen: 2075165K->28928K(2171584K)] 7196105K->5149883K(7632960K), 0.0539430 secs] [Times: user=0.36 sys=0.04, real=0.05 secs] 
51396.557: [GC [PSYoungGen: 2171584K->19564K(2245952K)] 7292539K->5146028K(7707328K), 0.0348470 secs] [Times: user=0.25 sys=0.02, real=0.03 secs] 
51429.005: [GC [PSYoungGen: 2245932K->21526K(2324928K)] 7372396K->5148015K(7786304K), 0.0632500 secs] [Times: user=0.30 sys=0.08, real=0.07 secs] 
51457.012: [GC [PSYoungGen: 2324886K->21944K(2407744K)] 7451375K->5148433K(7869120K), 0.0439220 secs] [Times: user=0.26 sys=0.04, real=0.05 secs] 
51495.525: [GC [PSYoungGen: 2392824K->25771K(2408512K)] 7519313K->5152275K(7869888K), 0.0474960 secs] [Times: user=0.30 sys=0.03, real=0.05 secs] 
51513.448: [GC [PSYoungGen: 2396651K->19739K(2462848K)] 7523155K->5148631K(7924224K), 0.0379440 secs] [Times: user=0.22 sys=0.02, real=0.04 secs] 
51545.462: [GC [PSYoungGen: 2450395K->17611K(2467328K)] 7579287K->5146535K(7928704K), 0.0436760 secs] [Times: user=0.29 sys=0.02, real=0.05 secs] 
51569.614: [GC [PSYoungGen: 2448267K->19426K(2509760K)] 7577191K->5148678K(7971136K), 0.0362970 secs] [Times: user=0.24 sys=0.02, real=0.04 secs] 
51647.798: [GC [PSYoungGen: 2501026K->17947K(2515328K)] 7630278K->5148899K(7976704K), 0.0342140 secs] [Times: user=0.24 sys=0.02, real=0.04 secs] 
51667.279: [GC [PSYoungGen: 2499547K->16795K(2556288K)] 7630499K->5148075K(8017664K), 0.0343570 secs] [Times: user=0.23 sys=0.02, real=0.04 secs] 
51684.803: [GC [PSYoungGen: 2541787K->15929K(2556544K)] 7673067K->5147413K(8017920K), 0.0291980 secs] [Times: user=0.20 sys=0.01, real=0.03 secs] 
51704.331: [GC [PSYoungGen: 2540921K->15003K(2598848K)] 7672405K->5146487K(8060224K), 0.0331550 secs] [Times: user=0.23 sys=0.01, real=0.03 secs] 
51723.294: [GC [PSYoungGen: 2584155K->16475K(2599296K)] 7715639K->5147959K(8060672K), 0.0313260 secs] [Times: user=0.22 sys=0.01, real=0.03 secs] 
51742.878: [GC [PSYoungGen: 2585627K->3376K(2641792K)] 7717111K->5148423K(8103168K), 0.0335780 secs] [Times: user=0.21 sys=0.02, real=0.03 secs] 
51763.600: [GC [PSYoungGen: 2615920K->3104K(2643136K)] 7760967K->5148239K(8104512K), 0.0228000 secs] [Times: user=0.18 sys=0.00, real=0.02 secs] 
51783.766: [GC [PSYoungGen: 2615648K->3392K(2681024K)] 7760783K->5148559K(8142400K), 0.0218510 secs] [Times: user=0.17 sys=0.01, real=0.02 secs] 
51798.115: [GC [PSYoungGen: 2655104K->5818K(2683584K)] 7800271K->5151050K(8144960K), 0.0288120 secs] [Times: user=0.17 sys=0.02, real=0.03 secs] 
51842.012: [GC [PSYoungGen: 2657530K->1184K(2575744K)] 7802762K->5146823K(8037120K), 0.0224530 secs] [Times: user=0.17 sys=0.00, real=0.02 secs] 
51868.986: [GC [PSYoungGen: 2575712K->1104K(2501632K)] 7721351K->5146775K(7963008K), 0.0224910 secs] [Times: user=0.17 sys=0.00, real=0.02 secs] 
51911.541: [GC [PSYoungGen: 2501584K->1252K(2430784K)] 7647255K->5146940K(7892160K), 0.0216780 secs] [Times: user=0.15 sys=0.01, real=0.02 secs] 
52001.151: [GC [PSYoungGen: 2430756K->3298K(2364736K)] 7576444K->5148986K(7826112K), 0.0257840 secs] [Times: user=0.17 sys=0.00, real=0.03 secs] 
52041.677: [GC [PSYoungGen: 2364706K->3332K(2299392K)] 7510394K->5149052K(7760768K), 0.0257210 secs] [Times: user=0.17 sys=0.00, real=0.03 secs] 
52079.266: [GC [PSYoungGen: 2299332K->1846K(2235072K)] 7445052K->5147574K(7696448K), 0.0237400 secs] [Times: user=0.16 sys=0.00, real=0.02 secs] 
52111.185: [GC [PSYoungGen: 2235062K->1894K(2174848K)] 7380790K->5147646K(7636224K), 0.0249860 secs] [Times: user=0.18 sys=0.00, real=0.03 secs] 
52137.000: [GC [PSYoungGen: 2174822K->2134K(2117184K)] 7320574K->5147886K(7578560K), 0.0236060 secs] [Times: user=0.18 sys=0.00, real=0.03 secs] 
52174.061: [GC [PSYoungGen: 2117142K->3252K(2062592K)] 7262894K->5149012K(7523968K), 0.0267040 secs] [Times: user=0.16 sys=0.01, real=0.03 secs] 
52208.391: [GC [PSYoungGen: 2062580K->1926K(2007808K)] 7208340K->5147686K(7469184K), 0.0212220 secs] [Times: user=0.16 sys=0.00, real=0.02 secs] 
52271.585: [GC [PSYoungGen: 2007750K->4620K(1959040K)] 7153510K->5150380K(7420416K), 0.0286310 secs] [Times: user=0.18 sys=0.00, real=0.03 secs] 
52310.313: [GC [PSYoungGen: 1958988K->3050K(1907904K)] 7104748K->5148810K(7369280K), 0.0243170 secs] [Times: user=0.17 sys=0.00, real=0.03 secs] 
52323.056: [GC [PSYoungGen: 1907882K->9782K(1867008K)] 7053642K->5155542K(7328384K), 0.0271590 secs] [Times: user=0.20 sys=0.00, real=0.03 secs] 
52342.854: [GC [PSYoungGen: 1866998K->2230K(1813568K)] 7012758K->5147990K(7274944K), 0.0216780 secs] [Times: user=0.16 sys=0.00, real=0.02 secs] 
52371.046: [GC [PSYoungGen: 1813558K->1862K(1769088K)] 6959318K->5147694K(7230464K), 0.0219830 secs] [Times: user=0.16 sys=0.00, real=0.02 secs] 
52394.925: [GC [PSYoungGen: 1769030K->5192K(1729856K)] 6914862K->5151040K(7191232K), 0.0313840 secs] [Times: user=0.19 sys=0.01, real=0.03 secs] 
52419.280: [GC [PSYoungGen: 1729800K->2150K(1685824K)] 6875648K->5147998K(7147200K), 0.0286260 secs] [Times: user=0.17 sys=0.01, real=0.03 secs] 
52752.075: [GC [PSYoungGen: 1685798K->9416K(1653632K)] 6831646K->5155280K(7115008K), 0.0370790 secs] [Times: user=0.20 sys=0.01, real=0.04 secs] 
53015.845: [GC [PSYoungGen: 1653576K->12161K(1618304K)] 6799440K->5158942K(7079680K), 0.0535390 secs] [Times: user=0.25 sys=0.06, real=0.05 secs] 
53079.565: [GC [PSYoungGen: 1618241K->14488K(1583872K)] 6765022K->5161294K(7045248K), 0.0400040 secs] [Times: user=0.25 sys=0.02, real=0.04 secs] 
53168.808: [GC [PSYoungGen: 1583832K->11312K(1545216K)] 6730638K->5165521K(7006592K), 0.0404920 secs] [Times: user=0.27 sys=0.04, real=0.04 secs] 
53244.047: [GC [PSYoungGen: 1545200K->17693K(1517376K)] 6699409K->5171902K(6978752K), 0.0459750 secs] [Times: user=0.28 sys=0.03, real=0.04 secs] 
53275.988: [GC [PSYoungGen: 1517341K->17328K(1483968K)] 6671550K->5171537K(6945344K), 0.0334250 secs] [Times: user=0.25 sys=0.01, real=0.03 secs] 
53287.800: [GC [PSYoungGen: 1483952K->15824K(1450560K)] 6638161K->5170033K(6911936K), 0.0389630 secs] [Times: user=0.24 sys=0.05, real=0.04 secs] 
53302.038: [GC [PSYoungGen: 1450512K->16112K(1419968K)] 6604721K->5170361K(6881344K), 0.0325040 secs] [Times: user=0.24 sys=0.00, real=0.03 secs] 
53327.182: [GC [PSYoungGen: 1419952K->15936K(1390080K)] 6574201K->5170201K(6851456K), 0.0387000 secs] [Times: user=0.26 sys=0.03, real=0.04 secs] 
53345.878: [GC [PSYoungGen: 1390016K->15984K(1412800K)] 6544281K->5170257K(6874176K), 0.0326930 secs] [Times: user=0.23 sys=0.02, real=0.03 secs] 
53366.770: [GC [PSYoungGen: 1412784K->17341K(1438336K)] 6567057K->5171622K(6899712K), 0.0413760 secs] [Times: user=0.26 sys=0.03, real=0.05 secs] 
53403.696: [GC [PSYoungGen: 1438333K->16304K(1406976K)] 6592614K->5170601K(6868352K), 0.0365410 secs] [Times: user=0.23 sys=0.01, real=0.03 secs] 
53414.429: [GC [PSYoungGen: 1406960K->16912K(1436160K)] 6561257K->5171217K(6897536K), 0.0396570 secs] [Times: user=0.27 sys=0.03, real=0.04 secs] 
53425.662: [GC [PSYoungGen: 1436112K->16368K(1467584K)] 6590417K->5170681K(6928960K), 0.0332880 secs] [Times: user=0.25 sys=0.01, real=0.03 secs] 
53437.033: [GC [PSYoungGen: 1467568K->16512K(1503872K)] 6621881K->5170833K(6965248K), 0.0390130 secs] [Times: user=0.27 sys=0.03, real=0.04 secs] 
53454.047: [GC [PSYoungGen: 1503808K->21616K(1544960K)] 6658129K->5176645K(7006336K), 0.0375700 secs] [Times: user=0.28 sys=0.01, real=0.04 secs] 
53484.047: [GC [PSYoungGen: 1544944K->22470K(1579776K)] 6699973K->5179155K(7041152K), 0.0477130 secs] [Times: user=0.28 sys=0.05, real=0.05 secs] 
53508.554: [GC [PSYoungGen: 1579718K->14000K(1603008K)] 6736403K->5180120K(7064384K), 0.0337510 secs] [Times: user=0.24 sys=0.02, real=0.03 secs] 
53529.847: [GC [PSYoungGen: 1602992K->7408K(1627520K)] 6769112K->5180596K(7088896K), 0.0361100 secs] [Times: user=0.25 sys=0.03, real=0.03 secs] 
53553.908: [GC [PSYoungGen: 1627504K->12115K(1665856K)] 6800692K->5185304K(7127232K), 0.0597150 secs] [Times: user=0.27 sys=0.09, real=0.06 secs] 
53614.023: [GC [PSYoungGen: 1665811K->28101K(1713536K)] 6839000K->5201330K(7174912K), 0.0819550 secs] [Times: user=0.39 sys=0.14, real=0.08 secs] 
53677.045: [GC [PSYoungGen: 1713477K->21284K(1736896K)] 6886706K->5211477K(7198272K), 0.0836250 secs] [Times: user=0.41 sys=0.23, real=0.09 secs] 
53742.420: [GC [PSYoungGen: 1736868K->28057K(1703040K)] 6927061K->5218330K(7164416K), 0.0665690 secs] [Times: user=0.37 sys=0.08, real=0.07 secs] 
53758.472: [GC [PSYoungGen: 1703001K->27220K(1735936K)] 6893274K->5217493K(7197312K), 0.0521130 secs] [Times: user=0.33 sys=0.04, real=0.05 secs] 
53775.820: [GC [PSYoungGen: 1735892K->27540K(1774336K)] 6926165K->5217821K(7235712K), 0.0525560 secs] [Times: user=0.31 sys=0.05, real=0.06 secs] 
53796.850: [GC [PSYoungGen: 1774292K->28564K(1813120K)] 6964573K->5218853K(7274496K), 0.0402210 secs] [Times: user=0.27 sys=0.00, real=0.04 secs] 
53861.498: [GC [PSYoungGen: 1813076K->39110K(1859392K)] 7003365K->5229407K(7320768K), 0.0942870 secs] [Times: user=0.41 sys=0.21, real=0.09 secs] 
53899.942: [GC [PSYoungGen: 1859334K->19172K(1874944K)] 7049631K->5222696K(7336320K), 0.0663510 secs] [Times: user=0.35 sys=0.17, real=0.06 secs] 
53935.525: [GC [PSYoungGen: 1874916K->20308K(1909952K)] 7078440K->5223848K(7371328K), 0.0498620 secs] [Times: user=0.33 sys=0.03, real=0.05 secs] 
53961.738: [GC [PSYoungGen: 1909908K->21921K(1946368K)] 7113448K->5225461K(7407744K), 0.0503460 secs] [Times: user=0.32 sys=0.03, real=0.05 secs] 
53998.908: [GC [PSYoungGen: 1946337K->20868K(1896960K)] 7149877K->5224416K(7358336K), 0.0491810 secs] [Times: user=0.33 sys=0.03, real=0.05 secs] 
54019.414: [GC [PSYoungGen: 1896900K->20980K(1931072K)] 7100448K->5224584K(7392448K), 0.0440420 secs] [Times: user=0.30 sys=0.02, real=0.05 secs] 
54041.123: [GC [PSYoungGen: 1931060K->25905K(1973504K)] 7134664K->5229518K(7434880K), 0.0536670 secs] [Times: user=0.34 sys=0.05, real=0.05 secs] 
54078.122: [GC [PSYoungGen: 1973489K->28529K(2011520K)] 7177102K->5232229K(7472896K), 0.0483510 secs] [Times: user=0.33 sys=0.02, real=0.05 secs] 
54108.643: [GC [PSYoungGen: 2011505K->28443K(2052608K)] 7215205K->5232351K(7513984K), 0.0531280 secs] [Times: user=0.35 sys=0.05, real=0.05 secs] 
54185.566: [GC [PSYoungGen: 2040027K->17882K(1977792K)] 7243935K->5235818K(7439168K), 0.0742250 secs] [Times: user=0.37 sys=0.19, real=0.07 secs] 
54257.348: [GC [PSYoungGen: 1977754K->26641K(1936832K)] 7195690K->5245906K(7398208K), 0.0795990 secs] [Times: user=0.35 sys=0.12, real=0.08 secs] 
54343.873: [GC [PSYoungGen: 1936785K->31382K(1893760K)] 7156050K->5251623K(7355136K), 0.0981620 secs] [Times: user=0.46 sys=0.19, real=0.09 secs] 
54371.361: [GC [PSYoungGen: 1893718K->27504K(1843776K)] 7113959K->5248281K(7305152K), 0.0561550 secs] [Times: user=0.31 sys=0.06, real=0.06 secs] 
54396.225: [GC [PSYoungGen: 1843760K->23008K(1794944K)] 7064537K->5249281K(7256320K), 0.0412040 secs] [Times: user=0.27 sys=0.02, real=0.04 secs] 
54446.076: [GC [PSYoungGen: 1794912K->24733K(1753984K)] 7021185K->5252526K(7215360K), 0.0540570 secs] [Times: user=0.31 sys=0.06, real=0.06 secs] 
54492.652: [GC [PSYoungGen: 1753949K->25243K(1713344K)] 6981742K->5253036K(7174720K), 0.0750040 secs] [Times: user=0.37 sys=0.16, real=0.08 secs] 
54512.958: [GC [PSYoungGen: 1713307K->28448K(1676864K)] 6941100K->5256497K(7138240K), 0.0504200 secs] [Times: user=0.33 sys=0.06, real=0.05 secs] 
54524.236: [GC [PSYoungGen: 1676832K->21152K(1703680K)] 6904881K->5251653K(7165056K), 0.0340800 secs] [Times: user=0.25 sys=0.01, real=0.04 secs] 
54536.924: [GC [PSYoungGen: 1703648K->27776K(1751488K)] 6934149K->5258325K(7212864K), 0.0491020 secs] [Times: user=0.32 sys=0.05, real=0.05 secs] 
54561.556: [GC [PSYoungGen: 1751424K->23485K(1785600K)] 6981973K->5254034K(7246976K), 0.0365700 secs] [Times: user=0.26 sys=0.00, real=0.03 secs] 
54588.163: [GC [PSYoungGen: 1785597K->21888K(1821184K)] 7016146K->5252453K(7282560K), 0.0458910 secs] [Times: user=0.27 sys=0.06, real=0.05 secs] 
54609.373: [GC [PSYoungGen: 1821120K->19504K(1854784K)] 7051685K->5252521K(7316160K), 0.0349670 secs] [Times: user=0.26 sys=0.00, real=0.03 secs] 
54640.736: [GC [PSYoungGen: 1854768K->21440K(1881536K)] 7087785K->5255149K(7342912K), 0.0473990 secs] [Times: user=0.29 sys=0.05, real=0.04 secs] 
54653.725: [GC [PSYoungGen: 1867840K->21040K(1905280K)] 7101549K->5254849K(7366656K), 0.0336250 secs] [Times: user=0.25 sys=0.01, real=0.04 secs] 
54670.130: [GC [PSYoungGen: 1891696K->20496K(1904768K)] 7125505K->5255941K(7366144K), 0.0360270 secs] [Times: user=0.26 sys=0.01, real=0.04 secs] 
54694.800: [GC [PSYoungGen: 1891152K->22189K(1938432K)] 7126597K->5261533K(7399808K), 0.0400200 secs] [Times: user=0.25 sys=0.04, real=0.04 secs] 
54716.458: [GC [PSYoungGen: 1930413K->15168K(1941120K)] 7169757K->5259172K(7402496K), 0.0314760 secs] [Times: user=0.23 sys=0.01, real=0.03 secs] 
54753.045: [GC [PSYoungGen: 1923392K->17517K(1878016K)] 7167396K->5264185K(7339392K), 0.0370200 secs] [Times: user=0.23 sys=0.02, real=0.04 secs] 
54845.954: [GC [PSYoungGen: 1877997K->27134K(1841664K)] 7124665K->5275058K(7303040K), 0.0886190 secs] [Times: user=0.38 sys=0.20, real=0.09 secs] 
54888.850: [GC [PSYoungGen: 1841662K->21666K(1791936K)] 7089586K->5289531K(7253312K), 0.0856030 secs] [Times: user=0.44 sys=0.21, real=0.09 secs] 
54934.830: [GC [PSYoungGen: 1791906K->27632K(1755264K)] 7059771K->5295586K(7216640K), 0.0727960 secs] [Times: user=0.39 sys=0.13, real=0.07 secs] 
54960.876: [GC [PSYoungGen: 1755248K->28609K(1715200K)] 7023202K->5296563K(7176576K), 0.0622250 secs] [Times: user=0.34 sys=0.10, real=0.06 secs] 
54981.999: [GC [PSYoungGen: 1715137K->30310K(1751424K)] 6983091K->5298279K(7212800K), 0.0588810 secs] [Times: user=0.32 sys=0.05, real=0.06 secs] 
55007.154: [GC [PSYoungGen: 1751398K->19872K(1775488K)] 7019367K->5298767K(7236864K), 0.0454870 secs] [Times: user=0.30 sys=0.04, real=0.05 secs] 
55037.212: [GC [PSYoungGen: 1775456K->27346K(1817600K)] 7054351K->5306296K(7278976K), 0.0561430 secs] [Times: user=0.35 sys=0.05, real=0.06 secs] 
55056.599: [GC [PSYoungGen: 1817554K->23031K(1864384K)] 7096504K->5301982K(7325760K), 0.0629750 secs] [Times: user=0.35 sys=0.10, real=0.06 secs] 
55060.777: [GC [PSYoungGen: 399665K->24143K(1869568K)] 5678615K->5303101K(7330944K), 0.0467110 secs] [Times: user=0.29 sys=0.02, real=0.04 secs] 
55060.824: [Full GC [PSYoungGen: 24143K->0K(1869568K)] [PSOldGen: 5278958K->4716427K(5461376K)] 5303101K->4716427K(7330944K) [PSPermGen: 86011K->77970K(86016K)], 17.5704170 secs] [Times: user=15.66 sys=1.92, real=17.57 secs] 
55097.908: [GC [PSYoungGen: 1830976K->4626K(1940928K)] 6547403K->4721053K(7402304K), 0.0221480 secs] [Times: user=0.17 sys=0.00, real=0.02 secs] 
55126.859: [GC [PSYoungGen: 1907858K->8025K(1943296K)] 6624285K->4724453K(7404672K), 0.0258160 secs] [Times: user=0.17 sys=0.02, real=0.02 secs] 
55158.659: [GC [PSYoungGen: 1911257K->9954K(2001856K)] 6627685K->4726381K(7463232K), 0.0412530 secs] [Times: user=0.21 sys=0.06, real=0.04 secs] 
55194.580: [GC [PSYoungGen: 1978722K->7141K(2010048K)] 6695149K->4723568K(7471424K), 0.0290710 secs] [Times: user=0.18 sys=0.01, real=0.03 secs] 
55249.586: [GC [PSYoungGen: 1975909K->10437K(2048064K)] 6692336K->4726864K(7509440K), 0.0283260 secs] [Times: user=0.18 sys=0.02, real=0.02 secs] 
55289.086: [GC [PSYoungGen: 2027717K->22578K(2058240K)] 6744144K->4739005K(7519616K), 0.0358160 secs] [Times: user=0.23 sys=0.02, real=0.04 secs] 
55306.682: [GC [PSYoungGen: 2039858K->19605K(2098944K)] 6756285K->4736032K(7560320K), 0.0268700 secs] [Times: user=0.18 sys=0.03, real=0.02 secs] 
55327.396: [GC [PSYoungGen: 2081877K->14925K(2100544K)] 6798304K->4731352K(7561920K), 0.0480590 secs] [Times: user=0.25 sys=0.11, real=0.04 secs] 
55385.546: [GC [PSYoungGen: 2077197K->15293K(2136704K)] 6793624K->4731720K(7598080K), 0.0488310 secs] [Times: user=0.24 sys=0.11, real=0.05 secs] 
55424.678: [GC [PSYoungGen: 2123325K->24228K(2143808K)] 6839752K->4740655K(7605184K), 0.0600770 secs] [Times: user=0.28 sys=0.14, real=0.06 secs] 
55458.553: [GC [PSYoungGen: 2132260K->22529K(2189760K)] 6848687K->4738956K(7651136K), 0.0482380 secs] [Times: user=0.24 sys=0.10, real=0.05 secs] 
55496.725: [GC [PSYoungGen: 2177281K->17989K(2190592K)] 6893708K->4734416K(7651968K), 0.0336570 secs] [Times: user=0.20 sys=0.03, real=0.03 secs] 
55682.339: [GC [PSYoungGen: 2172741K->25884K(2221824K)] 6889168K->4742312K(7683200K), 0.0888010 secs] [Times: user=0.35 sys=0.17, real=0.09 secs] 
55911.952: [GC [PSYoungGen: 2217692K->25384K(2227200K)] 6934120K->4741811K(7688576K), 0.0786990 secs] [Times: user=0.33 sys=0.13, real=0.08 secs] 
56154.020: [GC [PSYoungGen: 2217192K->23576K(2248576K)] 6933619K->4740004K(7709952K), 0.0721460 secs] [Times: user=0.30 sys=0.14, real=0.07 secs] 
56550.089: [GC [PSYoungGen: 2242008K->35513K(2253952K)] 6958436K->4755833K(7715328K), 0.0607650 secs] [Times: user=0.33 sys=0.07, real=0.06 secs] 
56722.723: [GC [PSYoungGen: 2253945K->27662K(2277760K)] 6974265K->4749119K(7739136K), 0.0685840 secs] [Times: user=0.30 sys=0.13, real=0.07 secs] 
56812.135: [GC [PSYoungGen: 2266126K->31920K(2279488K)] 6987583K->4753377K(7740864K), 0.0536550 secs] [Times: user=0.29 sys=0.07, real=0.05 secs] 
56918.040: [GC [PSYoungGen: 2270384K->37646K(2298304K)] 6991841K->4759287K(7759680K), 0.0433430 secs] [Times: user=0.25 sys=0.04, real=0.04 secs] 
57117.941: [GC [PSYoungGen: 2293454K->38340K(2301504K)] 7015095K->4763193K(7762880K), 0.0516610 secs] [Times: user=0.31 sys=0.03, real=0.05 secs] 
57144.405: [GC [PSYoungGen: 2294148K->32864K(2321088K)] 7019001K->4761009K(7782464K), 0.0381880 secs] [Times: user=0.26 sys=0.03, real=0.04 secs] 
57164.606: [GC [PSYoungGen: 2305440K->34624K(2321216K)] 7033585K->4762881K(7782592K), 0.0357580 secs] [Times: user=0.28 sys=0.00, real=0.04 secs] 
57199.364: [GC [PSYoungGen: 2307200K->39458K(2354112K)] 7035457K->4768047K(7815488K), 0.0825140 secs] [Times: user=0.39 sys=0.22, real=0.09 secs] 
57236.656: [GC [PSYoungGen: 2344354K->40608K(2356224K)] 7072943K->4769454K(7817600K), 0.0580290 secs] [Times: user=0.36 sys=0.09, real=0.06 secs] 
57317.283: [GC [PSYoungGen: 2334376K->53361K(2392960K)] 7063221K->4801519K(7854336K), 0.1111570 secs] [Times: user=0.48 sys=0.35, real=0.12 secs] 
57355.463: [GC [PSYoungGen: 2392945K->55215K(2406336K)] 7141103K->4803761K(7867712K), 0.1144840 secs] [Times: user=0.56 sys=0.30, real=0.11 secs] 
57390.689: [GC [PSYoungGen: 2394799K->57251K(2467776K)] 7143345K->4805798K(7929152K), 0.0589640 secs] [Times: user=0.31 sys=0.10, real=0.06 secs] 
57429.629: [GC [PSYoungGen: 2453859K->52910K(2472000K)] 7202406K->4802357K(7933376K), 0.0941920 secs] [Times: user=0.48 sys=0.25, real=0.10 secs] 
57472.245: [GC [PSYoungGen: 2449518K->58481K(2536896K)] 7198965K->4807984K(7998272K), 0.0614030 secs] [Times: user=0.29 sys=0.10, real=0.07 secs] 
57501.737: [GC [PSYoungGen: 2518385K->58048K(2539968K)] 7267888K->4807623K(8001344K), 0.0588840 secs] [Times: user=0.40 sys=0.05, real=0.06 secs] 
57539.026: [GC [PSYoungGen: 2517952K->56446K(2607680K)] 7267527K->4808672K(8069056K), 0.0921400 secs] [Times: user=0.46 sys=0.24, real=0.09 secs] 
57610.636: [GC [PSYoungGen: 2581886K->56888K(2608576K)] 7334112K->4812741K(8069952K), 0.0747560 secs] [Times: user=0.42 sys=0.13, real=0.07 secs] 
57634.803: [GC [PSYoungGen: 2582328K->51867K(2644928K)] 7338181K->4812716K(8106304K), 0.0514610 secs] [Times: user=0.32 sys=0.07, real=0.05 secs] 
57661.279: [GC [PSYoungGen: 2615579K->48761K(2645888K)] 7376428K->4815023K(8107264K), 0.1043420 secs] [Times: user=0.47 sys=0.25, real=0.11 secs] 
57740.978: [GC [PSYoungGen: 2612473K->48648K(2644992K)] 7378735K->4816005K(8106368K), 0.0580730 secs] [Times: user=0.38 sys=0.03, real=0.06 secs] 
57785.148: [GC [PSYoungGen: 2617672K->46030K(2645824K)] 7385029K->4814202K(8107200K), 0.0435970 secs] [Times: user=0.32 sys=0.01, real=0.05 secs] 
57824.640: [GC [PSYoungGen: 2615054K->44880K(2651008K)] 7383226K->4816247K(8112384K), 0.0894230 secs] [Times: user=0.43 sys=0.23, real=0.09 secs] 
57860.436: [GC [PSYoungGen: 2624656K->40075K(2651456K)] 7396023K->4814858K(8112832K), 0.0502670 secs] [Times: user=0.34 sys=0.04, real=0.05 secs] 
57889.267: [GC [PSYoungGen: 2619851K->39450K(2657344K)] 7394634K->4817462K(8118720K), 0.0417560 secs] [Times: user=0.30 sys=0.01, real=0.04 secs] 
57932.572: [GC [PSYoungGen: 2628122K->43309K(2657664K)] 7406134K->4822889K(8119040K), 0.0498510 secs] [Times: user=0.32 sys=0.03, real=0.05 secs] 
57978.564: [GC [PSYoungGen: 2631981K->34941K(2660416K)] 7411561K->4828359K(8121792K), 0.1127920 secs] [Times: user=0.40 sys=0.45, real=0.11 secs] 
58077.060: [GC [PSYoungGen: 2628349K->54078K(2659968K)] 7421767K->4847632K(8121344K), 0.1074000 secs] [Times: user=0.51 sys=0.24, real=0.11 secs] 
58231.930: [GC [PSYoungGen: 2647486K->50082K(2663104K)] 7441040K->4844417K(8124480K), 0.1068200 secs] [Times: user=0.48 sys=0.25, real=0.11 secs] 
58266.696: [GC [PSYoungGen: 2645218K->41062K(2636224K)] 7439553K->4840533K(8097600K), 0.0636220 secs] [Times: user=0.40 sys=0.04, real=0.07 secs] 
58285.583: [GC [PSYoungGen: 2636198K->39459K(2662336K)] 7435669K->4841135K(8123712K), 0.0469950 secs] [Times: user=0.30 sys=0.00, real=0.05 secs] 
58305.681: [GC [PSYoungGen: 2635683K->35718K(2661248K)] 7437359K->4839961K(8122624K), 0.0384910 secs] [Times: user=0.29 sys=0.00, real=0.04 secs] 
58325.354: [GC [PSYoungGen: 2631942K->37053K(2664640K)] 7436185K->4844538K(8126016K), 0.0399410 secs] [Times: user=0.29 sys=0.00, real=0.04 secs] 
58347.141: [GC [PSYoungGen: 2637501K->32034K(2664000K)] 7444986K->4841255K(8125376K), 0.0693290 secs] [Times: user=0.36 sys=0.16, real=0.07 secs] 
58367.545: [GC [PSYoungGen: 2632482K->31478K(2666560K)] 7441703K->4841522K(8127936K), 0.0457490 secs] [Times: user=0.31 sys=0.03, real=0.05 secs] 
58387.316: [GC [PSYoungGen: 2634678K->29814K(2666240K)] 7444722K->4840554K(8127616K), 0.0332480 secs] [Times: user=0.24 sys=0.00, real=0.04 secs] 
58407.455: [GC [PSYoungGen: 2633014K->30487K(2666816K)] 7443754K->4841316K(8128192K), 0.0635990 secs] [Times: user=0.35 sys=0.11, real=0.06 secs] 
58429.295: [GC [PSYoungGen: 2635351K->28870K(2666880K)] 7446180K->4839802K(8128256K), 0.0425800 secs] [Times: user=0.30 sys=0.02, real=0.04 secs] 
58456.115: [GC [PSYoungGen: 2633734K->28646K(2667648K)] 7444666K->4839650K(8129024K), 0.0315100 secs] [Times: user=0.24 sys=0.01, real=0.03 secs] 
58527.851: [GC [PSYoungGen: 2635878K->27075K(2667840K)] 7446882K->4841316K(8129216K), 0.0361430 secs] [Times: user=0.25 sys=0.00, real=0.03 secs] 
58589.523: [GC [PSYoungGen: 2634307K->22390K(2669568K)] 7448548K->4840018K(8130944K), 0.0359140 secs] [Times: user=0.26 sys=0.00, real=0.04 secs] 
58626.115: [GC [PSYoungGen: 2632054K->18182K(2669504K)] 7449682K->4839690K(8130880K), 0.0316260 secs] [Times: user=0.23 sys=0.01, real=0.03 secs] 
58673.466: [GC [PSYoungGen: 2627846K->4845K(2666432K)] 7449354K->4841203K(8127808K), 0.0426210 secs] [Times: user=0.28 sys=0.02, real=0.04 secs] 
58708.213: [GC [PSYoungGen: 2611181K->3296K(2609664K)] 7447539K->4840078K(8071040K), 0.0188980 secs] [Times: user=0.15 sys=0.00, real=0.02 secs] 
58737.147: [GC [PSYoungGen: 2609632K->3264K(2666048K)] 7446414K->4840158K(8127424K), 0.0178140 secs] [Times: user=0.13 sys=0.00, real=0.02 secs] 
58789.914: [GC [PSYoungGen: 2605760K->6603K(2609152K)] 7442654K->4843538K(8070528K), 0.0239850 secs] [Times: user=0.15 sys=0.00, real=0.03 secs] 
58846.115: [GC [PSYoungGen: 2609099K->3781K(2667008K)] 7446034K->4840836K(8128384K), 0.0206020 secs] [Times: user=0.15 sys=0.00, real=0.02 secs] 
58922.004: [GC [PSYoungGen: 2607493K->11811K(2615552K)] 7444548K->4848978K(8076928K), 0.0281900 secs] [Times: user=0.19 sys=0.00, real=0.03 secs] 
58943.563: [GC [PSYoungGen: 2615523K->11653K(2667264K)] 7452690K->4848956K(8128640K), 0.0244980 secs] [Times: user=0.17 sys=0.01, real=0.02 secs] 
58967.250: [GC [PSYoungGen: 2618885K->4101K(2664768K)] 7456188K->4841436K(8126144K), 0.0176100 secs] [Times: user=0.13 sys=0.00, real=0.02 secs] 
59005.379: [GC [PSYoungGen: 2611333K->7664K(2670976K)] 7448668K->4845031K(8132352K), 0.0328200 secs] [Times: user=0.19 sys=0.03, real=0.03 secs] 
59044.718: [GC [PSYoungGen: 2622832K->10821K(2669440K)] 7460199K->4848316K(8130816K), 0.0297340 secs] [Times: user=0.20 sys=0.02, real=0.03 secs] 
59064.537: [GC [PSYoungGen: 2625989K->3765K(2673536K)] 7463484K->4841380K(8134912K), 0.0191090 secs] [Times: user=0.14 sys=0.00, real=0.01 secs] 
59098.003: [GC [PSYoungGen: 2625717K->3781K(2672128K)] 7463332K->4841420K(8133504K), 0.0250520 secs] [Times: user=0.16 sys=0.00, real=0.02 secs] 
59134.502: [GC [PSYoungGen: 2625733K->5139K(2678464K)] 7463372K->4842906K(8139840K), 0.0231330 secs] [Times: user=0.15 sys=0.00, real=0.02 secs] 
59210.881: [GC [PSYoungGen: 2635987K->4469K(2677440K)] 7473754K->4842356K(8138816K), 0.0240690 secs] [Times: user=0.15 sys=0.01, real=0.02 secs] 
59229.994: [GC [PSYoungGen: 2635317K->4235K(2682176K)] 7473204K->4842234K(8143552K), 0.0216240 secs] [Times: user=0.15 sys=0.01, real=0.02 secs] 
59249.142: [GC [PSYoungGen: 2642507K->8088K(2681088K)] 7480506K->4846199K(8142464K), 0.0261960 secs] [Times: user=0.18 sys=0.01, real=0.03 secs] 
59269.179: [GC [PSYoungGen: 2646360K->4891K(2685952K)] 7484471K->4843058K(8147328K), 0.0219980 secs] [Times: user=0.15 sys=0.01, real=0.02 secs] 
59289.439: [GC [PSYoungGen: 2650651K->5755K(2684096K)] 7488818K->4843946K(8145472K), 0.0237120 secs] [Times: user=0.16 sys=0.01, real=0.02 secs] 
59309.562: [GC [PSYoungGen: 2651515K->4133K(2690112K)] 7489706K->4843186K(8151488K), 0.0214300 secs] [Times: user=0.15 sys=0.01, real=0.03 secs] 
59329.600: [GC [PSYoungGen: 2657893K->6133K(2688448K)] 7496946K->4845274K(8149824K), 0.0237880 secs] [Times: user=0.17 sys=0.01, real=0.02 secs] 
59350.181: [GC [PSYoungGen: 2659893K->5909K(2694080K)] 7499034K->4845138K(8155456K), 0.0220210 secs] [Times: user=0.16 sys=0.01, real=0.02 secs] 
59369.594: [GC [PSYoungGen: 2667285K->7916K(2692288K)] 7506514K->4847296K(8153664K), 0.0292130 secs] [Times: user=0.15 sys=0.01, real=0.03 secs] 
59430.558: [GC [PSYoungGen: 2669292K->12847K(2696256K)] 7508672K->4852355K(8157632K), 0.0327310 secs] [Times: user=0.21 sys=0.01, real=0.04 secs] 
59480.246: [GC [PSYoungGen: 2680303K->21475K(2695808K)] 7519811K->4861087K(8157184K), 0.0324090 secs] [Times: user=0.22 sys=0.00, real=0.04 secs] 
59501.714: [GC [PSYoungGen: 2688931K->16134K(2699456K)] 7528543K->4855826K(8160832K), 0.0283370 secs] [Times: user=0.20 sys=0.01, real=0.03 secs] 
59531.709: [GC [PSYoungGen: 2684550K->17382K(2685824K)] 7524242K->4857178K(8147200K), 0.0276670 secs] [Times: user=0.21 sys=0.00, real=0.03 secs] 
59562.866: [GC [PSYoungGen: 2685798K->19382K(2697344K)] 7525594K->4859186K(8158720K), 0.0288730 secs] [Times: user=0.20 sys=0.01, real=0.03 secs] 
59600.046: [GC [PSYoungGen: 2685238K->22119K(2688000K)] 7525042K->4862036K(8149376K), 0.0631320 secs] [Times: user=0.31 sys=0.15, real=0.06 secs] 
59831.577: [GC [PSYoungGen: 2687975K->25066K(2692096K)] 7527892K->4865062K(8153472K), 0.0384220 secs] [Times: user=0.24 sys=0.00, real=0.04 secs] 
60248.877: [GC [PSYoungGen: 2683114K->27620K(2685696K)] 7523110K->4868375K(8147072K), 0.0980320 secs] [Times: user=0.45 sys=0.21, real=0.10 secs] 
60519.617: [GC [PSYoungGen: 2685668K->25814K(2688832K)] 7526423K->4866584K(8150208K), 0.0422310 secs] [Times: user=0.25 sys=0.01, real=0.05 secs] 
60746.115: [GC [PSYoungGen: 2675670K->33413K(2683328K)] 7516440K->4874191K(8144704K), 0.0476920 secs] [Times: user=0.27 sys=0.00, real=0.05 secs] 
60779.845: [GC [PSYoungGen: 891510K->29173K(2683648K)] 5732288K->4869959K(8145024K), 0.0392000 secs] [Times: user=0.28 sys=0.01, real=0.04 secs] 
60779.884: [Full GC [PSYoungGen: 29173K->0K(2683648K)] [PSOldGen: 4840786K->4506033K(5461376K)] 4869959K->4506033K(8145024K) [PSPermGen: 86005K->68803K(86016K)], 20.1720450 secs] [Times: user=18.24 sys=1.92, real=20.17 secs] 
60818.166: [GC [PSYoungGen: 2639488K->18773K(2658304K)] 7145521K->4524806K(8119680K), 0.0435960 secs] [Times: user=0.22 sys=0.04, real=0.04 secs] 
60843.266: [GC [PSYoungGen: 2658261K->19736K(2686208K)] 7164294K->4525769K(8147584K), 0.0374550 secs] [Times: user=0.25 sys=0.04, real=0.03 secs] 
60880.432: [GC [PSYoungGen: 2662872K->22663K(2683968K)] 7168905K->4528696K(8145344K), 0.0334970 secs] [Times: user=0.24 sys=0.01, real=0.03 secs] 
60915.679: [GC [PSYoungGen: 2665799K->27236K(2685824K)] 7171832K->4533269K(8147200K), 0.0461040 secs] [Times: user=0.32 sys=0.01, real=0.05 secs] 
60951.697: [GC [PSYoungGen: 2673188K->26311K(2686592K)] 7179221K->4532344K(8147968K), 0.0342880 secs] [Times: user=0.23 sys=0.01, real=0.03 secs] 
60971.541: [GC [PSYoungGen: 2672263K->30167K(2687168K)] 7178296K->4536200K(8148544K), 0.0355760 secs] [Times: user=0.26 sys=0.02, real=0.04 secs] 
60998.087: [GC [PSYoungGen: 2676567K->31495K(2677952K)] 7182600K->4537528K(8139328K), 0.0361550 secs] [Times: user=0.26 sys=0.01, real=0.04 secs] 
61040.413: [GC [PSYoungGen: 2677895K->36203K(2681344K)] 7183928K->4542236K(8142720K), 0.0427080 secs] [Times: user=0.30 sys=0.00, real=0.05 secs] 
61072.999: [GC [PSYoungGen: 2673899K->34862K(2672576K)] 7179932K->4540895K(8133952K), 0.0343430 secs] [Times: user=0.26 sys=0.00, real=0.03 secs] 
61140.128: [GC [PSYoungGen: 2672558K->39429K(2676672K)] 7178591K->4545462K(8138048K), 0.0417490 secs] [Times: user=0.29 sys=0.01, real=0.05 secs] 
61207.888: [GC [PSYoungGen: 2667909K->43643K(2672128K)] 7173942K->4549676K(8133504K), 0.0453030 secs] [Times: user=0.31 sys=0.00, real=0.04 secs] 
61232.510: [GC [PSYoungGen: 2672123K->43326K(2669952K)] 7178156K->4549359K(8131328K), 0.0411070 secs] [Times: user=0.31 sys=0.01, real=0.04 secs] 
61256.828: [GC [PSYoungGen: 2658366K->44441K(2659520K)] 7164399K->4550474K(8120896K), 0.0428580 secs] [Times: user=0.30 sys=0.00, real=0.04 secs] 
61312.733: [GC [PSYoungGen: 2659481K->49026K(2662976K)] 7165514K->4555059K(8124352K), 0.0497350 secs] [Times: user=0.33 sys=0.00, real=0.05 secs] 
61393.378: [GC [PSYoungGen: 2651650K->52736K(2655424K)] 7157683K->4558769K(8116800K), 0.1259980 secs] [Times: user=0.58 sys=0.34, real=0.12 secs] 
61445.713: [GC [PSYoungGen: 2655360K->53200K(2655680K)] 7161393K->4569279K(8117056K), 0.0715300 secs] [Times: user=0.44 sys=0.04, real=0.08 secs] 
61470.221: [GC [PSYoungGen: 2640720K->47943K(2635520K)] 7156799K->4566656K(8096896K), 0.0445610 secs] [Times: user=0.32 sys=0.01, real=0.04 secs] 
61499.821: [GC [PSYoungGen: 2635463K->43543K(2659840K)] 7154176K->4564820K(8121216K), 0.0425870 secs] [Times: user=0.31 sys=0.01, real=0.05 secs] 
61529.880: [GC [PSYoungGen: 2631191K->44109K(2631808K)] 7152468K->4568608K(8093184K), 0.0453840 secs] [Times: user=0.31 sys=0.01, real=0.05 secs] 
61559.941: [GC [PSYoungGen: 2631757K->41447K(2659456K)] 7156256K->4566578K(8120832K), 0.0376890 secs] [Times: user=0.29 sys=0.00, real=0.03 secs] 
61596.765: [GC [PSYoungGen: 2631271K->40295K(2657280K)] 7156402K->4568286K(8118656K), 0.0390250 secs] [Times: user=0.29 sys=0.00, real=0.04 secs] 
61615.618: [GC [PSYoungGen: 2630119K->36119K(2660480K)] 7158110K->4566586K(8121856K), 0.0363350 secs] [Times: user=0.27 sys=0.00, real=0.03 secs] 
61651.531: [GC [PSYoungGen: 2631639K->36445K(2658496K)] 7162106K->4569751K(8119872K), 0.0384170 secs] [Times: user=0.28 sys=0.00, real=0.04 secs] 
61700.877: [GC [PSYoungGen: 2631965K->33792K(2665088K)] 7165271K->4567330K(8126464K), 0.0365930 secs] [Times: user=0.26 sys=0.00, real=0.04 secs] 
61752.167: [GC [PSYoungGen: 2637824K->33694K(2663744K)] 7171362K->4569183K(8125120K), 0.0382480 secs] [Times: user=0.27 sys=0.01, real=0.04 secs] 
61771.564: [GC [PSYoungGen: 2637726K->28672K(2668736K)] 7173215K->4569300K(8130112K), 0.0356370 secs] [Times: user=0.26 sys=0.01, real=0.03 secs] 
61790.811: [GC [PSYoungGen: 2639040K->25616K(2668224K)] 7179668K->4567604K(8129600K), 0.0297310 secs] [Times: user=0.23 sys=0.01, real=0.03 secs] 
61809.394: [GC [PSYoungGen: 2635984K->24833K(2672448K)] 7177972K->4568582K(8133824K), 0.0306710 secs] [Times: user=0.22 sys=0.01, real=0.03 secs] 
61829.372: [GC [PSYoungGen: 2639553K->20928K(2672128K)] 7183302K->4568573K(8133504K), 0.0301870 secs] [Times: user=0.23 sys=0.01, real=0.03 secs] 
61849.463: [GC [PSYoungGen: 2635648K->14736K(2671616K)] 7183293K->4568125K(8132992K), 0.0306980 secs] [Times: user=0.21 sys=0.02, real=0.03 secs] 
61869.481: [GC [PSYoungGen: 2628880K->8480K(2622656K)] 7182269K->4568933K(8084032K), 0.0269670 secs] [Times: user=0.20 sys=0.01, real=0.03 secs] 
61889.588: [GC [PSYoungGen: 2622624K->9885K(2670656K)] 7183077K->4570971K(8132032K), 0.0231780 secs] [Times: user=0.17 sys=0.00, real=0.02 secs] 
61910.367: [GC [PSYoungGen: 2621085K->5984K(2617216K)] 7182171K->4568821K(8078592K), 0.0225900 secs] [Times: user=0.17 sys=0.01, real=0.02 secs] 
61955.854: [GC [PSYoungGen: 2617184K->5528K(2670656K)] 7180021K->4569566K(8132032K), 0.0249550 secs] [Times: user=0.18 sys=0.01, real=0.03 secs] 
61982.980: [GC [PSYoungGen: 2616088K->4288K(2614912K)] 7180126K->4568901K(8076288K), 0.0198290 secs] [Times: user=0.14 sys=0.00, real=0.02 secs] 
62056.916: [GC [PSYoungGen: 2614848K->6001K(2671232K)] 7179461K->4570839K(8132608K), 0.0354670 secs] [Times: user=0.20 sys=0.04, real=0.03 secs] 
62105.865: [GC [PSYoungGen: 2617777K->4843K(2616640K)] 7182615K->4569809K(8078016K), 0.0251270 secs] [Times: user=0.17 sys=0.00, real=0.03 secs] 
62139.586: [GC [PSYoungGen: 2616619K->6360K(2671744K)] 7181585K->4571614K(8133120K), 0.0235260 secs] [Times: user=0.16 sys=0.00, real=0.02 secs] 
62179.700: [GC [PSYoungGen: 2621144K->6155K(2669888K)] 7186398K->4571665K(8131264K), 0.0246790 secs] [Times: user=0.17 sys=0.01, real=0.03 secs] 
62209.144: [GC [PSYoungGen: 2620939K->5579K(2673536K)] 7186449K->4571361K(8134912K), 0.0204260 secs] [Times: user=0.16 sys=0.01, real=0.03 secs] 
62251.644: [GC [PSYoungGen: 2626123K->7865K(2671744K)] 7191905K->4573727K(8133120K), 0.0298540 secs] [Times: user=0.18 sys=0.01, real=0.03 secs] 
62303.134: [GC [PSYoungGen: 2628409K->6283K(2677248K)] 7194271K->4572249K(8138624K), 0.0243260 secs] [Times: user=0.16 sys=0.01, real=0.03 secs] 
62363.736: [GC [PSYoungGen: 2634763K->18865K(2675200K)] 7200729K->4585015K(8136576K), 0.0411410 secs] [Times: user=0.25 sys=0.04, real=0.05 secs] 
62383.724: [GC [PSYoungGen: 2647345K->12628K(2681024K)] 7213495K->4578849K(8142400K), 0.0297820 secs] [Times: user=0.19 sys=0.02, real=0.03 secs] 
62416.611: [GC [PSYoungGen: 2650644K->7923K(2680512K)] 7216865K->4574201K(8141888K), 0.0293240 secs] [Times: user=0.18 sys=0.00, real=0.03 secs] 
62451.651: [GC [PSYoungGen: 2645939K->11907K(2685504K)] 7212217K->4578249K(8146880K), 0.0365890 secs] [Times: user=0.23 sys=0.01, real=0.03 secs] 
62483.092: [GC [PSYoungGen: 2659395K->12901K(2685632K)] 7225737K->4579314K(8147008K), 0.0343870 secs] [Times: user=0.20 sys=0.02, real=0.04 secs] 
62670.044: [GC [PSYoungGen: 2660389K->24911K(2688000K)] 7226802K->4591389K(8149376K), 0.0709600 secs] [Times: user=0.32 sys=0.09, real=0.07 secs] 
62832.114: [GC [PSYoungGen: 2677263K->31115K(2683520K)] 7243741K->4598081K(8144896K), 0.0545410 secs] [Times: user=0.32 sys=0.04, real=0.06 secs] 
63095.410: [GC [PSYoungGen: 2683467K->41649K(2672576K)] 7250433K->4612105K(8133952K), 0.0585740 secs] [Times: user=0.35 sys=0.03, real=0.06 secs] 
63265.229: [GC [PSYoungGen: 2672561K->49843K(2680768K)] 7243017K->4626298K(8142144K), 0.1542680 secs] [Times: user=0.68 sys=0.39, real=0.16 secs] 
63434.815: [GC [PSYoungGen: 2680755K->49844K(2638912K)] 7257210K->4637103K(8100288K), 0.1420230 secs] [Times: user=0.64 sys=0.33, real=0.15 secs] 
63683.371: [GC [PSYoungGen: 2638900K->63578K(2652672K)] 7226159K->4651435K(8114048K), 0.1459910 secs] [Times: user=0.67 sys=0.41, real=0.15 secs] 
63846.571: [GC [PSYoungGen: 2652634K->67126K(2631040K)] 7240491K->4654984K(8092416K), 0.1626030 secs] [Times: user=0.74 sys=0.46, real=0.16 secs] 
63979.663: [GC [PSYoungGen: 2620214K->76743K(2629888K)] 7208072K->4664600K(8091264K), 0.1349490 secs] [Times: user=0.65 sys=0.33, real=0.14 secs] 
64087.735: [GC [PSYoungGen: 2629831K->80916K(2611968K)] 7217688K->4668773K(8073344K), 0.1523470 secs] [Times: user=0.73 sys=0.40, real=0.15 secs] 
64191.358: [GC [PSYoungGen: 2593684K->85656K(2598464K)] 7181541K->4673663K(8059840K), 0.0713920 secs] [Times: user=0.51 sys=0.01, real=0.08 secs] 
64371.818: [GC [PSYoungGen: 2598424K->94951K(2590976K)] 7186431K->4683423K(8052352K), 0.1733760 secs] [Times: user=0.82 sys=0.45, real=0.17 secs] 
64404.875: [GC [PSYoungGen: 2567655K->89379K(2562112K)] 7156127K->4678651K(8023488K), 0.1576370 secs] [Times: user=0.76 sys=0.45, real=0.16 secs] 
64427.802: [GC [PSYoungGen: 2562083K->89313K(2586176K)] 7151355K->4678689K(8047552K), 0.0743280 secs] [Times: user=0.53 sys=0.05, real=0.08 secs] 
64482.131: [GC [PSYoungGen: 2540257K->93432K(2544384K)] 7129633K->4683031K(8005760K), 0.1669070 secs] [Times: user=0.76 sys=0.47, real=0.17 secs] 
64523.847: [GC [PSYoungGen: 2544376K->108894K(2568000K)] 7133975K->4699120K(8029376K), 0.1960190 secs] [Times: user=0.95 sys=0.51, real=0.20 secs] 
64593.612: [GC [PSYoungGen: 2532318K->111808K(2535296K)] 7122544K->4707778K(7996672K), 0.2039860 secs] [Times: user=0.88 sys=0.60, real=0.20 secs] 
64647.597: [GC [PSYoungGen: 2535232K->105312K(2561984K)] 7131202K->4708251K(8023360K), 0.1723410 secs] [Times: user=0.85 sys=0.50, real=0.18 secs] 
64671.148: [GC [PSYoungGen: 2505696K->94641K(2565504K)] 7108635K->4710374K(8026880K), 0.0936780 secs] [Times: user=0.61 sys=0.10, real=0.10 secs] 
64690.707: [GC [PSYoungGen: 2495025K->88359K(2555136K)] 7110758K->4708041K(8016512K), 0.1481420 secs] [Times: user=0.74 sys=0.41, real=0.15 secs] 
64729.833: [GC [PSYoungGen: 2490407K->79604K(2561152K)] 7110089K->4708543K(8022528K), 0.0742860 secs] [Times: user=0.49 sys=0.06, real=0.07 secs] 
64761.803: [GC [PSYoungGen: 2481652K->78995K(2558912K)] 7110591K->4715889K(8020288K), 0.0677670 secs] [Times: user=0.49 sys=0.01, real=0.07 secs] 
64795.109: [GC [PSYoungGen: 2498899K->70308K(2564480K)] 7135793K->4712366K(8025856K), 0.1221030 secs] [Times: user=0.64 sys=0.31, real=0.13 secs] 
64860.093: [GC [PSYoungGen: 2490212K->62478K(2578496K)] 7132270K->4712806K(8039872K), 0.0676450 secs] [Times: user=0.46 sys=0.05, real=0.07 secs] 
64923.893: [GC [PSYoungGen: 2509262K->58525K(2582400K)] 7159590K->4714713K(8043776K), 0.0621180 secs] [Times: user=0.41 sys=0.04, real=0.06 secs] 
64949.702: [GC [PSYoungGen: 2505309K->49672K(2590784K)] 7161497K->4713110K(8052160K), 0.0493510 secs] [Times: user=0.35 sys=0.02, real=0.05 secs] 
65016.769: [GC [PSYoungGen: 2512072K->50664K(2593344K)] 7175510K->4718034K(8054720K), 0.1009920 secs] [Times: user=0.48 sys=0.24, real=0.10 secs] 
65066.638: [GC [PSYoungGen: 2513064K->51800K(2593728K)] 7180434K->4719306K(8055104K), 0.0598810 secs] [Times: user=0.41 sys=0.05, real=0.06 secs] 
65111.578: [GC [PSYoungGen: 2522904K->54727K(2596800K)] 7190410K->4725461K(8058176K), 0.1043040 secs] [Times: user=0.49 sys=0.29, real=0.10 secs] 
65158.342: [GC [PSYoungGen: 2525831K->56629K(2597568K)] 7196565K->4730999K(8058944K), 0.1180000 secs] [Times: user=0.52 sys=0.31, real=0.12 secs] 
65210.807: [GC [PSYoungGen: 2539381K->61097K(2601024K)] 7213751K->4736079K(8062400K), 0.1152970 secs] [Times: user=0.59 sys=0.27, real=0.12 secs] 
65264.318: [GC [PSYoungGen: 2543849K->64896K(2603840K)] 7218831K->4743383K(8065216K), 0.1535090 secs] [Times: user=0.71 sys=0.36, real=0.16 secs] 
65346.627: [GC [PSYoungGen: 2563520K->62801K(2607552K)] 7242007K->4745270K(8068928K), 0.1434220 secs] [Times: user=0.65 sys=0.34, real=0.14 secs] 
65376.824: [GC [PSYoungGen: 2561425K->60630K(2615488K)] 7243894K->4743868K(8076864K), 0.0714770 secs] [Times: user=0.46 sys=0.06, real=0.07 secs] 
65404.121: [GC [PSYoungGen: 2577430K->58921K(2618432K)] 7260668K->4742822K(8079808K), 0.0557940 secs] [Times: user=0.38 sys=0.04, real=0.05 secs] 
65461.156: [GC [PSYoungGen: 2575721K->59708K(2623360K)] 7259622K->4745225K(8084736K), 0.0589200 secs] [Times: user=0.39 sys=0.02, real=0.06 secs] 
65520.411: [GC [PSYoungGen: 2589884K->62358K(2626240K)] 7275401K->4750928K(8087616K), 0.0701990 secs] [Times: user=0.46 sys=0.04, real=0.07 secs] 
65558.052: [GC [PSYoungGen: 2592534K->60306K(2629888K)] 7281104K->4749995K(8091264K), 0.0541140 secs] [Times: user=0.40 sys=0.01, real=0.06 secs] 
65591.535: [GC [PSYoungGen: 2601874K->63266K(2632128K)] 7291563K->4753660K(8093504K), 0.0559580 secs] [Times: user=0.39 sys=0.03, real=0.06 secs] 
65640.792: [GC [PSYoungGen: 2604834K->67081K(2638592K)] 7295228K->4757618K(8099968K), 0.1103880 secs] [Times: user=0.52 sys=0.30, real=0.11 secs] 
65670.435: [GC [PSYoungGen: 2619273K->67769K(2639104K)] 7309810K->4758371K(8100480K), 0.1299640 secs] [Times: user=0.58 sys=0.28, real=0.13 secs] 
65712.568: [GC [PSYoungGen: 2619961K->64486K(2640000K)] 7310563K->4758332K(8101376K), 0.1143340 secs] [Times: user=0.59 sys=0.29, real=0.11 secs] 
65789.099: [GC [PSYoungGen: 2622054K->70945K(2641728K)] 7315900K->4768235K(8103104K), 0.1486660 secs] [Times: user=0.69 sys=0.38, real=0.15 secs] 
65828.946: [GC [PSYoungGen: 2628513K->64221K(2643072K)] 7325803K->4765215K(8104448K), 0.0666230 secs] [Times: user=0.45 sys=0.05, real=0.06 secs] 
65886.228: [GC [PSYoungGen: 2625949K->69986K(2644480K)] 7326943K->4773368K(8105856K), 0.1472830 secs] [Times: user=0.66 sys=0.37, real=0.15 secs] 
65956.695: [GC [PSYoungGen: 2631714K->52927K(2647040K)] 7335096K->4774486K(8108416K), 0.1197090 secs] [Times: user=0.61 sys=0.28, real=0.12 secs] 
65988.496: [GC [PSYoungGen: 2617023K->54380K(2647360K)] 7338582K->4782335K(8108736K), 0.0623680 secs] [Times: user=0.40 sys=0.05, real=0.06 secs] 
66006.753: [GC [PSYoungGen: 2618476K->38811K(2643456K)] 7346431K->4772867K(8104832K), 0.0432290 secs] [Times: user=0.33 sys=0.01, real=0.04 secs] 
66043.158: [GC [PSYoungGen: 2599323K->38811K(2599360K)] 7333379K->4773323K(8060736K), 0.0383030 secs] [Times: user=0.29 sys=0.00, real=0.03 secs] 
66072.371: [GC [PSYoungGen: 2599323K->41320K(2644160K)] 7333835K->4776160K(8105536K), 0.0431200 secs] [Times: user=0.31 sys=0.01, real=0.05 secs] 
66107.816: [GC [PSYoungGen: 2599144K->47707K(2605568K)] 7333984K->4784263K(8066944K), 0.0448070 secs] [Times: user=0.34 sys=0.00, real=0.04 secs] 
66125.949: [GC [PSYoungGen: 2605531K->39739K(2643072K)] 7342087K->4780863K(8104448K), 0.0444560 secs] [Times: user=0.32 sys=0.01, real=0.04 secs] 
66163.447: [GC [PSYoungGen: 2597819K->39115K(2642880K)] 7338943K->4780671K(8104256K), 0.0415660 secs] [Times: user=0.32 sys=0.00, real=0.04 secs] 
66196.383: [GC [PSYoungGen: 2597195K->40365K(2644352K)] 7338751K->4785373K(8105728K), 0.0939050 secs] [Times: user=0.46 sys=0.24, real=0.09 secs] 
66296.404: [GC [PSYoungGen: 2601901K->36091K(2644736K)] 7346909K->4784463K(8106112K), 0.1052630 secs] [Times: user=0.50 sys=0.29, real=0.11 secs] 
66338.220: [GC [PSYoungGen: 2597627K->38258K(2645056K)] 7345999K->4787034K(8106432K), 0.0893650 secs] [Times: user=0.43 sys=0.20, real=0.09 secs] 
66365.452: [GC [PSYoungGen: 2603058K->34039K(2646144K)] 7351834K->4784713K(8107520K), 0.1044210 secs] [Times: user=0.34 sys=0.42, real=0.11 secs] 
66389.882: [GC [PSYoungGen: 2598839K->32685K(2647296K)] 7349513K->4791026K(8108672K), 0.0477360 secs] [Times: user=0.32 sys=0.03, real=0.05 secs] 
66412.832: [GC [PSYoungGen: 2601389K->29315K(2648448K)] 7359730K->4788744K(8109824K), 0.0690700 secs] [Times: user=0.37 sys=0.16, real=0.06 secs] 
66432.867: [GC [PSYoungGen: 2598019K->24717K(2649920K)] 7357448K->4789690K(8111296K), 0.0408520 secs] [Times: user=0.26 sys=0.03, real=0.04 secs] 
66454.232: [GC [PSYoungGen: 2596429K->22380K(2650688K)] 7361402K->4790603K(8112064K), 0.0307440 secs] [Times: user=0.23 sys=0.01, real=0.03 secs] 
66472.450: [GC [PSYoungGen: 2594092K->24440K(2649024K)] 7362315K->4794107K(8110400K), 0.0343880 secs] [Times: user=0.23 sys=0.01, real=0.04 secs] 
66500.552: [GC [PSYoungGen: 2597432K->21277K(2650496K)] 7367099K->4791168K(8111872K), 0.0596140 secs] [Times: user=0.30 sys=0.14, real=0.06 secs] 
66524.177: [GC [PSYoungGen: 2594269K->21009K(2649984K)] 7364160K->4791171K(8111360K), 0.0531030 secs] [Times: user=0.28 sys=0.12, real=0.06 secs] 
66579.307: [GC [PSYoungGen: 2597521K->26075K(2651840K)] 7367683K->4797738K(8113216K), 0.0644120 secs] [Times: user=0.32 sys=0.11, real=0.06 secs] 
66604.802: [GC [PSYoungGen: 2602587K->22897K(2652160K)] 7374250K->4795032K(8113536K), 0.0319820 secs] [Times: user=0.23 sys=0.01, real=0.03 secs] 
66628.940: [GC [PSYoungGen: 2605297K->25898K(2653440K)] 7377432K->4798121K(8114816K), 0.0357720 secs] [Times: user=0.24 sys=0.01, real=0.04 secs] 
66682.101: [GC [PSYoungGen: 2608298K->26750K(2655616K)] 7380521K->4802409K(8116992K), 0.0427110 secs] [Times: user=0.27 sys=0.02, real=0.05 secs] 
66723.390: [GC [PSYoungGen: 2617854K->25713K(2656960K)] 7393513K->4804711K(8118336K), 0.0425460 secs] [Times: user=0.29 sys=0.02, real=0.04 secs] 
66755.541: [GC [PSYoungGen: 2616817K->27089K(2660736K)] 7395815K->4806832K(8122112K), 0.0372210 secs] [Times: user=0.26 sys=0.01, real=0.04 secs] 
66795.321: [GC [PSYoungGen: 2628305K->28589K(2662272K)] 7408048K->4809818K(8123648K), 0.0780720 secs] [Times: user=0.39 sys=0.19, real=0.08 secs] 
66835.545: [GC [PSYoungGen: 2629805K->27148K(2666304K)] 7411034K->4808568K(8127680K), 0.0374620 secs] [Times: user=0.26 sys=0.02, real=0.03 secs] 
66866.116: [GC [PSYoungGen: 2638284K->23900K(2667392K)] 7419704K->4808572K(8128768K), 0.0407920 secs] [Times: user=0.26 sys=0.02, real=0.04 secs] 
66911.730: [GC [PSYoungGen: 2635036K->25017K(2671488K)] 7419708K->4809810K(8132864K), 0.0360310 secs] [Times: user=0.26 sys=0.00, real=0.04 secs] 
66960.342: [GC [PSYoungGen: 2644665K->24487K(2672704K)] 7429458K->4809360K(8134080K), 0.0379850 secs] [Times: user=0.27 sys=0.02, real=0.04 secs] 
67039.811: [GC [PSYoungGen: 2644135K->32662K(2676288K)] 7429008K->4818386K(8137664K), 0.0484070 secs] [Times: user=0.31 sys=0.03, real=0.05 secs] 
67062.063: [GC [PSYoungGen: 2658774K->38896K(2676736K)] 7444498K->4824873K(8138112K), 0.0495150 secs] [Times: user=0.34 sys=0.04, real=0.05 secs] 
67093.355: [GC [PSYoungGen: 2665008K->33152K(2678912K)] 7450985K->4819281K(8140288K), 0.0376560 secs] [Times: user=0.28 sys=0.00, real=0.04 secs] 
67150.093: [GC [PSYoungGen: 2660672K->35041K(2678528K)] 7446801K->4821410K(8139904K), 0.0854670 secs] [Times: user=0.44 sys=0.20, real=0.08 secs] 
67217.741: [GC [PSYoungGen: 2662561K->38854K(2677952K)] 7448930K->4829047K(8139328K), 0.1034090 secs] [Times: user=0.47 sys=0.29, real=0.10 secs] 
67282.763: [GC [PSYoungGen: 2666118K->34544K(2678912K)] 7456311K->4826658K(8140288K), 0.0892220 secs] [Times: user=0.40 sys=0.22, real=0.09 secs] 
67384.956: [GC [PSYoungGen: 2661808K->40661K(2677184K)] 7453922K->4834979K(8138560K), 0.0996850 secs] [Times: user=0.49 sys=0.23, real=0.10 secs] 
67508.315: [GC [PSYoungGen: 2667093K->45605K(2672064K)] 7461411K->4843233K(8133440K), 0.0997870 secs] [Times: user=0.50 sys=0.21, real=0.10 secs] 
67768.346: [GC [PSYoungGen: 2671254K->50685K(2667648K)] 7468881K->4851933K(8129024K), 0.0609200 secs] [Times: user=0.39 sys=0.02, real=0.06 secs] 
67918.519: [GC [PSYoungGen: 2663421K->58940K(2671680K)] 7464669K->4866308K(8133056K), 0.1545350 secs] [Times: user=0.69 sys=0.38, real=0.15 secs] 
68025.337: [GC [PSYoungGen: 2671676K->58939K(2638912K)] 7479044K->4875144K(8100288K), 0.1492880 secs] [Times: user=0.66 sys=0.38, real=0.15 secs] 
68207.679: [GC [PSYoungGen: 2638907K->69335K(2649344K)] 7455112K->4885756K(8110720K), 0.1608750 secs] [Times: user=0.77 sys=0.41, real=0.16 secs] 
68424.283: [GC [PSYoungGen: 2649303K->81277K(2622720K)] 7465724K->4904468K(8084096K), 0.2749770 secs] [Times: user=0.61 sys=1.24, real=0.27 secs] 
68582.492: [GC [PSYoungGen: 2622717K->85572K(2627072K)] 7445908K->4915727K(8088448K), 0.2042280 secs] [Times: user=0.94 sys=0.50, real=0.21 secs] 
68824.610: [GC [PSYoungGen: 2627012K->90415K(2609024K)] 7457167K->4920570K(8070400K), 0.1600920 secs] [Times: user=0.76 sys=0.42, real=0.16 secs] 
69102.613: [GC [PSYoungGen: 2595887K->104144K(2609664K)] 7426042K->4934299K(8071040K), 0.1993330 secs] [Times: user=0.84 sys=0.57, real=0.20 secs] 
70077.498: [GC [PSYoungGen: 2609616K->115035K(2574976K)] 7439771K->4945269K(8036352K), 0.2038810 secs] [Times: user=0.89 sys=0.52, real=0.20 secs] 
70949.368: [GC [PSYoungGen: 2569051K->108086K(2562112K)] 7399285K->4940901K(8023488K), 0.1846040 secs] [Times: user=0.85 sys=0.46, real=0.18 secs] 
71080.990: [GC [PSYoungGen: 2562102K->106999K(2572288K)] 7394917K->4940162K(8033664K), 0.1810360 secs] [Times: user=0.89 sys=0.46, real=0.18 secs] 
71201.500: [GC [PSYoungGen: 2532727K->108449K(2534208K)] 7365890K->4942032K(7995584K), 0.0952140 secs] [Times: user=0.67 sys=0.03, real=0.10 secs] 
71263.856: [GC [PSYoungGen: 2534177K->109761K(2565440K)] 7367760K->4943784K(8026816K), 0.0867440 secs] [Times: user=0.64 sys=0.02, real=0.09 secs] 
71284.871: [GC [PSYoungGen: 2517953K->102804K(2511040K)] 7351976K->4942439K(7972416K), 0.0798950 secs] [Times: user=0.62 sys=0.01, real=0.08 secs] 
71323.020: [GC [PSYoungGen: 2510996K->94404K(2572928K)] 7350631K->4940959K(8034304K), 0.0770410 secs] [Times: user=0.56 sys=0.02, real=0.07 secs] 
71356.567: [GC [PSYoungGen: 2506052K->87027K(2498688K)] 7352607K->4942959K(7960064K), 0.0758440 secs] [Times: user=0.54 sys=0.02, real=0.07 secs] 
71399.183: [GC [PSYoungGen: 2498675K->79944K(2568896K)] 7354607K->4943757K(8030272K), 0.0796880 secs] [Times: user=0.52 sys=0.02, real=0.08 secs] 
71419.342: [GC [PSYoungGen: 2497480K->70503K(2563008K)] 7361293K->4943464K(8024384K), 0.0685960 secs] [Times: user=0.50 sys=0.01, real=0.07 secs] 
71445.694: [GC [PSYoungGen: 2488039K->63383K(2578048K)] 7361000K->4942228K(8039424K), 0.0620770 secs] [Times: user=0.47 sys=0.01, real=0.06 secs] 
71486.776: [GC [PSYoungGen: 2499799K->56927K(2575424K)] 7378644K->4951646K(8036800K), 0.0703600 secs] [Times: user=0.50 sys=0.02, real=0.07 secs] 
71523.708: [GC [PSYoungGen: 2493343K->52155K(2588608K)] 7388062K->4952565K(8049984K), 0.0560960 secs] [Times: user=0.43 sys=0.01, real=0.05 secs] 
71587.386: [GC [PSYoungGen: 2503547K->47228K(2587200K)] 7403957K->4954533K(8048576K), 0.1133400 secs] [Times: user=0.55 sys=0.29, real=0.12 secs] 
71731.211: [GC [PSYoungGen: 2498620K->42758K(2593344K)] 7405925K->4960640K(8054720K), 0.1323430 secs] [Times: user=0.59 sys=0.30, real=0.13 secs] 
71771.323: [GC [PSYoungGen: 2501446K->38407K(2592256K)] 7419328K->4959198K(8053632K), 0.0488000 secs] [Times: user=0.35 sys=0.01, real=0.05 secs] 
71792.902: [GC [PSYoungGen: 2497095K->33554K(2595840K)] 7417886K->4955624K(8057216K), 0.0781180 secs] [Times: user=0.43 sys=0.18, real=0.08 secs] 
71812.501: [GC [PSYoungGen: 2496850K->24911K(2594944K)] 7418920K->4955921K(8056320K), 0.0453310 secs] [Times: user=0.32 sys=0.01, real=0.04 secs] 
71832.417: [GC [PSYoungGen: 2488207K->18572K(2597952K)] 7419217K->4955943K(8059328K), 0.0356500 secs] [Times: user=0.25 sys=0.01, real=0.03 secs] 
71851.647: [GC [PSYoungGen: 2485196K->22918K(2489600K)] 7422567K->4960993K(7950976K), 0.0333990 secs] [Times: user=0.25 sys=0.00, real=0.03 secs] 
71871.942: [GC [PSYoungGen: 2489542K->17953K(2599104K)] 7427617K->4956196K(8060480K), 0.0560090 secs] [Times: user=0.28 sys=0.12, real=0.05 secs] 
71892.667: [GC [PSYoungGen: 2487969K->19366K(2597248K)] 7426212K->4957761K(8058624K), 0.0332200 secs] [Times: user=0.23 sys=0.01, real=0.03 secs] 
71912.894: [GC [PSYoungGen: 2489382K->18909K(2600128K)] 7427777K->4957697K(8061504K), 0.0300860 secs] [Times: user=0.23 sys=0.01, real=0.03 secs] 
71933.231: [GC [PSYoungGen: 2496477K->18271K(2598720K)] 7435265K->4957857K(8060096K), 0.0340110 secs] [Times: user=0.22 sys=0.03, real=0.03 secs] 
71954.193: [GC [PSYoungGen: 2495839K->17916K(2605632K)] 7435425K->4957566K(8067008K), 0.0332540 secs] [Times: user=0.21 sys=0.00, real=0.03 secs] 
71996.954: [GC [PSYoungGen: 2508668K->16223K(2604480K)] 7448318K->4955953K(8065856K), 0.0338660 secs] [Times: user=0.22 sys=0.03, real=0.03 secs] 
72023.304: [GC [PSYoungGen: 2506975K->9823K(2614016K)] 7446705K->4956033K(8075392K), 0.0310530 secs] [Times: user=0.21 sys=0.02, real=0.03 secs] 
72105.398: [GC [PSYoungGen: 2514719K->8700K(2611968K)] 7460929K->4958146K(8073344K), 0.0341830 secs] [Times: user=0.21 sys=0.02, real=0.03 secs] 
72153.344: [GC [PSYoungGen: 2513596K->6639K(2620416K)] 7463042K->4956753K(8081792K), 0.0285830 secs] [Times: user=0.20 sys=0.01, real=0.03 secs] 
72187.581: [GC [PSYoungGen: 2524207K->5487K(2618368K)] 7474321K->4956541K(8079744K), 0.0285970 secs] [Times: user=0.19 sys=0.02, real=0.03 secs] 
72228.295: [GC [PSYoungGen: 2523055K->7856K(2625856K)] 7474109K->4959022K(8087232K), 0.0403110 secs] [Times: user=0.22 sys=0.04, real=0.04 secs] 
72257.043: [GC [PSYoungGen: 2538800K->5887K(2624512K)] 7489966K->4957189K(8085888K), 0.0286690 secs] [Times: user=0.20 sys=0.01, real=0.03 secs] 
72300.355: [GC [PSYoungGen: 2536831K->5839K(2633216K)] 7488133K->4957253K(8094592K), 0.0284740 secs] [Times: user=0.20 sys=0.01, real=0.02 secs] 
72339.049: [GC [PSYoungGen: 2551823K->8229K(2631936K)] 7503237K->4959771K(8093312K), 0.0313630 secs] [Times: user=0.20 sys=0.01, real=0.03 secs] 
72416.090: [GC [PSYoungGen: 2554213K->10113K(2640064K)] 7505755K->4961823K(8101440K), 0.0356980 secs] [Times: user=0.24 sys=0.02, real=0.03 secs] 
72504.300: [GC [PSYoungGen: 2572161K->21494K(2639040K)] 7523871K->4974035K(8100416K), 0.0515190 secs] [Times: user=0.28 sys=0.04, real=0.05 secs] 
72549.043: [GC [PSYoungGen: 2583542K->28850K(2649472K)] 7536083K->4981495K(8110848K), 0.0567450 secs] [Times: user=0.32 sys=0.06, real=0.06 secs] 
72569.687: [GC [PSYoungGen: 2606130K->27789K(2647808K)] 7558775K->4980515K(8109184K), 0.0457770 secs] [Times: user=0.29 sys=0.04, real=0.05 secs] 
72593.093: [GC [PSYoungGen: 2605069K->22706K(2655808K)] 7557795K->4975495K(8117184K), 0.0343720 secs] [Times: user=0.26 sys=0.00, real=0.04 secs] 
72627.966: [GC [PSYoungGen: 2614386K->25252K(2656064K)] 7567175K->4978105K(8117440K), 0.0407300 secs] [Times: user=0.28 sys=0.02, real=0.04 secs] 
72666.265: [GC [PSYoungGen: 2616932K->25346K(2663616K)] 7569785K->4978263K(8124992K), 0.0392290 secs] [Times: user=0.27 sys=0.02, real=0.04 secs] 
72696.472: [GC [PSYoungGen: 2629954K->28109K(2663680K)] 7582871K->4981098K(8125056K), 0.0406750 secs] [Times: user=0.29 sys=0.02, real=0.04 secs] 
72717.672: [GC [PSYoungGen: 2632717K->25700K(2668288K)] 7585706K->4979065K(8129664K), 0.0358080 secs] [Times: user=0.28 sys=0.01, real=0.04 secs] 
72752.777: [GC [PSYoungGen: 2639588K->29214K(2669248K)] 7592953K->4982795K(8130624K), 0.0363950 secs] [Times: user=0.27 sys=0.01, real=0.04 secs] 
72797.779: [GC [PSYoungGen: 2643102K->30099K(2673856K)] 7596683K->4983760K(8135232K), 0.0791780 secs] [Times: user=0.41 sys=0.19, real=0.08 secs] 
72874.369: [GC [PSYoungGen: 2650835K->28563K(2674624K)] 7604496K->4982569K(8136000K), 0.0427480 secs] [Times: user=0.30 sys=0.02, real=0.04 secs] 
72900.554: [GC [PSYoungGen: 2649299K->34180K(2675456K)] 7603305K->4988257K(8136832K), 0.0419140 secs] [Times: user=0.32 sys=0.01, real=0.04 secs] 
72966.735: [GC [PSYoungGen: 2657028K->39633K(2662528K)] 7611105K->4993782K(8123904K), 0.0504470 secs] [Times: user=0.34 sys=0.03, real=0.05 secs] 
73031.753: [GC [PSYoungGen: 2662472K->44900K(2667264K)] 7616621K->4999137K(8128640K), 0.1113050 secs] [Times: user=0.51 sys=0.26, real=0.11 secs] 
73098.931: [GC [PSYoungGen: 2656356K->58163K(2669632K)] 7610593K->5016722K(8131008K), 0.1787090 secs] [Times: user=0.52 sys=0.60, real=0.18 secs] 
73179.931: [GC [PSYoungGen: 2669619K->60990K(2637632K)] 7628178K->5025691K(8099008K), 0.1266070 secs] [Times: user=0.64 sys=0.28, real=0.13 secs] 
73203.860: [GC [PSYoungGen: 2637630K->54570K(2631232K)] 7602331K->5022407K(8092608K), 0.0600960 secs] [Times: user=0.36 sys=0.01, real=0.06 secs] 
73228.247: [GC [PSYoungGen: 2631210K->54740K(2646208K)] 7599047K->5022577K(8107584K), 0.0561880 secs] [Times: user=0.41 sys=0.02, real=0.06 secs] 
73265.534: [GC [PSYoungGen: 2621012K->53156K(2619456K)] 7588849K->5022870K(8080832K), 0.0492890 secs] [Times: user=0.37 sys=0.00, real=0.05 secs] 
73300.431: [GC [PSYoungGen: 2619428K->57117K(2643648K)] 7589142K->5029327K(8105024K), 0.1178980 secs] [Times: user=0.56 sys=0.20, real=0.11 secs] 
73337.702: [GC [PSYoungGen: 2617629K->52292K(2645568K)] 7589839K->5025310K(8106944K), 0.0622840 secs] [Times: user=0.41 sys=0.03, real=0.06 secs] 
73592.431: [GC [PSYoungGen: 2612804K->64279K(2638592K)] 7585822K->5037873K(8099968K), 0.1385220 secs] [Times: user=0.62 sys=0.38, real=0.14 secs] 
73795.911: [GC [PSYoungGen: 2618263K->77443K(2631488K)] 7591857K->5051117K(8092864K), 0.1598900 secs] [Times: user=0.68 sys=0.39, real=0.16 secs] 
73939.641: [GC [PSYoungGen: 2631427K->75339K(2624192K)] 7605101K->5051548K(8085568K), 0.1366260 secs] [Times: user=0.62 sys=0.35, real=0.14 secs] 
74142.427: [GC [PSYoungGen: 2603595K->78631K(2606912K)] 7579804K->5054913K(8068288K), 0.1356950 secs] [Times: user=0.68 sys=0.32, real=0.13 secs] 
74309.435: [GC [PSYoungGen: 2606887K->92851K(2605952K)] 7583169K->5069309K(8067328K), 0.0906540 secs] [Times: user=0.60 sys=0.07, real=0.09 secs] 
74528.311: [GC [PSYoungGen: 2592435K->92901K(2592512K)] 7568893K->5075791K(8053888K), 0.1828230 secs] [Times: user=0.80 sys=0.49, real=0.18 secs] 
74770.195: [GC [PSYoungGen: 2592485K->87060K(2601088K)] 7575375K->5073474K(8062464K), 0.1574230 secs] [Times: user=0.74 sys=0.42, real=0.16 secs] 
74925.862: [GC [PSYoungGen: 2565396K->91776K(2570176K)] 7551810K->5079178K(8031552K), 0.0843760 secs] [Times: user=0.59 sys=0.03, real=0.08 secs] 
75058.023: [GC [PSYoungGen: 2570112K->93517K(2593152K)] 7557514K->5083639K(8054528K), 0.0807130 secs] [Times: user=0.56 sys=0.03, real=0.08 secs] 
75319.865: [GC [PSYoungGen: 2556365K->101313K(2564224K)] 7546487K->5094491K(8025600K), 0.1680490 secs] [Times: user=0.79 sys=0.45, real=0.17 secs] 
75471.280: [GC [PSYoungGen: 2564161K->104676K(2580864K)] 7557339K->5100840K(8042240K), 0.1991440 secs] [Times: user=0.80 sys=0.62, real=0.19 secs] 
75576.605: [GC [PSYoungGen: 2546276K->108107K(2549760K)] 7542440K->5105311K(8011136K), 0.1836890 secs] [Times: user=0.87 sys=0.48, real=0.19 secs] 
75597.237: [GC [PSYoungGen: 2549707K->103506K(2576960K)] 7546911K->5101018K(8038336K), 0.0871500 secs] [Times: user=0.63 sys=0.05, real=0.09 secs] 
75621.752: [GC [PSYoungGen: 2530898K->101600K(2529024K)] 7528410K->5100316K(7990400K), 0.0794310 secs] [Times: user=0.51 sys=0.00, real=0.07 secs] 
75658.949: [GC [PSYoungGen: 2528992K->103448K(2577408K)] 7527708K->5102988K(8038784K), 0.0770540 secs] [Times: user=0.57 sys=0.00, real=0.07 secs] 
75692.384: [GC [PSYoungGen: 2528792K->99564K(2524928K)] 7528332K->5107260K(7986304K), 0.1859510 secs] [Times: user=0.89 sys=0.51, real=0.18 secs] 
75743.008: [GC [PSYoungGen: 2524908K->93025K(2581120K)] 7532604K->5106839K(8042496K), 0.0848690 secs] [Times: user=0.60 sys=0.05, real=0.09 secs] 
75762.696: [GC [PSYoungGen: 2523041K->83727K(2513792K)] 7536855K->5105985K(7975168K), 0.0730710 secs] [Times: user=0.52 sys=0.02, real=0.07 secs] 
75783.680: [GC [PSYoungGen: 2513743K->81319K(2578688K)] 7536001K->5109054K(8040064K), 0.0698890 secs] [Times: user=0.50 sys=0.02, real=0.07 secs] 
75827.285: [GC [PSYoungGen: 2518311K->64740K(2574208K)] 7546046K->5107792K(8035584K), 0.1380400 secs] [Times: user=0.68 sys=0.32, real=0.14 secs] 
75860.697: [GC [PSYoungGen: 2501732K->46450K(2586176K)] 7544784K->5106281K(8047552K), 0.0718420 secs] [Times: user=0.48 sys=0.07, real=0.07 secs] 
75905.998: [GC [PSYoungGen: 2496818K->48994K(2587520K)] 7556649K->5109233K(8048896K), 0.0502140 secs] [Times: user=0.38 sys=0.00, real=0.05 secs] 
76001.261: [GC [PSYoungGen: 2499362K->55039K(2588928K)] 7559601K->5122429K(8050304K), 0.1399750 secs] [Times: user=0.66 sys=0.35, real=0.14 secs] 
76084.394: [GC [PSYoungGen: 2511679K->51511K(2591360K)] 7579069K->5125170K(8052736K), 0.1270340 secs] [Times: user=0.60 sys=0.34, real=0.13 secs] 
76122.622: [GC [PSYoungGen: 2508151K->49798K(2591168K)] 7581810K->5130641K(8052544K), 0.1171410 secs] [Times: user=0.58 sys=0.29, real=0.12 secs] 
76167.967: [GC [PSYoungGen: 2512902K->45428K(2593792K)] 7593745K->5131514K(8055168K), 0.1231770 secs] [Times: user=0.59 sys=0.30, real=0.12 secs] 
76215.765: [GC [PSYoungGen: 2508532K->42552K(2595456K)] 7594618K->5133782K(8056832K), 0.1028470 secs] [Times: user=0.51 sys=0.26, real=0.10 secs] 
76243.529: [GC [PSYoungGen: 2513528K->45862K(2598144K)] 7604758K->5137755K(8059520K), 0.0548420 secs] [Times: user=0.36 sys=0.03, real=0.06 secs] 
76269.607: [GC [PSYoungGen: 2516838K->49023K(2596288K)] 7608731K->5141969K(8057664K), 0.0525700 secs] [Times: user=0.35 sys=0.03, real=0.05 secs] 
76315.921: [GC [PSYoungGen: 2528127K->47769K(2599808K)] 7621073K->5142658K(8061184K), 0.1010750 secs] [Times: user=0.52 sys=0.22, real=0.10 secs] 
76351.173: [GC [PSYoungGen: 2526873K->48218K(2602816K)] 7621762K->5145204K(8064192K), 0.0547210 secs] [Times: user=0.36 sys=0.02, real=0.05 secs] 
76412.066: [GC [PSYoungGen: 2540890K->50569K(2606400K)] 7637876K->5148275K(8067776K), 0.1177040 secs] [Times: user=0.59 sys=0.28, real=0.12 secs] 
76477.668: [GC [PSYoungGen: 2543241K->56230K(2607808K)] 7640947K->5154007K(8069184K), 0.0618650 secs] [Times: user=0.42 sys=0.04, real=0.06 secs] 
76554.710: [GC [PSYoungGen: 2563366K->61260K(2612160K)] 7661143K->5159206K(8073536K), 0.0685440 secs] [Times: user=0.41 sys=0.04, real=0.06 secs] 
76593.310: [GC [PSYoungGen: 2568396K->60690K(2617920K)] 7666342K->5158780K(8079296K), 0.1268200 secs] [Times: user=0.63 sys=0.34, real=0.13 secs] 
76631.549: [GC [PSYoungGen: 2584850K->60478K(2622144K)] 7682940K->5158920K(8083520K), 0.1209340 secs] [Times: user=0.59 sys=0.29, real=0.12 secs] 
76745.011: [GC [PSYoungGen: 2584638K->73724K(2631616K)] 7683080K->5175618K(8092992K), 0.1607870 secs] [Times: user=0.74 sys=0.41, real=0.16 secs] 
76776.378: [GC [PSYoungGen: 2610684K->85044K(2622016K)] 7712578K->5193606K(8083392K), 0.0920840 secs] [Times: user=0.57 sys=0.08, real=0.09 secs] 
76868.362: [GC [PSYoungGen: 2622004K->81239K(2622784K)] 7730566K->5194601K(8084160K), 0.1526100 secs] [Times: user=0.76 sys=0.38, real=0.15 secs] 
76910.245: [GC [PSYoungGen: 2601943K->79154K(2599872K)] 7715305K->5195866K(8061248K), 0.0863930 secs] [Times: user=0.51 sys=0.05, real=0.09 secs] 
76927.683: [GC [PSYoungGen: 2599858K->84233K(2619008K)] 7716570K->5204369K(8080384K), 0.0669660 secs] [Times: user=0.49 sys=0.02, real=0.07 secs] 
76957.348: [GC [PSYoungGen: 2597001K->67516K(2580288K)] 7717137K->5193319K(8041664K), 0.1225210 secs] [Times: user=0.59 sys=0.33, real=0.12 secs] 
76991.517: [GC [PSYoungGen: 2580284K->64074K(2623488K)] 7706087K->5194686K(8084864K), 0.0659650 secs] [Times: user=0.45 sys=0.05, real=0.06 secs] 
77030.356: [GC [PSYoungGen: 2582602K->69593K(2620416K)] 7713214K->5203414K(8081792K), 0.1162370 secs] [Times: user=0.59 sys=0.28, real=0.12 secs] 
77051.460: [GC [PSYoungGen: 2588121K->69553K(2625408K)] 7721942K->5203878K(8086784K), 0.0665030 secs] [Times: user=0.45 sys=0.04, real=0.07 secs] 
77076.889: [GC [PSYoungGen: 2595761K->62097K(2622976K)] 7730086K->5198486K(8084352K), 0.0533430 secs] [Times: user=0.41 sys=0.00, real=0.05 secs] 
77111.877: [GC [PSYoungGen: 2588305K->61262K(2631232K)] 7724694K->5200012K(8092608K), 0.0558620 secs] [Times: user=0.40 sys=0.00, real=0.06 secs] 
77177.252: [GC [PSYoungGen: 2597646K->59537K(2629504K)] 7736396K->5205795K(8090880K), 0.1308450 secs] [Times: user=0.59 sys=0.40, real=0.13 secs] 
77282.326: [GC [PSYoungGen: 2595921K->63835K(2635328K)] 7742179K->5213801K(8096704K), 0.1406250 secs] [Times: user=0.60 sys=0.38, real=0.14 secs] 
77334.725: [GC [PSYoungGen: 2608662K->66800K(2634368K)] 7758628K->5217014K(8095744K), 0.0740110 secs] [Times: user=0.48 sys=0.07, real=0.07 secs] 
77387.627: [GC [PSYoungGen: 2611632K->65676K(2638976K)] 7761846K->5216894K(8100352K), 0.1184320 secs] [Times: user=0.59 sys=0.26, real=0.12 secs] 
77407.238: [GC [PSYoungGen: 2618380K->60119K(2638144K)] 7769598K->5222317K(8099520K), 0.0824530 secs] [Times: user=0.51 sys=0.05, real=0.08 secs] 
77446.098: [GC [PSYoungGen: 2612823K->40066K(2640896K)] 7775021K->5219961K(8102272K), 0.1135200 secs] [Times: user=0.55 sys=0.25, real=0.12 secs] 
77488.395: [GC [PSYoungGen: 2596546K->36513K(2593024K)] 7776441K->5220365K(8054400K), 0.0876320 secs] [Times: user=0.47 sys=0.20, real=0.09 secs] 
77524.442: [GC [PSYoungGen: 2592993K->36427K(2639424K)] 7776845K->5221286K(8100800K), 0.0435980 secs] [Times: user=0.32 sys=0.00, real=0.05 secs] 
77609.833: [GC [PSYoungGen: 2586955K->40584K(2640576K)] 7771814K->5225604K(8101952K), 0.0956970 secs] [Times: user=0.49 sys=0.22, real=0.10 secs] 
77794.205: [GC [PSYoungGen: 2591112K->50115K(2635520K)] 7776132K->5235358K(8096896K), 0.1216310 secs] [Times: user=0.55 sys=0.32, real=0.12 secs] 
77939.230: [GC [PSYoungGen: 2600963K->61485K(2638208K)] 7786206K->5248161K(8099584K), 0.1340350 secs] [Times: user=0.65 sys=0.32, real=0.13 secs] 
78120.068: [GC [PSYoungGen: 2612333K->64447K(2642432K)] 7799009K->5251659K(8103808K), 0.1526920 secs] [Times: user=0.69 sys=0.40, real=0.16 secs] 
78229.234: [GC [PSYoungGen: 2621311K->65765K(2643328K)] 7808523K->5256221K(8104704K), 0.1412920 secs] [Times: user=0.69 sys=0.34, real=0.14 secs] 
78334.170: [GC [PSYoungGen: 2622629K->76824K(2635584K)] 7813085K->5267488K(8096960K), 0.1670050 secs] [Times: user=0.80 sys=0.40, real=0.17 secs] 
78416.352: [GC [PSYoungGen: 2625560K->80209K(2628992K)] 7816224K->5271009K(8090368K), 0.1687920 secs] [Times: user=0.80 sys=0.47, real=0.17 secs] 
78461.156: [GC [PSYoungGen: 2628945K->78743K(2629312K)] 7819745K->5275383K(8090688K), 0.1671170 secs] [Times: user=0.75 sys=0.41, real=0.17 secs] 
78498.681: [GC [PSYoungGen: 2612631K->72845K(2632256K)] 7809271K->5273013K(8093632K), 0.1542400 secs] [Times: user=0.67 sys=0.34, real=0.15 secs] 
78549.017: [GC [PSYoungGen: 2606733K->66718K(2627136K)] 7806901K->5272901K(8088512K), 0.0771340 secs] [Times: user=0.48 sys=0.02, real=0.08 secs] 
78588.728: [GC [PSYoungGen: 2600606K->71403K(2629696K)] 7806789K->5278450K(8091072K), 0.0678580 secs] [Times: user=0.43 sys=0.00, real=0.07 secs] 
78628.234: [GC [PSYoungGen: 2605291K->72646K(2633600K)] 7812338K->5281028K(8094976K), 0.0611150 secs] [Times: user=0.46 sys=0.00, real=0.07 secs] 
78679.870: [GC [PSYoungGen: 2612230K->74523K(2634496K)] 7820612K->5283998K(8095872K), 0.0661430 secs] [Times: user=0.46 sys=0.01, real=0.07 secs] 
78793.496: [GC [PSYoungGen: 2614107K->79074K(2632000K)] 7823582K->5289473K(8093376K), 0.2510700 secs] [Times: user=0.54 sys=1.01, real=0.25 secs] 
78836.725: [GC [PSYoungGen: 2615906K->82914K(2619776K)] 7826305K->5294233K(8081152K), 0.1589980 secs] [Times: user=0.76 sys=0.43, real=0.16 secs] 
78861.322: [GC [PSYoungGen: 2619746K->74869K(2632192K)] 7831065K->5290856K(8093568K), 0.0685950 secs] [Times: user=0.51 sys=0.03, real=0.07 secs] 
78881.409: [GC [PSYoungGen: 2607605K->69712K(2602496K)] 7823592K->5292448K(8063872K), 0.1524230 secs] [Times: user=0.73 sys=0.42, real=0.15 secs] 
78899.980: [GC [PSYoungGen: 2602448K->61573K(2629504K)] 7825184K->5293217K(8090880K), 0.0677270 secs] [Times: user=0.48 sys=0.03, real=0.07 secs] 
78920.199: [GC [PSYoungGen: 2595397K->59650K(2628416K)] 7827041K->5295475K(8089792K), 0.0594180 secs] [Times: user=0.42 sys=0.00, real=0.05 secs] 
78946.997: [GC [PSYoungGen: 2593474K->53095K(2634048K)] 7829299K->5296663K(8095424K), 0.1193150 secs] [Times: user=0.61 sys=0.29, real=0.12 secs] 
78969.339: [GC [PSYoungGen: 2593447K->44438K(2634048K)] 7837015K->5297483K(8095424K), 0.1125440 secs] [Times: user=0.58 sys=0.27, real=0.11 secs] 
78993.308: [GC [PSYoungGen: 2584790K->43309K(2634688K)] 7837835K->5303170K(8096064K), 0.0995390 secs] [Times: user=0.52 sys=0.24, real=0.10 secs] 
79014.678: [GC [PSYoungGen: 2583213K->43797K(2635264K)] 7843074K->5305602K(8096640K), 0.0940250 secs] [Times: user=0.50 sys=0.21, real=0.09 secs] 
79037.337: [GC [PSYoungGen: 2583701K->40791K(2635008K)] 7845506K->5302900K(8096384K), 0.0869450 secs] [Times: user=0.47 sys=0.18, real=0.08 secs] 
79057.347: [GC [PSYoungGen: 2580823K->37222K(2635200K)] 7842932K->5300939K(8096576K), 0.0442750 secs] [Times: user=0.32 sys=0.01, real=0.05 secs] 
79081.508: [GC [PSYoungGen: 2577254K->33005K(2635264K)] 7840971K->5301018K(8096640K), 0.0455280 secs] [Times: user=0.30 sys=0.01, real=0.05 secs] 
79107.323: [GC [PSYoungGen: 2573165K->31448K(2571648K)] 7841178K->5303616K(8033024K), 0.0453410 secs] [Times: user=0.30 sys=0.00, real=0.05 secs] 
79171.597: [GC [PSYoungGen: 2571608K->33414K(2636480K)] 7843776K->5306357K(8097856K), 0.0459580 secs] [Times: user=0.32 sys=0.00, real=0.04 secs] 
79220.971: [GC [PSYoungGen: 2574918K->29093K(2570624K)] 7847861K->5305924K(8032000K), 0.0450630 secs] [Times: user=0.31 sys=0.01, real=0.05 secs] 
79255.974: [GC [PSYoungGen: 2570597K->22597K(2635008K)] 7847428K->5306561K(8096384K), 0.0406710 secs] [Times: user=0.30 sys=0.01, real=0.04 secs] 
79295.446: [GC [PSYoungGen: 2564677K->26419K(2634816K)] 7848641K->5311290K(8096192K), 0.0398140 secs] [Times: user=0.30 sys=0.00, real=0.04 secs] 
79326.787: [GC [PSYoungGen: 2568499K->24229K(2636352K)] 7853370K->5310397K(8097728K), 0.0360510 secs] [Times: user=0.27 sys=0.00, real=0.04 secs] 
79362.026: [GC [PSYoungGen: 2570725K->28934K(2636224K)] 7856893K->5316125K(8097600K), 0.0818820 secs] [Times: user=0.41 sys=0.18, real=0.08 secs] 
79420.116: [GC [PSYoungGen: 2575430K->38636K(2635008K)] 7862621K->5326355K(8096384K), 0.0879610 secs] [Times: user=0.44 sys=0.21, real=0.09 secs] 
79497.922: [GC [PSYoungGen: 2592492K->37997K(2636544K)] 7880211K->5329072K(8097920K), 0.1184090 secs] [Times: user=0.52 sys=0.32, real=0.12 secs] 
79589.699: [GC [PSYoungGen: 2591853K->45692K(2646208K)] 7882928K->5337994K(8107584K), 0.1324530 secs] [Times: user=0.58 sys=0.31, real=0.13 secs] 
79636.669: [GC [PSYoungGen: 2614204K->41516K(2645568K)] 7906506K->5335191K(8106944K), 0.0568640 secs] [Times: user=0.35 sys=0.06, real=0.06 secs] 
79671.753: [GC [PSYoungGen: 2610028K->38935K(2650496K)] 7903703K->5334257K(8111872K), 0.0483850 secs] [Times: user=0.31 sys=0.00, real=0.05 secs] 
79704.424: [GC [PSYoungGen: 2617879K->41106K(2649664K)] 7913201K->5337364K(8111040K), 0.0984220 secs] [Times: user=0.49 sys=0.24, real=0.09 secs] 
79756.064: [GC [PSYoungGen: 2620050K->42020K(2657728K)] 7916308K->5338614K(8119104K), 0.0507440 secs] [Times: user=0.34 sys=0.03, real=0.05 secs] 
79785.649: [GC [PSYoungGen: 2632548K->39264K(2656320K)] 7929142K->5336881K(8117696K), 0.0462740 secs] [Times: user=0.32 sys=0.03, real=0.05 secs] 
79826.999: [GC [PSYoungGen: 2629792K->40944K(2662720K)] 7927409K->5339761K(8124096K), 0.0468980 secs] [Times: user=0.34 sys=0.01, real=0.05 secs] 
79869.682: [GC [PSYoungGen: 2640688K->43154K(2661120K)] 7939505K->5344275K(8122496K), 0.0521710 secs] [Times: user=0.35 sys=0.04, real=0.05 secs] 
79931.546: [GC [PSYoungGen: 2642898K->45373K(2666688K)] 7944019K->5348339K(8128064K), 0.1079210 secs] [Times: user=0.52 sys=0.28, real=0.11 secs] 
79994.825: [GC [PSYoungGen: 2651837K->60024K(2666496K)] 7954803K->5367638K(8127872K), 0.1607690 secs] [Times: user=0.72 sys=0.43, real=0.16 secs] 
80043.551: [GC [PSYoungGen: 2666488K->63008K(2651392K)] 7974102K->5374211K(8112768K), 0.1437570 secs] [Times: user=0.67 sys=0.40, real=0.15 secs] 
80066.532: [GC [PSYoungGen: 2650272K->60276K(2647552K)] 7961475K->5371479K(8108928K), 0.0630170 secs] [Times: user=0.44 sys=0.05, real=0.06 secs] 
80083.943: [GC [PSYoungGen: 2647540K->58707K(2652928K)] 7958743K->5373366K(8114304K), 0.0569760 secs] [Times: user=0.41 sys=0.01, real=0.06 secs] 
80122.747: [GC [PSYoungGen: 2637139K->57425K(2635904K)] 7951798K->5378483K(8097280K), 0.1450100 secs] [Times: user=0.64 sys=0.40, real=0.14 secs] 
80194.477: [GC [PSYoungGen: 2635857K->61625K(2650176K)] 7956915K->5384516K(8111552K), 0.1295400 secs] [Times: user=0.64 sys=0.32, real=0.13 secs] 
80230.871: [GC [PSYoungGen: 2635065K->51394K(2624896K)] 7957956K->5379013K(8086272K), 0.1113200 secs] [Times: user=0.53 sys=0.28, real=0.11 secs] 
80265.674: [GC [PSYoungGen: 2624834K->54127K(2652672K)] 7952453K->5383090K(8114048K), 0.0610840 secs] [Times: user=0.37 sys=0.01, real=0.06 secs] 
80283.771: [GC [PSYoungGen: 2630639K->62244K(2651456K)] 7959602K->5392399K(8112832K), 0.0621680 secs] [Times: user=0.44 sys=0.04, real=0.06 secs] 
80324.553: [GC [PSYoungGen: 2638756K->52724K(2653120K)] 7968911K->5384991K(8114496K), 0.0509190 secs] [Times: user=0.37 sys=0.00, real=0.05 secs] 
80358.800: [GC [PSYoungGen: 2631668K->55018K(2653504K)] 7963935K->5387837K(8114880K), 0.0545150 secs] [Times: user=0.39 sys=0.00, real=0.05 secs] 
80439.436: [GC [PSYoungGen: 2633962K->56662K(2655552K)] 7966781K->5389681K(8116928K), 0.0522120 secs] [Times: user=0.37 sys=0.01, real=0.05 secs] 
80486.116: [GC [PSYoungGen: 2639062K->56468K(2655296K)] 7972081K->5392699K(8116672K), 0.1247320 secs] [Times: user=0.62 sys=0.31, real=2.58 secs] 
80524.712: [GC [PSYoungGen: 2638868K->49824K(2655936K)] 7975099K->5390473K(8117312K), 0.1131160 secs] [Times: user=0.58 sys=0.30, real=0.12 secs] 
80591.639: [GC [PSYoungGen: 2635296K->57172K(2656384K)] 7975945K->5398409K(8117760K), 0.1205540 secs] [Times: user=0.57 sys=0.32, real=0.12 secs] 
80646.780: [GC [PSYoungGen: 2642644K->43750K(2659264K)] 7983881K->5399430K(8120640K), 0.1072360 secs] [Times: user=0.56 sys=0.25, real=0.11 secs] 
80682.159: [GC [PSYoungGen: 2632742K->42160K(2659584K)] 7988422K->5402386K(8120960K), 0.0542110 secs] [Times: user=0.36 sys=0.01, real=0.05 secs] 
80730.264: [GC [PSYoungGen: 2631152K->42623K(2659008K)] 7991378K->5405974K(8120384K), 0.0989660 secs] [Times: user=0.50 sys=0.24, real=0.10 secs] 
80824.880: [GC [PSYoungGen: 2632191K->50089K(2639680K)] 7995542K->5414471K(8101056K), 0.1289140 secs] [Times: user=0.58 sys=0.32, real=0.13 secs] 
80888.606: [GC [PSYoungGen: 2639657K->53103K(2660096K)] 8004039K->5418625K(8121472K), 0.1033210 secs] [Times: user=0.54 sys=0.23, real=0.11 secs] 
80908.405: [GC [PSYoungGen: 2645039K->40234K(2659328K)] 8010561K->5407849K(8120704K), 0.0468970 secs] [Times: user=0.35 sys=0.01, real=0.05 secs] 
80940.963: [GC [PSYoungGen: 2632170K->43290K(2662528K)] 7999785K->5412601K(8123904K), 0.0442270 secs] [Times: user=0.34 sys=0.00, real=0.05 secs] 
80972.714: [GC [PSYoungGen: 2639066K->43548K(2662528K)] 8008377K->5415379K(8123904K), 0.0489010 secs] [Times: user=0.34 sys=0.02, real=0.05 secs] 
81011.160: [GC [PSYoungGen: 2639324K->41178K(2663360K)] 8011155K->5415233K(8124736K), 0.0445030 secs] [Times: user=0.34 sys=0.01, real=0.04 secs] 
81095.956: [GC [PSYoungGen: 2638810K->44935K(2663040K)] 8012865K->5421662K(8124416K), 0.1079420 secs] [Times: user=0.52 sys=0.25, real=0.11 secs] 
81370.071: [GC [PSYoungGen: 2642567K->55535K(2662272K)] 8019294K->5433358K(8123648K), 0.1536940 secs] [Times: user=0.64 sys=0.38, real=0.15 secs] 
81699.535: [GC [PSYoungGen: 2653679K->58306K(2656512K)] 8031502K->5440437K(8117888K), 0.1556080 secs] [Times: user=0.65 sys=0.38, real=0.16 secs] 
81858.550: [GC [PSYoungGen: 2656450K->59510K(2659200K)] 8038581K->5442021K(8120576K), 0.1259360 secs] [Times: user=0.58 sys=0.28, real=0.13 secs] 
81971.998: [GC [PSYoungGen: 2651254K->58934K(2650688K)] 8033765K->5441789K(8112064K), 0.0645120 secs] [Times: user=0.44 sys=0.01, real=0.07 secs] 
82030.828: [GC [PSYoungGen: 2650678K->58249K(2658496K)] 8033533K->5444683K(8119872K), 0.0578510 secs] [Times: user=0.44 sys=0.01, real=0.05 secs] 
82050.135: [GC [PSYoungGen: 2646025K->53846K(2641664K)] 8032459K->5444649K(8103040K), 0.0554510 secs] [Times: user=0.39 sys=0.00, real=0.06 secs] 
82092.523: [GC [PSYoungGen: 2641622K->48793K(2659968K)] 8032425K->5443439K(8121344K), 0.0516690 secs] [Times: user=0.37 sys=0.02, real=0.05 secs] 
82132.302: [GC [PSYoungGen: 2638553K->48201K(2658688K)] 8033199K->5443319K(8120064K), 0.0471340 secs] [Times: user=0.37 sys=0.00, real=0.05 secs] 
82176.116: [GC [PSYoungGen: 2637961K->47958K(2660416K)] 8033079K->5445057K(8121792K), 0.0512380 secs] [Times: user=0.38 sys=0.01, real=0.05 secs] 
82197.432: [GC [PSYoungGen: 2640534K->43680K(2659328K)] 8037633K->5443536K(8120704K), 0.0463670 secs] [Times: user=0.35 sys=0.01, real=0.04 secs] 
82226.115: [GC [PSYoungGen: 2636256K->43216K(2662848K)] 8036112K->5443672K(8124224K), 0.0444840 secs] [Times: user=0.34 sys=0.00, real=0.05 secs] 
82271.652: [GC [PSYoungGen: 2639632K->47538K(2662464K)] 8040088K->5452578K(8123840K), 0.0547690 secs] [Times: user=0.40 sys=0.01, real=0.06 secs] 
82306.020: [GC [PSYoungGen: 2643954K->45046K(2663616K)] 8048994K->5451447K(8124992K), 0.0494270 secs] [Times: user=0.37 sys=0.00, real=0.05 secs] 
82358.428: [GC [PSYoungGen: 2643958K->48544K(2662848K)] 8050359K->5455929K(8124224K), 0.1577420 secs] [Times: user=0.46 sys=0.72, real=0.16 secs] 
82528.733: [GC [PSYoungGen: 2647456K->54295K(2663872K)] 8054841K->5463252K(8125248K), 0.1474730 secs] [Times: user=0.62 sys=0.36, real=0.14 secs] 
82559.301: [GC [PSYoungGen: 2655639K->36960K(2664512K)] 8064596K->5455548K(8125888K), 0.0458940 secs] [Times: user=0.33 sys=0.02, real=0.05 secs] 
82579.537: [GC [PSYoungGen: 2638304K->32480K(2664512K)] 8056892K->5456225K(8125888K), 0.0485200 secs] [Times: user=0.31 sys=0.01, real=0.05 secs] 
82599.711: [GC [PSYoungGen: 2633056K->26752K(2627392K)] 8056801K->5457458K(8088768K), 0.0525370 secs] [Times: user=0.35 sys=0.00, real=0.05 secs] 
82619.680: [GC [PSYoungGen: 2627328K->19952K(2660096K)] 8058034K->5456786K(8121472K), 0.0361620 secs] [Times: user=0.27 sys=0.02, real=0.04 secs] 
82639.600: [GC [PSYoungGen: 2613488K->17245K(2610816K)] 8050322K->5457019K(8072192K), 0.0386770 secs] [Times: user=0.24 sys=0.00, real=0.04 secs] 
82660.018: [GC [PSYoungGen: 2610781K->21284K(2660224K)] 8050555K->5461490K(8121600K), 0.0376380 secs] [Times: user=0.25 sys=0.00, real=0.04 secs] 
82680.654: [GC [PSYoungGen: 2611364K->18272K(2608384K)] 8051570K->5458654K(8069760K), 0.0533620 secs] [Times: user=0.30 sys=0.11, real=0.05 secs] 
82701.736: [GC [PSYoungGen: 2608352K->19127K(2660864K)] 8048734K->5459589K(8122240K), 0.0363940 secs] [Times: user=0.25 sys=0.01, real=0.04 secs] 
82721.929: [GC [PSYoungGen: 2609655K->16575K(2607104K)] 8050117K->5457245K(8068480K), 0.0322380 secs] [Times: user=0.23 sys=0.00, real=0.04 secs] 
82758.386: [GC [PSYoungGen: 2607103K->18263K(2660992K)] 8047773K->5459005K(8122368K), 0.0329690 secs] [Times: user=0.24 sys=0.00, real=0.03 secs] 
82783.657: [GC [PSYoungGen: 2610071K->24675K(2616512K)] 8050813K->5465489K(8077888K), 0.0403760 secs] [Times: user=0.27 sys=0.01, real=0.04 secs] 
82808.369: [GC [PSYoungGen: 2616483K->16882K(2660096K)] 8057297K->5464216K(8121472K), 0.0342180 secs] [Times: user=0.25 sys=0.01, real=0.04 secs] 
82864.298: [GC [PSYoungGen: 2611634K->22634K(2658880K)] 8058968K->5470294K(8120256K), 0.0400570 secs] [Times: user=0.28 sys=0.00, real=0.04 secs] 
82906.294: [GC [PSYoungGen: 2617386K->20439K(2664512K)] 8065046K->5472251K(8125888K), 0.0401120 secs] [Times: user=0.27 sys=0.01, real=0.04 secs] 
82937.506: [GC [PSYoungGen: 2623575K->21658K(2662848K)] 8075387K->5474551K(8124224K), 0.0408450 secs] [Times: user=0.30 sys=0.01, real=0.04 secs] 
82937.547: [Full GC [PSYoungGen: 21658K->12417K(2662848K)] [PSOldGen: 5452893K->5461375K(5461376K)] 5474551K->5473792K(8124224K) [PSPermGen: 72242K->72242K(86016K)], 19.6044810 secs] [Times: user=17.50 sys=2.09, real=19.60 secs] 
82996.204: [Full GC [PSYoungGen: 2603136K->147117K(2662848K)] [PSOldGen: 5461375K->5461375K(5461376K)] 8064511K->5608493K(8124224K) [PSPermGen: 72259K->72259K(86016K)], 20.2465120 secs] [Times: user=18.27 sys=1.97, real=20.24 secs] 
83041.808: [Full GC [PSYoungGen: 2603136K->147349K(2662848K)] [PSOldGen: 5461375K->5461375K(5461376K)] 8064511K->5608724K(8124224K) [PSPermGen: 72265K->72265K(86016K)], 18.4970440 secs] [Times: user=17.74 sys=0.75, real=18.49 secs] 
83089.368: [Full GC [PSYoungGen: 2603136K->0K(2662848K)] [PSOldGen: 5461375K->5222467K(5461376K)] 8064511K->5222467K(8124224K) [PSPermGen: 72277K->71221K(86016K)], 20.7352730 secs] [Times: user=19.93 sys=0.80, real=20.73 secs] 
83152.087: [GC [PSYoungGen: 2603136K->5349K(2659904K)] 7825603K->5227817K(8121280K), 0.0240370 secs] [Times: user=0.15 sys=0.00, real=0.02 secs] 
83198.309: [GC [PSYoungGen: 2610661K->4416K(2663488K)] 7833129K->5226883K(8124864K), 0.0264320 secs] [Times: user=0.17 sys=0.01, real=0.03 secs] 
83279.311: [GC [PSYoungGen: 2609728K->12941K(2661248K)] 7832195K->5235408K(8122624K), 0.0287300 secs] [Times: user=0.20 sys=0.00, real=0.03 secs] 
83392.441: [GC [PSYoungGen: 2619917K->35620K(2663424K)] 7842384K->5258088K(8124800K), 0.0885430 secs] [Times: user=0.41 sys=0.19, real=0.09 secs] 
83487.841: [GC [PSYoungGen: 2642596K->39403K(2664320K)] 7865064K->5261871K(8125696K), 0.0948110 secs] [Times: user=0.46 sys=0.20, real=0.10 secs] 
83510.066: [GC [PSYoungGen: 2645611K->35611K(2666816K)] 7868079K->5258079K(8128192K), 0.0483250 secs] [Times: user=0.33 sys=0.02, real=0.04 secs] 
83530.264: [GC [PSYoungGen: 2641819K->32508K(2668352K)] 7864287K->5254976K(8129728K), 0.0346090 secs] [Times: user=0.23 sys=0.00, real=0.04 secs] 
83549.176: [GC [PSYoungGen: 2641532K->35732K(2668992K)] 7864000K->5258199K(8130368K), 0.0397700 secs] [Times: user=0.30 sys=0.00, real=0.04 secs] 
83571.490: [GC [PSYoungGen: 2644756K->35485K(2670080K)] 7867223K->5257953K(8131456K), 0.0723040 secs] [Times: user=0.40 sys=0.14, real=0.07 secs] 
83591.652: [GC [PSYoungGen: 2646109K->34871K(2670336K)] 7868577K->5257338K(8131712K), 0.0523310 secs] [Times: user=0.34 sys=0.03, real=0.05 secs] 
83613.372: [GC [PSYoungGen: 2645495K->34233K(2669312K)] 7867962K->5256701K(8130688K), 0.0682250 secs] [Times: user=0.38 sys=0.13, real=0.06 secs] 
83634.179: [GC [PSYoungGen: 2646137K->32662K(2669888K)] 7868605K->5255130K(8131264K), 0.0479930 secs] [Times: user=0.32 sys=0.03, real=0.05 secs] 
83654.934: [GC [PSYoungGen: 2644566K->34966K(2671872K)] 7867034K->5257434K(8133248K), 0.0405110 secs] [Times: user=0.28 sys=0.01, real=0.04 secs] 
83677.968: [GC [PSYoungGen: 2650966K->36187K(2671552K)] 7873434K->5258654K(8132928K), 0.0447400 secs] [Times: user=0.29 sys=0.02, real=0.05 secs] 
83705.618: [GC [PSYoungGen: 2652187K->33901K(2673024K)] 7874654K->5256368K(8134400K), 0.0716630 secs] [Times: user=0.39 sys=0.13, real=0.07 secs] 
83785.739: [GC [PSYoungGen: 2653741K->33604K(2673728K)] 7876208K->5256927K(8135104K), 0.0529170 secs] [Times: user=0.34 sys=0.03, real=0.05 secs] 
83843.269: [GC [PSYoungGen: 2653444K->34865K(2674176K)] 7876767K->5259629K(8135552K), 0.0467970 secs] [Times: user=0.27 sys=0.01, real=0.05 secs] 
83886.201: [GC [PSYoungGen: 2658289K->40216K(2675136K)] 7883053K->5271539K(8136512K), 0.0521930 secs] [Times: user=0.36 sys=0.04, real=0.06 secs] 
83903.308: [GC [PSYoungGen: 2663640K->20480K(2677760K)] 7894963K->5272270K(8139136K), 0.0543040 secs] [Times: user=0.37 sys=0.03, real=0.05 secs] 
83919.780: [GC [PSYoungGen: 2645376K->17808K(2642752K)] 7897166K->5269942K(8104128K), 0.0304710 secs] [Times: user=0.21 sys=0.01, real=0.03 secs] 
83948.415: [GC [PSYoungGen: 2642704K->15120K(2677056K)] 7894838K->5267390K(8138432K), 0.0381430 secs] [Times: user=0.26 sys=0.00, real=0.04 secs] 
83973.783: [GC [PSYoungGen: 2639120K->21152K(2645184K)] 7891390K->5273478K(8106560K), 0.0343810 secs] [Times: user=0.22 sys=0.00, real=0.04 secs] 
84007.651: [GC [PSYoungGen: 2645152K->28785K(2677376K)] 7897478K->5281200K(8138752K), 0.0367760 secs] [Times: user=0.26 sys=0.01, real=0.03 secs] 
84023.884: [GC [PSYoungGen: 2655153K->28833K(2676352K)] 7907568K->5281328K(8137728K), 0.0331430 secs] [Times: user=0.25 sys=0.00, real=0.03 secs] 
84044.694: [GC [PSYoungGen: 2655201K->27115K(2674816K)] 7907696K->5279674K(8136192K), 0.0338310 secs] [Times: user=0.26 sys=0.00, real=0.04 secs] 
84074.728: [GC [PSYoungGen: 2657131K->33247K(2676288K)] 7909690K->5285894K(8137664K), 0.0393250 secs] [Times: user=0.29 sys=0.00, real=0.04 secs] 
84101.859: [GC [PSYoungGen: 2663263K->33858K(2679680K)] 7915910K->5286568K(8141056K), 0.0381790 secs] [Times: user=0.29 sys=0.00, real=0.04 secs] 
84190.544: [GC [PSYoungGen: 2667138K->34930K(2679936K)] 7919848K->5287808K(8141312K), 0.0440150 secs] [Times: user=0.31 sys=0.00, real=0.05 secs] 
84217.974: [GC [PSYoungGen: 2668210K->37196K(2681408K)] 7921088K->5290227K(8142784K), 0.0831460 secs] [Times: user=0.43 sys=0.19, real=0.08 secs] 
84255.992: [GC [PSYoungGen: 2671564K->34340K(2682496K)] 7924595K->5287434K(8143872K), 0.0377030 secs] [Times: user=0.29 sys=0.01, real=0.04 secs] 
84325.347: [GC [PSYoungGen: 2668708K->46959K(2674176K)] 7921802K->5300182K(8135552K), 0.0503990 secs] [Times: user=0.35 sys=0.01, real=0.05 secs] 
84370.905: [GC [PSYoungGen: 2673263K->48194K(2674560K)] 7926486K->5302423K(8135936K), 0.0498600 secs] [Times: user=0.37 sys=0.02, real=0.05 secs] 
84399.540: [GC [PSYoungGen: 2674498K->45538K(2670400K)] 7928727K->5304920K(8131776K), 0.0559780 secs] [Times: user=0.37 sys=0.03, real=0.05 secs] 
84467.929: [GC [PSYoungGen: 2659938K->54393K(2668800K)] 7919320K->5315723K(8130176K), 0.1230130 secs] [Times: user=0.55 sys=0.34, real=0.12 secs] 
84500.213: [GC [PSYoungGen: 2668793K->52879K(2659968K)] 7930123K->5315697K(8121344K), 0.1208690 secs] [Times: user=0.58 sys=0.32, real=0.12 secs] 
84534.189: [GC [PSYoungGen: 2651023K->54480K(2652672K)] 7913841K->5318826K(8114048K), 0.1167720 secs] [Times: user=0.60 sys=0.31, real=0.11 secs] 
84576.341: [GC [PSYoungGen: 2652624K->59726K(2652608K)] 7916970K->5325738K(8113984K), 0.1387610 secs] [Times: user=0.64 sys=0.35, real=0.20 secs] 
84609.304: [GC [PSYoungGen: 2643022K->49339K(2656960K)] 7909034K->5321725K(8118336K), 0.1055260 secs] [Times: user=0.53 sys=0.28, real=0.11 secs] 
84636.191: [GC [PSYoungGen: 2632635K->48741K(2654784K)] 7905021K->5323015K(8116160K), 0.0506850 secs] [Times: user=0.35 sys=0.02, real=0.06 secs] 
84702.606: [GC [PSYoungGen: 2632549K->51050K(2656128K)] 7906823K->5326948K(8117504K), 0.1178950 secs] [Times: user=0.54 sys=0.31, real=0.12 secs] 
84977.473: [GC [PSYoungGen: 2634858K->59618K(2652608K)] 7910756K->5339654K(8113984K), 0.1323590 secs] [Times: user=0.62 sys=0.31, real=0.13 secs] 
85131.286: [GC [PSYoungGen: 2639970K->67012K(2647424K)] 7920006K->5349217K(8108800K), 0.1635820 secs] [Times: user=0.68 sys=0.40, real=0.16 secs] 
85266.023: [GC [PSYoungGen: 2647364K->67907K(2642240K)] 7929569K->5350923K(8103616K), 0.0696510 secs] [Times: user=0.44 sys=0.04, real=0.07 secs] 
85371.943: [GC [PSYoungGen: 2630083K->72506K(2634688K)] 7913099K->5355625K(8096064K), 0.0605800 secs] [Times: user=0.44 sys=0.00, real=0.06 secs] 
85519.061: [GC [PSYoungGen: 2634682K->77076K(2630400K)] 7917801K->5360292K(8091776K), 0.1400140 secs] [Times: user=0.67 sys=0.35, real=0.14 secs] 
85541.431: [GC [PSYoungGen: 2618260K->61580K(2635904K)] 7901476K->5355804K(8097280K), 0.0629610 secs] [Times: user=0.44 sys=0.03, real=0.06 secs] 
85566.616: [GC [PSYoungGen: 2602764K->58140K(2628928K)] 7896988K->5355960K(8090304K), 0.0551350 secs] [Times: user=0.41 sys=0.01, real=0.06 secs] 
85603.706: [GC [PSYoungGen: 2600796K->59180K(2633152K)] 7898616K->5357804K(8094528K), 0.0526290 secs] [Times: user=0.41 sys=0.00, real=0.05 secs] 
85648.856: [GC [PSYoungGen: 2601836K->65791K(2634048K)] 7900460K->5366002K(8095424K), 0.0623730 secs] [Times: user=0.45 sys=0.00, real=0.06 secs] 
85675.685: [GC [PSYoungGen: 2611519K->65942K(2634496K)] 7911730K->5368933K(8095872K), 0.0581550 secs] [Times: user=0.43 sys=0.02, real=0.06 secs] 
85698.880: [GC [PSYoungGen: 2611670K->64517K(2637696K)] 7914661K->5368701K(8099072K), 0.0522660 secs] [Times: user=0.40 sys=0.00, real=0.05 secs] 
85734.321: [GC [PSYoungGen: 2614277K->65623K(2638016K)] 7918461K->5372999K(8099392K), 0.1367750 secs] [Times: user=0.61 sys=0.35, real=0.14 secs] 
85773.314: [GC [PSYoungGen: 2615383K->66179K(2641728K)] 7922767K->5375587K(8103104K), 0.1311470 secs] [Times: user=0.65 sys=0.36, real=0.13 secs] 
85823.651: [GC [PSYoungGen: 2620611K->72475K(2626944K)] 7930019K->5383858K(8088320K), 0.1328770 secs] [Times: user=0.66 sys=0.33, real=0.13 secs] 
85860.742: [GC [PSYoungGen: 2626907K->69393K(2640640K)] 7938290K->5382928K(8102016K), 0.1386410 secs] [Times: user=0.64 sys=0.37, real=0.13 secs] 
85891.494: [GC [PSYoungGen: 2620561K->61771K(2612992K)] 7934096K->5385667K(8074368K), 0.0708960 secs] [Times: user=0.47 sys=0.04, real=0.07 secs] 
85934.531: [GC [PSYoungGen: 2612939K->57854K(2640192K)] 7936835K->5387574K(8101568K), 0.0663280 secs] [Times: user=0.44 sys=0.01, real=0.07 secs] 
86014.606: [GC [PSYoungGen: 2611070K->56100K(2638400K)] 7940790K->5393283K(8099776K), 0.1449800 secs] [Times: user=0.71 sys=0.35, real=0.14 secs] 
86044.456: [GC [PSYoungGen: 2609316K->46065K(2641664K)] 7946499K->5390744K(8103040K), 0.0535600 secs] [Times: user=0.38 sys=0.03, real=0.06 secs] 
86072.043: [GC [PSYoungGen: 2603953K->43687K(2641920K)] 7948632K->5390294K(8103296K), 0.0440900 secs] [Times: user=0.31 sys=0.01, real=0.05 secs] 
86146.067: [GC [PSYoungGen: 2601575K->46477K(2644800K)] 7948182K->5393220K(8106176K), 0.1099530 secs] [Times: user=0.40 sys=0.21, real=0.11 secs] 
86209.908: [GC [PSYoungGen: 2608461K->49807K(2645568K)] 7955204K->5396838K(8106944K), 0.1033460 secs] [Times: user=0.52 sys=0.28, real=0.10 secs] 
86236.626: [GC [PSYoungGen: 2611791K->58252K(2644160K)] 7958822K->5407004K(8105536K), 0.0639530 secs] [Times: user=0.41 sys=0.05, real=0.07 secs] 
86263.567: [GC [PSYoungGen: 2623180K->53695K(2645248K)] 7971932K->5409459K(8106624K), 0.0574430 secs] [Times: user=0.41 sys=0.02, real=0.06 secs] 
86311.979: [GC [PSYoungGen: 2618623K->56057K(2643904K)] 7974387K->5415338K(8105280K), 0.1236180 secs] [Times: user=0.61 sys=0.31, real=0.12 secs] 
86355.504: [GC [PSYoungGen: 2625657K->56315K(2645760K)] 7984938K->5415948K(8107136K), 0.1097850 secs] [Times: user=0.56 sys=0.27, real=0.11 secs] 
86392.605: [GC [PSYoungGen: 2625915K->53947K(2646656K)] 7985548K->5415688K(8108032K), 0.1121920 secs] [Times: user=0.59 sys=0.27, real=0.11 secs] 
86419.106: [GC [PSYoungGen: 2628859K->51953K(2647680K)] 7990600K->5417494K(8109056K), 0.1141430 secs] [Times: user=0.51 sys=0.29, real=0.11 secs] 
86481.418: [GC [PSYoungGen: 2626865K->47050K(2651456K)] 7992406K->5418899K(8112832K), 0.1169940 secs] [Times: user=0.50 sys=0.30, real=0.12 secs] 
86543.777: [GC [PSYoungGen: 2627722K->59795K(2652224K)] 7999571K->5432771K(8113600K), 0.1177650 secs] [Times: user=0.62 sys=0.28, real=0.12 secs] 
86592.943: [GC [PSYoungGen: 2640467K->56210K(2655424K)] 8013443K->5431536K(8116800K), 0.1257300 secs] [Times: user=0.61 sys=0.33, real=0.12 secs] 
86632.732: [GC [PSYoungGen: 2642322K->52348K(2656640K)] 8017648K->5432717K(8118016K), 0.0581330 secs] [Times: user=0.40 sys=0.04, real=0.06 secs] 
86650.125: [GC [PSYoungGen: 2638460K->47884K(2659392K)] 8018829K->5430496K(8120768K), 0.0483050 secs] [Times: user=0.36 sys=0.01, real=0.05 secs] 
86671.447: [GC [PSYoungGen: 2638476K->49836K(2659840K)] 8021088K->5432800K(8121216K), 0.0459240 secs] [Times: user=0.36 sys=0.00, real=0.05 secs] 
86702.925: [GC [PSYoungGen: 2640428K->49948K(2660160K)] 8023392K->5432984K(8121536K), 0.0451730 secs] [Times: user=0.34 sys=0.00, real=0.05 secs] 
86731.655: [GC [PSYoungGen: 2642844K->52466K(2660608K)] 8025880K->5435806K(8121984K), 0.0508710 secs] [Times: user=0.37 sys=0.01, real=0.05 secs] 
86765.081: [GC [PSYoungGen: 2645362K->49516K(2662272K)] 8028702K->5439432K(8123648K), 0.0499660 secs] [Times: user=0.38 sys=0.01, real=0.05 secs] 
86784.564: [GC [PSYoungGen: 2645804K->36392K(2662080K)] 8035720K->5433509K(8123456K), 0.0477740 secs] [Times: user=0.35 sys=0.02, real=0.05 secs] 
86820.282: [GC [PSYoungGen: 2632680K->38591K(2662272K)] 8029797K->5438345K(8123648K), 0.0432800 secs] [Times: user=0.33 sys=0.01, real=0.05 secs] 
86865.651: [GC [PSYoungGen: 2633535K->34335K(2629312K)] 8033289K->5439156K(8090688K), 0.0448910 secs] [Times: user=0.32 sys=0.01, real=0.04 secs] 
86965.651: [GC [PSYoungGen: 2629279K->45322K(2663360K)] 8034100K->5451759K(8124736K), 0.1083080 secs] [Times: user=0.51 sys=0.26, real=0.11 secs] 
86994.514: [GC [PSYoungGen: 2639946K->38104K(2632768K)] 8046383K->5445850K(8094144K), 0.0837040 secs] [Times: user=0.45 sys=0.19, real=0.08 secs] 
87020.108: [GC [PSYoungGen: 2632728K->39473K(2662400K)] 8040474K->5448427K(8123776K), 0.0455040 secs] [Times: user=0.33 sys=0.01, real=0.05 secs] 
87072.453: [GC [PSYoungGen: 2634801K->51549K(2661696K)] 8043755K->5461371K(8123072K), 0.1054240 secs] [Times: user=0.52 sys=0.25, real=0.10 secs] 
87136.602: [GC [PSYoungGen: 2646877K->41141K(2663104K)] 8056699K->5459903K(8124480K), 0.1302770 secs] [Times: user=0.61 sys=0.30, real=0.13 secs] 
87187.728: [GC [PSYoungGen: 2639093K->40594K(2663296K)] 8057855K->5461724K(8124672K), 0.0530110 secs] [Times: user=0.35 sys=0.03, real=0.05 secs] 
87214.195: [GC [PSYoungGen: 2638546K->41608K(2663744K)] 8059676K->5463293K(8125120K), 0.0928860 secs] [Times: user=0.42 sys=0.18, real=0.09 secs] 
87232.468: [GC [PSYoungGen: 2642504K->44870K(2664128K)] 8064189K->5467719K(8125504K), 0.0515390 secs] [Times: user=0.36 sys=0.03, real=0.05 secs] 
87261.501: [GC [PSYoungGen: 2645766K->42408K(2665920K)] 8068615K->5466737K(8127296K), 0.0448580 secs] [Times: user=0.32 sys=0.01, real=0.04 secs] 
87288.716: [GC [PSYoungGen: 2647976K->43144K(2665984K)] 8072305K->5468473K(8127360K), 0.0449860 secs] [Times: user=0.32 sys=0.01, real=0.04 secs] 
87323.392: [GC [PSYoungGen: 2648712K->45972K(2666752K)] 8074041K->5471701K(8128128K), 0.0510410 secs] [Times: user=0.32 sys=0.02, real=0.05 secs] 
87413.317: [GC [PSYoungGen: 2655700K->47432K(2667904K)] 8081429K->5473249K(8129280K), 0.0520770 secs] [Times: user=0.36 sys=0.02, real=0.05 secs] 
87639.272: [GC [PSYoungGen: 2657160K->57777K(2658368K)] 8082977K->5493926K(8119744K), 0.1756990 secs] [Times: user=0.65 sys=0.36, real=0.18 secs] 
87975.323: [GC [PSYoungGen: 2658353K->64997K(2665600K)] 8094502K->5510053K(8126976K), 0.1624850 secs] [Times: user=0.74 sys=0.35, real=0.16 secs] 
88110.408: [GC [PSYoungGen: 2665573K->63804K(2643968K)] 8110629K->5515955K(8105344K), 0.1528790 secs] [Times: user=0.73 sys=0.40, real=0.15 secs] 
88110.561: [Full GC [PSYoungGen: 63804K->52844K(2643968K)] [PSOldGen: 5452151K->5461375K(5461376K)] 5515955K->5514220K(8105344K) [PSPermGen: 71777K->71777K(86016K)], 19.9423070 secs] [Times: user=17.88 sys=2.06, real=19.94 secs] 
88438.140: [Full GC [PSYoungGen: 2578944K->196130K(2643968K)] [PSOldGen: 5461375K->5461375K(5461376K)] 8040319K->5657506K(8105344K) [PSPermGen: 71804K->71804K(86016K)], 20.7716480 secs] [Times: user=18.74 sys=2.02, real=20.77 secs] 
88591.077: [Full GC [PSYoungGen: 2578944K->215946K(2643968K)] [PSOldGen: 5461375K->5461375K(5461376K)] 8040319K->5677322K(8105344K) [PSPermGen: 71822K->71822K(86016K)], 20.7023100 secs] [Times: user=18.60 sys=2.10, real=20.70 secs] 
88728.467: [Full GC [PSYoungGen: 2578944K->0K(2643968K)] [PSOldGen: 5461375K->5440129K(5461376K)] 8040319K->5440129K(8105344K) [PSPermGen: 71834K->71492K(86016K)], 23.3430470 secs] [Times: user=21.20 sys=2.09, real=23.34 secs] 
88922.443: [GC [PSYoungGen: 2578944K->12560K(2591552K)] 8019073K->5452689K(8052928K), 0.0756790 secs] [Times: user=0.33 sys=0.13, real=0.07 secs] 
89128.242: [GC [PSYoungGen: 2591504K->22553K(2648576K)] 8031633K->5462682K(8109952K), 0.0794780 secs] [Times: user=0.35 sys=0.17, real=0.08 secs] 
89266.097: [GC [PSYoungGen: 2591129K->30076K(2649600K)] 8031258K->5470205K(8110976K), 0.1003010 secs] [Times: user=0.41 sys=0.23, real=0.10 secs] 
89340.638: [GC [PSYoungGen: 2598652K->38289K(2644096K)] 8038781K->5478418K(8105472K), 0.0575720 secs] [Times: user=0.34 sys=0.05, real=0.06 secs] 
89363.252: [GC [PSYoungGen: 2607889K->33583K(2646848K)] 8048018K->5473713K(8108224K), 0.0788170 secs] [Times: user=0.37 sys=0.16, real=0.08 secs] 
89402.680: [GC [PSYoungGen: 2603183K->32144K(2645952K)] 8043313K->5472273K(8107328K), 0.0423050 secs] [Times: user=0.27 sys=0.01, real=0.04 secs] 
89440.959: [GC [PSYoungGen: 2606288K->38057K(2647936K)] 8046417K->5478186K(8109312K), 0.0448500 secs] [Times: user=0.31 sys=0.02, real=0.04 secs] 
89500.339: [GC [PSYoungGen: 2612201K->37419K(2644864K)] 8052330K->5477548K(8106240K), 0.0820980 secs] [Times: user=0.41 sys=0.16, real=0.08 secs] 
89529.264: [GC [PSYoungGen: 2616043K->35296K(2647232K)] 8056172K->5475425K(8108608K), 0.0406340 secs] [Times: user=0.29 sys=0.02, real=0.04 secs] 
89554.064: [GC [PSYoungGen: 2613920K->35568K(2646272K)] 8054049K->5475697K(8107648K), 0.0360180 secs] [Times: user=0.28 sys=0.00, real=0.04 secs] 
89591.994: [GC [PSYoungGen: 2618864K->36189K(2648064K)] 8058993K->5476318K(8109440K), 0.1099650 secs] [Times: user=0.36 sys=0.47, real=0.11 secs] 
89654.736: [GC [PSYoungGen: 2619485K->43072K(2649984K)] 8059614K->5483201K(8111360K), 0.0997370 secs] [Times: user=0.49 sys=0.26, real=0.10 secs] 
89709.592: [GC [PSYoungGen: 2632192K->43638K(2651008K)] 8072321K->5483767K(8112384K), 0.0979080 secs] [Times: user=0.46 sys=0.26, real=0.10 secs] 
89805.755: [GC [PSYoungGen: 2632758K->50692K(2654400K)] 8072887K->5490821K(8115776K), 0.1135330 secs] [Times: user=0.53 sys=0.28, real=0.11 secs] 
89910.971: [GC [PSYoungGen: 2643908K->55025K(2656192K)] 8084037K->5495154K(8117568K), 0.1109040 secs] [Times: user=0.50 sys=0.26, real=0.11 secs] 
89937.629: [GC [PSYoungGen: 2648241K->50977K(2662976K)] 8088370K->5494838K(8124352K), 0.0586760 secs] [Times: user=0.38 sys=0.03, real=0.06 secs] 
89965.583: [GC [PSYoungGen: 2647969K->47205K(2644224K)] 8091830K->5497914K(8105600K), 0.1097340 secs] [Times: user=0.52 sys=0.29, real=0.11 secs] 
90038.213: [GC [PSYoungGen: 2644197K->39859K(2665344K)] 8094906K->5497376K(8126720K), 0.0956300 secs] [Times: user=0.49 sys=0.24, real=0.10 secs] 
90038.309: [Full GC [PSYoungGen: 39859K->35578K(2665344K)] [PSOldGen: 5457517K->5461376K(5461376K)] 5497376K->5496954K(8126720K) [PSPermGen: 71568K->71568K(86016K)], 20.5711710 secs] [Times: user=18.39 sys=2.11, real=20.57 secs] 
90131.022: [Full GC [PSYoungGen: 2599424K->166650K(2665344K)] [PSOldGen: 5461376K->5461376K(5461376K)] 8060800K->5628026K(8126720K) [PSPermGen: 71577K->71577K(86016K)], 19.0355660 secs] [Times: user=18.21 sys=0.83, real=19.03 secs] 
90189.472: [Full GC [PSYoungGen: 2599424K->142031K(2665344K)] [PSOldGen: 5461376K->5461376K(5461376K)] 8060800K->5603407K(8126720K) [PSPermGen: 71580K->71580K(86016K)], 19.0746560 secs] [Times: user=18.28 sys=0.79, real=19.07 secs] 
90243.570: [Full GC [PSYoungGen: 2599424K->18706K(2665344K)] [PSOldGen: 5461376K->5461375K(5461376K)] 8060800K->5480082K(8126720K) [PSPermGen: 71589K->71451K(86016K)], 22.7978810 secs] [Times: user=20.67 sys=2.12, real=22.79 secs] 
90348.235: [Full GC [PSYoungGen: 2599424K->24112K(2665344K)] [PSOldGen: 5461375K->5461375K(5461376K)] 8060799K->5485488K(8126720K) [PSPermGen: 71465K->71465K(84992K)], 20.8415570 secs] [Times: user=18.76 sys=2.07, real=20.84 secs] 
90489.158: [Full GC [PSYoungGen: 2599424K->160201K(2665344K)] [PSOldGen: 5461375K->5461375K(5461376K)] 8060799K->5621577K(8126720K) [PSPermGen: 71478K->71478K(82944K)], 21.2113850 secs] [Times: user=19.01 sys=2.15, real=21.21 secs] 
90559.769: [Full GC [PSYoungGen: 2599424K->163283K(2665344K)] [PSOldGen: 5461375K->5461375K(5461376K)] 8060799K->5624659K(8126720K) [PSPermGen: 71489K->71489K(81728K)], 20.7797230 secs] [Times: user=18.77 sys=2.00, real=20.78 secs] 
90608.990: [Full GC [PSYoungGen: 2599424K->7688K(2665344K)] [PSOldGen: 5461375K->5461376K(5461376K)] 8060799K->5469064K(8126720K) [PSPermGen: 71492K->71450K(80192K)], 19.8481870 secs] [Times: user=18.94 sys=0.85, real=19.84 secs] 
90659.451: [Full GC [PSYoungGen: 2599424K->136578K(2665344K)] [PSOldGen: 5461376K->5461376K(5461376K)] 8060800K->5597954K(8126720K) [PSPermGen: 71459K->71459K(78656K)], 20.8533080 secs] [Times: user=18.70 sys=2.12, real=20.85 secs] 
90776.648: [Full GC [PSYoungGen: 2599424K->147879K(2665344K)] [PSOldGen: 5461376K->5461376K(5461376K)] 8060800K->5609255K(8126720K) [PSPermGen: 71477K->71477K(77568K)], 19.0315250 secs] [Times: user=18.22 sys=0.80, real=19.03 secs] 
90829.237: [Full GC [PSYoungGen: 2599424K->151582K(2665344K)] [PSOldGen: 5461376K->5461376K(5461376K)] 8060800K->5612958K(8126720K) [PSPermGen: 71493K->71493K(76352K)], 20.9013530 secs] [Times: user=18.83 sys=2.07, real=20.90 secs] 
90865.821: [Full GC [PSYoungGen: 2599424K->25210K(2665344K)] [PSOldGen: 5461376K->5461375K(5461376K)] 8060800K->5486586K(8126720K) [PSPermGen: 71502K->71423K(75776K)], 21.1825810 secs] [Times: user=20.35 sys=0.82, real=21.18 secs] 
90910.952: [Full GC [PSYoungGen: 2599424K->124895K(2665344K)] [PSOldGen: 5461375K->5461375K(5461376K)] 8060799K->5586271K(8126720K) [PSPermGen: 71438K->71438K(75136K)], 19.1693450 secs] [Times: user=18.35 sys=0.81, real=19.17 secs] 
90979.099: [Full GC [PSYoungGen: 2599424K->148443K(2665344K)] [PSOldGen: 5461375K->5461375K(5461376K)] 8060799K->5609819K(8126720K) [PSPermGen: 71458K->71458K(74560K)], 20.8303220 secs] [Times: user=18.83 sys=1.99, real=20.83 secs] 
91053.429: [Full GC [PSYoungGen: 2599424K->159060K(2665344K)] [PSOldGen: 5461375K->5461375K(5461376K)] 8060799K->5620436K(8126720K) [PSPermGen: 71478K->71478K(73856K)], 20.8714930 secs] [Times: user=18.74 sys=2.12, real=20.87 secs] 
91117.619: [Full GC [PSYoungGen: 2599424K->27836K(2665344K)] [PSOldGen: 5461375K->5461375K(5461376K)] 8060799K->5489212K(8126720K) [PSPermGen: 71489K->71425K(73664K)], 21.1843680 secs] [Times: user=19.14 sys=2.04, real=21.18 secs] 
91179.211: [Full GC [PSYoungGen: 2599424K->35736K(2665344K)] [PSOldGen: 5461375K->5461375K(5461376K)] 8060799K->5497112K(8126720K) [PSPermGen: 71432K->71432K(73600K)], 19.5314310 secs] [Times: user=18.72 sys=0.79, real=19.53 secs] 
91215.321: [Full GC [PSYoungGen: 2599424K->164215K(2665344K)] [PSOldGen: 5461375K->5461375K(5461376K)] 8060799K->5625591K(8126720K) [PSPermGen: 71445K->71445K(73088K)], 19.1838960 secs] [Times: user=18.37 sys=0.81, real=19.18 secs] 
91268.992: [Full GC [PSYoungGen: 2599424K->163408K(2665344K)] [PSOldGen: 5461375K->5461375K(5461376K)] 8060799K->5624784K(8126720K) [PSPermGen: 71461K->71461K(73088K)], 20.8545930 secs] [Times: user=18.74 sys=2.11, real=20.85 secs] 
91342.788: [Full GC [PSYoungGen: 2599424K->38618K(2665344K)] [PSOldGen: 5461375K->5461375K(5461376K)] 8060799K->5499994K(8126720K) [PSPermGen: 71471K->71421K(72384K)], 21.3480150 secs] [Times: user=19.29 sys=2.05, real=21.35 secs] 
91434.504: [Full GC [PSYoungGen: 2599424K->168815K(2665344K)] [PSOldGen: 5461375K->5461375K(5461376K)] 8060799K->5630191K(8126720K) [PSPermGen: 71432K->71432K(72256K)], 20.8699420 secs] [Times: user=18.79 sys=2.07, real=20.86 secs] 
91551.353: [Full GC [PSYoungGen: 2599424K->173277K(2665344K)] [PSOldGen: 5461375K->5461375K(5461376K)] 8060799K->5634653K(8126720K) [PSPermGen: 71442K->71442K(72384K)], 19.0812990 secs] [Times: user=18.29 sys=0.79, real=19.08 secs] 
91598.717: [Full GC [PSYoungGen: 2599424K->175565K(2665344K)] [PSOldGen: 5461375K->5461375K(5461376K)] 8060799K->5636941K(8126720K) [PSPermGen: 71445K->71445K(72256K)], 19.2629660 secs] [Times: user=18.41 sys=0.84, real=19.26 secs] 
91642.960: [Full GC [PSYoungGen: 2599424K->45394K(2665344K)] [PSOldGen: 5461375K->5461375K(5461376K)] 8060799K->5506770K(8126720K) [PSPermGen: 71454K->71421K(72128K)], 21.0800890 secs] [Times: user=20.24 sys=0.83, real=21.08 secs] 
91733.636: [Full GC [PSYoungGen: 2599424K->173306K(2665344K)] [PSOldGen: 5461375K->5461375K(5461376K)] 8060799K->5634682K(8126720K) [PSPermGen: 71434K->71434K(72064K)], 20.5095170 secs] [Times: user=18.41 sys=2.09, real=20.50 secs] 
91871.571: [Full GC [PSYoungGen: 2599424K->184488K(2665344K)] [PSOldGen: 5461375K->5461375K(5461376K)] 8060799K->5645864K(8126720K) [PSPermGen: 71601K->71601K(72256K)], 20.8807790 secs] [Times: user=18.76 sys=2.11, real=20.88 secs] 
91949.498: [Full GC [PSYoungGen: 2599424K->182742K(2665344K)] [PSOldGen: 5461375K->5461375K(5461376K)] 8060799K->5644118K(8126720K) [PSPermGen: 71618K->71618K(72256K)], 20.4176450 secs] [Times: user=18.34 sys=2.07, real=20.41 secs] 
92029.999: [Full GC [PSYoungGen: 2599424K->51364K(2665344K)] [PSOldGen: 5461375K->5461375K(5461376K)] 8060799K->5512740K(8126720K) [PSPermGen: 71629K->71543K(72128K)], 22.4989350 secs] [Times: user=20.48 sys=2.02, real=22.50 secs] 
92111.834: [Full GC [PSYoungGen: 2599424K->178828K(2665344K)] [PSOldGen: 5461375K->5461375K(5461376K)] 8060799K->5640204K(8126720K) [PSPermGen: 71563K->71563K(72064K)], 18.8345220 secs] [Times: user=18.03 sys=0.80, real=18.83 secs] 
92158.944: [Full GC [PSYoungGen: 2599424K->181936K(2665344K)] [PSOldGen: 5461375K->5461375K(5461376K)] 8060799K->5643312K(8126720K) [PSPermGen: 71570K->71570K(72064K)], 18.7629500 secs] [Times: user=18.01 sys=0.76, real=18.76 secs] 
92207.695: [Full GC [PSYoungGen: 2599424K->198749K(2665344K)] [PSOldGen: 5461375K->5461375K(5461376K)] 8060799K->5660125K(8126720K) [PSPermGen: 71575K->71575K(72064K)], 18.6335860 secs] [Times: user=17.82 sys=0.81, real=18.63 secs] 
92292.046: [Full GC [PSYoungGen: 2599424K->54707K(2665344K)] [PSOldGen: 5461375K->5461375K(5461376K)] 8060799K->5516082K(8126720K) [PSPermGen: 71585K->71548K(72000K)], 20.2419920 secs] [Times: user=19.48 sys=0.77, real=20.24 secs] 
92351.436: [Full GC [PSYoungGen: 2599424K->180243K(2665344K)] [PSOldGen: 5461375K->5461375K(5461376K)] 8060799K->5641619K(8126720K) [PSPermGen: 71551K->71551K(72000K)], 18.7230590 secs] [Times: user=17.91 sys=0.80, real=18.72 secs] 
92453.541: [Full GC [PSYoungGen: 2599424K->185462K(2665344K)] [PSOldGen: 5461375K->5461375K(5461376K)] 8060799K->5646838K(8126720K) [PSPermGen: 71562K->71562K(71936K)], 18.7417160 secs] [Times: user=17.94 sys=0.80, real=18.74 secs] 
92505.387: [Full GC [PSYoungGen: 2599424K->189154K(2665344K)] [PSOldGen: 5461375K->5461375K(5461376K)] 8060799K->5650530K(8126720K) [PSPermGen: 71571K->71571K(71936K)], 18.6686680 secs] [Times: user=17.85 sys=0.81, real=18.67 secs] 
92544.328: [Full GC [PSYoungGen: 2599424K->54711K(2665344K)] [PSOldGen: 5461375K->5461375K(5461376K)] 8060799K->5516087K(8126720K) [PSPermGen: 71576K->71525K(71872K)], 20.9811840 secs] [Times: user=18.89 sys=2.08, real=20.98 secs] 
92614.913: [Full GC [PSYoungGen: 2599424K->162299K(2665344K)] [PSOldGen: 5461375K->5461375K(5461376K)] 8060799K->5623675K(8126720K) [PSPermGen: 71534K->71534K(71872K)], 20.4184700 secs] [Times: user=18.36 sys=2.06, real=20.42 secs] 
92671.525: [Full GC [PSYoungGen: 2599424K->181778K(2665344K)] [PSOldGen: 5461375K->5461375K(5461376K)] 8060799K->5643154K(8126720K) [PSPermGen: 71542K->71542K(71872K)], 18.7077680 secs] [Times: user=17.93 sys=0.79, real=18.70 secs] 
92724.541: [Full GC [PSYoungGen: 2599424K->185816K(2665344K)] [PSOldGen: 5461375K->5461375K(5461376K)] 8060799K->5647191K(8126720K) [PSPermGen: 71549K->71549K(71872K)], 18.6917270 secs] [Times: user=17.91 sys=0.78, real=18.69 secs] 
93290.491: [Full GC [PSYoungGen: 2599424K->62211K(2665344K)] [PSOldGen: 5461375K->5461375K(5461376K)] 8060799K->5523587K(8126720K) [PSPermGen: 71659K->71621K(71744K)], 22.4225210 secs] [Times: user=20.36 sys=2.05, real=22.42 secs] 
94001.816: [Full GC [PSYoungGen: 2599424K->191327K(2665344K)] [PSOldGen: 5461375K->5461375K(5461376K)] 8060799K->5652703K(8126720K) [PSPermGen: 71705K->71705K(71872K)], 20.5109910 secs] [Times: user=18.41 sys=2.10, real=20.51 secs] 
94882.785: [Full GC [PSYoungGen: 2599424K->199407K(2665344K)] [PSOldGen: 5461375K->5461375K(5461376K)] 8060799K->5660783K(8126720K) [PSPermGen: 71740K->71740K(71872K)], 20.4415970 secs] [Times: user=18.45 sys=1.99, real=20.44 secs] 
95999.235: [Full GC [PSYoungGen: 2599424K->200854K(2665344K)] [PSOldGen: 5461375K->5461375K(5461376K)] 8060799K->5662230K(8126720K) [PSPermGen: 71764K->71764K(71872K)], 20.3925300 secs] [Times: user=18.30 sys=2.09, real=20.39 secs] 
96342.929: [Full GC [PSYoungGen: 2599424K->35542K(2665344K)] [PSOldGen: 5461375K->5461375K(5461376K)] 8060799K->5496918K(8126720K) [PSPermGen: 71781K->71282K(71680K)], 22.6996150 secs] [Times: user=20.61 sys=2.09, real=22.70 secs] 
96780.742: [Full GC [PSYoungGen: 2599424K->161708K(2665344K)] [PSOldGen: 5461375K->5461375K(5461376K)] 8060799K->5623084K(8126720K) [PSPermGen: 71290K->71290K(71680K)], 18.7472130 secs] [Times: user=17.91 sys=0.83, real=18.75 secs] 
97247.285: [Full GC [PSYoungGen: 2599424K->165257K(2665344K)] [PSOldGen: 5461375K->5461375K(5461376K)] 8060799K->5626633K(8126720K) [PSPermGen: 71331K->71331K(71680K)], 20.3227330 secs] [Times: user=18.31 sys=2.00, real=20.32 secs] 
97551.946: [Full GC [PSYoungGen: 2599424K->166187K(2665344K)] [PSOldGen: 5461375K->5461375K(5461376K)] 8060799K->5627563K(8126720K) [PSPermGen: 71338K->71338K(71680K)], 20.2878450 secs] [Times: user=18.24 sys=2.04, real=20.29 secs] 
97591.288: [Full GC [PSYoungGen: 2599424K->29885K(2665344K)] [PSOldGen: 5461375K->5461305K(5461376K)] 8060799K->5491190K(8126720K) [PSPermGen: 71339K->71271K(71616K)], 20.6713980 secs] [Times: user=19.84 sys=0.83, real=20.67 secs] 
97646.771: [Full GC [PSYoungGen: 2599424K->145500K(2665344K)] [PSOldGen: 5461305K->5461305K(5461376K)] 8060729K->5606805K(8126720K) [PSPermGen: 71277K->71277K(71616K)], 18.6327840 secs] [Times: user=17.83 sys=0.80, real=18.63 secs] 
97699.419: [Full GC [PSYoungGen: 2599424K->157325K(2665344K)] [PSOldGen: 5461305K->5461305K(5461376K)] 8060729K->5618630K(8126720K) [PSPermGen: 71278K->71278K(71616K)], 18.6781560 secs] [Times: user=17.89 sys=0.78, real=18.68 secs] 
97771.238: [Full GC [PSYoungGen: 2599424K->160640K(2665344K)] [PSOldGen: 5461305K->5461305K(5461376K)] 8060729K->5621945K(8126720K) [PSPermGen: 71284K->71284K(71616K)], 18.6256930 secs] [Times: user=17.85 sys=0.77, real=18.63 secs] 
97809.689: [Full GC [PSYoungGen: 2599424K->29470K(2665344K)] [PSOldGen: 5461305K->5461304K(5461376K)] 8060729K->5490774K(8126720K) [PSPermGen: 71284K->71271K(71616K)], 18.6878970 secs] [Times: user=17.84 sys=0.83, real=18.68 secs] 
97849.628: [Full GC [PSYoungGen: 2599424K->146538K(2665344K)] [PSOldGen: 5461304K->5461304K(5461376K)] 8060728K->5607843K(8126720K) [PSPermGen: 71271K->71271K(71616K)], 18.6799410 secs] [Times: user=17.81 sys=0.86, real=18.68 secs] 
97914.285: [Full GC [PSYoungGen: 2599424K->151393K(2665344K)] [PSOldGen: 5461304K->5461304K(5461376K)] 8060728K->5612698K(8126720K) [PSPermGen: 71277K->71277K(71616K)], 18.7016540 secs] [Times: user=17.90 sys=0.79, real=18.70 secs] 
97965.963: [Full GC [PSYoungGen: 2599424K->158382K(2665344K)] [PSOldGen: 5461304K->5461304K(5461376K)] 8060728K->5619687K(8126720K) [PSPermGen: 71283K->71283K(71616K)], 18.6749110 secs] [Times: user=17.84 sys=0.83, real=18.67 secs] 
98029.609: [Full GC [PSYoungGen: 2599424K->30491K(2665344K)] [PSOldGen: 5461304K->5461303K(5461376K)] 8060728K->5491795K(8126720K) [PSPermGen: 71291K->71271K(71616K)], 22.2338030 secs] [Times: user=20.19 sys=2.04, real=22.23 secs] 
98165.220: [Full GC [PSYoungGen: 2599424K->162766K(2665344K)] [PSOldGen: 5461303K->5461303K(5461376K)] 8060727K->5624069K(8126720K) [PSPermGen: 71278K->71278K(71616K)], 18.6814270 secs] [Times: user=17.88 sys=0.81, real=18.68 secs] 
98202.913: [Full GC [PSYoungGen: 2599424K->159575K(2665344K)] [PSOldGen: 5461303K->5461303K(5461376K)] 8060727K->5620878K(8126720K) [PSPermGen: 71278K->71278K(71616K)], 18.6477630 secs] [Times: user=17.85 sys=0.80, real=18.65 secs] 
98240.004: [Full GC [PSYoungGen: 2599424K->161454K(2665344K)] [PSOldGen: 5461303K->5461303K(5461376K)] 8060727K->5622757K(8126720K) [PSPermGen: 71284K->71284K(71616K)], 18.6224620 secs] [Times: user=17.85 sys=0.77, real=18.62 secs] 
98277.184: [Full GC [PSYoungGen: 2599424K->30057K(2665344K)] [PSOldGen: 5461303K->5461301K(5461376K)] 8060727K->5491358K(8126720K) [PSPermGen: 71285K->71271K(71552K)], 18.7738020 secs] [Times: user=17.98 sys=0.79, real=18.78 secs] 
98317.197: [Full GC [PSYoungGen: 2599424K->147738K(2665344K)] [PSOldGen: 5461301K->5461301K(5461376K)] 8060725K->5609040K(8126720K) [PSPermGen: 71271K->71271K(71552K)], 18.7254150 secs] [Times: user=17.88 sys=0.84, real=18.73 secs] 
98353.815: [Full GC [PSYoungGen: 2599424K->156076K(2665344K)] [PSOldGen: 5461301K->5461301K(5461376K)] 8060725K->5617378K(8126720K) [PSPermGen: 71277K->71277K(71552K)], 18.6475240 secs] [Times: user=17.84 sys=0.80, real=18.65 secs] 
98391.816: [Full GC [PSYoungGen: 2599424K->158083K(2665344K)] [PSOldGen: 5461301K->5461301K(5461376K)] 8060725K->5619385K(8126720K) [PSPermGen: 71278K->71278K(71552K)], 18.6251590 secs] [Times: user=17.80 sys=0.82, real=18.62 secs] 
98429.338: [Full GC [PSYoungGen: 2599424K->29938K(2665344K)] [PSOldGen: 5461301K->5461301K(5461376K)] 8060725K->5491239K(8126720K) [PSPermGen: 71278K->71271K(71552K)], 18.6755920 secs] [Times: user=17.86 sys=0.80, real=18.67 secs] 
98468.206: [Full GC [PSYoungGen: 2599424K->145253K(2665344K)] [PSOldGen: 5461301K->5461301K(5461376K)] 8060725K->5606554K(8126720K) [PSPermGen: 71271K->71271K(71552K)], 18.6999760 secs] [Times: user=17.90 sys=0.80, real=18.70 secs] 
98505.429: [Full GC [PSYoungGen: 2599424K->160684K(2665344K)] [PSOldGen: 5461301K->5461301K(5461376K)] 8060725K->5621986K(8126720K) [PSPermGen: 71278K->71278K(71552K)], 18.6390770 secs] [Times: user=17.85 sys=0.79, real=18.63 secs] 
98558.636: [Full GC [PSYoungGen: 2599424K->147697K(2665344K)] [PSOldGen: 5461301K->5461301K(5461376K)] 8060725K->5608999K(8126720K) [PSPermGen: 71278K->71278K(71552K)], 18.6865640 secs] [Times: user=17.88 sys=0.80, real=18.68 secs] 
98601.807: [Full GC [PSYoungGen: 2599424K->31640K(2665344K)] [PSOldGen: 5461301K->5461300K(5461376K)] 8060725K->5492941K(8126720K) [PSPermGen: 71285K->71271K(71552K)], 22.2261010 secs] [Times: user=20.13 sys=2.09, real=22.22 secs] 
98651.821: [Full GC [PSYoungGen: 2599424K->152193K(2665344K)] [PSOldGen: 5461300K->5461300K(5461376K)] 8060724K->5613493K(8126720K) [PSPermGen: 71272K->71272K(71552K)], 18.7414890 secs] [Times: user=17.96 sys=0.78, real=18.74 secs] 
98754.047: [Full GC [PSYoungGen: 2599424K->156141K(2665344K)] [PSOldGen: 5461300K->5461300K(5461376K)] 8060724K->5617441K(8126720K) [PSPermGen: 71278K->71278K(71552K)], 18.6821330 secs] [Times: user=17.89 sys=0.78, real=18.68 secs] 
98816.150: [Full GC [PSYoungGen: 2599424K->158643K(2665344K)] [PSOldGen: 5461300K->5461300K(5461376K)] 8060724K->5619943K(8126720K) [PSPermGen: 71278K->71278K(71552K)], 18.6533360 secs] [Times: user=17.87 sys=0.79, real=18.65 secs] 
98867.329: [Full GC [PSYoungGen: 2599424K->29985K(2665344K)] [PSOldGen: 5461300K->5461298K(5461376K)] 8060724K->5491284K(8126720K) [PSPermGen: 71285K->71271K(71552K)], 18.8753190 secs] [Times: user=18.07 sys=0.80, real=18.88 secs] 
98925.904: [Full GC [PSYoungGen: 2599424K->158162K(2665344K)] [PSOldGen: 5461298K->5461298K(5461376K)] 8060722K->5619461K(8126720K) [PSPermGen: 71272K->71272K(71552K)], 18.7286960 secs] [Times: user=17.92 sys=0.80, real=18.73 secs] 
98970.554: [Full GC [PSYoungGen: 2599424K->160333K(2665344K)] [PSOldGen: 5461298K->5461298K(5461376K)] 8060722K->5621632K(8126720K) [PSPermGen: 71278K->71278K(71552K)], 18.6664600 secs] [Times: user=17.87 sys=0.80, real=18.66 secs] 
99031.698: [Full GC [PSYoungGen: 2599424K->93447K(2665344K)] [PSOldGen: 5461298K->5461298K(5461376K)] 8060722K->5554745K(8126720K) [PSPermGen: 71284K->71284K(71360K)], 18.6565560 secs] [Times: user=17.88 sys=0.77, real=18.65 secs] 
99087.183: [Full GC [PSYoungGen: 2599424K->30225K(2665344K)] [PSOldGen: 5461298K->5461297K(5461376K)] 8060722K->5491522K(8126720K) [PSPermGen: 71290K->71271K(71296K)], 18.7422770 secs] [Times: user=17.92 sys=0.82, real=18.74 secs] 
99190.970: [Full GC [PSYoungGen: 2599424K->158312K(2665344K)] [PSOldGen: 5461297K->5461297K(5461376K)] 8060721K->5619609K(8126720K) [PSPermGen: 71272K->71272K(71296K)], 18.6038870 secs] [Times: user=17.79 sys=0.80, real=18.60 secs] 
99331.792: [Full GC [PSYoungGen: 2599424K->161900K(2665344K)] [PSOldGen: 5461297K->5461297K(5461376K)] 8060721K->5623197K(8126720K) [PSPermGen: 71278K->71278K(71296K)], 20.3353660 secs] [Times: user=18.37 sys=1.97, real=20.33 secs] 
99371.301: [Full GC [PSYoungGen: 2599424K->160029K(2665344K)] [PSOldGen: 5461297K->5461297K(5461376K)] 8060721K->5621326K(8126720K) [PSPermGen: 71279K->71279K(71296K)], 18.7207360 secs] [Times: user=17.88 sys=0.84, real=18.72 secs] 
99409.230: [Full GC [PSYoungGen: 2599424K->29475K(2665344K)] [PSOldGen: 5461297K->5461290K(5461376K)] 8060721K->5490765K(8126720K) [PSPermGen: 71280K->71236K(71296K)], 20.5494010 secs] [Times: user=19.72 sys=0.82, real=20.54 secs] 
99448.445: [Full GC [PSYoungGen: 2599424K->147471K(2665344K)] [PSOldGen: 5461290K->5461290K(5461376K)] 8060714K->5608761K(8126720K) [PSPermGen: 71242K->71242K(71296K)], 18.6605070 secs] [Times: user=17.90 sys=0.75, real=18.65 secs] 
99486.370: [Full GC [PSYoungGen: 2599424K->158393K(2665344K)] [PSOldGen: 5461290K->5461290K(5461376K)] 8060714K->5619683K(8126720K) [PSPermGen: 71243K->71243K(71296K)], 18.6653780 secs] [Times: user=17.87 sys=0.79, real=18.67 secs] 
99524.324: [Full GC [PSYoungGen: 2599424K->158826K(2665344K)] [PSOldGen: 5461290K->5461290K(5461376K)] 8060714K->5620116K(8126720K) [PSPermGen: 71243K->71243K(71296K)], 18.6182810 secs] [Times: user=17.84 sys=0.78, real=18.62 secs] 
99561.840: [Full GC [PSYoungGen: 2599424K->31632K(2665344K)] [PSOldGen: 5461290K->5461290K(5461376K)] 8060714K->5492922K(8126720K) [PSPermGen: 71248K->71236K(71296K)], 18.6254670 secs] [Times: user=17.83 sys=0.80, real=18.63 secs] 
99600.063: [Full GC [PSYoungGen: 2599424K->128427K(2665344K)] [PSOldGen: 5461290K->5461290K(5461376K)] 8060714K->5589718K(8126720K) [PSPermGen: 71237K->71237K(71296K)], 18.7420880 secs] [Times: user=17.93 sys=0.81, real=18.74 secs] 
99638.630: [Full GC [PSYoungGen: 2599424K->159041K(2665344K)] [PSOldGen: 5461290K->5461290K(5461376K)] 8060714K->5620332K(8126720K) [PSPermGen: 71237K->71237K(71296K)], 18.6692330 secs] [Times: user=17.90 sys=0.78, real=18.67 secs] 
99676.114: [Full GC [PSYoungGen: 2599424K->160418K(2665344K)] [PSOldGen: 5461290K->5461290K(5461376K)] 8060714K->5621709K(8126720K) [PSPermGen: 71244K->71244K(71296K)], 18.6363560 secs] [Times: user=17.87 sys=0.76, real=18.64 secs] 
99716.990: [Full GC [PSYoungGen: 2599424K->28560K(2665344K)] [PSOldGen: 5461290K->5461289K(5461376K)] 8060714K->5489850K(8126720K) [PSPermGen: 71245K->71236K(71296K)], 18.6805800 secs] [Times: user=17.93 sys=0.75, real=18.68 secs] 
99763.242: [Full GC [PSYoungGen: 2599424K->153832K(2665344K)] [PSOldGen: 5461289K->5461289K(5461376K)] 8060713K->5615122K(8126720K) [PSPermGen: 71236K->71236K(71296K)], 18.6786930 secs] [Times: user=17.89 sys=0.79, real=18.67 secs] 
99854.047: [Full GC [PSYoungGen: 2599424K->160117K(2665344K)] [PSOldGen: 5461289K->5461289K(5461376K)] 8060713K->5621407K(8126720K) [PSPermGen: 71243K->71243K(71296K)], 20.2775760 secs] [Times: user=18.33 sys=1.95, real=20.27 secs] 
99949.404: [Full GC [PSYoungGen: 2599424K->160149K(2665344K)] [PSOldGen: 5461289K->5461289K(5461376K)] 8060713K->5621439K(8126720K) [PSPermGen: 71249K->71249K(71296K)], 18.6341300 secs] [Times: user=17.84 sys=0.79, real=18.63 secs] 
100008.493: [Full GC [PSYoungGen: 2599424K->28660K(2665344K)] [PSOldGen: 5461289K->5461278K(5461376K)] 8060713K->5489938K(8126720K) [PSPermGen: 71250K->71215K(71232K)], 20.6241690 secs] [Times: user=19.79 sys=0.84, real=20.62 secs] 
100065.546: [Full GC [PSYoungGen: 2599424K->157687K(2665344K)] [PSOldGen: 5461278K->5461278K(5461376K)] 8060702K->5618965K(8126720K) [PSPermGen: 71222K->71222K(71296K)], 18.6989520 secs] [Times: user=17.88 sys=0.81, real=18.69 secs] 
100142.589: [Full GC [PSYoungGen: 2599424K->158795K(2665344K)] [PSOldGen: 5461278K->5461278K(5461376K)] 8060702K->5620073K(8126720K) [PSPermGen: 71224K->71224K(71296K)], 18.6767510 secs] [Times: user=17.88 sys=0.80, real=18.67 secs] 
100188.891: [Full GC [PSYoungGen: 2599424K->160068K(2665344K)] [PSOldGen: 5461278K->5461278K(5461376K)] 8060702K->5621346K(8126720K) [PSPermGen: 71229K->71229K(71296K)], 18.6667190 secs] [Times: user=17.87 sys=0.79, real=18.67 secs] 
100240.159: [Full GC [PSYoungGen: 2599424K->28475K(2665344K)] [PSOldGen: 5461278K->5461274K(5461376K)] 8060702K->5489749K(8126720K) [PSPermGen: 71230K->71217K(71232K)], 18.7421190 secs] [Times: user=17.91 sys=0.83, real=18.74 secs] 
100318.919: [Full GC [PSYoungGen: 2599424K->160721K(2665344K)] [PSOldGen: 5461274K->5461274K(5461376K)] 8060698K->5621995K(8126720K) [PSPermGen: 71222K->71222K(71296K)], 18.6463810 secs] [Times: user=17.85 sys=0.80, real=18.65 secs] 
100397.489: [Full GC [PSYoungGen: 2599424K->93962K(2665344K)] [PSOldGen: 5461274K->5461274K(5461376K)] 8060698K->5555236K(8126720K) [PSPermGen: 71230K->71230K(71296K)], 20.3840760 secs] [Times: user=18.37 sys=2.02, real=20.38 secs] 
100515.485: [Full GC [PSYoungGen: 2599424K->166759K(2665344K)] [PSOldGen: 5461274K->5461274K(5461376K)] 8060698K->5628033K(8126720K) [PSPermGen: 71236K->71236K(71296K)], 18.8301330 secs] [Times: user=18.02 sys=0.80, real=18.83 secs] 
100556.115: [Full GC [PSYoungGen: 2599424K->30893K(2665344K)] [PSOldGen: 5461274K->5461267K(5461376K)] 8060698K->5492160K(8126720K) [PSPermGen: 71237K->71217K(71232K)], 20.6194060 secs] [Times: user=19.78 sys=0.83, real=20.62 secs] 
100598.308: [Full GC [PSYoungGen: 2599424K->149005K(2665344K)] [PSOldGen: 5461267K->5461267K(5461376K)] 8060691K->5610273K(8126720K) [PSPermGen: 71217K->71217K(71232K)], 18.6200950 secs] [Times: user=17.85 sys=0.78, real=18.62 secs] 
100654.701: [Full GC [PSYoungGen: 2599424K->154185K(2665344K)] [PSOldGen: 5461267K->5461267K(5461376K)] 8060691K->5615452K(8126720K) [PSPermGen: 71223K->71223K(71296K)], 18.5696840 secs] [Times: user=17.74 sys=0.82, real=18.56 secs] 
100710.774: [Full GC [PSYoungGen: 2599424K->159144K(2665344K)] [PSOldGen: 5461267K->5461267K(5461376K)] 8060691K->5620411K(8126720K) [PSPermGen: 71230K->71230K(71296K)], 18.6607620 secs] [Times: user=17.88 sys=0.78, real=18.66 secs] 
100756.441: [Full GC [PSYoungGen: 2599424K->37353K(2665344K)] [PSOldGen: 5461267K->5461267K(5461376K)] 8060691K->5498620K(8126720K) [PSPermGen: 71236K->71217K(71232K)], 18.6671420 secs] [Times: user=17.91 sys=0.75, real=18.67 secs] 
100799.268: [Full GC [PSYoungGen: 2599424K->150214K(2665344K)] [PSOldGen: 5461267K->5461267K(5461376K)] 8060691K->5611481K(8126720K) [PSPermGen: 71217K->71217K(71232K)], 18.6714740 secs] [Times: user=17.88 sys=0.79, real=18.67 secs] 
100852.682: [Full GC [PSYoungGen: 2599424K->155601K(2665344K)] [PSOldGen: 5461267K->5461267K(5461376K)] 8060691K->5616868K(8126720K) [PSPermGen: 71258K->71258K(71296K)], 18.6723010 secs] [Times: user=17.86 sys=0.80, real=18.67 secs] 
100956.114: [Full GC [PSYoungGen: 2599424K->159286K(2665344K)] [PSOldGen: 5461267K->5461267K(5461376K)] 8060691K->5620553K(8126720K) [PSPermGen: 71264K->71264K(71296K)], 18.6533010 secs] [Times: user=17.85 sys=0.80, real=18.65 secs] 
101008.055: [Full GC [PSYoungGen: 2599424K->32231K(2665344K)] [PSOldGen: 5461267K->5461263K(5461376K)] 8060691K->5493495K(8126720K) [PSPermGen: 71271K->71256K(71296K)], 22.2077200 secs] [Times: user=20.22 sys=1.97, real=22.20 secs] 
101050.539: [Full GC [PSYoungGen: 2599424K->144857K(2665344K)] [PSOldGen: 5461263K->5461263K(5461376K)] 8060687K->5606121K(8126720K) [PSPermGen: 71256K->71256K(71296K)], 18.7498580 secs] [Times: user=17.95 sys=0.79, real=18.74 secs] 
101088.699: [Full GC [PSYoungGen: 2599424K->149272K(2665344K)] [PSOldGen: 5461263K->5461263K(5461376K)] 8060687K->5610536K(8126720K) [PSPermGen: 71256K->71256K(71296K)], 18.6265960 secs] [Times: user=17.87 sys=0.76, real=18.63 secs] 
101125.330: [Full GC [PSYoungGen: 2599424K->159315K(2665344K)] [PSOldGen: 5461263K->5461263K(5461376K)] 8060687K->5620579K(8126720K) [PSPermGen: 71262K->71262K(71296K)], 18.6644780 secs] [Times: user=17.89 sys=0.77, real=18.66 secs] 
101163.557: [Full GC [PSYoungGen: 2599424K->30383K(2665344K)] [PSOldGen: 5461263K->5461263K(5461376K)] 8060687K->5491646K(8126720K) [PSPermGen: 71263K->71256K(71296K)], 18.6116570 secs] [Times: user=17.82 sys=0.79, real=18.61 secs] 
101201.791: [Full GC [PSYoungGen: 2599424K->149991K(2665344K)] [PSOldGen: 5461263K->5461263K(5461376K)] 8060687K->5611255K(8126720K) [PSPermGen: 71256K->71256K(71296K)], 18.7254460 secs] [Times: user=17.98 sys=0.74, real=18.72 secs] 
101239.241: [Full GC [PSYoungGen: 2599424K->152469K(2665344K)] [PSOldGen: 5461263K->5461263K(5461376K)] 8060687K->5613733K(8126720K) [PSPermGen: 71262K->71262K(71296K)], 18.6939780 secs] [Times: user=17.86 sys=0.83, real=18.69 secs] 
101277.108: [Full GC [PSYoungGen: 2599424K->154830K(2665344K)] [PSOldGen: 5461263K->5461263K(5461376K)] 8060687K->5616094K(8126720K) [PSPermGen: 71263K->71263K(71296K)], 18.6504400 secs] [Times: user=17.84 sys=0.81, real=18.65 secs] 
101315.207: [Full GC [PSYoungGen: 2599424K->28974K(2665344K)] [PSOldGen: 5461263K->5461263K(5461376K)] 8060687K->5490238K(8126720K) [PSPermGen: 71263K->71256K(71296K)], 18.6306820 secs] [Times: user=17.85 sys=0.76, real=18.62 secs] 
101367.408: [Full GC [PSYoungGen: 2599424K->145270K(2665344K)] [PSOldGen: 5461263K->5461263K(5461376K)] 8060687K->5606534K(8126720K) [PSPermGen: 71261K->71261K(71296K)], 18.6931320 secs] [Times: user=17.90 sys=0.79, real=18.69 secs] 
101426.035: [Full GC [PSYoungGen: 2599424K->158741K(2665344K)] [PSOldGen: 5461263K->5461263K(5461376K)] 8060687K->5620005K(8126720K) [PSPermGen: 71262K->71262K(71296K)], 18.7106860 secs] [Times: user=17.90 sys=0.80, real=18.71 secs] 
101471.481: [Full GC [PSYoungGen: 2599424K->157329K(2665344K)] [PSOldGen: 5461263K->5461263K(5461376K)] 8060687K->5618593K(8126720K) [PSPermGen: 71262K->71262K(71296K)], 18.6690250 secs] [Times: user=17.90 sys=0.76, real=18.66 secs] 
101578.685: [Full GC [PSYoungGen: 2599424K->31481K(2665344K)] [PSOldGen: 5461263K->5461262K(5461376K)] 8060687K->5492744K(8126720K) [PSPermGen: 71269K->71256K(71296K)], 18.8593390 secs] [Times: user=18.03 sys=0.82, real=18.86 secs] 
101652.078: [Full GC [PSYoungGen: 2599424K->160399K(2665344K)] [PSOldGen: 5461262K->5461262K(5461376K)] 8060686K->5621662K(8126720K) [PSPermGen: 71267K->71267K(71296K)], 20.3660040 secs] [Times: user=18.30 sys=2.07, real=20.36 secs] 
101707.562: [Full GC [PSYoungGen: 2599424K->154114K(2665344K)] [PSOldGen: 5461262K->5461262K(5461376K)] 8060686K->5615377K(8126720K) [PSPermGen: 71267K->71267K(71296K)], 18.7150000 secs] [Times: user=17.92 sys=0.79, real=18.72 secs] 
101768.842: [Full GC [PSYoungGen: 2599424K->159487K(2665344K)] [PSOldGen: 5461262K->5461262K(5461376K)] 8060686K->5620750K(8126720K) [PSPermGen: 71273K->71273K(71296K)], 18.6748000 secs] [Times: user=17.93 sys=0.74, real=18.68 secs] 
101816.115: [Full GC [PSYoungGen: 2599424K->28981K(2665344K)] [PSOldGen: 5461262K->5461261K(5461376K)] 8060686K->5490243K(8126720K) [PSPermGen: 71274K->71256K(71296K)], 20.5138340 secs] [Times: user=19.68 sys=0.83, real=20.51 secs] 
101880.355: [Full GC [PSYoungGen: 2599424K->154940K(2665344K)] [PSOldGen: 5461261K->5461261K(5461376K)] 8060685K->5616202K(8126720K) [PSPermGen: 71262K->71262K(71296K)], 18.6725070 secs] [Times: user=17.91 sys=0.76, real=18.67 secs] 
101937.286: [Full GC [PSYoungGen: 2599424K->158532K(2665344K)] [PSOldGen: 5461261K->5461261K(5461376K)] 8060685K->5619794K(8126720K) [PSPermGen: 71262K->71262K(71296K)], 18.6513390 secs] [Times: user=17.88 sys=0.77, real=18.65 secs] 
102031.258: [Full GC [PSYoungGen: 2599424K->161309K(2665344K)] [PSOldGen: 5461261K->5461261K(5461376K)] 8060685K->5622570K(8126720K) [PSPermGen: 71268K->71268K(71296K)], 18.5994010 secs] [Times: user=17.81 sys=0.79, real=18.60 secs] 
102088.148: [Full GC [PSYoungGen: 2599424K->39211K(2665344K)] [PSOldGen: 5461261K->5461261K(5461376K)] 8060685K->5500473K(8126720K) [PSPermGen: 71275K->71256K(71296K)], 18.6870820 secs] [Times: user=17.87 sys=0.81, real=18.69 secs] 
102131.906: [Full GC [PSYoungGen: 2599424K->104069K(2665344K)] [PSOldGen: 5461261K->5461261K(5461376K)] 8060685K->5565331K(8126720K) [PSPermGen: 71257K->71257K(71296K)], 18.6672430 secs] [Times: user=17.88 sys=0.78, real=18.66 secs] 
102187.873: [Full GC [PSYoungGen: 2599424K->160551K(2665344K)] [PSOldGen: 5461261K->5461261K(5461376K)] 8060685K->5621812K(8126720K) [PSPermGen: 71257K->71257K(71296K)], 18.6475970 secs] [Times: user=17.86 sys=0.79, real=18.65 secs] 
102239.207: [Full GC [PSYoungGen: 2599424K->165227K(2665344K)] [PSOldGen: 5461261K->5461261K(5461376K)] 8060685K->5626489K(8126720K) [PSPermGen: 71263K->71263K(71296K)], 20.3281110 secs] [Times: user=18.31 sys=2.02, real=20.33 secs] 
102389.009: [Full GC [PSYoungGen: 2599424K->30204K(2665344K)] [PSOldGen: 5461261K->5461260K(5461376K)] 8060685K->5491464K(8126720K) [PSPermGen: 71271K->71256K(71296K)], 20.5690600 secs] [Times: user=19.74 sys=0.81, real=20.57 secs] 
103340.785: [Full GC [PSYoungGen: 2599424K->172028K(2665344K)] [PSOldGen: 5461260K->5461260K(5461376K)] 8060684K->5633289K(8126720K) [PSPermGen: 71267K->71267K(71296K)], 20.3181840 secs] [Times: user=18.31 sys=2.00, real=20.31 secs] 
103576.201: [Full GC [PSYoungGen: 2599424K->151668K(2665344K)] [PSOldGen: 5461260K->5461260K(5461376K)] 8060684K->5612928K(8126720K) [PSPermGen: 71274K->71274K(71296K)], 20.3384910 secs] [Times: user=18.31 sys=2.03, real=20.33 secs] 
103866.644: [Full GC [PSYoungGen: 2599424K->161306K(2665344K)] [PSOldGen: 5461260K->5461260K(5461376K)] 8060684K->5622566K(8126720K) [PSPermGen: 71280K->71280K(71296K)], 18.7164140 secs] [Times: user=17.93 sys=0.79, real=18.71 secs] 
104059.320: [Full GC [PSYoungGen: 2599424K->34975K(2665344K)] [PSOldGen: 5461260K->5461257K(5461376K)] 8060684K->5496233K(8126720K) [PSPermGen: 71288K->71220K(71296K)], 22.2038430 secs] [Times: user=20.22 sys=1.98, real=22.20 secs] 
104104.075: [Full GC [PSYoungGen: 2599424K->148346K(2665344K)] [PSOldGen: 5461257K->5461257K(5461376K)] 8060681K->5609604K(8126720K) [PSPermGen: 71221K->71221K(71296K)], 18.6669380 secs] [Times: user=17.88 sys=0.77, real=18.67 secs] 
104157.572: [Full GC [PSYoungGen: 2599424K->153745K(2665344K)] [PSOldGen: 5461257K->5461257K(5461376K)] 8060681K->5615003K(8126720K) [PSPermGen: 71227K->71227K(71296K)], 18.5927330 secs] [Times: user=17.84 sys=0.75, real=18.59 secs] 
104208.532: [Full GC [PSYoungGen: 2599424K->158142K(2665344K)] [PSOldGen: 5461257K->5461257K(5461376K)] 8060681K->5619399K(8126720K) [PSPermGen: 71228K->71228K(71296K)], 18.6783560 secs] [Times: user=17.87 sys=0.80, real=18.67 secs] 
104275.213: [Full GC [PSYoungGen: 2599424K->31397K(2665344K)] [PSOldGen: 5461257K->5461257K(5461376K)] 8060681K->5492655K(8126720K) [PSPermGen: 71234K->71220K(71296K)], 18.6103810 secs] [Times: user=17.80 sys=0.80, real=18.60 secs] 
104312.431: [Full GC [PSYoungGen: 2599424K->159969K(2665344K)] [PSOldGen: 5461257K->5461257K(5461376K)] 8060681K->5621226K(8126720K) [PSPermGen: 71227K->71227K(71296K)], 18.6641200 secs] [Times: user=17.88 sys=0.78, real=18.66 secs] 
104350.211: [Full GC [PSYoungGen: 2599424K->135843K(2665344K)] [PSOldGen: 5461257K->5461257K(5461376K)] 8060681K->5597101K(8126720K) [PSPermGen: 71240K->71240K(71296K)], 18.6241500 secs] [Times: user=17.82 sys=0.81, real=18.63 secs] 
104404.046: [Full GC [PSYoungGen: 2599424K->150326K(2665344K)] [PSOldGen: 5461257K->5461257K(5461376K)] 8060681K->5611584K(8126720K) [PSPermGen: 71305K->71305K(71360K)], 18.6295270 secs] [Times: user=17.83 sys=0.79, real=18.63 secs] 
104465.738: [Full GC [PSYoungGen: 2599424K->32400K(2665344K)] [PSOldGen: 5461257K->5461238K(5461376K)] 8060681K->5493639K(8126720K) [PSPermGen: 71342K->71324K(71936K)], 20.6116300 secs] [Times: user=19.81 sys=0.81, real=20.61 secs] 
104518.725: [Full GC [PSYoungGen: 2599424K->165808K(2665344K)] [PSOldGen: 5461238K->5461238K(5461376K)] 8060662K->5627047K(8126720K) [PSPermGen: 71332K->71332K(71936K)], 18.6458930 secs] [Times: user=17.83 sys=0.81, real=18.65 secs] 
104608.201: [Full GC [PSYoungGen: 2599424K->182939K(2665344K)] [PSOldGen: 5461238K->5461238K(5461376K)] 8060662K->5644178K(8126720K) [PSPermGen: 71357K->71357K(71936K)], 20.6266020 secs] [Times: user=18.44 sys=2.17, real=20.62 secs] 
104676.452: [Full GC [PSYoungGen: 2599424K->181874K(2665344K)] [PSOldGen: 5461238K->5461238K(5461376K)] 8060662K->5643113K(8126720K) [PSPermGen: 71387K->71387K(71744K)], 18.7288750 secs] [Times: user=17.94 sys=0.78, real=18.72 secs] 
104711.880: [Full GC [PSYoungGen: 2599424K->55182K(2665344K)] [PSOldGen: 5461238K->5461032K(5461376K)] 8060662K->5516215K(8126720K) [PSPermGen: 71393K->71363K(71680K)], 21.0447520 secs] [Times: user=20.24 sys=0.80, real=21.04 secs] 
104749.502: [Full GC [PSYoungGen: 2599424K->188022K(2665344K)] [PSOldGen: 5461032K->5461032K(5461376K)] 8060456K->5649054K(8126720K) [PSPermGen: 71412K->71412K(71744K)], 18.7607170 secs] [Times: user=17.98 sys=0.78, real=18.75 secs] 
104784.584: [Full GC [PSYoungGen: 2599424K->133309K(2665344K)] [PSOldGen: 5461032K->5461032K(5461376K)] 8060456K->5594342K(8126720K) [PSPermGen: 71419K->71419K(71744K)], 18.7036350 secs] [Times: user=17.90 sys=0.79, real=18.70 secs] 
104821.888: [Full GC [PSYoungGen: 2599424K->188650K(2665344K)] [PSOldGen: 5461032K->5461032K(5461376K)] 8060456K->5649683K(8126720K) [PSPermGen: 71431K->71431K(71744K)], 18.7354130 secs] [Times: user=17.96 sys=0.78, real=18.73 secs] 
104857.848: [Full GC [PSYoungGen: 2599424K->59959K(2665344K)] [PSOldGen: 5461032K->5461000K(5461376K)] 8060456K->5520959K(8126720K) [PSPermGen: 71436K->71426K(71744K)], 20.1803380 secs] [Times: user=19.40 sys=0.77, real=20.17 secs] 
104894.793: [Full GC [PSYoungGen: 2599424K->179686K(2665344K)] [PSOldGen: 5461000K->5461000K(5461376K)] 8060424K->5640686K(8126720K) [PSPermGen: 71434K->71434K(71744K)], 18.7577050 secs] [Times: user=17.99 sys=0.77, real=18.75 secs] 
104931.724: [Full GC [PSYoungGen: 2599424K->182065K(2665344K)] [PSOldGen: 5461000K->5461000K(5461376K)] 8060424K->5643065K(8126720K) [PSPermGen: 71434K->71434K(71744K)], 18.7480640 secs] [Times: user=18.00 sys=0.74, real=18.75 secs] 
104968.116: [Full GC [PSYoungGen: 2599424K->186894K(2665344K)] [PSOldGen: 5461000K->5461000K(5461376K)] 8060424K->5647895K(8126720K) [PSPermGen: 71439K->71439K(71744K)], 18.7451980 secs] [Times: user=17.97 sys=0.77, real=18.74 secs] 
105004.984: [Full GC [PSYoungGen: 2599424K->58717K(2665344K)] [PSOldGen: 5461000K->5460997K(5461376K)] 8060424K->5519714K(8126720K) [PSPermGen: 71440K->71433K(71744K)], 18.9852260 secs] [Times: user=18.16 sys=0.83, real=18.98 secs] 
105046.889: [Full GC [PSYoungGen: 2599424K->171501K(2665344K)] [PSOldGen: 5460997K->5460997K(5461376K)] 8060421K->5632498K(8126720K) [PSPermGen: 71433K->71433K(71744K)], 18.7387770 secs] [Times: user=17.91 sys=0.82, real=18.73 secs] 
105097.043: [Full GC [PSYoungGen: 2599424K->188961K(2665344K)] [PSOldGen: 5460997K->5460997K(5461376K)] 8060421K->5649958K(8126720K) [PSPermGen: 71439K->71439K(71744K)], 18.7023120 secs] [Times: user=17.91 sys=0.78, real=18.71 secs] 
105137.317: [Full GC [PSYoungGen: 2599424K->180425K(2665344K)] [PSOldGen: 5460997K->5460997K(5461376K)] 8060421K->5641422K(8126720K) [PSPermGen: 71445K->71445K(71744K)], 18.7216240 secs] [Times: user=17.91 sys=0.80, real=18.72 secs] 
105228.657: [Full GC [PSYoungGen: 2599424K->59835K(2665344K)] [PSOldGen: 5460997K->5460996K(5461376K)] 8060421K->5520832K(8126720K) [PSPermGen: 71452K->71433K(71744K)], 22.2722080 secs] [Times: user=20.22 sys=2.05, real=22.27 secs] 
105300.624: [Full GC [PSYoungGen: 2599424K->187071K(2665344K)] [PSOldGen: 5460996K->5460996K(5461376K)] 8060420K->5648067K(8126720K) [PSPermGen: 71434K->71434K(71744K)], 18.7187690 secs] [Times: user=17.91 sys=0.80, real=18.71 secs] 
105349.946: [Full GC [PSYoungGen: 2599424K->124443K(2665344K)] [PSOldGen: 5460996K->5460996K(5461376K)] 8060420K->5585439K(8126720K) [PSPermGen: 71439K->71439K(71744K)], 18.7250910 secs] [Times: user=17.95 sys=0.77, real=18.72 secs] 
105408.943: [Full GC [PSYoungGen: 2599424K->188009K(2665344K)] [PSOldGen: 5460996K->5460996K(5461376K)] 8060420K->5649005K(8126720K) [PSPermGen: 71440K->71440K(71744K)], 18.6954600 secs] [Times: user=17.91 sys=0.79, real=18.69 secs] 
105452.441: [Full GC [PSYoungGen: 2599424K->59473K(2665344K)] [PSOldGen: 5460996K->5460996K(5461376K)] 8060420K->5520469K(8126720K) [PSPermGen: 71446K->71433K(71744K)], 18.8078120 secs] [Times: user=18.03 sys=0.77, real=18.81 secs] 
105500.516: [Full GC [PSYoungGen: 2599424K->187199K(2665344K)] [PSOldGen: 5460996K->5460996K(5461376K)] 8060420K->5648196K(8126720K) [PSPermGen: 71434K->71434K(71744K)], 18.8458560 secs] [Times: user=18.00 sys=0.83, real=18.84 secs] 
105563.844: [Full GC [PSYoungGen: 2599424K->190230K(2665344K)] [PSOldGen: 5460996K->5460996K(5461376K)] 8060420K->5651226K(8126720K) [PSPermGen: 71440K->71440K(71744K)], 18.7134250 secs] [Times: user=17.89 sys=0.82, real=18.71 secs] 
105639.369: [Full GC [PSYoungGen: 2599424K->175015K(2665344K)] [PSOldGen: 5460996K->5460996K(5461376K)] 8060420K->5636012K(8126720K) [PSPermGen: 71441K->71441K(71744K)], 18.7002480 secs] [Times: user=17.91 sys=0.79, real=18.70 secs] 
105760.417: [Full GC [PSYoungGen: 2599424K->59724K(2665344K)] [PSOldGen: 5460996K->5460996K(5461376K)] 8060420K->5520720K(8126720K) [PSPermGen: 71447K->71433K(71744K)], 18.7565260 secs] [Times: user=17.97 sys=0.78, real=18.76 secs] 
105832.801: [Full GC [PSYoungGen: 2599424K->191889K(2665344K)] [PSOldGen: 5460996K->5460996K(5461376K)] 8060420K->5652885K(8126720K) [PSPermGen: 71440K->71440K(71744K)], 20.4936550 secs] [Times: user=18.45 sys=2.04, real=20.49 secs] 
105872.081: [Full GC [PSYoungGen: 2599424K->188134K(2665344K)] [PSOldGen: 5460996K->5460996K(5461376K)] 8060420K->5649130K(8126720K) [PSPermGen: 71441K->71441K(71744K)], 18.7268480 secs] [Times: user=17.94 sys=0.78, real=18.72 secs] 
105909.035: [Full GC [PSYoungGen: 2599424K->127849K(2665344K)] [PSOldGen: 5460996K->5460996K(5461376K)] 8060420K->5588845K(8126720K) [PSPermGen: 71441K->71441K(71744K)], 18.6923850 secs] [Times: user=17.88 sys=0.82, real=18.69 secs] 
105946.115: [Full GC [PSYoungGen: 2599424K->61374K(2665344K)] [PSOldGen: 5460996K->5460995K(5461376K)] 8060420K->5522370K(8126720K) [PSPermGen: 71447K->71433K(71744K)], 18.8717410 secs] [Times: user=18.07 sys=0.80, real=18.87 secs] 
105984.801: [Full GC [PSYoungGen: 2599424K->178675K(2665344K)] [PSOldGen: 5460995K->5460995K(5461376K)] 8060419K->5639670K(8126720K) [PSPermGen: 71434K->71434K(71744K)], 18.8023470 secs] [Times: user=17.98 sys=0.82, real=18.80 secs] 
106022.261: [Full GC [PSYoungGen: 2599424K->182831K(2665344K)] [PSOldGen: 5460995K->5460995K(5461376K)] 8060419K->5643826K(8126720K) [PSPermGen: 71435K->71435K(71744K)], 18.7986260 secs] [Times: user=18.00 sys=0.79, real=18.79 secs] 
106059.848: [Full GC [PSYoungGen: 2599424K->185495K(2665344K)] [PSOldGen: 5460995K->5460995K(5461376K)] 8060419K->5646491K(8126720K) [PSPermGen: 71441K->71441K(71744K)], 18.7172050 secs] [Times: user=17.95 sys=0.76, real=18.71 secs] 
106097.076: [Full GC [PSYoungGen: 2599424K->59198K(2665344K)] [PSOldGen: 5460995K->5460995K(5461376K)] 8060419K->5520194K(8126720K) [PSPermGen: 71441K->71433K(71744K)], 18.7009620 secs] [Times: user=17.91 sys=0.79, real=18.70 secs] 
106135.230: [Full GC [PSYoungGen: 2599424K->173977K(2665344K)] [PSOldGen: 5460995K->5460995K(5461376K)] 8060419K->5634973K(8126720K) [PSPermGen: 71433K->71433K(71744K)], 18.7390190 secs] [Times: user=17.93 sys=0.80, real=18.73 secs] 
106171.809: [Full GC [PSYoungGen: 2599424K->181577K(2665344K)] [PSOldGen: 5460995K->5460995K(5461376K)] 8060419K->5642573K(8126720K) [PSPermGen: 71440K->71440K(71744K)], 19.1789410 secs] [Times: user=18.39 sys=0.78, real=19.18 secs] 
106214.046: [Full GC [PSYoungGen: 2599424K->183733K(2665344K)] [PSOldGen: 5460995K->5460995K(5461376K)] 8060419K->5644728K(8126720K) [PSPermGen: 71446K->71446K(71744K)], 18.7392580 secs] [Times: user=17.91 sys=0.82, real=18.74 secs] 
106258.026: [Full GC [PSYoungGen: 2599424K->58379K(2665344K)] [PSOldGen: 5460995K->5460995K(5461376K)] 8060419K->5519375K(8126720K) [PSPermGen: 71446K->71434K(71744K)], 18.7532320 secs] [Times: user=17.97 sys=0.77, real=18.75 secs] 
106355.122: [Full GC [PSYoungGen: 2599424K->187847K(2665344K)] [PSOldGen: 5460995K->5460995K(5461376K)] 8060419K->5648843K(8126720K) [PSPermGen: 71440K->71440K(71744K)], 18.7017480 secs] [Times: user=17.96 sys=0.74, real=18.70 secs] 
106427.688: [Full GC [PSYoungGen: 2599424K->187041K(2665344K)] [PSOldGen: 5460995K->5460995K(5461376K)] 8060419K->5648037K(8126720K) [PSPermGen: 71447K->71447K(71744K)], 20.4540550 secs] [Times: user=18.44 sys=2.01, real=20.45 secs] 
106481.746: [Full GC [PSYoungGen: 2599424K->187963K(2665344K)] [PSOldGen: 5460995K->5460995K(5461376K)] 8060419K->5648958K(8126720K) [PSPermGen: 71448K->71448K(71744K)], 18.7345940 secs] [Times: user=17.94 sys=0.79, real=18.73 secs] 
106544.580: [Full GC [PSYoungGen: 2599424K->59299K(2665344K)] [PSOldGen: 5460995K->5460994K(5461376K)] 8060419K->5520294K(8126720K) [PSPermGen: 71453K->71434K(71744K)], 20.5846840 secs] [Times: user=19.79 sys=0.80, real=20.58 secs] 
106602.500: [Full GC [PSYoungGen: 2599424K->187162K(2665344K)] [PSOldGen: 5460994K->5460994K(5461376K)] 8060418K->5648157K(8126720K) [PSPermGen: 71435K->71435K(71744K)], 18.7107470 secs] [Times: user=17.94 sys=0.77, real=18.71 secs] 
106646.556: [Full GC [PSYoungGen: 2599424K->190515K(2665344K)] [PSOldGen: 5460994K->5460994K(5461376K)] 8060418K->5651510K(8126720K) [PSPermGen: 71441K->71441K(71744K)], 18.6519570 secs] [Times: user=17.87 sys=0.78, real=18.65 secs] 
106716.473: [Full GC [PSYoungGen: 2599424K->128363K(2665344K)] [PSOldGen: 5460994K->5460994K(5461376K)] 8060418K->5589358K(8126720K) [PSPermGen: 71522K->71522K(71872K)], 18.6873400 secs] [Times: user=17.90 sys=0.78, real=18.68 secs] 
106763.925: [Full GC [PSYoungGen: 2599424K->152008K(2665344K)] [PSOldGen: 5460994K->5460609K(5461376K)] 8060418K->5612618K(8126720K) [PSPermGen: 71733K->71691K(72448K)], 21.3328620 secs] [Times: user=20.54 sys=0.78, real=21.33 secs] 
106828.344: [Full GC [PSYoungGen: 2599424K->187729K(2665344K)] [PSOldGen: 5460609K->5460609K(5461376K)] 8060033K->5648338K(8126720K) [PSPermGen: 71876K->71876K(72384K)], 18.8144540 secs] [Times: user=18.03 sys=0.78, real=18.81 secs] 
106890.545: [Full GC [PSYoungGen: 2599424K->193666K(2665344K)] [PSOldGen: 5460609K->5460609K(5461376K)] 8060033K->5654275K(8126720K) [PSPermGen: 71914K->71914K(72192K)], 18.7585980 secs] [Times: user=17.97 sys=0.79, real=18.76 secs] 
106959.670: [Full GC [PSYoungGen: 2599424K->196306K(2665344K)] [PSOldGen: 5460609K->5460609K(5461376K)] 8060033K->5656916K(8126720K) [PSPermGen: 71921K->71921K(72192K)], 18.7524380 secs] [Times: user=17.95 sys=0.79, real=18.75 secs] 
106995.417: [Full GC [PSYoungGen: 2599424K->64518K(2665344K)] [PSOldGen: 5460609K->5457150K(5461376K)] 8060033K->5521669K(8126720K) [PSPermGen: 71939K->71808K(72320K)], 22.6093050 secs] [Times: user=20.64 sys=1.96, real=22.60 secs] 
107039.951: [Full GC [PSYoungGen: 2599424K->176736K(2665344K)] [PSOldGen: 5457150K->5457150K(5461376K)] 8056574K->5633887K(8126720K) [PSPermGen: 71811K->71811K(72256K)], 18.8149150 secs] [Times: user=18.03 sys=0.78, real=18.81 secs] 
107074.063: [Full GC [PSYoungGen: 2599424K->190232K(2665344K)] [PSOldGen: 5457150K->5457150K(5461376K)] 8056574K->5647383K(8126720K) [PSPermGen: 71855K->71855K(72320K)], 18.7973990 secs] [Times: user=17.97 sys=0.82, real=18.80 secs] 
107107.948: [Full GC [PSYoungGen: 2599424K->192280K(2665344K)] [PSOldGen: 5457150K->5457150K(5461376K)] 8056574K->5649431K(8126720K) [PSPermGen: 71888K->71888K(72320K)], 18.7761090 secs] [Times: user=17.99 sys=0.77, real=18.78 secs] 
107140.341: [Full GC [PSYoungGen: 2599424K->198576K(2665344K)] [PSOldGen: 5457150K->5457143K(5461376K)] 8056574K->5655720K(8126720K) [PSPermGen: 71949K->71814K(72256K)], 21.2741010 secs] [Times: user=20.47 sys=0.80, real=21.27 secs] 
107184.516: [Full GC [PSYoungGen: 2599424K->131858K(2665344K)] [PSOldGen: 5457143K->5457143K(5461376K)] 8056567K->5589002K(8126720K) [PSPermGen: 71860K->71860K(72256K)], 18.7735250 secs] [Times: user=18.01 sys=0.76, real=18.77 secs] 
107221.995: [Full GC [PSYoungGen: 2599424K->188020K(2665344K)] [PSOldGen: 5457143K->5457143K(5461376K)] 8056567K->5645164K(8126720K) [PSPermGen: 71916K->71916K(72320K)], 18.7619050 secs] [Times: user=18.01 sys=0.75, real=18.76 secs] 
107256.673: [Full GC [PSYoungGen: 2599424K->190568K(2665344K)] [PSOldGen: 5457143K->5457143K(5461376K)] 8056567K->5647712K(8126720K) [PSPermGen: 71980K->71980K(72384K)], 18.7610410 secs] [Times: user=17.98 sys=0.78, real=18.75 secs] 
107316.103: [Full GC [PSYoungGen: 2599424K->60399K(2665344K)] [PSOldGen: 5457143K->5457131K(5461376K)] 8056567K->5517531K(8126720K) [PSPermGen: 72041K->71817K(72192K)], 19.2294720 secs] [Times: user=18.43 sys=0.80, real=19.22 secs] 
107370.321: [Full GC [PSYoungGen: 2599424K->338790K(2665344K)] [PSOldGen: 5457131K->5457131K(5461376K)] 8056555K->5795922K(8126720K) [PSPermGen: 71889K->71889K(72256K)], 19.4528580 secs] [Times: user=18.65 sys=0.79, real=19.45 secs] 
107405.169: [Full GC [PSYoungGen: 2599424K->191835K(2665344K)] [PSOldGen: 5457131K->5457131K(5461376K)] 8056555K->5648967K(8126720K) [PSPermGen: 71933K->71933K(72320K)], 18.7328790 secs] [Times: user=17.95 sys=0.77, real=18.73 secs] 
107433.250: [Full GC [PSYoungGen: 2599424K->335207K(2665344K)] [PSOldGen: 5457131K->5457131K(5461376K)] 8056555K->5792339K(8126720K) [PSPermGen: 71977K->71977K(72384K)], 19.3832190 secs] [Times: user=18.62 sys=0.77, real=19.38 secs] 
107465.093: [Full GC [PSYoungGen: 2599424K->213116K(2665344K)] [PSOldGen: 5457131K->5457122K(5461376K)] 8056555K->5670239K(8126720K) [PSPermGen: 72041K->71764K(71872K)], 19.7572840 secs] [Times: user=18.99 sys=0.76, real=19.76 secs] 
107498.874: [Full GC [PSYoungGen: 2599424K->337900K(2665344K)] [PSOldGen: 5457122K->5457122K(5461376K)] 8056546K->5795022K(8126720K) [PSPermGen: 71827K->71827K(72448K)], 19.1849250 secs] [Times: user=18.34 sys=0.82, real=19.18 secs] 
107531.133: [Full GC [PSYoungGen: 2599424K->319204K(2665344K)] [PSOldGen: 5457122K->5457122K(5461376K)] 8056546K->5776327K(8126720K) [PSPermGen: 71893K->71893K(72256K)], 19.1600760 secs] [Times: user=18.39 sys=0.77, real=19.16 secs] 
107566.079: [Full GC [PSYoungGen: 2599424K->63265K(2665344K)] [PSOldGen: 5457122K->5457122K(5461376K)] 8056546K->5520387K(8126720K) [PSPermGen: 71894K->71894K(72256K)], 18.7831920 secs] [Times: user=17.97 sys=0.79, real=18.78 secs] 
107600.756: [Full GC [PSYoungGen: 2599424K->105335K(2665344K)] [PSOldGen: 5457122K->5457108K(5461376K)] 8056546K->5562443K(8126720K) [PSPermGen: 71978K->71764K(72192K)], 22.6705130 secs] [Times: user=20.63 sys=2.04, real=22.67 secs] 
107636.041: [Full GC [PSYoungGen: 2599424K->192598K(2665344K)] [PSOldGen: 5457108K->5457108K(5461376K)] 8056532K->5649706K(8126720K) [PSPermGen: 71780K->71780K(72192K)], 18.8111270 secs] [Times: user=18.01 sys=0.81, real=18.81 secs] 
107669.404: [Full GC [PSYoungGen: 2599424K->213255K(2665344K)] [PSOldGen: 5457108K->5457108K(5461376K)] 8056532K->5670363K(8126720K) [PSPermGen: 71855K->71855K(72256K)], 18.9314080 secs] [Times: user=18.15 sys=0.79, real=18.92 secs] 
107698.358: [Full GC [PSYoungGen: 2599424K->343790K(2665344K)] [PSOldGen: 5457108K->5457108K(5461376K)] 8056532K->5800898K(8126720K) [PSPermGen: 71867K->71867K(72256K)], 19.4159630 secs] [Times: user=18.65 sys=0.76, real=19.41 secs] 
107725.788: [Full GC [PSYoungGen: 2599424K->313093K(2665344K)] [PSOldGen: 5457108K->5456318K(5461376K)] 8056532K->5769411K(8126720K) [PSPermGen: 71893K->71765K(72192K)], 20.9239520 secs] [Times: user=20.10 sys=0.81, real=20.92 secs] 
107756.841: [Full GC [PSYoungGen: 2599424K->89477K(2665344K)] [PSOldGen: 5456318K->5456318K(5461376K)] 8055742K->5545795K(8126720K) [PSPermGen: 71785K->71785K(72192K)], 18.7681500 secs] [Times: user=17.97 sys=0.80, real=18.76 secs] 
107782.476: [Full GC [PSYoungGen: 2599424K->260158K(2665344K)] [PSOldGen: 5456318K->5456318K(5461376K)] 8055742K->5716476K(8126720K) [PSPermGen: 71847K->71847K(72256K)], 19.3317570 secs] [Times: user=18.55 sys=0.78, real=19.33 secs] 
107805.873: [Full GC [PSYoungGen: 2599424K->457881K(2665344K)] [PSOldGen: 5456318K->5456318K(5461376K)] 8055742K->5914200K(8126720K) [PSPermGen: 71921K->71921K(72320K)], 20.5289450 secs] [Times: user=19.73 sys=0.79, real=20.53 secs] 
107829.647: [Full GC [PSYoungGen: 2599424K->290208K(2665344K)] [PSOldGen: 5456318K->5456310K(5461376K)] 8055742K->5746518K(8126720K) [PSPermGen: 71954K->71734K(72128K)], 20.0874530 secs] [Times: user=19.29 sys=0.80, real=20.08 secs] 
107857.610: [Full GC [PSYoungGen: 2599424K->482274K(2665344K)] [PSOldGen: 5456310K->5456310K(5461376K)] 8055734K->5938584K(8126720K) [PSPermGen: 71773K->71773K(72128K)], 19.6554040 secs] [Times: user=18.89 sys=0.77, real=19.66 secs] 
107885.533: [Full GC [PSYoungGen: 2599424K->240465K(2665344K)] [PSOldGen: 5456310K->5456310K(5461376K)] 8055734K->5696775K(8126720K) [PSPermGen: 71799K->71799K(72192K)], 18.9136710 secs] [Times: user=18.11 sys=0.80, real=18.91 secs] 
107909.716: [Full GC [PSYoungGen: 2599424K->406263K(2665344K)] [PSOldGen: 5456310K->5456310K(5461376K)] 8055734K->5862573K(8126720K) [PSPermGen: 71850K->71850K(72256K)], 20.2810470 secs] [Times: user=19.47 sys=0.81, real=20.28 secs] 
107947.575: [Full GC [PSYoungGen: 2599424K->214596K(2665344K)] [PSOldGen: 5456310K->5456292K(5461376K)] 8055734K->5670889K(8126720K) [PSPermGen: 71972K->71738K(72128K)], 19.9018720 secs] [Times: user=19.14 sys=0.76, real=19.89 secs] 
107991.917: [Full GC [PSYoungGen: 2599424K->347305K(2665344K)] [PSOldGen: 5456292K->5456292K(5461376K)] 8055716K->5803598K(8126720K) [PSPermGen: 71823K->71823K(72256K)], 19.2424100 secs] [Times: user=18.46 sys=0.78, real=19.24 secs] 
108030.417: [Full GC [PSYoungGen: 2599424K->104588K(2665344K)] [PSOldGen: 5456292K->5456292K(5461376K)] 8055716K->5560880K(8126720K) [PSPermGen: 71860K->71860K(72256K)], 18.7797150 secs] [Times: user=18.00 sys=0.78, real=18.77 secs] 
108071.529: [Full GC [PSYoungGen: 2599424K->199474K(2665344K)] [PSOldGen: 5456292K->5456292K(5461376K)] 8055716K->5655766K(8126720K) [PSPermGen: 71866K->71866K(72256K)], 19.1466230 secs] [Times: user=18.37 sys=0.78, real=19.15 secs] 
108111.045: [Full GC [PSYoungGen: 2599424K->143294K(2665344K)] [PSOldGen: 5456292K->5456278K(5461376K)] 8055716K->5599572K(8126720K) [PSPermGen: 71972K->71773K(72192K)], 19.6201310 secs] [Times: user=18.81 sys=0.81, real=19.62 secs] 
108150.558: [Full GC [PSYoungGen: 2599424K->531973K(2665344K)] [PSOldGen: 5456278K->5456278K(5461376K)] 8055702K->5988252K(8126720K) [PSPermGen: 71826K->71826K(72256K)], 20.2685960 secs] [Times: user=19.53 sys=0.74, real=20.26 secs] 
108181.314: [Full GC [PSYoungGen: 2599424K->206714K(2665344K)] [PSOldGen: 5456278K->5456278K(5461376K)] 8055702K->5662992K(8126720K) [PSPermGen: 71905K->71905K(72320K)], 18.8972990 secs] [Times: user=18.11 sys=0.79, real=18.90 secs] 
108205.676: [Full GC [PSYoungGen: 2599424K->556121K(2665344K)] [PSOldGen: 5456278K->5456278K(5461376K)] 8055702K->6012399K(8126720K) [PSPermGen: 72035K->72035K(72256K)], 22.7732410 secs] [Times: user=20.74 sys=2.04, real=22.77 secs] 
108236.936: [Full GC [PSYoungGen: 2599424K->234825K(2665344K)] [PSOldGen: 5456278K->5456277K(5461376K)] 8055702K->5691103K(8126720K) [PSPermGen: 72083K->71773K(72192K)], 21.5264840 secs] [Times: user=20.70 sys=0.82, real=21.53 secs] 
108263.518: [Full GC [PSYoungGen: 2599424K->702511K(2665344K)] [PSOldGen: 5456277K->5456277K(5461376K)] 8055701K->6158789K(8126720K) [PSPermGen: 71832K->71832K(72256K)], 21.2376100 secs] [Times: user=20.42 sys=0.82, real=21.24 secs] 
108296.284: [Full GC [PSYoungGen: 2599424K->306811K(2665344K)] [PSOldGen: 5456277K->5456277K(5461376K)] 8055701K->5763089K(8126720K) [PSPermGen: 71893K->71893K(72320K)], 19.4960810 secs] [Times: user=18.70 sys=0.78, real=19.50 secs] 
108320.403: [Full GC [PSYoungGen: 2599424K->493415K(2665344K)] [PSOldGen: 5456277K->5456277K(5461376K)] 8055701K->5949693K(8126720K) [PSPermGen: 72031K->72031K(72256K)], 20.6438830 secs] [Times: user=19.80 sys=0.84, real=20.64 secs] 
108345.325: [Full GC [PSYoungGen: 2599424K->371103K(2665344K)] [PSOldGen: 5456277K->5456277K(5461376K)] 8055701K->5827381K(8126720K) [PSPermGen: 72069K->71773K(72192K)], 20.4689350 secs] [Times: user=19.66 sys=0.80, real=20.46 secs] 
108376.741: [Full GC [PSYoungGen: 2599424K->258326K(2665344K)] [PSOldGen: 5456277K->5456277K(5461376K)] 8055701K->5714603K(8126720K) [PSPermGen: 71846K->71846K(72256K)], 19.2159100 secs] [Times: user=18.42 sys=0.79, real=19.21 secs] 
108400.541: [Full GC [PSYoungGen: 2599424K->533442K(2665344K)] [PSOldGen: 5456277K->5456277K(5461376K)] 8055701K->5989720K(8126720K) [PSPermGen: 71939K->71939K(72384K)], 20.0481650 secs] [Times: user=19.28 sys=0.76, real=20.05 secs] 
108431.504: [Full GC [PSYoungGen: 2599424K->452643K(2665344K)] [PSOldGen: 5456277K->5456277K(5461376K)] 8055701K->5908920K(8126720K) [PSPermGen: 72047K->72047K(72256K)], 20.0321860 secs] [Times: user=19.19 sys=0.82, real=20.03 secs] 
108457.543: [Full GC [PSYoungGen: 2599424K->397502K(2665344K)] [PSOldGen: 5456277K->5456274K(5461376K)] 8055701K->5853776K(8126720K) [PSPermGen: 72180K->71773K(72256K)], 20.6438440 secs] [Times: user=19.83 sys=0.82, real=20.64 secs] 
108487.889: [Full GC [PSYoungGen: 2599424K->488576K(2665344K)] [PSOldGen: 5456274K->5456274K(5461376K)] 8055698K->5944851K(8126720K) [PSPermGen: 71846K->71846K(72320K)], 19.7003640 secs] [Times: user=18.87 sys=0.83, real=19.70 secs] 
108520.629: [Full GC [PSYoungGen: 2599424K->310645K(2665344K)] [PSOldGen: 5456274K->5456274K(5461376K)] 8055698K->5766920K(8126720K) [PSPermGen: 71906K->71906K(72320K)], 19.6473650 secs] [Times: user=18.85 sys=0.80, real=19.65 secs] 
108545.086: [Full GC [PSYoungGen: 2599424K->558297K(2665344K)] [PSOldGen: 5456274K->5456274K(5461376K)] 8055698K->6014572K(8126720K) [PSPermGen: 72040K->72040K(72256K)], 20.7704500 secs] [Times: user=19.98 sys=0.79, real=20.77 secs] 
108574.229: [Full GC [PSYoungGen: 2599424K->227257K(2665344K)] [PSOldGen: 5456274K->5456150K(5461376K)] 8055698K->5683407K(8126720K) [PSPermGen: 72091K->71780K(72256K)], 21.5540700 secs] [Times: user=20.75 sys=0.79, real=21.55 secs] 
108601.224: [Full GC [PSYoungGen: 2599424K->623226K(2665344K)] [PSOldGen: 5456150K->5456150K(5461376K)] 8055574K->6079377K(8126720K) [PSPermGen: 71885K->71885K(72320K)], 20.7121620 secs] [Times: user=19.92 sys=0.79, real=20.71 secs] 
108632.331: [Full GC [PSYoungGen: 2599424K->356529K(2665344K)] [PSOldGen: 5456150K->5456150K(5461376K)] 8055574K->5812680K(8126720K) [PSPermGen: 71906K->71906K(72384K)], 19.1758150 secs] [Times: user=18.36 sys=0.81, real=19.17 secs] 
108671.387: [Full GC [PSYoungGen: 2599424K->337184K(2665344K)] [PSOldGen: 5456150K->5456150K(5461376K)] 8055574K->5793335K(8126720K) [PSPermGen: 72030K->72030K(72256K)], 19.3354120 secs] [Times: user=18.54 sys=0.79, real=19.33 secs] 
108702.870: [Full GC [PSYoungGen: 2599424K->369471K(2665344K)] [PSOldGen: 5456150K->5456146K(5461376K)] 8055574K->5825617K(8126720K) [PSPermGen: 72150K->71780K(72256K)], 21.7750700 secs] [Times: user=21.02 sys=0.76, real=21.77 secs] 
108728.962: [Full GC [PSYoungGen: 2599424K->512595K(2665344K)] [PSOldGen: 5456146K->5456146K(5461376K)] 8055570K->5968742K(8126720K) [PSPermGen: 71849K->71849K(72320K)], 20.8954790 secs] [Times: user=20.11 sys=0.78, real=20.89 secs] 
108766.238: [Full GC [PSYoungGen: 2599424K->508297K(2665344K)] [PSOldGen: 5456146K->5456146K(5461376K)] 8055570K->5964443K(8126720K) [PSPermGen: 71987K->71987K(72192K)], 19.7656390 secs] [Times: user=18.98 sys=0.78, real=19.76 secs] 
108797.461: [Full GC [PSYoungGen: 2599424K->372410K(2665344K)] [PSOldGen: 5456146K->5456146K(5461376K)] 8055570K->5828557K(8126720K) [PSPermGen: 72119K->72119K(72320K)], 21.0941780 secs] [Times: user=18.98 sys=2.11, real=21.10 secs] 
108823.843: [Full GC [PSYoungGen: 2599424K->372783K(2665344K)] [PSOldGen: 5456146K->5456146K(5461376K)] 8055570K->5828929K(8126720K) [PSPermGen: 72205K->71780K(72256K)], 22.2885860 secs] [Times: user=21.43 sys=0.84, real=22.29 secs] 
108861.837: [Full GC [PSYoungGen: 2599424K->434946K(2665344K)] [PSOldGen: 5456146K->5456146K(5461376K)] 8055570K->5891092K(8126720K) [PSPermGen: 71861K->71861K(72320K)], 19.9325750 secs] [Times: user=19.11 sys=0.81, real=19.93 secs] 
108888.789: [Full GC [PSYoungGen: 2599424K->688644K(2665344K)] [PSOldGen: 5456146K->5456146K(5461376K)] 8055570K->6144790K(8126720K) [PSPermGen: 71936K->71936K(72384K)], 21.0951500 secs] [Times: user=20.28 sys=0.81, real=21.09 secs] 
108920.249: [Full GC [PSYoungGen: 2599424K->153403K(2665344K)] [PSOldGen: 5456146K->5456146K(5461376K)] 8055570K->5609549K(8126720K) [PSPermGen: 72008K->72008K(72192K)], 18.8401880 secs] [Times: user=18.08 sys=0.76, real=18.84 secs] 
108945.295: [Full GC [PSYoungGen: 2599424K->274172K(2665344K)] [PSOldGen: 5456146K->5456146K(5461376K)] 8055570K->5730318K(8126720K) [PSPermGen: 72187K->71747K(72256K)], 20.1425860 secs] [Times: user=19.32 sys=0.81, real=20.14 secs] 
108970.843: [Full GC [PSYoungGen: 2599424K->518744K(2665344K)] [PSOldGen: 5456146K->5456146K(5461376K)] 8055570K->5974890K(8126720K) [PSPermGen: 71766K->71766K(72256K)], 20.2006200 secs] [Times: user=19.38 sys=0.81, real=20.20 secs] 
109000.122: [Full GC [PSYoungGen: 2599424K->520348K(2665344K)] [PSOldGen: 5456146K->5456146K(5461376K)] 8055570K->5976494K(8126720K) [PSPermGen: 71844K->71844K(72320K)], 19.9902820 secs] [Times: user=19.19 sys=0.78, real=19.98 secs] 
109027.171: [Full GC [PSYoungGen: 2599424K->496890K(2665344K)] [PSOldGen: 5456146K->5456146K(5461376K)] 8055570K->5953036K(8126720K) [PSPermGen: 71923K->71923K(72384K)], 20.1139770 secs] [Times: user=19.29 sys=0.81, real=20.11 secs] 
109055.191: [Full GC [PSYoungGen: 2599424K->398796K(2665344K)] [PSOldGen: 5456146K->5456146K(5461376K)] 8055570K->5854942K(8126720K) [PSPermGen: 72010K->71747K(72192K)], 20.3325920 secs] [Times: user=19.54 sys=0.79, real=20.33 secs] 
109080.466: [Full GC [PSYoungGen: 2599424K->305095K(2665344K)] [PSOldGen: 5456146K->5456146K(5461376K)] 8055570K->5761241K(8126720K) [PSPermGen: 71819K->71819K(72256K)], 19.6483390 secs] [Times: user=18.80 sys=0.83, real=19.64 secs] 
109108.690: [Full GC [PSYoungGen: 2599424K->344958K(2665344K)] [PSOldGen: 5456146K->5456146K(5461376K)] 8055570K->5801104K(8126720K) [PSPermGen: 71994K->71994K(72192K)], 20.1246440 secs] [Times: user=19.35 sys=0.77, real=20.12 secs] 
109152.931: [Full GC [PSYoungGen: 2599424K->392933K(2665344K)] [PSOldGen: 5456146K->5456146K(5461376K)] 8055570K->5849079K(8126720K) [PSPermGen: 72081K->72081K(72320K)], 19.5396010 secs] [Times: user=18.77 sys=0.78, real=19.54 secs] 
109177.069: [Full GC [PSYoungGen: 2599424K->421721K(2665344K)] [PSOldGen: 5456146K->5456145K(5461376K)] 8055570K->5877866K(8126720K) [PSPermGen: 72234K->71747K(72256K)], 21.0027480 secs] [Times: user=20.22 sys=0.79, real=21.00 secs] 
109207.717: [Full GC [PSYoungGen: 2599424K->467294K(2665344K)] [PSOldGen: 5456145K->5456145K(5461376K)] 8055569K->5923439K(8126720K) [PSPermGen: 71802K->71802K(72256K)], 20.2168810 secs] [Times: user=19.45 sys=0.77, real=20.21 secs] 
109234.503: [Full GC [PSYoungGen: 2599424K->286634K(2665344K)] [PSOldGen: 5456145K->5456145K(5461376K)] 8055569K->5742779K(8126720K) [PSPermGen: 71924K->71924K(72384K)], 19.3872890 secs] [Times: user=18.62 sys=0.76, real=19.39 secs] 
109262.999: [Full GC [PSYoungGen: 2599424K->515529K(2665344K)] [PSOldGen: 5456145K->5456145K(5461376K)] 8055569K->5971675K(8126720K) [PSPermGen: 72004K->72004K(72192K)], 20.1407700 secs] [Times: user=19.33 sys=0.81, real=20.14 secs] 
109301.573: [Full GC [PSYoungGen: 2599424K->334759K(2665344K)] [PSOldGen: 5456145K->5456130K(5461376K)] 8055569K->5790890K(8126720K) [PSPermGen: 72089K->71747K(72192K)], 20.3861070 secs] [Times: user=19.55 sys=0.83, real=20.38 secs] 
109331.102: [Full GC [PSYoungGen: 2599424K->230878K(2665344K)] [PSOldGen: 5456130K->5456130K(5461376K)] 8055554K->5687009K(8126720K) [PSPermGen: 71801K->71801K(72256K)], 19.2424790 secs] [Times: user=18.49 sys=0.75, real=19.24 secs] 
109359.703: [Full GC [PSYoungGen: 2599424K->443361K(2665344K)] [PSOldGen: 5456130K->5456130K(5461376K)] 8055554K->5899492K(8126720K) [PSPermGen: 71954K->71954K(72192K)], 19.7717290 secs] [Times: user=19.03 sys=0.74, real=19.77 secs] 
109389.908: [Full GC [PSYoungGen: 2599424K->663974K(2665344K)] [PSOldGen: 5456130K->5456130K(5461376K)] 8055554K->6120105K(8126720K) [PSPermGen: 72141K->72141K(72384K)], 20.7676810 secs] [Times: user=19.98 sys=0.79, real=20.77 secs] 
109426.804: [Full GC [PSYoungGen: 2599424K->545880K(2665344K)] [PSOldGen: 5456130K->5456121K(5461376K)] 8055554K->6002001K(8126720K) [PSPermGen: 72187K->71747K(72256K)], 22.7809130 secs] [Times: user=20.71 sys=2.07, real=22.78 secs] 
109460.893: [Full GC [PSYoungGen: 2599424K->202489K(2665344K)] [PSOldGen: 5456121K->5456121K(5461376K)] 8055545K->5658610K(8126720K) [PSPermGen: 71833K->71833K(72320K)], 18.8799250 secs] [Times: user=18.07 sys=0.80, real=18.87 secs] 
109484.502: [Full GC [PSYoungGen: 2599424K->419210K(2665344K)] [PSOldGen: 5456121K->5456121K(5461376K)] 8055545K->5875331K(8126720K) [PSPermGen: 72087K->72087K(72384K)], 19.9351340 secs] [Times: user=19.11 sys=0.82, real=19.94 secs] 
109507.017: [Full GC [PSYoungGen: 2599424K->728945K(2665344K)] [PSOldGen: 5456121K->5456121K(5461376K)] 8055545K->6185067K(8126720K) [PSPermGen: 72131K->72131K(72960K)], 21.7474640 secs] [Times: user=20.96 sys=0.78, real=21.75 secs] 
109543.351: [Full GC [PSYoungGen: 2599424K->579507K(2665344K)] [PSOldGen: 5456121K->5456121K(5461376K)] 8055545K->6035629K(8126720K) [PSPermGen: 72203K->71748K(72320K)], 21.1079020 secs] [Times: user=20.33 sys=0.78, real=21.11 secs] 
109580.712: [Full GC [PSYoungGen: 2599424K->190322K(2665344K)] [PSOldGen: 5456121K->5456121K(5461376K)] 8055545K->5646443K(8126720K) [PSPermGen: 71854K->71854K(72384K)], 18.8850130 secs] [Times: user=18.08 sys=0.80, real=18.88 secs] 
109605.882: [Full GC [PSYoungGen: 2599424K->532615K(2665344K)] [PSOldGen: 5456121K->5456121K(5461376K)] 8055545K->5988736K(8126720K) [PSPermGen: 72031K->72031K(72320K)], 20.5713760 secs] [Times: user=19.75 sys=0.81, real=20.57 secs] 
109635.690: [Full GC [PSYoungGen: 2599424K->386918K(2665344K)] [PSOldGen: 5456121K->5456121K(5461376K)] 8055545K->5843039K(8126720K) [PSPermGen: 72163K->72163K(72960K)], 19.5989990 secs] [Times: user=18.79 sys=0.81, real=19.60 secs] 
109662.663: [Full GC [PSYoungGen: 2599424K->327782K(2665344K)] [PSOldGen: 5456121K->5456121K(5461376K)] 8055545K->5783903K(8126720K) [PSPermGen: 72320K->71748K(72256K)], 20.3950220 secs] [Times: user=19.60 sys=0.79, real=20.39 secs] 
109708.710: [Full GC [PSYoungGen: 2599424K->360721K(2665344K)] [PSOldGen: 5456121K->5456121K(5461376K)] 8055545K->5816842K(8126720K) [PSPermGen: 71768K->71768K(72320K)], 19.2331930 secs] [Times: user=18.44 sys=0.79, real=19.23 secs] 
109753.739: [Full GC [PSYoungGen: 2599424K->321162K(2665344K)] [PSOldGen: 5456121K->5456121K(5461376K)] 8055545K->5777283K(8126720K) [PSPermGen: 71890K->71890K(72384K)], 20.0891330 secs] [Times: user=19.30 sys=0.78, real=20.09 secs] 
109785.135: [Full GC [PSYoungGen: 2599424K->346124K(2665344K)] [PSOldGen: 5456121K->5456121K(5461376K)] 8055545K->5802245K(8126720K) [PSPermGen: 72001K->72001K(72256K)], 19.5922210 secs] [Times: user=18.81 sys=0.78, real=19.59 secs] 
109814.013: [Full GC [PSYoungGen: 2599424K->471417K(2665344K)] [PSOldGen: 5456121K->5456121K(5461376K)] 8055545K->5927539K(8126720K) [PSPermGen: 72153K->71749K(72256K)], 21.1145500 secs] [Times: user=20.31 sys=0.81, real=21.12 secs] 
109842.619: [Full GC [PSYoungGen: 2599424K->678549K(2665344K)] [PSOldGen: 5456121K->5456121K(5461376K)] 8055545K->6134670K(8126720K) [PSPermGen: 71842K->71842K(72320K)], 20.5837030 secs] [Times: user=19.82 sys=0.75, real=20.58 secs] 
109876.015: [Full GC [PSYoungGen: 2599424K->404821K(2665344K)] [PSOldGen: 5456121K->5456121K(5461376K)] 8055545K->5860942K(8126720K) [PSPermGen: 71920K->71920K(72384K)], 19.9122900 secs] [Times: user=19.11 sys=0.80, real=19.91 secs] 
109906.983: [Full GC [PSYoungGen: 2599424K->357927K(2665344K)] [PSOldGen: 5456121K->5456121K(5461376K)] 8055545K->5814048K(8126720K) [PSPermGen: 72047K->72047K(72256K)], 19.5565240 secs] [Times: user=18.74 sys=0.82, real=19.55 secs] 
109932.527: [Full GC [PSYoungGen: 2599424K->460863K(2665344K)] [PSOldGen: 5456121K->5456121K(5461376K)] 8055545K->5916985K(8126720K) [PSPermGen: 72215K->71749K(72256K)], 20.8354360 secs] [Times: user=20.07 sys=0.77, real=20.83 secs] 
109959.704: [Full GC [PSYoungGen: 2593107K->689767K(2665344K)] [PSOldGen: 5456121K->5456121K(5461376K)] 8049228K->6145888K(8126720K) [PSPermGen: 71821K->71821K(72320K)], 20.9066130 secs] [Times: user=20.08 sys=0.83, real=20.91 secs] 
109995.618: [Full GC [PSYoungGen: 2599424K->788120K(2665344K)] [PSOldGen: 5456121K->5456121K(5461376K)] 8055545K->6244241K(8126720K) [PSPermGen: 71907K->71907K(72384K)], 22.8939280 secs] [Times: user=20.61 sys=2.28, real=22.89 secs] 
110028.508: [Full GC [PSYoungGen: 2599424K->145891K(2665344K)] [PSOldGen: 5456121K->5456121K(5461376K)] 8055545K->5602012K(8126720K) [PSPermGen: 71968K->71968K(72192K)], 18.8730860 secs] [Times: user=18.08 sys=0.79, real=18.87 secs] 
110053.196: [Full GC [PSYoungGen: 2599424K->329508K(2665344K)] [PSOldGen: 5456121K->5456120K(5461376K)] 8055545K->5785628K(8126720K) [PSPermGen: 72198K->71721K(72256K)], 20.5453360 secs] [Times: user=19.73 sys=0.81, real=20.54 secs] 
110079.116: [Full GC [PSYoungGen: 2599424K->712322K(2665344K)] [PSOldGen: 5456120K->5456120K(5461376K)] 8055544K->6168443K(8126720K) [PSPermGen: 71827K->71827K(72384K)], 20.7679490 secs] [Times: user=19.96 sys=0.80, real=20.76 secs] 
110114.552: [Full GC [PSYoungGen: 2599424K->689454K(2665344K)] [PSOldGen: 5456120K->5456120K(5461376K)] 8055544K->6145575K(8126720K) [PSPermGen: 71877K->71877K(72384K)], 20.8759690 secs] [Times: user=20.05 sys=0.82, real=20.87 secs] 
110147.448: [Full GC [PSYoungGen: 2599424K->479911K(2665344K)] [PSOldGen: 5456120K->5456120K(5461376K)] 8055544K->5936032K(8126720K) [PSPermGen: 71928K->71928K(72192K)], 19.6971620 secs] [Times: user=18.91 sys=0.79, real=19.69 secs] 
110176.545: [Full GC [PSYoungGen: 2599424K->227580K(2665344K)] [PSOldGen: 5456120K->5456120K(5461376K)] 8055544K->5683701K(8126720K) [PSPermGen: 72021K->71721K(72192K)], 20.1417400 secs] [Times: user=19.36 sys=0.78, real=20.14 secs] 
110206.105: [Full GC [PSYoungGen: 2599424K->532828K(2665344K)] [PSOldGen: 5456120K->5456120K(5461376K)] 8055544K->5988949K(8126720K) [PSPermGen: 71922K->71922K(72192K)], 20.4390770 secs] [Times: user=19.63 sys=0.80, real=20.43 secs] 
110236.309: [Full GC [PSYoungGen: 2599424K->695626K(2665344K)] [PSOldGen: 5456120K->5456120K(5461376K)] 8055544K->6151747K(8126720K) [PSPermGen: 72007K->72007K(72256K)], 20.7152330 secs] [Times: user=19.96 sys=0.75, real=20.71 secs] 
110274.435: [Full GC [PSYoungGen: 2599424K->372808K(2665344K)] [PSOldGen: 5456120K->5456120K(5461376K)] 8055544K->5828928K(8126720K) [PSPermGen: 72059K->72059K(72320K)], 19.8280200 secs] [Times: user=19.03 sys=0.80, real=19.82 secs] 
110304.901: [Full GC [PSYoungGen: 2599424K->315841K(2665344K)] [PSOldGen: 5456120K->5456120K(5461376K)] 8055544K->5771962K(8126720K) [PSPermGen: 72145K->71722K(72192K)], 19.9353770 secs] [Times: user=19.16 sys=0.78, real=19.93 secs] 
110331.770: [Full GC [PSYoungGen: 2599424K->537406K(2665344K)] [PSOldGen: 5456120K->5456120K(5461376K)] 8055544K->5993526K(8126720K) [PSPermGen: 71815K->71815K(72256K)], 19.9632310 secs] [Times: user=19.20 sys=0.76, real=19.96 secs] 
110367.940: [Full GC [PSYoungGen: 2599424K->317675K(2665344K)] [PSOldGen: 5456120K->5456120K(5461376K)] 8055544K->5773795K(8126720K) [PSPermGen: 71927K->71927K(72384K)], 19.4669110 secs] [Times: user=18.66 sys=0.80, real=19.46 secs] 
110398.809: [Full GC [PSYoungGen: 2599424K->463269K(2665344K)] [PSOldGen: 5456120K->5456120K(5461376K)] 8055544K->5919390K(8126720K) [PSPermGen: 72098K->72098K(72320K)], 19.8700460 secs] [Times: user=19.04 sys=0.83, real=19.87 secs] 
110424.845: [Full GC [PSYoungGen: 2599424K->486150K(2665344K)] [PSOldGen: 5456120K->5456120K(5461376K)] 8055544K->5942270K(8126720K) [PSPermGen: 72211K->71721K(72192K)], 20.7180320 secs] [Times: user=19.91 sys=0.80, real=20.71 secs] 
110468.464: [Full GC [PSYoungGen: 2599424K->454930K(2665344K)] [PSOldGen: 5456120K->5456120K(5461376K)] 8055544K->5911051K(8126720K) [PSPermGen: 71806K->71806K(72256K)], 20.1044510 secs] [Times: user=19.27 sys=0.84, real=20.10 secs] 
110497.608: [Full GC [PSYoungGen: 2599424K->666078K(2665344K)] [PSOldGen: 5456120K->5456120K(5461376K)] 8055544K->6122199K(8126720K) [PSPermGen: 72002K->72002K(72256K)], 21.0448680 secs] [Times: user=20.26 sys=0.78, real=21.04 secs] 
110539.724: [Full GC [PSYoungGen: 2599424K->392529K(2665344K)] [PSOldGen: 5456120K->5456120K(5461376K)] 8055544K->5848649K(8126720K) [PSPermGen: 72082K->72082K(72320K)], 19.7434050 secs] [Times: user=18.93 sys=0.80, real=19.74 secs] 
110566.748: [Full GC [PSYoungGen: 2599424K->516533K(2665344K)] [PSOldGen: 5456120K->5456120K(5461376K)] 8055544K->5972653K(8126720K) [PSPermGen: 72221K->71725K(72256K)], 20.9238180 secs] [Times: user=20.09 sys=0.83, real=20.92 secs] 
110604.889: [Full GC [PSYoungGen: 2599424K->487437K(2665344K)] [PSOldGen: 5456120K->5456120K(5461376K)] 8055544K->5943557K(8126720K) [PSPermGen: 71917K->71917K(72192K)], 21.6336710 secs] [Times: user=19.56 sys=2.07, real=21.63 secs] 
110631.385: [Full GC [PSYoungGen: 2592410K->821326K(2665344K)] [PSOldGen: 5456120K->5456120K(5461376K)] 8048530K->6277447K(8126720K) [PSPermGen: 72015K->72015K(72256K)], 21.2848790 secs] [Times: user=20.50 sys=0.78, real=21.29 secs] 
110683.207: [Full GC [PSYoungGen: 2599424K->703879K(2665344K)] [PSOldGen: 5456120K->5456120K(5461376K)] 8055544K->6159999K(8126720K) [PSPermGen: 72139K->72139K(72384K)], 20.5752650 secs] [Times: user=19.74 sys=0.83, real=20.57 secs] 
110722.343: [Full GC [PSYoungGen: 2599424K->322937K(2665344K)] [PSOldGen: 5456120K->5456119K(5461376K)] 8055544K->5779057K(8126720K) [PSPermGen: 72282K->71543K(71808K)], 20.1831960 secs] [Times: user=19.36 sys=0.82, real=20.18 secs] 
110762.935: [Full GC [PSYoungGen: 2599424K->632721K(2665344K)] [PSOldGen: 5456119K->5456119K(5461376K)] 8055543K->6088841K(8126720K) [PSPermGen: 71718K->71718K(72512K)], 20.6631900 secs] [Times: user=19.84 sys=0.81, real=20.66 secs] 
110804.274: [Full GC [PSYoungGen: 2599424K->743977K(2665344K)] [PSOldGen: 5456119K->5456119K(5461376K)] 8055543K->6200097K(8126720K) [PSPermGen: 71817K->71817K(72320K)], 20.7562720 secs] [Times: user=19.97 sys=0.78, real=20.75 secs] 
110857.131: [Full GC [PSYoungGen: 2599424K->388815K(2665344K)] [PSOldGen: 5456119K->5456119K(5461376K)] 8055543K->5844935K(8126720K) [PSPermGen: 71973K->71973K(72192K)], 19.4954850 secs] [Times: user=18.71 sys=0.79, real=19.49 secs] 
110881.566: [Full GC [PSYoungGen: 2599424K->460755K(2665344K)] [PSOldGen: 5456119K->5456119K(5461376K)] 8055543K->5916874K(8126720K) [PSPermGen: 72217K->71543K(71872K)], 20.8945180 secs] [Times: user=20.08 sys=0.81, real=20.89 secs] 
110924.162: [Full GC [PSYoungGen: 2599424K->699293K(2665344K)] [PSOldGen: 5456119K->5456119K(5461376K)] 8055543K->6155413K(8126720K) [PSPermGen: 71601K->71601K(72448K)], 20.6878900 secs] [Times: user=19.87 sys=0.82, real=20.68 secs] 
110970.125: [Full GC [PSYoungGen: 2599424K->401476K(2665344K)] [PSOldGen: 5456119K->5456119K(5461376K)] 8055543K->5857596K(8126720K) [PSPermGen: 71731K->71731K(72256K)], 19.7064270 secs] [Times: user=18.93 sys=0.78, real=19.71 secs] 
111023.778: [Full GC [PSYoungGen: 2599424K->286864K(2665344K)] [PSOldGen: 5456119K->5456119K(5461376K)] 8055543K->5742984K(8126720K) [PSPermGen: 71851K->71851K(72384K)], 19.5933880 secs] [Times: user=18.80 sys=0.78, real=19.59 secs] 
111053.121: [Full GC [PSYoungGen: 2599424K->284287K(2665344K)] [PSOldGen: 5456119K->5456119K(5461376K)] 8055543K->5740407K(8126720K) [PSPermGen: 72024K->71543K(71808K)], 20.2345410 secs] [Times: user=19.40 sys=0.83, real=20.23 secs] 
111077.520: [Full GC [PSYoungGen: 2599424K->639527K(2665344K)] [PSOldGen: 5456119K->5456119K(5461376K)] 8055543K->6095647K(8126720K) [PSPermGen: 71750K->71750K(72320K)], 20.7728360 secs] [Times: user=19.99 sys=0.78, real=20.77 secs] 
111118.005: [Full GC [PSYoungGen: 2599424K->821125K(2665344K)] [PSOldGen: 5456119K->5456119K(5461376K)] 8055543K->6277245K(8126720K) [PSPermGen: 71801K->71801K(72384K)], 21.0648780 secs] [Times: user=20.27 sys=0.79, real=21.06 secs] 
111169.842: [Full GC [PSYoungGen: 2599424K->246207K(2665344K)] [PSOldGen: 5456119K->5456119K(5461376K)] 8055543K->5702327K(8126720K) [PSPermGen: 71834K->71834K(72384K)], 19.0155460 secs] [Times: user=18.23 sys=0.78, real=19.01 secs] 
111198.241: [Full GC [PSYoungGen: 2599424K->346757K(2665344K)] [PSOldGen: 5456119K->5456119K(5461376K)] 8055543K->5802876K(8126720K) [PSPermGen: 72060K->71540K(71872K)], 22.6685050 secs] [Times: user=20.53 sys=2.14, real=22.66 secs] 
111227.557: [Full GC [PSYoungGen: 2599424K->723623K(2665344K)] [PSOldGen: 5456119K->5456119K(5461376K)] 8055543K->6179742K(8126720K) [PSPermGen: 71640K->71640K(72448K)], 21.3417290 secs] [Times: user=20.55 sys=0.78, real=21.34 secs] 
111289.599: [Full GC [PSYoungGen: 2599424K->730655K(2665344K)] [PSOldGen: 5456119K->5456119K(5461376K)] 8055543K->6186774K(8126720K) [PSPermGen: 71759K->71759K(72320K)], 20.8037180 secs] [Times: user=20.02 sys=0.78, real=20.80 secs] 
111337.552: [Full GC [PSYoungGen: 2599424K->309221K(2665344K)] [PSOldGen: 5456119K->5456119K(5461376K)] 8055543K->5765340K(8126720K) [PSPermGen: 71818K->71818K(72384K)], 19.1263260 secs] [Times: user=18.36 sys=0.77, real=19.12 secs] 
111371.667: [Full GC [PSYoungGen: 2599424K->323580K(2665344K)] [PSOldGen: 5456119K->5456118K(5461376K)] 8055543K->5779699K(8126720K) [PSPermGen: 71978K->71540K(71808K)], 20.4516820 secs] [Times: user=19.71 sys=0.74, real=20.44 secs] 
111409.917: [Full GC [PSYoungGen: 2599424K->679382K(2665344K)] [PSOldGen: 5456118K->5456118K(5461376K)] 8055542K->6135501K(8126720K) [PSPermGen: 71660K->71660K(72448K)], 20.5882760 secs] [Times: user=19.82 sys=0.76, real=20.59 secs] 
111465.870: [Full GC [PSYoungGen: 2599424K->587683K(2665344K)] [PSOldGen: 5456118K->5456118K(5461376K)] 8055542K->6043802K(8126720K) [PSPermGen: 71771K->71771K(72256K)], 20.0623610 secs] [Times: user=19.27 sys=0.78, real=20.06 secs] 
111508.111: [Full GC [PSYoungGen: 2599424K->359973K(2665344K)] [PSOldGen: 5456118K->5456118K(5461376K)] 8055542K->5816092K(8126720K) [PSPermGen: 71876K->71876K(72384K)], 19.8902540 secs] [Times: user=19.10 sys=0.77, real=19.89 secs] 
111545.737: [Full GC [PSYoungGen: 2599424K->392943K(2665344K)] [PSOldGen: 5456118K->5456118K(5461376K)] 8055542K->5849062K(8126720K) [PSPermGen: 72050K->71540K(71808K)], 20.6133030 secs] [Times: user=19.75 sys=0.86, real=20.61 secs] 
111585.055: [Full GC [PSYoungGen: 2599424K->774970K(2665344K)] [PSOldGen: 5456118K->5456118K(5461376K)] 8055542K->6231089K(8126720K) [PSPermGen: 71638K->71638K(71872K)], 20.7518070 secs] [Times: user=19.94 sys=0.81, real=20.75 secs] 
111620.560: [Full GC [PSYoungGen: 2599424K->436477K(2665344K)] [PSOldGen: 5456118K->5456118K(5461376K)] 8055542K->5892596K(8126720K) [PSPermGen: 71769K->71769K(72512K)], 19.5486120 secs] [Times: user=18.76 sys=0.79, real=19.55 secs] 
111653.946: [Full GC [PSYoungGen: 2599424K->680248K(2665344K)] [PSOldGen: 5456118K->5456118K(5461376K)] 8055542K->6136366K(8126720K) [PSPermGen: 71882K->71882K(72384K)], 20.5441200 secs] [Times: user=19.75 sys=0.79, real=20.54 secs] 
111687.913: [Full GC [PSYoungGen: 2599424K->576463K(2665344K)] [PSOldGen: 5456118K->5456118K(5461376K)] 8055542K->6032582K(8126720K) [PSPermGen: 72032K->71571K(71808K)], 20.9468450 secs] [Times: user=20.13 sys=0.80, real=20.95 secs] 
111720.968: [Full GC [PSYoungGen: 2599424K->658204K(2665344K)] [PSOldGen: 5456118K->5456118K(5461376K)] 8055542K->6114323K(8126720K) [PSPermGen: 71655K->71655K(71872K)], 20.1175100 secs] [Times: user=19.33 sys=0.78, real=20.12 secs] 
111758.202: [Full GC [PSYoungGen: 2599424K->412780K(2665344K)] [PSOldGen: 5456118K->5456118K(5461376K)] 8055542K->5868899K(8126720K) [PSPermGen: 71742K->71742K(72448K)], 19.7576300 secs] [Times: user=18.98 sys=0.76, real=19.76 secs] 
111783.656: [Full GC [PSYoungGen: 2599424K->722171K(2665344K)] [PSOldGen: 5456118K->5456118K(5461376K)] 8055542K->6178290K(8126720K) [PSPermGen: 71887K->71887K(72384K)], 20.5798150 secs] [Times: user=19.80 sys=0.78, real=20.58 secs] 
111814.489: [Full GC [PSYoungGen: 2599424K->184649K(2665344K)] [PSOldGen: 5456118K->5456118K(5461376K)] 8055542K->5640768K(8126720K) [PSPermGen: 71950K->71571K(71808K)], 21.3286630 secs] [Times: user=19.23 sys=2.09, real=21.33 secs] 
111840.004: [Full GC [PSYoungGen: 2599424K->423367K(2665344K)] [PSOldGen: 5456118K->5456118K(5461376K)] 8055542K->5879485K(8126720K) [PSPermGen: 71765K->71765K(72320K)], 19.8932490 secs] [Times: user=19.11 sys=0.78, real=19.89 secs] 
111863.075: [Full GC [PSYoungGen: 2599424K->545446K(2665344K)] [PSOldGen: 5456118K->5456118K(5461376K)] 8055542K->6001564K(8126720K) [PSPermGen: 71976K->71976K(72256K)], 20.7240870 secs] [Times: user=19.91 sys=0.80, real=20.72 secs] 
111886.093: [Full GC [PSYoungGen: 2599424K->620059K(2665344K)] [PSOldGen: 5456118K->5456118K(5461376K)] 8055542K->6076177K(8126720K) [PSPermGen: 72032K->72032K(72320K)], 20.3818530 secs] [Times: user=19.57 sys=0.82, real=20.38 secs] 
111912.575: [Full GC [PSYoungGen: 2599424K->566215K(2665344K)] [PSOldGen: 5456118K->5456118K(5461376K)] 8055542K->6022334K(8126720K) [PSPermGen: 72110K->71571K(72128K)], 21.3835390 secs] [Times: user=20.59 sys=0.78, real=21.38 secs] 
111941.129: [Full GC [PSYoungGen: 2599424K->722900K(2665344K)] [PSOldGen: 5456118K->5456118K(5461376K)] 8055542K->6179018K(8126720K) [PSPermGen: 71741K->71741K(72320K)], 20.4043790 secs] [Times: user=19.63 sys=0.77, real=20.40 secs] 
111968.723: [Full GC [PSYoungGen: 2597614K->766678K(2665344K)] [PSOldGen: 5456118K->5456118K(5461376K)] 8053732K->6222796K(8126720K) [PSPermGen: 71824K->71824K(72384K)], 20.7638990 secs] [Times: user=19.96 sys=0.79, real=20.76 secs] 
112002.002: [Full GC [PSYoungGen: 2599424K->468349K(2665344K)] [PSOldGen: 5456118K->5456118K(5461376K)] 8055542K->5924467K(8126720K) [PSPermGen: 71941K->71941K(72192K)], 19.7568890 secs] [Times: user=18.97 sys=0.77, real=19.75 secs] 
112026.083: [Full GC [PSYoungGen: 2599424K->607115K(2665344K)] [PSOldGen: 5456118K->5456112K(5461376K)] 8055542K->6063228K(8126720K) [PSPermGen: 72079K->71614K(72128K)], 21.4299660 secs] [Times: user=20.66 sys=0.76, real=21.43 secs] 
112057.361: [Full GC [PSYoungGen: 2599424K->541763K(2665344K)] [PSOldGen: 5456112K->5456112K(5461376K)] 8055536K->5997875K(8126720K) [PSPermGen: 71671K->71671K(72192K)], 20.1070730 secs] [Times: user=19.33 sys=0.77, real=20.10 secs] 
112091.269: [Full GC [PSYoungGen: 2599424K->490282K(2665344K)] [PSOldGen: 5456112K->5456112K(5461376K)] 8055536K->5946395K(8126720K) [PSPermGen: 71798K->71798K(72320K)], 19.5684800 secs] [Times: user=18.80 sys=0.77, real=19.56 secs] 
112119.819: [Full GC [PSYoungGen: 2599424K->668003K(2665344K)] [PSOldGen: 5456112K->5456112K(5461376K)] 8055536K->6124115K(8126720K) [PSPermGen: 71910K->71910K(72384K)], 20.4153540 secs] [Times: user=19.64 sys=0.78, real=20.42 secs] 
112151.455: [Full GC [PSYoungGen: 2599424K->329841K(2665344K)] [PSOldGen: 5456112K->5454641K(5461376K)] 8055536K->5784483K(8126720K) [PSPermGen: 72023K->71615K(71808K)], 20.0349770 secs] [Times: user=19.24 sys=0.79, real=20.03 secs] 
112197.739: [Full GC [PSYoungGen: 2599424K->642609K(2665344K)] [PSOldGen: 5454641K->5454641K(5461376K)] 8054065K->6097250K(8126720K) [PSPermGen: 71746K->71746K(72448K)], 20.4117950 secs] [Times: user=19.59 sys=0.81, real=20.41 secs] 
112250.007: [Full GC [PSYoungGen: 2599424K->247305K(2665344K)] [PSOldGen: 5454641K->5454641K(5461376K)] 8054065K->5701947K(8126720K) [PSPermGen: 71898K->71898K(72384K)], 19.2537420 secs] [Times: user=18.47 sys=0.77, real=19.25 secs] 
112281.791: [Full GC [PSYoungGen: 2599424K->606056K(2665344K)] [PSOldGen: 5454641K->5454641K(5461376K)] 8054065K->6060698K(8126720K) [PSPermGen: 72002K->72002K(72192K)], 20.4090350 secs] [Times: user=19.64 sys=0.77, real=20.41 secs] 
112355.013: [Full GC [PSYoungGen: 2599424K->318141K(2665344K)] [PSOldGen: 5454641K->5454641K(5461376K)] 8054065K->5772782K(8126720K) [PSPermGen: 72125K->71615K(72064K)], 20.0382370 secs] [Times: user=19.28 sys=0.76, real=20.04 secs] 
112395.887: [Full GC [PSYoungGen: 2599424K->362316K(2665344K)] [PSOldGen: 5454641K->5454641K(5461376K)] 8054065K->5816957K(8126720K) [PSPermGen: 71780K->71780K(72256K)], 22.3551150 secs] [Times: user=20.24 sys=2.12, real=22.35 secs] 
112454.392: [Full GC [PSYoungGen: 2599424K->572099K(2665344K)] [PSOldGen: 5454641K->5454641K(5461376K)] 8054065K->6026740K(8126720K) [PSPermGen: 71871K->71871K(72320K)], 20.2747950 secs] [Times: user=19.45 sys=0.83, real=20.27 secs] 
112530.671: [Full GC [PSYoungGen: 2599424K->393451K(2665344K)] [PSOldGen: 5454641K->5454641K(5461376K)] 8054065K->5848093K(8126720K) [PSPermGen: 72001K->72001K(72192K)], 19.6663210 secs] [Times: user=18.89 sys=0.77, real=19.67 secs] 
112586.505: [Full GC [PSYoungGen: 2599424K->271845K(2665344K)] [PSOldGen: 5454641K->5454640K(5461376K)] 8054065K->5726485K(8126720K) [PSPermGen: 72113K->71615K(72064K)], 20.1622250 secs] [Times: user=19.34 sys=0.81, real=20.16 secs] 
112621.392: [Full GC [PSYoungGen: 2599424K->309573K(2665344K)] [PSOldGen: 5454640K->5454640K(5461376K)] 8054064K->5764213K(8126720K) [PSPermGen: 71740K->71740K(72192K)], 19.7573330 secs] [Times: user=18.96 sys=0.80, real=19.76 secs] 
112658.112: [Full GC [PSYoungGen: 2599424K->411429K(2665344K)] [PSOldGen: 5454640K->5454640K(5461376K)] 8054064K->5866069K(8126720K) [PSPermGen: 71747K->71747K(72192K)], 19.3342040 secs] [Times: user=18.51 sys=0.82, real=19.33 secs] 
112691.557: [Full GC [PSYoungGen: 2599424K->189425K(2665344K)] [PSOldGen: 5454640K->5454640K(5461376K)] 8054064K->5644066K(8126720K) [PSPermGen: 71779K->71779K(72256K)], 18.8595280 secs] [Times: user=18.05 sys=0.81, real=18.85 secs] 
112722.418: [Full GC [PSYoungGen: 2599424K->285005K(2665344K)] [PSOldGen: 5454640K->5454639K(5461376K)] 8054064K->5739645K(8126720K) [PSPermGen: 71892K->71615K(72064K)], 20.0837060 secs] [Times: user=19.29 sys=0.79, real=20.08 secs] 
112775.380: [Full GC [PSYoungGen: 2599424K->163587K(2665344K)] [PSOldGen: 5454639K->5454639K(5461376K)] 8054063K->5618227K(8126720K) [PSPermGen: 71622K->71622K(71872K)], 18.8249210 secs] [Times: user=18.01 sys=0.81, real=18.82 secs] 
112804.308: [Full GC [PSYoungGen: 2599424K->415506K(2665344K)] [PSOldGen: 5454639K->5454639K(5461376K)] 8054063K->5870146K(8126720K) [PSPermGen: 71762K->71762K(72512K)], 19.6764570 secs] [Times: user=18.87 sys=0.80, real=19.67 secs] 
112855.067: [Full GC [PSYoungGen: 2599424K->432659K(2665344K)] [PSOldGen: 5454639K->5454639K(5461376K)] 8054063K->5887299K(8126720K) [PSPermGen: 71765K->71765K(72512K)], 19.4290930 secs] [Times: user=18.65 sys=0.77, real=19.43 secs] 
112907.822: [Full GC [PSYoungGen: 2599424K->187709K(2665344K)] [PSOldGen: 5454639K->5454639K(5461376K)] 8054063K->5642349K(8126720K) [PSPermGen: 71782K->71616K(71872K)], 19.5608000 secs] [Times: user=18.77 sys=0.78, real=19.56 secs] 
112935.287: [Full GC [PSYoungGen: 2599424K->464329K(2665344K)] [PSOldGen: 5454639K->5454639K(5461376K)] 8054063K->5918969K(8126720K) [PSPermGen: 71748K->71748K(72512K)], 20.3788820 secs] [Times: user=19.54 sys=0.83, real=20.38 secs] 
112970.436: [Full GC [PSYoungGen: 2599424K->416085K(2665344K)] [PSOldGen: 5454639K->5454639K(5461376K)] 8054063K->5870725K(8126720K) [PSPermGen: 71759K->71759K(72512K)], 19.4852510 secs] [Times: user=18.71 sys=0.78, real=19.49 secs] 
113007.028: [Full GC [PSYoungGen: 2599424K->475197K(2665344K)] [PSOldGen: 5454639K->5454639K(5461376K)] 8054063K->5929837K(8126720K) [PSPermGen: 71795K->71795K(72512K)], 21.4517850 secs] [Times: user=19.35 sys=2.10, real=21.45 secs] 
113037.218: [Full GC [PSYoungGen: 2599424K->167796K(2665344K)] [PSOldGen: 5454639K->5454639K(5461376K)] 8054063K->5622435K(8126720K) [PSPermGen: 71894K->71616K(71808K)], 21.0262010 secs] [Times: user=20.22 sys=0.80, real=21.02 secs] 
113066.584: [Full GC [PSYoungGen: 2599424K->271148K(2665344K)] [PSOldGen: 5454639K->5454639K(5461376K)] 8054063K->5725787K(8126720K) [PSPermGen: 71762K->71762K(72512K)], 19.1026070 secs] [Times: user=18.29 sys=0.81, real=19.10 secs] 
113099.418: [Full GC [PSYoungGen: 2599424K->497527K(2665344K)] [PSOldGen: 5454639K->5454639K(5461376K)] 8054063K->5952166K(8126720K) [PSPermGen: 71801K->71801K(72320K)], 20.1108380 secs] [Times: user=19.32 sys=0.79, real=20.10 secs] 
113128.582: [Full GC [PSYoungGen: 2599424K->597271K(2665344K)] [PSOldGen: 5454639K->5454639K(5461376K)] 8054063K->6051910K(8126720K) [PSPermGen: 71905K->71905K(72384K)], 20.2287620 secs] [Times: user=19.43 sys=0.79, real=20.22 secs] 
113161.919: [Full GC [PSYoungGen: 2599424K->470219K(2665344K)] [PSOldGen: 5454639K->5454639K(5461376K)] 8054063K->5924859K(8126720K) [PSPermGen: 72016K->71616K(71872K)], 20.4520520 secs] [Times: user=19.68 sys=0.76, real=20.45 secs] 
113193.005: [Full GC [PSYoungGen: 2599424K->249451K(2665344K)] [PSOldGen: 5454639K->5454639K(5461376K)] 8054063K->5704090K(8126720K) [PSPermGen: 71703K->71703K(72448K)], 19.2607740 secs] [Times: user=18.44 sys=0.82, real=19.26 secs] 
113216.856: [Full GC [PSYoungGen: 2599424K->596334K(2665344K)] [PSOldGen: 5454639K->5454639K(5461376K)] 8054063K->6050973K(8126720K) [PSPermGen: 71894K->71894K(72384K)], 21.0123340 secs] [Times: user=20.22 sys=0.79, real=21.01 secs] 
113248.959: [Full GC [PSYoungGen: 2599424K->461612K(2665344K)] [PSOldGen: 5454639K->5454639K(5461376K)] 8054063K->5916252K(8126720K) [PSPermGen: 71944K->71944K(72192K)], 19.9370310 secs] [Times: user=19.15 sys=0.78, real=19.93 secs] 
113277.123: [Full GC [PSYoungGen: 2599424K->460842K(2665344K)] [PSOldGen: 5454639K->5454639K(5461376K)] 8054063K->5915481K(8126720K) [PSPermGen: 72056K->71616K(72128K)], 20.6627670 secs] [Times: user=19.84 sys=0.81, real=20.66 secs] 
113309.159: [Full GC [PSYoungGen: 2599424K->378183K(2665344K)] [PSOldGen: 5454639K->5454639K(5461376K)] 8054063K->5832822K(8126720K) [PSPermGen: 71673K->71673K(72128K)], 19.4280690 secs] [Times: user=18.63 sys=0.80, real=19.42 secs] 
113335.351: [Full GC [PSYoungGen: 2599424K->608084K(2665344K)] [PSOldGen: 5454639K->5454639K(5461376K)] 8054063K->6062723K(8126720K) [PSPermGen: 71750K->71750K(72192K)], 20.2623280 secs] [Times: user=19.48 sys=0.78, real=20.26 secs] 
113367.488: [Full GC [PSYoungGen: 2599424K->352085K(2665344K)] [PSOldGen: 5454639K->5454639K(5461376K)] 8054063K->5806724K(8126720K) [PSPermGen: 71855K->71855K(72320K)], 19.2704640 secs] [Times: user=18.49 sys=0.78, real=19.26 secs] 
113398.407: [Full GC [PSYoungGen: 2599424K->180203K(2665344K)] [PSOldGen: 5454639K->5454639K(5461376K)] 8054063K->5634843K(8126720K) [PSPermGen: 71900K->71616K(71808K)], 19.4189270 secs] [Times: user=18.59 sys=0.83, real=19.42 secs] 
113437.371: [Full GC [PSYoungGen: 2599424K->437716K(2665344K)] [PSOldGen: 5454639K->5454639K(5461376K)] 8054063K->5892355K(8126720K) [PSPermGen: 71759K->71759K(72512K)], 19.9569380 secs] [Times: user=19.20 sys=0.76, real=19.95 secs] 
113504.928: [Full GC [PSYoungGen: 2599424K->307926K(2665344K)] [PSOldGen: 5454639K->5454639K(5461376K)] 8054063K->5762566K(8126720K) [PSPermGen: 71812K->71812K(72512K)], 19.0227910 secs] [Times: user=18.20 sys=0.81, real=19.02 secs] 
113573.376: [Full GC [PSYoungGen: 2599424K->456881K(2665344K)] [PSOldGen: 5454639K->5454639K(5461376K)] 8054063K->5911520K(8126720K) [PSPermGen: 71930K->71930K(72384K)], 19.6630370 secs] [Times: user=18.86 sys=0.80, real=19.66 secs] 
113626.097: [Full GC [PSYoungGen: 2599424K->159844K(2665344K)] [PSOldGen: 5454639K->5452970K(5461376K)] 8054063K->5612815K(8126720K) [PSPermGen: 71937K->71616K(71872K)], 22.6849570 secs] [Times: user=20.62 sys=2.06, real=22.68 secs] 
113656.745: [Full GC [PSYoungGen: 2599424K->491073K(2665344K)] [PSOldGen: 5452970K->5452970K(5461376K)] 8052394K->5944043K(8126720K) [PSPermGen: 71767K->71767K(72512K)], 20.3179650 secs] [Times: user=19.56 sys=0.75, real=20.32 secs] 
113692.075: [Full GC [PSYoungGen: 2599424K->459551K(2665344K)] [PSOldGen: 5452970K->5452970K(5461376K)] 8052394K->5912521K(8126720K) [PSPermGen: 71777K->71777K(72512K)], 19.5618690 secs] [Times: user=18.78 sys=0.77, real=19.55 secs] 
113728.249: [Full GC [PSYoungGen: 2599424K->401677K(2665344K)] [PSOldGen: 5452970K->5452970K(5461376K)] 8052394K->5854648K(8126720K) [PSPermGen: 71782K->71782K(72512K)], 19.3947920 secs] [Times: user=18.57 sys=0.82, real=19.40 secs] 
113760.522: [Full GC [PSYoungGen: 2599424K->123563K(2665344K)] [PSOldGen: 5452970K->5452964K(5461376K)] 8052394K->5576527K(8126720K) [PSPermGen: 71820K->71616K(71808K)], 19.2822820 secs] [Times: user=18.53 sys=0.75, real=19.28 secs] 
113788.093: [Full GC [PSYoungGen: 2599424K->418451K(2665344K)] [PSOldGen: 5452964K->5452964K(5461376K)] 8052388K->5871415K(8126720K) [PSPermGen: 71733K->71733K(72448K)], 19.7298510 secs] [Times: user=18.90 sys=0.82, real=19.73 secs] 
113824.593: [Full GC [PSYoungGen: 2599424K->416921K(2665344K)] [PSOldGen: 5452964K->5452964K(5461376K)] 8052388K->5869885K(8126720K) [PSPermGen: 71734K->71734K(72448K)], 19.2994080 secs] [Times: user=18.52 sys=0.78, real=19.30 secs] 
113858.578: [Full GC [PSYoungGen: 2599424K->431405K(2665344K)] [PSOldGen: 5452964K->5452964K(5461376K)] 8052388K->5884369K(8126720K) [PSPermGen: 71740K->71740K(72448K)], 19.5804370 secs] [Times: user=18.76 sys=0.82, real=19.58 secs] 
113894.555: [Full GC [PSYoungGen: 2599424K->181659K(2665344K)] [PSOldGen: 5452964K->5452964K(5461376K)] 8052388K->5634623K(8126720K) [PSPermGen: 71740K->71585K(71808K)], 18.9927730 secs] [Times: user=18.22 sys=0.76, real=18.99 secs] 
113932.993: [Full GC [PSYoungGen: 2599424K->240338K(2665344K)] [PSOldGen: 5452964K->5452964K(5461376K)] 8052388K->5693302K(8126720K) [PSPermGen: 71588K->71588K(71744K)], 18.7749760 secs] [Times: user=17.98 sys=0.79, real=18.77 secs] 
113959.987: [Full GC [PSYoungGen: 2599424K->439531K(2665344K)] [PSOldGen: 5452964K->5452964K(5461376K)] 8052388K->5892495K(8126720K) [PSPermGen: 71737K->71737K(72256K)], 20.0139300 secs] [Times: user=19.22 sys=0.79, real=20.01 secs] 
113995.646: [Full GC [PSYoungGen: 2599424K->414607K(2665344K)] [PSOldGen: 5452964K->5452964K(5461376K)] 8052388K->5867571K(8126720K) [PSPermGen: 71747K->71747K(72192K)], 19.5493680 secs] [Times: user=18.76 sys=0.79, real=19.55 secs] 
114034.755: [Full GC [PSYoungGen: 2599424K->287383K(2665344K)] [PSOldGen: 5452964K->5452964K(5461376K)] 8052388K->5740347K(8126720K) [PSPermGen: 71747K->71585K(72064K)], 19.6723320 secs] [Times: user=18.88 sys=0.79, real=19.66 secs] 
114065.470: [Full GC [PSYoungGen: 2599424K->412508K(2665344K)] [PSOldGen: 5452964K->5452964K(5461376K)] 8052388K->5865472K(8126720K) [PSPermGen: 71721K->71721K(72192K)], 19.4348740 secs] [Times: user=18.63 sys=0.79, real=19.44 secs] 
114116.191: [Full GC [PSYoungGen: 2599424K->433947K(2665344K)] [PSOldGen: 5452964K->5452964K(5461376K)] 8052388K->5886911K(8126720K) [PSPermGen: 71729K->71729K(72192K)], 19.3612250 secs] [Times: user=18.57 sys=0.78, real=19.36 secs] 
114157.527: [Full GC [PSYoungGen: 2599424K->263618K(2665344K)] [PSOldGen: 5452964K->5452964K(5461376K)] 8052388K->5716582K(8126720K) [PSPermGen: 71730K->71730K(72192K)], 18.9771020 secs] [Times: user=18.15 sys=0.82, real=18.97 secs] 
114192.798: [Full GC [PSYoungGen: 2599424K->161903K(2665344K)] [PSOldGen: 5452964K->5452963K(5461376K)] 8052388K->5614867K(8126720K) [PSPermGen: 71879K->71585K(72128K)], 21.5344560 secs] [Times: user=19.42 sys=2.11, real=21.53 secs] 
114232.639: [Full GC [PSYoungGen: 2599424K->416371K(2665344K)] [PSOldGen: 5452963K->5452963K(5461376K)] 8052387K->5869334K(8126720K) [PSPermGen: 71595K->71595K(72064K)], 19.6092390 secs] [Times: user=18.78 sys=0.81, real=19.61 secs] 
114314.963: [Full GC [PSYoungGen: 2599424K->421615K(2665344K)] [PSOldGen: 5452963K->5452963K(5461376K)] 8052387K->5874579K(8126720K) [PSPermGen: 71738K->71738K(72256K)], 19.4634490 secs] [Times: user=18.65 sys=0.81, real=19.46 secs] 
114394.052: [Full GC [PSYoungGen: 2599424K->239715K(2665344K)] [PSOldGen: 5452963K->5452963K(5461376K)] 8052387K->5692678K(8126720K) [PSPermGen: 71739K->71739K(72256K)], 18.8314230 secs] [Times: user=18.03 sys=0.80, real=18.83 secs] 
114434.652: [Full GC [PSYoungGen: 2599424K->290815K(2665344K)] [PSOldGen: 5452963K->5452963K(5461376K)] 8052387K->5743779K(8126720K) [PSPermGen: 71890K->71580K(72128K)], 21.5923000 secs] [Times: user=20.80 sys=0.79, real=21.59 secs] 
114517.817: [Full GC [PSYoungGen: 2599424K->174666K(2665344K)] [PSOldGen: 5452963K->5452963K(5461376K)] 8052387K->5627629K(8126720K) [PSPermGen: 71618K->71618K(72128K)], 18.9880930 secs] [Times: user=18.17 sys=0.81, real=18.99 secs] 
114559.832: [Full GC [PSYoungGen: 2599424K->426211K(2665344K)] [PSOldGen: 5452963K->5452963K(5461376K)] 8052387K->5879174K(8126720K) [PSPermGen: 71741K->71741K(72256K)], 19.6321990 secs] [Times: user=18.85 sys=0.77, real=19.63 secs] 
114622.819: [Full GC [PSYoungGen: 2599424K->236000K(2665344K)] [PSOldGen: 5452963K->5452963K(5461376K)] 8052387K->5688963K(8126720K) [PSPermGen: 71744K->71744K(72256K)], 18.8062480 secs] [Times: user=18.01 sys=0.79, real=18.81 secs] 
114680.671: [Full GC [PSYoungGen: 2599424K->125290K(2665344K)] [PSOldGen: 5452963K->5452963K(5461376K)] 8052387K->5578254K(8126720K) [PSPermGen: 71753K->71580K(72064K)], 18.8248780 secs] [Times: user=18.06 sys=0.76, real=18.82 secs] 
114737.064: [Full GC [PSYoungGen: 2599424K->251967K(2665344K)] [PSOldGen: 5452963K->5452963K(5461376K)] 8052387K->5704931K(8126720K) [PSPermGen: 71583K->71583K(72064K)], 18.8163020 secs] [Times: user=18.06 sys=0.75, real=18.81 secs] 
114789.385: [Full GC [PSYoungGen: 2599424K->253144K(2665344K)] [PSOldGen: 5452963K->5452963K(5461376K)] 8052387K->5706108K(8126720K) [PSPermGen: 71595K->71595K(72064K)], 18.8434560 secs] [Times: user=18.04 sys=0.80, real=18.84 secs] 
114857.457: [Full GC [PSYoungGen: 2599424K->291124K(2665344K)] [PSOldGen: 5452963K->5452963K(5461376K)] 8052387K->5744087K(8126720K) [PSPermGen: 71692K->71692K(72192K)], 20.7337970 secs] [Times: user=18.72 sys=2.00, real=20.73 secs] 
114896.120: [Full GC [PSYoungGen: 2599424K->122597K(2665344K)] [PSOldGen: 5452963K->5452963K(5461376K)] 8052387K->5575560K(8126720K) [PSPermGen: 71758K->71580K(72064K)], 20.7603770 secs] [Times: user=19.97 sys=0.78, real=20.76 secs] 
114926.557: [Full GC [PSYoungGen: 2599424K->468343K(2665344K)] [PSOldGen: 5452963K->5452963K(5461376K)] 8052387K->5921306K(8126720K) [PSPermGen: 71737K->71737K(72256K)], 20.2677440 secs] [Times: user=19.48 sys=0.79, real=20.27 secs] 
114958.547: [Full GC [PSYoungGen: 2599424K->260731K(2665344K)] [PSOldGen: 5452963K->5452963K(5461376K)] 8052387K->5713694K(8126720K) [PSPermGen: 71782K->71782K(72256K)], 19.0342970 secs] [Times: user=18.23 sys=0.80, real=19.03 secs] 
114985.398: [Full GC [PSYoungGen: 2599424K->451575K(2665344K)] [PSOldGen: 5452963K->5452963K(5461376K)] 8052387K->5904538K(8126720K) [PSPermGen: 71907K->71907K(72384K)], 19.8062920 secs] [Times: user=19.01 sys=0.79, real=19.80 secs] 
115017.657: [Full GC [PSYoungGen: 2599424K->313596K(2665344K)] [PSOldGen: 5452963K->5452963K(5461376K)] 8052387K->5766559K(8126720K) [PSPermGen: 72060K->71576K(71872K)], 19.9300820 secs] [Times: user=19.16 sys=0.77, real=19.93 secs] 
115051.804: [Full GC [PSYoungGen: 2599424K->443302K(2665344K)] [PSOldGen: 5452963K->5452963K(5461376K)] 8052387K->5896265K(8126720K) [PSPermGen: 71733K->71733K(72512K)], 19.5587440 secs] [Times: user=18.78 sys=0.78, real=19.56 secs] 
115084.385: [Full GC [PSYoungGen: 2599424K->446271K(2665344K)] [PSOldGen: 5452963K->5452963K(5461376K)] 8052387K->5899234K(8126720K) [PSPermGen: 71884K->71884K(72448K)], 19.6553920 secs] [Times: user=18.87 sys=0.78, real=19.65 secs] 
115116.392: [Full GC [PSYoungGen: 2599424K->453061K(2665344K)] [PSOldGen: 5452963K->5452963K(5461376K)] 8052387K->5906024K(8126720K) [PSPermGen: 72049K->72049K(72320K)], 19.4779930 secs] [Times: user=18.70 sys=0.78, real=19.48 secs] 
115148.626: [Full GC [PSYoungGen: 2599424K->335960K(2665344K)] [PSOldGen: 5452963K->5452962K(5461376K)] 8052387K->5788922K(8126720K) [PSPermGen: 72214K->71576K(72128K)], 20.1334640 secs] [Times: user=19.38 sys=0.75, real=20.13 secs] 
115182.233: [Full GC [PSYoungGen: 2599424K->479880K(2665344K)] [PSOldGen: 5452962K->5452962K(5461376K)] 8052386K->5932843K(8126720K) [PSPermGen: 71740K->71740K(72256K)], 19.6588840 secs] [Times: user=18.89 sys=0.77, real=19.66 secs] 
115214.289: [Full GC [PSYoungGen: 2599424K->519583K(2665344K)] [PSOldGen: 5452962K->5452962K(5461376K)] 8052386K->5972546K(8126720K) [PSPermGen: 71909K->71909K(72192K)], 19.8763390 secs] [Times: user=19.06 sys=0.81, real=19.88 secs] 
115293.313: [Full GC [PSYoungGen: 2599424K->168017K(2665344K)] [PSOldGen: 5452962K->5452962K(5461376K)] 8052386K->5620979K(8126720K) [PSPermGen: 71947K->71947K(72256K)], 18.9618680 secs] [Times: user=18.18 sys=0.78, real=18.96 secs] 
115379.448: [Full GC [PSYoungGen: 2599424K->168421K(2665344K)] [PSOldGen: 5452962K->5452962K(5461376K)] 8052386K->5621383K(8126720K) [PSPermGen: 71948K->71603K(72128K)], 19.3688340 secs] [Times: user=18.59 sys=0.77, real=19.36 secs] 
115418.537: [Full GC [PSYoungGen: 2599424K->287581K(2665344K)] [PSOldGen: 5452962K->5452962K(5461376K)] 8052386K->5740544K(8126720K) [PSPermGen: 71613K->71613K(72128K)], 20.6543450 secs] [Times: user=18.60 sys=2.05, real=20.65 secs] 
115456.115: [Full GC [PSYoungGen: 2599424K->291137K(2665344K)] [PSOldGen: 5452962K->5452962K(5461376K)] 8052386K->5744100K(8126720K) [PSPermGen: 71613K->71613K(72128K)], 18.9180660 secs] [Times: user=18.15 sys=0.77, real=18.91 secs] 
115491.992: [Full GC [PSYoungGen: 2599424K->293436K(2665344K)] [PSOldGen: 5452962K->5452962K(5461376K)] 8052386K->5746399K(8126720K) [PSPermGen: 71614K->71614K(72128K)], 18.8847940 secs] [Times: user=18.12 sys=0.76, real=18.88 secs] 
115526.389: [Full GC [PSYoungGen: 2599424K->126956K(2665344K)] [PSOldGen: 5452962K->5452961K(5461376K)] 8052386K->5579918K(8126720K) [PSPermGen: 71619K->71603K(72128K)], 20.7672600 secs] [Times: user=19.98 sys=0.78, real=20.76 secs] 
115565.773: [Full GC [PSYoungGen: 2599424K->229711K(2665344K)] [PSOldGen: 5452961K->5452961K(5461376K)] 8052385K->5682673K(8126720K) [PSPermGen: 71603K->71603K(72064K)], 18.8082090 secs] [Times: user=18.02 sys=0.79, real=18.80 secs] 
115602.621: [Full GC [PSYoungGen: 2599424K->230683K(2665344K)] [PSOldGen: 5452961K->5452961K(5461376K)] 8052385K->5683645K(8126720K) [PSPermGen: 71604K->71604K(72064K)], 18.8005060 secs] [Times: user=18.01 sys=0.77, real=18.80 secs] 
115638.607: [Full GC [PSYoungGen: 2599424K->235155K(2665344K)] [PSOldGen: 5452961K->5452961K(5461376K)] 8052385K->5688117K(8126720K) [PSPermGen: 71610K->71610K(72064K)], 18.7815590 secs] [Times: user=18.05 sys=0.73, real=18.78 secs] 
115675.188: [Full GC [PSYoungGen: 2599424K->124083K(2665344K)] [PSOldGen: 5452961K->5452961K(5461376K)] 8052385K->5577045K(8126720K) [PSPermGen: 71611K->71603K(72000K)], 18.7875770 secs] [Times: user=17.97 sys=0.80, real=18.79 secs] 
115713.247: [Full GC [PSYoungGen: 2599424K->231860K(2665344K)] [PSOldGen: 5452961K->5452961K(5461376K)] 8052385K->5684822K(8126720K) [PSPermGen: 71603K->71603K(72000K)], 18.7511750 secs] [Times: user=17.97 sys=0.77, real=18.75 secs] 
115751.827: [Full GC [PSYoungGen: 2599424K->234835K(2665344K)] [PSOldGen: 5452961K->5452961K(5461376K)] 8052385K->5687797K(8126720K) [PSPermGen: 71608K->71608K(72000K)], 19.1694100 secs] [Times: user=18.38 sys=0.78, real=19.17 secs] 
115795.202: [Full GC [PSYoungGen: 2599424K->253471K(2665344K)] [PSOldGen: 5452961K->5452961K(5461376K)] 8052385K->5706433K(8126720K) [PSPermGen: 71609K->71609K(72000K)], 18.7900660 secs] [Times: user=18.01 sys=0.77, real=18.79 secs] 
115854.938: [Full GC [PSYoungGen: 2599424K->123616K(2665344K)] [PSOldGen: 5452961K->5452961K(5461376K)] 8052385K->5576577K(8126720K) [PSPermGen: 71609K->71603K(71936K)], 18.7957180 secs] [Times: user=18.01 sys=0.78, real=18.79 secs] 
115951.046: [Full GC [PSYoungGen: 2599424K->254694K(2665344K)] [PSOldGen: 5452961K->5452961K(5461376K)] 8052385K->5707656K(8126720K) [PSPermGen: 71609K->71609K(71936K)], 18.9470760 secs] [Times: user=18.19 sys=0.76, real=18.95 secs] 
116007.432: [Full GC [PSYoungGen: 2599424K->249650K(2665344K)] [PSOldGen: 5452961K->5452961K(5461376K)] 8052385K->5702612K(8126720K) [PSPermGen: 71616K->71616K(71936K)], 20.5266660 secs] [Times: user=18.38 sys=2.13, real=20.52 secs] 
116060.238: [Full GC [PSYoungGen: 2599424K->250961K(2665344K)] [PSOldGen: 5452961K->5452961K(5461376K)] 8052385K->5703923K(8126720K) [PSPermGen: 71617K->71617K(71936K)], 18.7763360 secs] [Times: user=18.00 sys=0.77, real=18.77 secs] 
116127.268: [Full GC [PSYoungGen: 2599424K->125094K(2665344K)] [PSOldGen: 5452961K->5452961K(5461376K)] 8052385K->5578056K(8126720K) [PSPermGen: 71622K->71603K(71936K)], 20.7190750 secs] [Times: user=19.93 sys=0.78, real=20.72 secs] 
116177.106: [Full GC [PSYoungGen: 2599424K->253614K(2665344K)] [PSOldGen: 5452961K->5452961K(5461376K)] 8052385K->5706575K(8126720K) [PSPermGen: 71604K->71604K(71936K)], 18.8303420 secs] [Times: user=18.01 sys=0.82, real=18.83 secs] 
116222.224: [Full GC [PSYoungGen: 2599424K->189211K(2665344K)] [PSOldGen: 5452961K->5452961K(5461376K)] 8052385K->5642172K(8126720K) [PSPermGen: 71604K->71604K(71936K)], 18.7652010 secs] [Times: user=17.99 sys=0.77, real=18.76 secs] 
116291.465: [Full GC [PSYoungGen: 2599424K->252912K(2665344K)] [PSOldGen: 5452961K->5452961K(5461376K)] 8052385K->5705873K(8126720K) [PSPermGen: 71610K->71610K(71936K)], 18.8008740 secs] [Times: user=17.99 sys=0.80, real=18.80 secs] 
116351.504: [Full GC [PSYoungGen: 2599424K->123085K(2665344K)] [PSOldGen: 5452961K->5452961K(5461376K)] 8052385K->5576047K(8126720K) [PSPermGen: 71611K->71603K(71936K)], 19.3011320 secs] [Times: user=18.50 sys=0.80, real=19.30 secs] 
116441.645: [Full GC [PSYoungGen: 2599424K->253767K(2665344K)] [PSOldGen: 5452961K->5452961K(5461376K)] 8052385K->5706729K(8126720K) [PSPermGen: 71609K->71609K(71936K)], 18.8940970 secs] [Times: user=18.09 sys=0.80, real=18.89 secs] 
116501.984: [Full GC [PSYoungGen: 2599424K->252058K(2665344K)] [PSOldGen: 5452961K->5452961K(5461376K)] 8052385K->5705020K(8126720K) [PSPermGen: 71615K->71615K(71936K)], 18.8605520 secs] [Times: user=18.07 sys=0.79, real=18.86 secs] 
116537.763: [Full GC [PSYoungGen: 2599424K->249894K(2665344K)] [PSOldGen: 5452961K->5452961K(5461376K)] 8052385K->5702856K(8126720K) [PSPermGen: 71616K->71616K(71936K)], 18.8821990 secs] [Times: user=18.08 sys=0.79, real=18.88 secs] 
116585.245: [Full GC [PSYoungGen: 2599424K->122536K(2665344K)] [PSOldGen: 5452961K->5452961K(5461376K)] 8052385K->5575497K(8126720K) [PSPermGen: 71616K->71603K(71936K)], 18.7850610 secs] [Times: user=18.01 sys=0.77, real=18.78 secs] 
116639.097: [Full GC [PSYoungGen: 2599424K->255592K(2665344K)] [PSOldGen: 5452961K->5452961K(5461376K)] 8052385K->5708554K(8126720K) [PSPermGen: 71609K->71609K(71936K)], 20.5104750 secs] [Times: user=18.44 sys=2.07, real=20.51 secs] 
116698.534: [Full GC [PSYoungGen: 2599424K->249117K(2665344K)] [PSOldGen: 5452961K->5452961K(5461376K)] 8052385K->5702078K(8126720K) [PSPermGen: 71610K->71610K(71936K)], 18.8192620 secs] [Times: user=18.01 sys=0.80, real=18.82 secs] 
116736.312: [Full GC [PSYoungGen: 2599424K->251731K(2665344K)] [PSOldGen: 5452961K->5452961K(5461376K)] 8052385K->5704693K(8126720K) [PSPermGen: 71616K->71616K(71936K)], 18.8239780 secs] [Times: user=18.04 sys=0.77, real=18.82 secs] 
116778.175: [Full GC [PSYoungGen: 2599424K->122866K(2665344K)] [PSOldGen: 5452961K->5452961K(5461376K)] 8052385K->5575827K(8126720K) [PSPermGen: 71617K->71603K(71872K)], 20.7493860 secs] [Times: user=19.94 sys=0.81, real=20.75 secs] 
116834.047: [Full GC [PSYoungGen: 2599424K->236899K(2665344K)] [PSOldGen: 5452961K->5452961K(5461376K)] 8052385K->5689860K(8126720K) [PSPermGen: 71609K->71609K(71680K)], 18.8142990 secs] [Times: user=18.02 sys=0.79, real=18.82 secs] 
116945.145: [Full GC [PSYoungGen: 2599424K->241670K(2665344K)] [PSOldGen: 5452961K->5452961K(5461376K)] 8052385K->5694631K(8126720K) [PSPermGen: 71610K->71610K(71680K)], 18.8030150 secs] [Times: user=17.98 sys=0.82, real=18.80 secs] 
116987.683: [Full GC [PSYoungGen: 2599424K->254092K(2665344K)] [PSOldGen: 5452961K->5452961K(5461376K)] 8052385K->5707053K(8126720K) [PSPermGen: 71616K->71616K(71680K)], 18.8175480 secs] [Times: user=18.03 sys=0.78, real=18.81 secs] 
117024.378: [Full GC [PSYoungGen: 2599424K->125845K(2665344K)] [PSOldGen: 5452961K->5452961K(5461376K)] 8052385K->5578806K(8126720K) [PSPermGen: 71622K->71603K(71872K)], 18.8070750 secs] [Times: user=18.01 sys=0.79, real=18.80 secs] 
117062.591: [Full GC [PSYoungGen: 2599424K->250394K(2665344K)] [PSOldGen: 5452961K->5452961K(5461376K)] 8052385K->5703355K(8126720K) [PSPermGen: 71603K->71603K(71872K)], 18.8646880 secs] [Times: user=18.07 sys=0.79, real=18.86 secs] 
117099.178: [Full GC [PSYoungGen: 2599424K->253515K(2665344K)] [PSOldGen: 5452961K->5452961K(5461376K)] 8052385K->5706476K(8126720K) [PSPermGen: 71609K->71609K(71680K)], 18.8825570 secs] [Times: user=18.07 sys=0.81, real=18.88 secs] 
117136.981: [Full GC [PSYoungGen: 2599424K->254405K(2665344K)] [PSOldGen: 5452961K->5452961K(5461376K)] 8052385K->5707366K(8126720K) [PSPermGen: 71610K->71610K(71680K)], 18.8792730 secs] [Times: user=18.06 sys=0.80, real=18.88 secs] 
117173.444: [Full GC [PSYoungGen: 2599424K->124929K(2665344K)] [PSOldGen: 5452961K->5452961K(5461376K)] 8052385K->5577890K(8126720K) [PSPermGen: 71610K->71603K(71872K)], 18.7886290 secs] [Times: user=18.00 sys=0.78, real=18.79 secs] 
117212.188: [Full GC [PSYoungGen: 2599424K->254644K(2665344K)] [PSOldGen: 5452961K->5452961K(5461376K)] 8052385K->5707605K(8126720K) [PSPermGen: 71609K->71609K(71680K)], 20.6171310 secs] [Times: user=18.57 sys=2.04, real=20.61 secs] 
117250.822: [Full GC [PSYoungGen: 2599424K->247663K(2665344K)] [PSOldGen: 5452961K->5452961K(5461376K)] 8052385K->5700624K(8126720K) [PSPermGen: 71610K->71610K(71680K)], 18.8038290 secs] [Times: user=18.03 sys=0.77, real=18.80 secs] 
117287.869: [Full GC [PSYoungGen: 2599424K->250737K(2665344K)] [PSOldGen: 5452961K->5452961K(5461376K)] 8052385K->5703699K(8126720K) [PSPermGen: 71610K->71610K(71680K)], 18.7720910 secs] [Times: user=17.98 sys=0.78, real=18.77 secs] 
117324.949: [Full GC [PSYoungGen: 2599424K->125975K(2665344K)] [PSOldGen: 5452961K->5452960K(5461376K)] 8052385K->5578936K(8126720K) [PSPermGen: 71616K->71603K(71872K)], 20.7137690 secs] [Times: user=19.93 sys=0.79, real=20.71 secs] 
117393.581: [Full GC [PSYoungGen: 2599424K->242040K(2665344K)] [PSOldGen: 5452960K->5452960K(5461376K)] 8052384K->5695001K(8126720K) [PSPermGen: 71604K->71604K(71872K)], 18.8125160 secs] [Times: user=18.03 sys=0.77, real=18.81 secs] 
117449.925: [Full GC [PSYoungGen: 2599424K->247894K(2665344K)] [PSOldGen: 5452960K->5452960K(5461376K)] 8052384K->5700855K(8126720K) [PSPermGen: 71610K->71610K(71680K)], 18.8427790 secs] [Times: user=18.07 sys=0.77, real=18.84 secs] 
117564.066: [Full GC [PSYoungGen: 2599424K->251668K(2665344K)] [PSOldGen: 5452960K->5452960K(5461376K)] 8052384K->5704629K(8126720K) [PSPermGen: 71616K->71616K(71680K)], 18.7571750 secs] [Times: user=17.98 sys=0.78, real=18.75 secs] 
117664.898: [Full GC [PSYoungGen: 2599424K->122570K(2665344K)] [PSOldGen: 5452960K->5452960K(5461376K)] 8052384K->5575531K(8126720K) [PSPermGen: 71617K->71536K(71808K)], 18.9222520 secs] [Times: user=18.15 sys=0.77, real=18.92 secs] 
117755.345: [Full GC [PSYoungGen: 2599424K->253654K(2665344K)] [PSOldGen: 5452960K->5452960K(5461376K)] 8052384K->5706615K(8126720K) [PSPermGen: 71543K->71543K(71872K)], 18.8776230 secs] [Times: user=18.08 sys=0.80, real=18.87 secs] 
117815.524: [Full GC [PSYoungGen: 2599424K->249787K(2665344K)] [PSOldGen: 5452960K->5452960K(5461376K)] 8052384K->5702748K(8126720K) [PSPermGen: 71551K->71551K(71872K)], 20.4962430 secs] [Times: user=18.43 sys=2.07, real=20.49 secs] 
117866.843: [Full GC [PSYoungGen: 2599424K->253160K(2665344K)] [PSOldGen: 5452960K->5452960K(5461376K)] 8052384K->5706121K(8126720K) [PSPermGen: 71557K->71557K(71872K)], 18.8481440 secs] [Times: user=18.08 sys=0.77, real=18.84 secs] 
117926.082: [Full GC [PSYoungGen: 2599424K->123303K(2665344K)] [PSOldGen: 5452960K->5452960K(5461376K)] 8052384K->5576263K(8126720K) [PSPermGen: 71563K->71285K(71360K)], 20.7383580 secs] [Times: user=19.96 sys=0.77, real=20.73 secs] 
118028.121: [Full GC [PSYoungGen: 2599424K->246451K(2665344K)] [PSOldGen: 5452960K->5452960K(5461376K)] 8052384K->5699412K(8126720K) [PSPermGen: 71286K->71286K(71360K)], 18.8288350 secs] [Times: user=18.03 sys=0.80, real=18.83 secs] 
118085.985: [Full GC [PSYoungGen: 2599424K->188773K(2665344K)] [PSOldGen: 5452960K->5452960K(5461376K)] 8052384K->5641733K(8126720K) [PSPermGen: 71292K->71292K(71360K)], 18.7353410 secs] [Times: user=17.93 sys=0.80, real=18.73 secs] 
118185.710: [Full GC [PSYoungGen: 2599424K->236792K(2665344K)] [PSOldGen: 5452960K->5452960K(5461376K)] 8052384K->5689753K(8126720K) [PSPermGen: 71299K->71299K(71360K)], 18.7254090 secs] [Times: user=17.96 sys=0.77, real=18.72 secs] 
118226.053: [Full GC [PSYoungGen: 2599424K->111820K(2665344K)] [PSOldGen: 5452960K->5452960K(5461376K)] 8052384K->5564780K(8126720K) [PSPermGen: 71299K->71260K(71296K)], 18.9385640 secs] [Times: user=18.10 sys=0.84, real=18.93 secs] 
118269.223: [Full GC [PSYoungGen: 2599424K->232693K(2665344K)] [PSOldGen: 5452960K->5452960K(5461376K)] 8052384K->5685653K(8126720K) [PSPermGen: 71260K->71260K(71296K)], 18.8105780 secs] [Times: user=18.02 sys=0.78, real=18.81 secs] 
118321.832: [Full GC [PSYoungGen: 2599424K->235826K(2665344K)] [PSOldGen: 5452960K->5452960K(5461376K)] 8052384K->5688786K(8126720K) [PSPermGen: 71266K->71266K(71296K)], 18.7447650 secs] [Times: user=17.96 sys=0.78, real=18.74 secs] 
118372.878: [Full GC [PSYoungGen: 2599424K->239107K(2665344K)] [PSOldGen: 5452960K->5452960K(5461376K)] 8052384K->5692068K(8126720K) [PSPermGen: 71267K->71267K(71296K)], 18.7189450 secs] [Times: user=17.94 sys=0.78, real=18.72 secs] 
118431.508: [Full GC [PSYoungGen: 2599424K->105832K(2665344K)] [PSOldGen: 5452960K->5452959K(5461376K)] 8052384K->5558792K(8126720K) [PSPermGen: 71274K->71260K(71296K)], 22.2867880 secs] [Times: user=20.29 sys=1.99, real=22.28 secs] 
119574.001: [Full GC [PSYoungGen: 2599424K->249592K(2665344K)] [PSOldGen: 5452959K->5452959K(5461376K)] 8052383K->5702552K(8126720K) [PSPermGen: 71307K->71307K(71360K)], 20.4776090 secs] [Times: user=18.42 sys=2.06, real=20.47 secs] 
120654.331: [Full GC [PSYoungGen: 2599424K->248179K(2665344K)] [PSOldGen: 5452959K->5452959K(5461376K)] 8052383K->5701139K(8126720K) [PSPermGen: 71316K->71316K(71360K)], 20.3286080 secs] [Times: user=18.36 sys=1.96, real=20.33 secs] 
121387.320: [Full GC [PSYoungGen: 2599424K->242883K(2665344K)] [PSOldGen: 5452959K->5452959K(5461376K)] 8052383K->5695843K(8126720K) [PSPermGen: 71326K->71326K(71360K)], 20.4800930 secs] [Times: user=18.39 sys=2.08, real=20.48 secs] 
121629.960: [Full GC [PSYoungGen: 2599424K->108377K(2665344K)] [PSOldGen: 5452959K->5452957K(5461376K)] 8052383K->5561335K(8126720K) [PSPermGen: 71333K->71264K(71296K)], 22.3937330 secs] [Times: user=20.34 sys=2.05, real=22.39 secs] 
121910.967: [Full GC [PSYoungGen: 2599424K->238966K(2665344K)] [PSOldGen: 5452957K->5452957K(5461376K)] 8052381K->5691924K(8126720K) [PSPermGen: 71279K->71279K(71360K)], 18.7875750 secs] [Times: user=18.04 sys=0.74, real=18.79 secs] 
122083.623: [Full GC [PSYoungGen: 2599424K->217516K(2665344K)] [PSOldGen: 5452957K->5452957K(5461376K)] 8052381K->5670474K(8126720K) [PSPermGen: 71286K->71286K(71360K)], 20.4550870 secs] [Times: user=18.38 sys=2.06, real=20.45 secs] 
122122.881: [Full GC [PSYoungGen: 2599424K->231832K(2665344K)] [PSOldGen: 5452957K->5452957K(5461376K)] 8052381K->5684790K(8126720K) [PSPermGen: 71293K->71293K(71360K)], 18.8480550 secs] [Times: user=17.99 sys=0.84, real=18.85 secs] 
122176.033: [Full GC [PSYoungGen: 2599424K->103852K(2665344K)] [PSOldGen: 5452957K->5452957K(5461376K)] 8052381K->5556809K(8126720K) [PSPermGen: 71293K->71273K(71360K)], 20.7533780 secs] [Times: user=19.94 sys=0.80, real=20.75 secs] 
122230.992: [Full GC [PSYoungGen: 2599424K->231509K(2665344K)] [PSOldGen: 5452957K->5452957K(5461376K)] 8052381K->5684467K(8126720K) [PSPermGen: 71273K->71273K(71360K)], 18.7819300 secs] [Times: user=18.04 sys=0.75, real=18.78 secs] 
122295.800: [Full GC [PSYoungGen: 2599424K->235260K(2665344K)] [PSOldGen: 5452957K->5452957K(5461376K)] 8052381K->5688217K(8126720K) [PSPermGen: 71279K->71279K(71360K)], 18.7288160 secs] [Times: user=17.94 sys=0.79, real=18.72 secs] 
122332.691: [Full GC [PSYoungGen: 2599424K->234693K(2665344K)] [PSOldGen: 5452957K->5452957K(5461376K)] 8052381K->5687650K(8126720K) [PSPermGen: 71280K->71280K(71360K)], 18.7935520 secs] [Times: user=17.95 sys=0.84, real=18.79 secs] 
122370.531: [Full GC [PSYoungGen: 2599424K->106319K(2665344K)] [PSOldGen: 5452957K->5452957K(5461376K)] 8052381K->5559276K(8126720K) [PSPermGen: 71286K->71273K(71296K)], 18.7910160 secs] [Times: user=17.97 sys=0.81, real=18.79 secs] 
122432.251: [Full GC [PSYoungGen: 2599424K->234106K(2665344K)] [PSOldGen: 5452957K->5452957K(5461376K)] 8052381K->5687063K(8126720K) [PSPermGen: 71310K->71310K(71360K)], 18.7556710 secs] [Times: user=17.98 sys=0.77, real=18.75 secs] 
122482.528: [Full GC [PSYoungGen: 2599424K->210268K(2665344K)] [PSOldGen: 5452957K->5452957K(5461376K)] 8052381K->5663226K(8126720K) [PSPermGen: 71316K->71316K(71360K)], 18.7174820 secs] [Times: user=17.95 sys=0.77, real=18.71 secs] 
122543.736: [Full GC [PSYoungGen: 2599424K->230350K(2665344K)] [PSOldGen: 5452957K->5452957K(5461376K)] 8052381K->5683307K(8126720K) [PSPermGen: 71317K->71317K(71360K)], 18.7417730 secs] [Times: user=17.93 sys=0.81, real=18.74 secs] 
122658.223: [Full GC [PSYoungGen: 2599424K->108619K(2665344K)] [PSOldGen: 5452957K->5452956K(5461376K)] 8052381K->5561576K(8126720K) [PSPermGen: 71324K->71308K(71360K)], 22.3193780 secs] [Times: user=20.31 sys=2.00, real=22.32 secs] 
122701.480: [Full GC [PSYoungGen: 2599424K->231338K(2665344K)] [PSOldGen: 5452956K->5452956K(5461376K)] 8052380K->5684295K(8126720K) [PSPermGen: 71308K->71308K(71360K)], 18.8039910 secs] [Times: user=18.01 sys=0.79, real=18.80 secs] 
122737.790: [Full GC [PSYoungGen: 2599424K->234803K(2665344K)] [PSOldGen: 5452956K->5452956K(5461376K)] 8052380K->5687760K(8126720K) [PSPermGen: 71314K->71314K(71360K)], 18.7098490 secs] [Times: user=17.92 sys=0.78, real=18.71 secs] 
122774.666: [Full GC [PSYoungGen: 2599424K->234512K(2665344K)] [PSOldGen: 5452956K->5452956K(5461376K)] 8052380K->5687469K(8126720K) [PSPermGen: 71315K->71315K(71360K)], 18.7862210 secs] [Times: user=17.99 sys=0.80, real=18.79 secs] 
122811.494: [Full GC [PSYoungGen: 2599424K->106560K(2665344K)] [PSOldGen: 5452956K->5452956K(5461376K)] 8052380K->5559517K(8126720K) [PSPermGen: 71316K->71308K(71360K)], 18.7702170 secs] [Times: user=18.00 sys=0.77, real=18.76 secs] 
122849.899: [Full GC [PSYoungGen: 2599424K->222639K(2665344K)] [PSOldGen: 5452956K->5452956K(5461376K)] 8052380K->5675595K(8126720K) [PSPermGen: 71314K->71314K(71360K)], 18.8621890 secs] [Times: user=18.07 sys=0.79, real=18.86 secs] 
122888.579: [Full GC [PSYoungGen: 2599424K->229093K(2665344K)] [PSOldGen: 5452956K->5452956K(5461376K)] 8052380K->5682049K(8126720K) [PSPermGen: 71314K->71314K(71360K)], 18.7478080 secs] [Times: user=17.92 sys=0.82, real=18.75 secs] 
122926.544: [Full GC [PSYoungGen: 2599424K->230902K(2665344K)] [PSOldGen: 5452956K->5452956K(5461376K)] 8052380K->5683859K(8126720K) [PSPermGen: 71314K->71314K(71360K)], 18.7152640 secs] [Times: user=17.90 sys=0.81, real=18.71 secs] 
122963.700: [Full GC [PSYoungGen: 2599424K->107611K(2665344K)] [PSOldGen: 5452956K->5452956K(5461376K)] 8052380K->5560568K(8126720K) [PSPermGen: 71320K->71308K(71360K)], 18.7960140 secs] [Times: user=17.99 sys=0.79, real=18.79 secs] 
123003.185: [Full GC [PSYoungGen: 2599424K->220300K(2665344K)] [PSOldGen: 5452956K->5452956K(5461376K)] 8052380K->5673257K(8126720K) [PSPermGen: 71308K->71308K(71360K)], 18.8156180 secs] [Times: user=18.06 sys=0.75, real=18.81 secs] 
123041.304: [Full GC [PSYoungGen: 2599424K->221436K(2665344K)] [PSOldGen: 5452956K->5452956K(5461376K)] 8052380K->5674392K(8126720K) [PSPermGen: 71308K->71308K(71360K)], 18.7798360 secs] [Times: user=17.93 sys=0.84, real=18.78 secs] 
123096.106: [Full GC [PSYoungGen: 2599424K->223753K(2665344K)] [PSOldGen: 5452956K->5452956K(5461376K)] 8052380K->5676710K(8126720K) [PSPermGen: 71314K->71314K(71360K)], 18.7437230 secs] [Times: user=17.97 sys=0.78, real=18.74 secs] 
123139.402: [Full GC [PSYoungGen: 2599424K->104866K(2665344K)] [PSOldGen: 5452956K->5452956K(5461376K)] 8052380K->5557822K(8126720K) [PSPermGen: 71321K->71308K(71360K)], 18.7792120 secs] [Times: user=18.02 sys=0.76, real=18.77 secs] 
123237.023: [Full GC [PSYoungGen: 2599424K->230639K(2665344K)] [PSOldGen: 5452956K->5452956K(5461376K)] 8052380K->5683596K(8126720K) [PSPermGen: 71315K->71315K(71360K)], 20.5556260 secs] [Times: user=18.50 sys=2.05, real=20.56 secs] 
123308.288: [Full GC [PSYoungGen: 2599424K->233622K(2665344K)] [PSOldGen: 5452956K->5452956K(5461376K)] 8052380K->5686579K(8126720K) [PSPermGen: 71316K->71316K(71360K)], 18.7037650 secs] [Times: user=17.91 sys=0.79, real=18.70 secs] 
123358.622: [Full GC [PSYoungGen: 2599424K->235528K(2665344K)] [PSOldGen: 5452956K->5452956K(5461376K)] 8052380K->5688484K(8126720K) [PSPermGen: 71321K->71321K(71360K)], 18.7461850 secs] [Times: user=17.96 sys=0.78, real=18.75 secs] 
123418.681: [Full GC [PSYoungGen: 2599424K->104184K(2665344K)] [PSOldGen: 5452956K->5452956K(5461376K)] 8052380K->5557141K(8126720K) [PSPermGen: 71322K->71308K(71360K)], 20.7258420 secs] [Times: user=19.90 sys=0.81, real=20.73 secs] 
123466.356: [Full GC [PSYoungGen: 2599424K->232515K(2665344K)] [PSOldGen: 5452956K->5452956K(5461376K)] 8052380K->5685472K(8126720K) [PSPermGen: 71314K->71314K(71360K)], 18.8058400 secs] [Times: user=17.99 sys=0.80, real=18.81 secs] 
123512.388: [Full GC [PSYoungGen: 2599424K->233488K(2665344K)] [PSOldGen: 5452956K->5452956K(5461376K)] 8052380K->5686445K(8126720K) [PSPermGen: 71315K->71315K(71360K)], 18.7130830 secs] [Times: user=17.93 sys=0.78, real=18.71 secs] 
123573.496: [Full GC [PSYoungGen: 2599424K->236305K(2665344K)] [PSOldGen: 5452956K->5452956K(5461376K)] 8052380K->5689261K(8126720K) [PSPermGen: 71321K->71321K(71360K)], 18.7392850 secs] [Times: user=17.94 sys=0.79, real=18.73 secs] 
123637.577: [Full GC [PSYoungGen: 2599424K->104100K(2665344K)] [PSOldGen: 5452956K->5452953K(5461376K)] 8052380K->5557053K(8126720K) [PSPermGen: 71321K->71308K(71360K)], 18.8103380 secs] [Times: user=18.04 sys=0.75, real=18.81 secs] 
123752.294: [Full GC [PSYoungGen: 2599424K->235689K(2665344K)] [PSOldGen: 5452953K->5452953K(5461376K)] 8052377K->5688642K(8126720K) [PSPermGen: 71314K->71314K(71360K)], 18.7363720 secs] [Times: user=17.97 sys=0.77, real=18.73 secs] 
123838.508: [Full GC [PSYoungGen: 2599424K->167659K(2665344K)] [PSOldGen: 5452953K->5452953K(5461376K)] 8052377K->5620612K(8126720K) [PSPermGen: 71321K->71321K(71360K)], 21.1188000 secs] [Times: user=18.84 sys=2.25, real=21.12 secs] 
123880.404: [Full GC [PSYoungGen: 2599424K->227630K(2665344K)] [PSOldGen: 5452953K->5452953K(5461376K)] 8052377K->5680583K(8126720K) [PSPermGen: 71322K->71322K(71360K)], 18.7715030 secs] [Times: user=17.98 sys=0.79, real=18.77 secs] 
123959.101: [Full GC [PSYoungGen: 2599424K->107629K(2665344K)] [PSOldGen: 5452953K->5452952K(5461376K)] 8052377K->5560582K(8126720K) [PSPermGen: 71328K->71308K(71360K)], 20.7356980 secs] [Times: user=19.90 sys=0.83, real=20.73 secs] 
124001.669: [Full GC [PSYoungGen: 2599424K->220107K(2665344K)] [PSOldGen: 5452952K->5452952K(5461376K)] 8052376K->5673060K(8126720K) [PSPermGen: 71309K->71309K(71360K)], 18.8542900 secs] [Times: user=18.08 sys=0.77, real=18.85 secs] 
124041.980: [Full GC [PSYoungGen: 2599424K->234056K(2665344K)] [PSOldGen: 5452952K->5452952K(5461376K)] 8052376K->5687009K(8126720K) [PSPermGen: 71316K->71316K(71360K)], 18.7509970 secs] [Times: user=17.95 sys=0.79, real=18.75 secs] 
124083.644: [Full GC [PSYoungGen: 2599424K->233578K(2665344K)] [PSOldGen: 5452952K->5452952K(5461376K)] 8052376K->5686531K(8126720K) [PSPermGen: 71316K->71316K(71360K)], 18.7301910 secs] [Times: user=17.92 sys=0.81, real=18.73 secs] 
124131.618: [Full GC [PSYoungGen: 2599424K->105810K(2665344K)] [PSOldGen: 5452952K->5452952K(5461376K)] 8052376K->5558762K(8126720K) [PSPermGen: 71316K->71308K(71360K)], 18.8571940 secs] [Times: user=18.03 sys=0.82, real=18.85 secs] 
124171.588: [Full GC [PSYoungGen: 2599424K->235080K(2665344K)] [PSOldGen: 5452952K->5452952K(5461376K)] 8052376K->5688033K(8126720K) [PSPermGen: 71313K->71313K(71360K)], 18.8219760 secs] [Times: user=18.02 sys=0.80, real=18.82 secs] 
124210.610: [Full GC [PSYoungGen: 2599424K->233885K(2665344K)] [PSOldGen: 5452952K->5452952K(5461376K)] 8052376K->5686838K(8126720K) [PSPermGen: 71314K->71314K(71360K)], 18.7871990 secs] [Times: user=17.97 sys=0.82, real=18.78 secs] 
124248.770: [Full GC [PSYoungGen: 2599424K->237363K(2665344K)] [PSOldGen: 5452952K->5452952K(5461376K)] 8052376K->5690316K(8126720K) [PSPermGen: 71320K->71320K(71360K)], 18.7938610 secs] [Times: user=17.98 sys=0.80, real=18.79 secs] 
124290.004: [Full GC [PSYoungGen: 2599424K->105678K(2665344K)] [PSOldGen: 5452952K->5452952K(5461376K)] 8052376K->5558630K(8126720K) [PSPermGen: 71328K->71309K(71360K)], 18.7379370 secs] [Times: user=17.95 sys=0.79, real=18.73 secs] 
124344.048: [Full GC [PSYoungGen: 2599424K->227351K(2665344K)] [PSOldGen: 5452952K->5452952K(5461376K)] 8052376K->5680304K(8126720K) [PSPermGen: 71310K->71310K(71360K)], 18.8432670 secs] [Times: user=17.98 sys=0.85, real=18.84 secs] 
124448.953: [Full GC [PSYoungGen: 2599424K->231664K(2665344K)] [PSOldGen: 5452952K->5452952K(5461376K)] 8052376K->5684617K(8126720K) [PSPermGen: 71317K->71317K(71360K)], 20.4823570 secs] [Times: user=18.47 sys=2.02, real=20.47 secs] 
124541.147: [Full GC [PSYoungGen: 2599424K->235467K(2665344K)] [PSOldGen: 5452952K->5452952K(5461376K)] 8052376K->5688419K(8126720K) [PSPermGen: 71323K->71323K(71360K)], 18.7944930 secs] [Times: user=17.99 sys=0.80, real=18.79 secs] 
124599.966: [Full GC [PSYoungGen: 2599424K->104184K(2665344K)] [PSOldGen: 5452952K->5452951K(5461376K)] 8052376K->5557136K(8126720K) [PSPermGen: 71324K->71303K(71360K)], 20.6018370 secs] [Times: user=19.74 sys=0.85, real=20.60 secs] 
124655.915: [Full GC [PSYoungGen: 2599424K->235123K(2665344K)] [PSOldGen: 5452951K->5452951K(5461376K)] 8052375K->5688075K(8126720K) [PSPermGen: 71309K->71309K(71360K)], 18.7805120 secs] [Times: user=17.98 sys=0.79, real=18.78 secs] 
124731.003: [Full GC [PSYoungGen: 2599424K->234179K(2665344K)] [PSOldGen: 5452951K->5452951K(5461376K)] 8052375K->5687131K(8126720K) [PSPermGen: 71310K->71310K(71360K)], 18.7855170 secs] [Times: user=17.94 sys=0.84, real=18.79 secs] 
124776.752: [Full GC [PSYoungGen: 2599424K->235490K(2665344K)] [PSOldGen: 5452951K->5452951K(5461376K)] 8052375K->5688442K(8126720K) [PSPermGen: 71316K->71316K(71360K)], 18.7549570 secs] [Times: user=17.93 sys=0.82, real=18.75 secs] 
124825.542: [Full GC [PSYoungGen: 2599424K->104107K(2665344K)] [PSOldGen: 5452951K->5452951K(5461376K)] 8052375K->5557058K(8126720K) [PSPermGen: 71316K->71303K(71360K)], 18.8937020 secs] [Times: user=18.08 sys=0.81, real=18.89 secs] 
124939.963: [Full GC [PSYoungGen: 2599424K->235336K(2665344K)] [PSOldGen: 5452951K->5452951K(5461376K)] 8052375K->5688287K(8126720K) [PSPermGen: 71310K->71310K(71360K)], 18.7791320 secs] [Times: user=17.98 sys=0.79, real=18.78 secs] 
125012.228: [Full GC [PSYoungGen: 2599424K->235973K(2665344K)] [PSOldGen: 5452951K->5452951K(5461376K)] 8052375K->5688924K(8126720K) [PSPermGen: 71317K->71317K(71360K)], 20.5382340 secs] [Times: user=18.51 sys=2.03, real=20.53 secs] 
125124.048: [Full GC [PSYoungGen: 2599424K->213373K(2665344K)] [PSOldGen: 5452951K->5452951K(5461376K)] 8052375K->5666325K(8126720K) [PSPermGen: 71323K->71323K(71360K)], 18.7090480 secs] [Times: user=17.90 sys=0.80, real=18.71 secs] 
125178.260: [Full GC [PSYoungGen: 2599424K->103801K(2665344K)] [PSOldGen: 5452951K->5452951K(5461376K)] 8052375K->5556752K(8126720K) [PSPermGen: 71324K->71265K(71296K)], 20.6724090 secs] [Times: user=19.82 sys=0.85, real=20.67 secs] 
125217.586: [Full GC [PSYoungGen: 2599424K->215588K(2665344K)] [PSOldGen: 5452951K->5452951K(5461376K)] 8052375K->5668539K(8126720K) [PSPermGen: 71265K->71265K(71296K)], 18.8132100 secs] [Times: user=17.97 sys=0.83, real=18.81 secs] 
125271.433: [Full GC [PSYoungGen: 2599424K->218511K(2665344K)] [PSOldGen: 5452951K->5452951K(5461376K)] 8052375K->5671462K(8126720K) [PSPermGen: 71271K->71271K(71296K)], 18.7484640 secs] [Times: user=17.91 sys=0.82, real=18.74 secs] 
125325.160: [Full GC [PSYoungGen: 2599424K->232535K(2665344K)] [PSOldGen: 5452951K->5452951K(5461376K)] 8052375K->5685486K(8126720K) [PSPermGen: 71272K->71272K(71296K)], 18.7711090 secs] [Times: user=17.98 sys=0.79, real=18.77 secs] 
125381.151: [Full GC [PSYoungGen: 2599424K->110148K(2665344K)] [PSOldGen: 5452951K->5452951K(5461376K)] 8052375K->5563099K(8126720K) [PSPermGen: 71278K->71265K(71296K)], 18.8312360 secs] [Times: user=18.00 sys=0.83, real=18.82 secs] 
125419.839: [Full GC [PSYoungGen: 2599424K->217323K(2665344K)] [PSOldGen: 5452951K->5452951K(5461376K)] 8052375K->5670274K(8126720K) [PSPermGen: 71265K->71265K(71296K)], 18.8276020 secs] [Times: user=18.02 sys=0.79, real=18.82 secs] 
125471.162: [Full GC [PSYoungGen: 2599424K->218159K(2665344K)] [PSOldGen: 5452951K->5452951K(5461376K)] 8052375K->5671110K(8126720K) [PSPermGen: 71266K->71266K(71296K)], 18.7872070 secs] [Times: user=17.99 sys=0.78, real=18.79 secs] 
125519.164: [Full GC [PSYoungGen: 2599424K->231673K(2665344K)] [PSOldGen: 5452951K->5452951K(5461376K)] 8052375K->5684624K(8126720K) [PSPermGen: 71272K->71272K(71296K)], 18.7577220 secs] [Times: user=17.96 sys=0.79, real=18.75 secs] 
125630.820: [Full GC [PSYoungGen: 2599424K->109078K(2665344K)] [PSOldGen: 5452951K->5452950K(5461376K)] 8052375K->5562029K(8126720K) [PSPermGen: 71279K->71265K(71296K)], 22.2863070 secs] [Times: user=20.17 sys=2.11, real=22.28 secs] 
125673.874: [Full GC [PSYoungGen: 2599424K->225333K(2665344K)] [PSOldGen: 5452950K->5452950K(5461376K)] 8052374K->5678284K(8126720K) [PSPermGen: 71265K->71265K(71296K)], 18.7621490 secs] [Times: user=17.93 sys=0.84, real=18.76 secs] 
125711.771: [Full GC [PSYoungGen: 2599424K->229555K(2665344K)] [PSOldGen: 5452950K->5452950K(5461376K)] 8052374K->5682506K(8126720K) [PSPermGen: 71271K->71271K(71296K)], 19.2607700 secs] [Times: user=18.42 sys=0.83, real=19.26 secs] 
125749.817: [Full GC [PSYoungGen: 2599424K->231836K(2665344K)] [PSOldGen: 5452950K->5452950K(5461376K)] 8052374K->5684787K(8126720K) [PSPermGen: 71271K->71271K(71296K)], 18.8136760 secs] [Times: user=17.99 sys=0.83, real=18.81 secs] 
125787.402: [Full GC [PSYoungGen: 2599424K->103967K(2665344K)] [PSOldGen: 5452950K->5452950K(5461376K)] 8052374K->5556917K(8126720K) [PSPermGen: 71272K->71265K(71296K)], 18.7498620 secs] [Times: user=17.95 sys=0.80, real=18.75 secs] 
125827.023: [Full GC [PSYoungGen: 2599424K->215400K(2665344K)] [PSOldGen: 5452950K->5452950K(5461376K)] 8052374K->5668351K(8126720K) [PSPermGen: 71265K->71265K(71296K)], 18.8606240 secs] [Times: user=18.06 sys=0.80, real=18.86 secs] 
125865.117: [Full GC [PSYoungGen: 2599424K->222974K(2665344K)] [PSOldGen: 5452950K->5452950K(5461376K)] 8052374K->5675924K(8126720K) [PSPermGen: 71271K->71271K(71296K)], 18.7993770 secs] [Times: user=17.97 sys=0.82, real=18.80 secs] 
125903.930: [Full GC [PSYoungGen: 2599424K->224413K(2665344K)] [PSOldGen: 5452950K->5452950K(5461376K)] 8052374K->5677364K(8126720K) [PSPermGen: 71278K->71278K(71296K)], 18.7976880 secs] [Times: user=17.98 sys=0.81, real=18.79 secs] 
125946.733: [Full GC [PSYoungGen: 2599424K->105521K(2665344K)] [PSOldGen: 5452950K->5452950K(5461376K)] 8052374K->5558472K(8126720K) [PSPermGen: 71278K->71265K(71296K)], 18.7865900 secs] [Times: user=17.96 sys=0.83, real=18.78 secs] 
126015.767: [Full GC [PSYoungGen: 2599424K->219972K(2665344K)] [PSOldGen: 5452950K->5452950K(5461376K)] 8052374K->5672922K(8126720K) [PSPermGen: 71285K->71285K(71360K)], 18.7367360 secs] [Times: user=17.96 sys=0.78, real=18.73 secs] 
126131.482: [Full GC [PSYoungGen: 2599424K->222567K(2665344K)] [PSOldGen: 5452950K->5452950K(5461376K)] 8052374K->5675517K(8126720K) [PSPermGen: 71317K->71317K(71360K)], 18.7855760 secs] [Times: user=17.96 sys=0.82, real=18.78 secs] 
126219.222: [Full GC [PSYoungGen: 2599424K->235557K(2665344K)] [PSOldGen: 5452950K->5452950K(5461376K)] 8052374K->5688507K(8126720K) [PSPermGen: 71328K->71328K(71360K)], 20.5327370 secs] [Times: user=18.38 sys=2.14, real=20.53 secs] 
126282.819: [Full GC [PSYoungGen: 2599424K->104382K(2665344K)] [PSOldGen: 5452950K->5452950K(5461376K)] 8052374K->5557333K(8126720K) [PSPermGen: 71329K->71304K(71360K)], 20.6216600 secs] [Times: user=19.74 sys=0.87, real=20.62 secs] 
126518.811: [Full GC [PSYoungGen: 2599424K->233685K(2665344K)] [PSOldGen: 5452950K->5452950K(5461376K)] 8052374K->5686636K(8126720K) [PSPermGen: 71309K->71309K(71360K)], 18.8078010 secs] [Times: user=17.98 sys=0.82, real=18.80 secs] 
126583.470: [Full GC [PSYoungGen: 2599424K->235532K(2665344K)] [PSOldGen: 5452950K->5452950K(5461376K)] 8052374K->5688483K(8126720K) [PSPermGen: 71316K->71316K(71360K)], 18.8095180 secs] [Times: user=18.00 sys=0.80, real=18.81 secs] 
126634.048: [Full GC [PSYoungGen: 2599424K->234020K(2665344K)] [PSOldGen: 5452950K->5452950K(5461376K)] 8052374K->5686970K(8126720K) [PSPermGen: 71316K->71316K(71360K)], 18.7766130 secs] [Times: user=17.90 sys=0.86, real=18.77 secs] 
126691.820: [Full GC [PSYoungGen: 2599424K->105722K(2665344K)] [PSOldGen: 5452950K->5452950K(5461376K)] 8052374K->5558673K(8126720K) [PSPermGen: 71322K->71304K(71360K)], 18.7749960 secs] [Times: user=17.96 sys=0.82, real=18.78 secs] 
126738.539: [Full GC [PSYoungGen: 2599424K->231356K(2665344K)] [PSOldGen: 5452950K->5452950K(5461376K)] 8052374K->5684306K(8126720K) [PSPermGen: 71310K->71310K(71360K)], 18.8229590 secs] [Times: user=17.99 sys=0.82, real=18.82 secs] 
126788.099: [Full GC [PSYoungGen: 2599424K->232544K(2665344K)] [PSOldGen: 5452950K->5452950K(5461376K)] 8052374K->5685494K(8126720K) [PSPermGen: 71311K->71311K(71360K)], 18.7630770 secs] [Times: user=17.89 sys=0.87, real=18.76 secs] 
126847.246: [Full GC [PSYoungGen: 2599424K->235850K(2665344K)] [PSOldGen: 5452950K->5452950K(5461376K)] 8052374K->5688800K(8126720K) [PSPermGen: 71317K->71317K(71360K)], 20.3776500 secs] [Times: user=18.34 sys=2.03, real=20.37 secs] 
126926.115: [Full GC [PSYoungGen: 2599424K->105735K(2665344K)] [PSOldGen: 5452950K->5452949K(5461376K)] 8052374K->5558685K(8126720K) [PSPermGen: 71324K->71304K(71360K)], 20.7483290 secs] [Times: user=19.94 sys=0.79, real=20.75 secs] 
126997.823: [Full GC [PSYoungGen: 2599424K->239676K(2665344K)] [PSOldGen: 5452949K->5452949K(5461376K)] 8052373K->5692626K(8126720K) [PSPermGen: 71304K->71304K(71360K)], 18.9033490 secs] [Times: user=18.09 sys=0.81, real=18.90 secs] 
127034.493: [Full GC [PSYoungGen: 2599424K->236339K(2665344K)] [PSOldGen: 5452949K->5452949K(5461376K)] 8052373K->5689289K(8126720K) [PSPermGen: 71314K->71314K(71360K)], 18.7548270 secs] [Times: user=17.97 sys=0.78, real=18.75 secs] 
127085.081: [Full GC [PSYoungGen: 2599424K->234858K(2665344K)] [PSOldGen: 5452949K->5452949K(5461376K)] 8052373K->5687808K(8126720K) [PSPermGen: 71315K->71315K(71360K)], 18.8135890 secs] [Times: user=18.01 sys=0.79, real=18.81 secs] 
127134.047: [Full GC [PSYoungGen: 2599424K->104035K(2665344K)] [PSOldGen: 5452949K->5452949K(5461376K)] 8052373K->5556985K(8126720K) [PSPermGen: 71315K->71304K(71360K)], 18.7458340 secs] [Times: user=17.93 sys=0.81, real=18.74 secs] 
127185.741: [Full GC [PSYoungGen: 2599424K->235355K(2665344K)] [PSOldGen: 5452949K->5452949K(5461376K)] 8052373K->5688305K(8126720K) [PSPermGen: 71309K->71309K(71360K)], 18.7574070 secs] [Times: user=17.93 sys=0.82, real=18.76 secs] 
127968.140: [Full GC [PSYoungGen: 2599424K->215409K(2665344K)] [PSOldGen: 5452949K->5452949K(5461376K)] 8052373K->5668359K(8126720K) [PSPermGen: 71319K->71319K(71360K)], 20.4790300 secs] [Times: user=18.45 sys=2.03, real=20.47 secs] 
128626.088: [Full GC [PSYoungGen: 2599424K->244413K(2665344K)] [PSOldGen: 5452949K->5452949K(5461376K)] 8052373K->5697363K(8126720K) [PSPermGen: 71330K->71330K(71360K)], 20.3690270 secs] [Times: user=18.31 sys=2.05, real=20.36 secs] 
128866.536: [Full GC [PSYoungGen: 2599424K->107942K(2665344K)] [PSOldGen: 5452949K->5452948K(5461376K)] 8052373K->5560891K(8126720K) [PSPermGen: 71336K->71270K(71296K)], 20.7280920 secs] [Times: user=19.91 sys=0.81, real=20.72 secs] 
129146.115: [Full GC [PSYoungGen: 2599424K->234290K(2665344K)] [PSOldGen: 5452948K->5452948K(5461376K)] 8052372K->5687239K(8126720K) [PSPermGen: 71277K->71277K(71296K)], 18.8408670 secs] [Times: user=17.98 sys=0.85, real=18.84 secs] 
129263.089: [Full GC [PSYoungGen: 2599424K->236601K(2665344K)] [PSOldGen: 5452948K->5452948K(5461376K)] 8052372K->5689549K(8126720K) [PSPermGen: 71284K->71284K(71360K)], 20.4520750 secs] [Times: user=18.42 sys=2.02, real=20.45 secs] 
129302.219: [Full GC [PSYoungGen: 2599424K->233608K(2665344K)] [PSOldGen: 5452948K->5452948K(5461376K)] 8052372K->5686557K(8126720K) [PSPermGen: 71285K->71285K(71360K)], 18.7450700 secs] [Times: user=17.93 sys=0.82, real=18.74 secs] 
129358.001: [Full GC [PSYoungGen: 2599424K->105595K(2665344K)] [PSOldGen: 5452948K->5452948K(5461376K)] 8052372K->5558544K(8126720K) [PSPermGen: 71291K->71270K(71296K)], 20.7148620 secs] [Times: user=19.89 sys=0.81, real=20.71 secs] 
129415.998: [Full GC [PSYoungGen: 2599424K->232762K(2665344K)] [PSOldGen: 5452948K->5452948K(5461376K)] 8052372K->5685710K(8126720K) [PSPermGen: 71271K->71271K(71296K)], 18.8007630 secs] [Times: user=17.98 sys=0.82, real=18.80 secs] 
129477.735: [Full GC [PSYoungGen: 2599424K->235383K(2665344K)] [PSOldGen: 5452948K->5452948K(5461376K)] 8052372K->5688332K(8126720K) [PSPermGen: 71281K->71281K(71296K)], 18.7446040 secs] [Times: user=17.93 sys=0.80, real=18.74 secs] 
129515.271: [Full GC [PSYoungGen: 2599424K->236444K(2665344K)] [PSOldGen: 5452948K->5452948K(5461376K)] 8052372K->5689393K(8126720K) [PSPermGen: 71291K->71291K(71360K)], 18.7829610 secs] [Times: user=17.97 sys=0.81, real=18.78 secs] 
129556.523: [Full GC [PSYoungGen: 2599424K->105430K(2665344K)] [PSOldGen: 5452948K->5452948K(5461376K)] 8052372K->5558378K(8126720K) [PSPermGen: 71297K->71270K(71296K)], 18.7489700 secs] [Times: user=17.94 sys=0.81, real=18.74 secs] 
129618.353: [Full GC [PSYoungGen: 2599424K->229848K(2665344K)] [PSOldGen: 5452948K->5452948K(5461376K)] 8052372K->5682797K(8126720K) [PSPermGen: 71311K->71311K(71360K)], 18.7913230 secs] [Times: user=17.99 sys=0.79, real=18.78 secs] 
129668.961: [Full GC [PSYoungGen: 2599424K->232877K(2665344K)] [PSOldGen: 5452948K->5452948K(5461376K)] 8052372K->5685826K(8126720K) [PSPermGen: 71312K->71312K(71360K)], 18.8070920 secs] [Times: user=17.98 sys=0.82, real=18.80 secs] 
129740.268: [Full GC [PSYoungGen: 2599424K->235627K(2665344K)] [PSOldGen: 5452948K->5452948K(5461376K)] 8052372K->5688575K(8126720K) [PSPermGen: 71319K->71319K(71360K)], 18.7720780 secs] [Times: user=17.97 sys=0.79, real=18.77 secs] 
129844.586: [Full GC [PSYoungGen: 2599424K->106634K(2665344K)] [PSOldGen: 5452948K->5452948K(5461376K)] 8052372K->5559582K(8126720K) [PSPermGen: 71326K->71309K(71360K)], 22.3632910 secs] [Times: user=20.31 sys=2.04, real=22.36 secs] 
129886.493: [Full GC [PSYoungGen: 2599424K->220932K(2665344K)] [PSOldGen: 5452948K->5452948K(5461376K)] 8052372K->5673881K(8126720K) [PSPermGen: 71310K->71310K(71360K)], 18.8213190 secs] [Times: user=18.00 sys=0.82, real=18.82 secs] 
129922.332: [Full GC [PSYoungGen: 2599424K->224954K(2665344K)] [PSOldGen: 5452948K->5452948K(5461376K)] 8052372K->5677902K(8126720K) [PSPermGen: 71316K->71316K(71360K)], 18.7578700 secs] [Times: user=17.92 sys=0.84, real=18.76 secs] 
129958.772: [Full GC [PSYoungGen: 2599424K->228443K(2665344K)] [PSOldGen: 5452948K->5452948K(5461376K)] 8052372K->5681391K(8126720K) [PSPermGen: 71317K->71317K(71360K)], 18.7964410 secs] [Times: user=17.97 sys=0.83, real=18.80 secs] 
129996.380: [Full GC [PSYoungGen: 2599424K->106517K(2665344K)] [PSOldGen: 5452948K->5452948K(5461376K)] 8052372K->5559465K(8126720K) [PSPermGen: 71317K->71309K(71360K)], 18.7549240 secs] [Times: user=17.96 sys=0.79, real=18.75 secs] 
130032.688: [Full GC [PSYoungGen: 2599424K->223510K(2665344K)] [PSOldGen: 5452948K->5452948K(5461376K)] 8052372K->5676459K(8126720K) [PSPermGen: 71316K->71316K(71360K)], 19.1962130 secs] [Times: user=18.41 sys=0.79, real=19.19 secs] 
130070.500: [Full GC [PSYoungGen: 2599424K->227509K(2665344K)] [PSOldGen: 5452948K->5452948K(5461376K)] 8052372K->5680457K(8126720K) [PSPermGen: 71316K->71316K(71360K)], 18.8449010 secs] [Times: user=18.00 sys=0.84, real=18.84 secs] 
130107.133: [Full GC [PSYoungGen: 2599424K->229803K(2665344K)] [PSOldGen: 5452948K->5452948K(5461376K)] 8052372K->5682751K(8126720K) [PSPermGen: 71317K->71317K(71360K)], 18.8444130 secs] [Times: user=18.05 sys=0.79, real=18.85 secs] 
130144.660: [Full GC [PSYoungGen: 2599424K->105269K(2665344K)] [PSOldGen: 5452948K->5452948K(5461376K)] 8052372K->5558217K(8126720K) [PSPermGen: 71317K->71309K(71360K)], 18.7687100 secs] [Times: user=17.99 sys=0.78, real=18.76 secs] 
130181.723: [Full GC [PSYoungGen: 2599424K->234048K(2665344K)] [PSOldGen: 5452948K->5452948K(5461376K)] 8052372K->5686997K(8126720K) [PSPermGen: 71315K->71315K(71360K)], 18.8016520 secs] [Times: user=17.99 sys=0.81, real=18.80 secs] 
130228.494: [Full GC [PSYoungGen: 2599424K->234148K(2665344K)] [PSOldGen: 5452948K->5452948K(5461376K)] 8052372K->5687097K(8126720K) [PSPermGen: 71316K->71316K(71360K)], 18.7856570 secs] [Times: user=17.98 sys=0.79, real=18.78 secs] 
130274.646: [Full GC [PSYoungGen: 2599424K->234388K(2665344K)] [PSOldGen: 5452948K->5452948K(5461376K)] 8052372K->5687336K(8126720K) [PSPermGen: 71322K->71322K(71360K)], 18.7735740 secs] [Times: user=17.99 sys=0.79, real=18.77 secs] 
130317.953: [Full GC [PSYoungGen: 2599424K->104490K(2665344K)] [PSOldGen: 5452948K->5452948K(5461376K)] 8052372K->5557438K(8126720K) [PSPermGen: 71322K->71309K(71360K)], 18.7902370 secs] [Times: user=17.99 sys=0.80, real=18.79 secs] 
130418.413: [Full GC [PSYoungGen: 2599424K->233032K(2665344K)] [PSOldGen: 5452948K->5452948K(5461376K)] 8052372K->5685980K(8126720K) [PSPermGen: 71316K->71316K(71360K)], 20.4905230 secs] [Times: user=18.44 sys=2.05, real=20.49 secs] 
130487.575: [Full GC [PSYoungGen: 2599424K->234312K(2665344K)] [PSOldGen: 5452948K->5452948K(5461376K)] 8052372K->5687260K(8126720K) [PSPermGen: 71317K->71317K(71360K)], 18.7921480 secs] [Times: user=17.96 sys=0.82, real=18.79 secs] 
130537.083: [Full GC [PSYoungGen: 2599424K->235847K(2665344K)] [PSOldGen: 5452948K->5452948K(5461376K)] 8052372K->5688795K(8126720K) [PSPermGen: 71322K->71322K(71360K)], 18.7591340 secs] [Times: user=17.94 sys=0.82, real=18.76 secs] 
130598.204: [Full GC [PSYoungGen: 2599424K->104695K(2665344K)] [PSOldGen: 5452948K->5452947K(5461376K)] 8052372K->5557643K(8126720K) [PSPermGen: 71323K->71309K(71360K)], 20.6710050 secs] [Times: user=19.88 sys=0.79, real=20.67 secs] 
130644.739: [Full GC [PSYoungGen: 2599424K->234665K(2665344K)] [PSOldGen: 5452947K->5452947K(5461376K)] 8052371K->5687613K(8126720K) [PSPermGen: 71316K->71316K(71360K)], 18.8204300 secs] [Times: user=18.05 sys=0.77, real=18.82 secs] 
130691.482: [Full GC [PSYoungGen: 2599424K->234169K(2665344K)] [PSOldGen: 5452947K->5452947K(5461376K)] 8052371K->5687117K(8126720K) [PSPermGen: 71316K->71316K(71360K)], 18.8221170 secs] [Times: user=18.02 sys=0.80, real=18.82 secs] 
130752.062: [Full GC [PSYoungGen: 2599424K->236681K(2665344K)] [PSOldGen: 5452947K->5452947K(5461376K)] 8052371K->5689629K(8126720K) [PSPermGen: 71322K->71322K(71360K)], 19.2498530 secs] [Times: user=18.42 sys=0.82, real=19.25 secs] 
130826.115: [Full GC [PSYoungGen: 2599424K->104460K(2665344K)] [PSOldGen: 5452947K->5452947K(5461376K)] 8052371K->5557408K(8126720K) [PSPermGen: 71323K->71309K(71360K)], 18.7519140 secs] [Times: user=17.91 sys=0.84, real=18.75 secs] 
130951.905: [Full GC [PSYoungGen: 2599424K->235312K(2665344K)] [PSOldGen: 5452947K->5452947K(5461376K)] 8052371K->5688260K(8126720K) [PSPermGen: 71316K->71316K(71360K)], 18.7407870 secs] [Times: user=17.95 sys=0.79, real=18.74 secs] 
131018.643: [Full GC [PSYoungGen: 2599424K->237107K(2665344K)] [PSOldGen: 5452947K->5452947K(5461376K)] 8052371K->5690055K(8126720K) [PSPermGen: 71323K->71323K(71360K)], 20.5237560 secs] [Times: user=18.50 sys=2.02, real=20.52 secs] 
131057.207: [Full GC [PSYoungGen: 2599424K->236096K(2665344K)] [PSOldGen: 5452947K->5452947K(5461376K)] 8052371K->5689044K(8126720K) [PSPermGen: 71324K->71324K(71360K)], 18.8023330 secs] [Times: user=18.00 sys=0.80, real=18.80 secs] 
131094.331: [Full GC [PSYoungGen: 2599424K->105221K(2665344K)] [PSOldGen: 5452947K->5452947K(5461376K)] 8052371K->5558169K(8126720K) [PSPermGen: 71324K->71309K(71360K)], 20.7140300 secs] [Times: user=19.86 sys=0.85, real=20.71 secs] 
131133.348: [Full GC [PSYoungGen: 2599424K->234347K(2665344K)] [PSOldGen: 5452947K->5452947K(5461376K)] 8052371K->5687294K(8126720K) [PSPermGen: 71319K->71319K(71360K)], 18.7772640 secs] [Times: user=17.99 sys=0.78, real=18.77 secs] 
131170.748: [Full GC [PSYoungGen: 2599424K->235547K(2665344K)] [PSOldGen: 5452947K->5452947K(5461376K)] 8052371K->5688494K(8126720K) [PSPermGen: 71319K->71319K(71360K)], 18.8183740 secs] [Times: user=18.03 sys=0.78, real=18.82 secs] 
131208.009: [Full GC [PSYoungGen: 2599424K->222699K(2665344K)] [PSOldGen: 5452947K->5452947K(5461376K)] 8052371K->5675646K(8126720K) [PSPermGen: 71320K->71320K(71360K)], 18.8329070 secs] [Times: user=18.02 sys=0.81, real=18.83 secs] 
131244.399: [Full GC [PSYoungGen: 2599424K->107620K(2665344K)] [PSOldGen: 5452947K->5452947K(5461376K)] 8052371K->5560567K(8126720K) [PSPermGen: 71326K->71309K(71360K)], 18.7605190 secs] [Times: user=17.96 sys=0.80, real=18.76 secs] 
131282.784: [Full GC [PSYoungGen: 2599424K->226283K(2665344K)] [PSOldGen: 5452947K->5452947K(5461376K)] 8052371K->5679230K(8126720K) [PSPermGen: 71310K->71310K(71360K)], 18.7966060 secs] [Times: user=18.00 sys=0.80, real=18.80 secs] 
131320.435: [Full GC [PSYoungGen: 2599424K->232228K(2665344K)] [PSOldGen: 5452947K->5452947K(5461376K)] 8052371K->5685176K(8126720K) [PSPermGen: 71310K->71310K(71360K)], 18.7959110 secs] [Times: user=17.99 sys=0.81, real=18.79 secs] 
131357.069: [Full GC [PSYoungGen: 2599424K->235157K(2665344K)] [PSOldGen: 5452947K->5452947K(5461376K)] 8052371K->5688105K(8126720K) [PSPermGen: 71316K->71316K(71360K)], 18.8008770 secs] [Times: user=17.99 sys=0.80, real=18.79 secs] 
131398.173: [Full GC [PSYoungGen: 2599424K->104221K(2665344K)] [PSOldGen: 5452947K->5452947K(5461376K)] 8052371K->5557168K(8126720K) [PSPermGen: 71317K->71306K(71360K)], 18.7079880 secs] [Times: user=17.90 sys=0.80, real=18.71 secs] 
131442.217: [Full GC [PSYoungGen: 2599424K->229227K(2665344K)] [PSOldGen: 5452947K->5452947K(5461376K)] 8052371K->5682174K(8126720K) [PSPermGen: 71312K->71312K(71360K)], 18.7923970 secs] [Times: user=18.02 sys=0.77, real=18.79 secs] 
131532.654: [Full GC [PSYoungGen: 2599424K->232944K(2665344K)] [PSOldGen: 5452947K->5452947K(5461376K)] 8052371K->5685892K(8126720K) [PSPermGen: 71318K->71318K(71360K)], 18.7275980 secs] [Times: user=17.93 sys=0.79, real=18.73 secs] 
131606.836: [Full GC [PSYoungGen: 2599424K->236138K(2665344K)] [PSOldGen: 5452947K->5452947K(5461376K)] 8052371K->5689085K(8126720K) [PSPermGen: 71325K->71325K(71360K)], 20.5065530 secs] [Times: user=18.38 sys=2.13, real=20.50 secs] 
131662.822: [Full GC [PSYoungGen: 2599424K->104186K(2665344K)] [PSOldGen: 5452947K->5452947K(5461376K)] 8052371K->5557134K(8126720K) [PSPermGen: 71326K->71306K(71360K)], 20.6467830 secs] [Times: user=19.79 sys=0.85, real=20.65 secs] 
131718.435: [Full GC [PSYoungGen: 2599424K->233218K(2665344K)] [PSOldGen: 5452947K->5452947K(5461376K)] 8052371K->5686165K(8126720K) [PSPermGen: 71312K->71312K(71360K)], 18.8206760 secs] [Times: user=18.02 sys=0.79, real=18.82 secs] 
131783.952: [Full GC [PSYoungGen: 2599424K->234483K(2665344K)] [PSOldGen: 5452947K->5452947K(5461376K)] 8052371K->5687430K(8126720K) [PSPermGen: 71313K->71313K(71360K)], 18.7810540 secs] [Times: user=18.02 sys=0.77, real=18.78 secs] 
131829.695: [Full GC [PSYoungGen: 2599424K->233968K(2665344K)] [PSOldGen: 5452947K->5452947K(5461376K)] 8052371K->5686915K(8126720K) [PSPermGen: 71313K->71313K(71360K)], 18.7859780 secs] [Times: user=18.00 sys=0.79, real=18.79 secs] 
131887.835: [Full GC [PSYoungGen: 2599424K->106600K(2665344K)] [PSOldGen: 5452947K->5452947K(5461376K)] 8052371K->5559547K(8126720K) [PSPermGen: 71319K->71306K(71360K)], 18.8040410 secs] [Times: user=18.01 sys=0.80, real=18.81 secs] 
131951.482: [Full GC [PSYoungGen: 2599424K->233745K(2665344K)] [PSOldGen: 5452947K->5452947K(5461376K)] 8052371K->5686692K(8126720K) [PSPermGen: 71307K->71307K(71360K)], 18.8167310 secs] [Times: user=18.01 sys=0.81, real=18.82 secs] 
132029.691: [Full GC [PSYoungGen: 2599424K->235704K(2665344K)] [PSOldGen: 5452947K->5452947K(5461376K)] 8052371K->5688651K(8126720K) [PSPermGen: 71313K->71313K(71360K)], 18.7108160 secs] [Times: user=17.87 sys=0.84, real=18.71 secs] 
132118.074: [Full GC [PSYoungGen: 2599424K->176067K(2665344K)] [PSOldGen: 5452947K->5452947K(5461376K)] 8052371K->5629014K(8126720K) [PSPermGen: 71320K->71320K(71360K)], 18.9054740 secs] [Times: user=18.07 sys=0.84, real=18.90 secs] 
132157.835: [Full GC [PSYoungGen: 2599424K->104981K(2665344K)] [PSOldGen: 5452947K->5452947K(5461376K)] 8052371K->5557928K(8126720K) [PSPermGen: 71321K->71267K(71296K)], 18.7933890 secs] [Times: user=17.98 sys=0.80, real=18.80 secs] 
132198.313: [Full GC [PSYoungGen: 2599424K->200411K(2665344K)] [PSOldGen: 5452947K->5452947K(5461376K)] 8052371K->5653358K(8126720K) [PSPermGen: 71274K->71274K(71296K)], 20.5153170 secs] [Times: user=18.51 sys=2.00, real=20.51 secs] 
132253.734: [Full GC [PSYoungGen: 2599424K->223454K(2665344K)] [PSOldGen: 5452947K->5452947K(5461376K)] 8052371K->5676401K(8126720K) [PSPermGen: 71283K->71283K(71360K)], 18.7804110 secs] [Times: user=18.01 sys=0.77, real=18.78 secs] 
132305.190: [Full GC [PSYoungGen: 2599424K->233209K(2665344K)] [PSOldGen: 5452947K->5452947K(5461376K)] 8052371K->5686157K(8126720K) [PSPermGen: 71284K->71284K(71360K)], 18.7588150 secs] [Times: user=17.97 sys=0.78, real=18.75 secs] 
132348.882: [Full GC [PSYoungGen: 2599424K->107717K(2665344K)] [PSOldGen: 5452947K->5452946K(5461376K)] 8052371K->5560664K(8126720K) [PSPermGen: 71290K->71267K(71296K)], 20.6085190 secs] [Times: user=19.79 sys=0.82, real=20.61 secs] 
132390.568: [Full GC [PSYoungGen: 2599424K->190304K(2665344K)] [PSOldGen: 5452946K->5452946K(5461376K)] 8052370K->5643251K(8126720K) [PSPermGen: 71268K->71268K(71296K)], 18.7489650 secs] [Times: user=17.94 sys=0.81, real=18.75 secs] 
132443.008: [Full GC [PSYoungGen: 2599424K->233268K(2665344K)] [PSOldGen: 5452946K->5452946K(5461376K)] 8052370K->5686214K(8126720K) [PSPermGen: 71274K->71274K(71296K)], 18.7441680 secs] [Times: user=17.95 sys=0.79, real=18.74 secs] 
132507.476: [Full GC [PSYoungGen: 2599424K->232681K(2665344K)] [PSOldGen: 5452946K->5452946K(5461376K)] 8052370K->5685628K(8126720K) [PSPermGen: 71275K->71275K(71296K)], 18.7230050 secs] [Times: user=17.93 sys=0.78, real=18.72 secs] 
132582.861: [Full GC [PSYoungGen: 2599424K->106796K(2665344K)] [PSOldGen: 5452946K->5452946K(5461376K)] 8052370K->5559743K(8126720K) [PSPermGen: 71281K->71267K(71296K)], 18.7754970 secs] [Times: user=17.98 sys=0.79, real=18.77 secs] 
132620.847: [Full GC [PSYoungGen: 2599424K->212333K(2665344K)] [PSOldGen: 5452946K->5452946K(5461376K)] 8052370K->5665280K(8126720K) [PSPermGen: 71268K->71268K(71296K)], 18.8258550 secs] [Times: user=18.07 sys=0.75, real=18.82 secs] 
132658.063: [Full GC [PSYoungGen: 2599424K->217560K(2665344K)] [PSOldGen: 5452946K->5452946K(5461376K)] 8052370K->5670506K(8126720K) [PSPermGen: 71268K->71268K(71296K)], 18.8268820 secs] [Times: user=18.05 sys=0.77, real=18.82 secs] 
132693.782: [Full GC [PSYoungGen: 2599424K->221200K(2665344K)] [PSOldGen: 5452946K->5452946K(5461376K)] 8052370K->5674147K(8126720K) [PSPermGen: 71274K->71274K(71296K)], 18.8017460 secs] [Times: user=17.96 sys=0.84, real=18.80 secs] 
132730.723: [Full GC [PSYoungGen: 2599424K->106546K(2665344K)] [PSOldGen: 5452946K->5452946K(5461376K)] 8052370K->5559493K(8126720K) [PSPermGen: 71274K->71267K(71296K)], 18.7382090 secs] [Times: user=17.94 sys=0.79, real=18.73 secs] 
132768.645: [Full GC [PSYoungGen: 2599424K->224781K(2665344K)] [PSOldGen: 5452946K->5452946K(5461376K)] 8052370K->5677728K(8126720K) [PSPermGen: 71267K->71267K(71296K)], 18.8792470 secs] [Times: user=18.08 sys=0.79, real=18.88 secs] 
132805.719: [Full GC [PSYoungGen: 2599424K->235718K(2665344K)] [PSOldGen: 5452946K->5452946K(5461376K)] 8052370K->5688665K(8126720K) [PSPermGen: 71274K->71274K(71296K)], 20.4998090 secs] [Times: user=18.47 sys=2.02, real=20.50 secs] 
132844.048: [Full GC [PSYoungGen: 2599424K->233972K(2665344K)] [PSOldGen: 5452946K->5452946K(5461376K)] 8052370K->5686919K(8126720K) [PSPermGen: 71274K->71274K(71296K)], 18.7736140 secs] [Times: user=17.93 sys=0.84, real=18.77 secs] 
132881.205: [Full GC [PSYoungGen: 2599424K->106329K(2665344K)] [PSOldGen: 5452946K->5452946K(5461376K)] 8052370K->5559275K(8126720K) [PSPermGen: 71274K->71267K(71296K)], 20.6999880 secs] [Times: user=19.88 sys=0.81, real=20.69 secs] 
132921.334: [Full GC [PSYoungGen: 2599424K->219999K(2665344K)] [PSOldGen: 5452946K->5452946K(5461376K)] 8052370K->5672945K(8126720K) [PSPermGen: 71273K->71273K(71296K)], 18.9528640 secs] [Times: user=18.08 sys=0.86, real=18.95 secs] 
132985.086: [Full GC [PSYoungGen: 2599424K->225068K(2665344K)] [PSOldGen: 5452946K->5452946K(5461376K)] 8052370K->5678015K(8126720K) [PSPermGen: 71274K->71274K(71296K)], 18.7950920 secs] [Times: user=18.01 sys=0.78, real=18.80 secs] 
133028.636: [Full GC [PSYoungGen: 2599424K->227478K(2665344K)] [PSOldGen: 5452946K->5452946K(5461376K)] 8052370K->5680424K(8126720K) [PSPermGen: 71274K->71274K(71296K)], 18.7923180 secs] [Times: user=17.97 sys=0.82, real=18.79 secs] 
133079.786: [Full GC [PSYoungGen: 2599424K->105483K(2665344K)] [PSOldGen: 5452946K->5452946K(5461376K)] 8052370K->5558430K(8126720K) [PSPermGen: 71280K->71267K(71296K)], 18.7377850 secs] [Times: user=17.93 sys=0.80, real=18.73 secs] 
133180.971: [Full GC [PSYoungGen: 2599424K->236692K(2665344K)] [PSOldGen: 5452946K->5452946K(5461376K)] 8052370K->5689638K(8126720K) [PSPermGen: 71274K->71274K(71296K)], 18.8243640 secs] [Times: user=18.02 sys=0.80, real=18.82 secs] 
133236.794: [Full GC [PSYoungGen: 2599424K->222863K(2665344K)] [PSOldGen: 5452946K->5452946K(5461376K)] 8052370K->5675810K(8126720K) [PSPermGen: 71315K->71315K(71360K)], 18.7912040 secs] [Times: user=17.99 sys=0.79, real=18.79 secs] 
133291.003: [Full GC [PSYoungGen: 2599424K->232983K(2665344K)] [PSOldGen: 5452946K->5452946K(5461376K)] 8052370K->5685930K(8126720K) [PSPermGen: 71321K->71321K(71360K)], 18.6988760 secs] [Times: user=17.92 sys=0.77, real=18.69 secs] 
133339.008: [Full GC [PSYoungGen: 2599424K->104434K(2665344K)] [PSOldGen: 5452946K->5452946K(5461376K)] 8052370K->5557380K(8126720K) [PSPermGen: 71322K->71306K(71360K)], 18.7416760 secs] [Times: user=17.95 sys=0.79, real=18.74 secs] 
133385.590: [Full GC [PSYoungGen: 2599424K->232955K(2665344K)] [PSOldGen: 5452946K->5452946K(5461376K)] 8052370K->5685902K(8126720K) [PSPermGen: 71306K->71306K(71360K)], 18.7763600 secs] [Times: user=17.96 sys=0.81, real=18.77 secs] 
133446.500: [Full GC [PSYoungGen: 2599424K->236173K(2665344K)] [PSOldGen: 5452946K->5452946K(5461376K)] 8052370K->5689120K(8126720K) [PSPermGen: 71313K->71313K(71360K)], 20.5385540 secs] [Times: user=18.52 sys=2.01, real=20.54 secs] 
133509.094: [Full GC [PSYoungGen: 2599424K->234265K(2665344K)] [PSOldGen: 5452946K->5452946K(5461376K)] 8052370K->5687212K(8126720K) [PSPermGen: 71313K->71313K(71360K)], 18.7786620 secs] [Times: user=17.96 sys=0.82, real=18.78 secs] 
133596.583: [Full GC [PSYoungGen: 2599424K->115645K(2665344K)] [PSOldGen: 5452946K->5452946K(5461376K)] 8052370K->5568591K(8126720K) [PSPermGen: 71320K->71306K(71360K)], 20.7356080 secs] [Times: user=19.92 sys=0.82, real=20.73 secs] 
133638.238: [Full GC [PSYoungGen: 2599424K->223515K(2665344K)] [PSOldGen: 5452946K->5452946K(5461376K)] 8052370K->5676461K(8126720K) [PSPermGen: 71312K->71312K(71360K)], 18.7914850 secs] [Times: user=17.99 sys=0.80, real=18.79 secs] 
133679.960: [Full GC [PSYoungGen: 2599424K->224973K(2665344K)] [PSOldGen: 5452946K->5452946K(5461376K)] 8052370K->5677919K(8126720K) [PSPermGen: 71313K->71313K(71360K)], 18.8047240 secs] [Times: user=17.96 sys=0.83, real=18.80 secs] 
133730.435: [Full GC [PSYoungGen: 2599424K->227890K(2665344K)] [PSOldGen: 5452946K->5452946K(5461376K)] 8052370K->5680836K(8126720K) [PSPermGen: 71313K->71313K(71360K)], 18.7415040 secs] [Times: user=17.97 sys=0.76, real=18.74 secs] 
133778.535: [Full GC [PSYoungGen: 2599424K->108328K(2665344K)] [PSOldGen: 5452946K->5452946K(5461376K)] 8052370K->5561275K(8126720K) [PSPermGen: 71319K->71306K(71360K)], 18.8582220 secs] [Times: user=18.09 sys=0.76, real=18.85 secs] 
134111.568: [Full GC [PSYoungGen: 2599424K->224951K(2665344K)] [PSOldGen: 5452946K->5452946K(5461376K)] 8052370K->5677897K(8126720K) [PSPermGen: 71313K->71313K(71360K)], 20.8756800 secs] [Times: user=18.85 sys=2.03, real=20.87 secs] 
135431.824: [Full GC [PSYoungGen: 2599424K->254342K(2665344K)] [PSOldGen: 5452946K->5452946K(5461376K)] 8052370K->5707288K(8126720K) [PSPermGen: 71319K->71319K(71360K)], 20.7470510 secs] [Times: user=18.62 sys=2.13, real=20.74 secs] 
135853.200: [Full GC [PSYoungGen: 2599424K->237955K(2665344K)] [PSOldGen: 5452946K->5452946K(5461376K)] 8052370K->5690901K(8126720K) [PSPermGen: 71329K->71329K(71360K)], 20.4756550 secs] [Times: user=18.46 sys=2.01, real=20.48 secs] 
136119.940: [Full GC [PSYoungGen: 2599424K->106786K(2665344K)] [PSOldGen: 5452946K->5452944K(5461376K)] 8052370K->5559730K(8126720K) [PSPermGen: 71335K->71270K(71296K)], 20.6946980 secs] [Times: user=19.85 sys=0.84, real=20.69 secs] 
136391.531: [Full GC [PSYoungGen: 2599424K->237856K(2665344K)] [PSOldGen: 5452944K->5452944K(5461376K)] 8052368K->5690801K(8126720K) [PSPermGen: 71277K->71277K(71296K)], 19.1278800 secs] [Times: user=18.32 sys=0.81, real=19.12 secs] 
136451.129: [Full GC [PSYoungGen: 2599424K->232306K(2665344K)] [PSOldGen: 5452944K->5452944K(5461376K)] 8052368K->5685250K(8126720K) [PSPermGen: 71284K->71284K(71360K)], 20.5531100 secs] [Times: user=18.42 sys=2.12, real=20.55 secs] 
136496.115: [Full GC [PSYoungGen: 2599424K->231678K(2665344K)] [PSOldGen: 5452944K->5452944K(5461376K)] 8052368K->5684623K(8126720K) [PSPermGen: 71285K->71285K(71360K)], 18.7676640 secs] [Times: user=18.02 sys=0.74, real=18.76 secs] 
136552.648: [Full GC [PSYoungGen: 2599424K->105952K(2665344K)] [PSOldGen: 5452944K->5452944K(5461376K)] 8052368K->5558896K(8126720K) [PSPermGen: 71291K->71270K(71296K)], 20.6185030 secs] [Times: user=19.80 sys=0.81, real=20.62 secs] 
136616.465: [Full GC [PSYoungGen: 2599424K->230506K(2665344K)] [PSOldGen: 5452944K->5452944K(5461376K)] 8052368K->5683450K(8126720K) [PSPermGen: 71271K->71271K(71296K)], 18.7786650 secs] [Times: user=17.97 sys=0.81, real=18.77 secs] 
136662.160: [Full GC [PSYoungGen: 2599424K->236059K(2665344K)] [PSOldGen: 5452944K->5452944K(5461376K)] 8052368K->5689003K(8126720K) [PSPermGen: 71278K->71278K(71296K)], 18.7415600 secs] [Times: user=17.96 sys=0.78, real=18.74 secs] 
136698.862: [Full GC [PSYoungGen: 2599424K->236033K(2665344K)] [PSOldGen: 5452944K->5452944K(5461376K)] 8052368K->5688977K(8126720K) [PSPermGen: 71284K->71284K(71296K)], 18.7957230 secs] [Times: user=18.02 sys=0.76, real=18.80 secs] 
136743.386: [Full GC [PSYoungGen: 2599424K->104380K(2665344K)] [PSOldGen: 5452944K->5452944K(5461376K)] 8052368K->5557324K(8126720K) [PSPermGen: 71285K->71270K(71296K)], 18.7156510 secs] [Times: user=17.91 sys=0.79, real=18.71 secs] 
136805.148: [Full GC [PSYoungGen: 2599424K->235686K(2665344K)] [PSOldGen: 5452944K->5452944K(5461376K)] 8052368K->5688630K(8126720K) [PSPermGen: 71276K->71276K(71296K)], 18.7693660 secs] [Times: user=17.97 sys=0.80, real=18.77 secs] 
136856.267: [Full GC [PSYoungGen: 2599424K->230817K(2665344K)] [PSOldGen: 5452944K->5452944K(5461376K)] 8052368K->5683761K(8126720K) [PSPermGen: 71317K->71317K(71360K)], 18.7819620 secs] [Times: user=17.95 sys=0.83, real=18.77 secs] 
136950.403: [Full GC [PSYoungGen: 2599424K->235571K(2665344K)] [PSOldGen: 5452944K->5452944K(5461376K)] 8052368K->5688515K(8126720K) [PSPermGen: 71324K->71324K(71360K)], 18.8411250 secs] [Times: user=18.04 sys=0.79, real=18.84 secs] 
137017.858: [Full GC [PSYoungGen: 2599424K->106199K(2665344K)] [PSOldGen: 5452944K->5452943K(5461376K)] 8052368K->5559143K(8126720K) [PSPermGen: 71331K->71309K(71360K)], 22.3072920 secs] [Times: user=20.25 sys=2.06, real=22.31 secs] 
137060.046: [Full GC [PSYoungGen: 2599424K->222498K(2665344K)] [PSOldGen: 5452943K->5452943K(5461376K)] 8052367K->5675442K(8126720K) [PSPermGen: 71310K->71310K(71360K)], 18.7815160 secs] [Times: user=17.97 sys=0.80, real=18.78 secs] 
137097.234: [Full GC [PSYoungGen: 2599424K->223389K(2665344K)] [PSOldGen: 5452943K->5452943K(5461376K)] 8052367K->5676333K(8126720K) [PSPermGen: 71310K->71310K(71360K)], 18.8085460 secs] [Times: user=18.05 sys=0.74, real=18.80 secs] 
137132.227: [Full GC [PSYoungGen: 2599424K->231079K(2665344K)] [PSOldGen: 5452943K->5452943K(5461376K)] 8052367K->5684023K(8126720K) [PSPermGen: 71406K->71406K(72064K)], 19.1156250 secs] [Times: user=18.31 sys=0.80, real=19.12 secs] 
137168.126: [Full GC [PSYoungGen: 2599424K->110080K(2665344K)] [PSOldGen: 5452943K->5448506K(5461376K)] 8052367K->5558586K(8126720K) [PSPermGen: 71594K->71575K(72064K)], 21.0684660 secs] [Times: user=20.26 sys=0.80, real=21.06 secs] 
137207.158: [GC-- [PSYoungGen: 2599424K->2599424K(2665344K)] 8047930K->8060798K(8126720K), 2.2322570 secs] [Times: user=8.52 sys=1.08, real=2.24 secs] 
137209.391: [Full GC [PSYoungGen: 2599424K->231587K(2665344K)] [PSOldGen: 5461374K->5461374K(5461376K)] 8060798K->5692962K(8126720K) [PSPermGen: 71642K->71642K(72064K)], 19.2728400 secs] [Times: user=18.47 sys=0.79, real=19.27 secs] 
137242.777: [Full GC [PSYoungGen: 2599424K->239003K(2665344K)] [PSOldGen: 5461374K->5461374K(5461376K)] 8060798K->5700378K(8126720K) [PSPermGen: 71669K->71669K(71872K)], 19.3363280 secs] [Times: user=18.52 sys=0.81, real=19.33 secs] 
137279.038: [Full GC [PSYoungGen: 2599424K->247684K(2665344K)] [PSOldGen: 5461374K->5461374K(5461376K)] 8060798K->5709058K(8126720K) [PSPermGen: 71685K->71685K(71872K)], 19.2851980 secs] [Times: user=18.48 sys=0.80, real=19.29 secs] 
137313.557: [Full GC [PSYoungGen: 2599424K->121009K(2665344K)] [PSOldGen: 5461374K->5460646K(5461376K)] 8060798K->5581656K(8126720K) [PSPermGen: 71694K->71650K(71808K)], 19.8011400 secs] [Times: user=18.98 sys=0.82, real=19.80 secs] 
137351.589: [Full GC [PSYoungGen: 2599424K->243760K(2665344K)] [PSOldGen: 5460646K->5460646K(5461376K)] 8060070K->5704407K(8126720K) [PSPermGen: 71661K->71661K(71808K)], 19.2459970 secs] [Times: user=18.41 sys=0.83, real=19.25 secs] 
137387.307: [Full GC [PSYoungGen: 2599424K->253365K(2665344K)] [PSOldGen: 5460646K->5460646K(5461376K)] 8060070K->5714012K(8126720K) [PSPermGen: 71674K->71674K(71808K)], 19.2335960 secs] [Times: user=18.40 sys=0.82, real=19.23 secs] 
137424.749: [Full GC [PSYoungGen: 2599424K->250789K(2665344K)] [PSOldGen: 5460646K->5460646K(5461376K)] 8060070K->5711435K(8126720K) [PSPermGen: 71683K->71683K(71808K)], 19.2307480 secs] [Times: user=18.44 sys=0.79, real=19.23 secs] 
137464.803: [Full GC [PSYoungGen: 2599424K->125708K(2665344K)] [PSOldGen: 5460646K->5460518K(5461376K)] 8060070K->5586226K(8126720K) [PSPermGen: 71692K->71650K(71744K)], 19.3092270 secs] [Times: user=18.52 sys=0.78, real=19.31 secs] 
137508.579: [Full GC [PSYoungGen: 2599424K->256625K(2665344K)] [PSOldGen: 5460518K->5460518K(5461376K)] 8059942K->5717143K(8126720K) [PSPermGen: 71665K->71665K(71744K)], 19.1986670 secs] [Times: user=18.39 sys=0.82, real=19.20 secs] 
137595.663: [Full GC [PSYoungGen: 2599424K->242613K(2665344K)] [PSOldGen: 5460518K->5460518K(5461376K)] 8059942K->5703132K(8126720K) [PSPermGen: 71681K->71681K(71808K)], 20.9940380 secs] [Times: user=18.90 sys=2.08, real=20.99 secs] 
137667.924: [Full GC [PSYoungGen: 2599424K->255526K(2665344K)] [PSOldGen: 5460518K->5460518K(5461376K)] 8059942K->5716044K(8126720K) [PSPermGen: 71682K->71682K(71808K)], 19.2247010 secs] [Times: user=18.41 sys=0.80, real=19.22 secs] 
137718.808: [Full GC [PSYoungGen: 2599424K->128400K(2665344K)] [PSOldGen: 5460518K->5460322K(5461376K)] 8059942K->5588722K(8126720K) [PSPermGen: 71688K->71650K(71744K)], 21.0624000 secs] [Times: user=20.25 sys=0.80, real=21.06 secs] 
137783.112: [Full GC [PSYoungGen: 2599424K->262522K(2665344K)] [PSOldGen: 5460322K->5460322K(5461376K)] 8059746K->5722844K(8126720K) [PSPermGen: 71660K->71660K(71744K)], 19.3708100 secs] [Times: user=18.54 sys=0.83, real=19.37 secs] 
137831.261: [Full GC [PSYoungGen: 2599424K->267681K(2665344K)] [PSOldGen: 5460322K->5460322K(5461376K)] 8059746K->5728003K(8126720K) [PSPermGen: 71669K->71669K(71744K)], 19.3075040 secs] [Times: user=18.50 sys=0.80, real=19.31 secs] 
137873.253: [Full GC [PSYoungGen: 2599424K->272985K(2665344K)] [PSOldGen: 5460322K->5460322K(5461376K)] 8059746K->5733307K(8126720K) [PSPermGen: 71706K->71706K(71808K)], 21.0575660 secs] [Times: user=19.01 sys=2.04, real=21.05 secs] 
137943.132: [Full GC [PSYoungGen: 2599424K->141371K(2665344K)] [PSOldGen: 5460322K->5458504K(5461376K)] 8059746K->5599876K(8126720K) [PSPermGen: 71732K->71682K(71744K)], 21.4319160 secs] [Times: user=19.36 sys=2.06, real=21.43 secs] 
138033.099: [Full GC [PSYoungGen: 2599424K->282966K(2665344K)] [PSOldGen: 5458504K->5458504K(5461376K)] 8057928K->5741471K(8126720K) [PSPermGen: 71702K->71702K(71808K)], 21.0463260 secs] [Times: user=18.87 sys=2.16, real=21.05 secs] 
138120.120: [Full GC [PSYoungGen: 2599424K->268323K(2665344K)] [PSOldGen: 5458504K->5458504K(5461376K)] 8057928K->5726828K(8126720K) [PSPermGen: 71729K->71729K(71808K)], 21.0540520 secs] [Times: user=18.95 sys=2.08, real=21.05 secs] 
138182.404: [Full GC [PSYoungGen: 2599424K->282765K(2665344K)] [PSOldGen: 5458504K->5458504K(5461376K)] 8057928K->5741270K(8126720K) [PSPermGen: 71736K->71736K(71808K)], 21.0658680 secs] [Times: user=18.94 sys=2.12, real=21.06 secs] 
138226.997: [Full GC [PSYoungGen: 2599424K->155372K(2665344K)] [PSOldGen: 5458504K->5457289K(5461376K)] 8057928K->5612661K(8126720K) [PSPermGen: 71745K->71699K(71744K)], 22.9956930 secs] [Times: user=20.86 sys=2.13, real=23.00 secs] 
138312.533: [Full GC [PSYoungGen: 2599424K->281770K(2665344K)] [PSOldGen: 5457289K->5457289K(5461376K)] 8056713K->5739059K(8126720K) [PSPermGen: 71707K->71707K(71808K)], 19.2816130 secs] [Times: user=18.47 sys=0.81, real=19.28 secs] 
138434.803: [Full GC [PSYoungGen: 2599424K->293026K(2665344K)] [PSOldGen: 5457289K->5457289K(5461376K)] 8056713K->5750316K(8126720K) [PSPermGen: 71723K->71723K(71808K)], 19.3069970 secs] [Times: user=18.50 sys=0.80, real=19.30 secs] 
138495.224: [Full GC [PSYoungGen: 2599424K->294073K(2665344K)] [PSOldGen: 5457289K->5457289K(5461376K)] 8056713K->5751362K(8126720K) [PSPermGen: 71750K->71750K(71808K)], 21.0330920 secs] [Times: user=18.92 sys=2.11, real=21.03 secs] 
138562.022: [Full GC [PSYoungGen: 2599424K->166621K(2665344K)] [PSOldGen: 5457289K->5457239K(5461376K)] 8056713K->5623860K(8126720K) [PSPermGen: 71764K->71722K(71808K)], 24.2082730 secs] [Times: user=19.56 sys=2.07, real=24.20 secs] 
138629.724: [Full GC [PSYoungGen: 2599424K->301578K(2665344K)] [PSOldGen: 5457239K->5457239K(5461376K)] 8056663K->5758818K(8126720K) [PSPermGen: 71742K->71742K(71808K)], 21.1811410 secs] [Times: user=19.04 sys=2.13, real=21.18 secs] 
138692.845: [Full GC [PSYoungGen: 2599424K->304777K(2665344K)] [PSOldGen: 5457239K->5457239K(5461376K)] 8056663K->5762017K(8126720K) [PSPermGen: 71768K->71768K(71808K)], 21.0325980 secs] [Times: user=19.05 sys=1.98, real=21.03 secs] 
138761.290: [Full GC [PSYoungGen: 2599424K->311444K(2665344K)] [PSOldGen: 5457239K->5457239K(5461376K)] 8056663K->5768684K(8126720K) [PSPermGen: 71784K->71784K(71872K)], 20.8727700 secs] [Times: user=18.82 sys=2.05, real=20.87 secs] 
138812.188: [Full GC [PSYoungGen: 2599424K->179268K(2665344K)] [PSOldGen: 5457239K->5456905K(5461376K)] 8056663K->5636173K(8126720K) [PSPermGen: 71795K->71737K(71808K)], 22.8253830 secs] [Times: user=20.79 sys=2.03, real=22.82 secs] 
138862.353: [Full GC [PSYoungGen: 2599424K->306785K(2665344K)] [PSOldGen: 5456905K->5456905K(5461376K)] 8056329K->5763690K(8126720K) [PSPermGen: 71754K->71754K(71808K)], 19.3447680 secs] [Times: user=18.52 sys=0.78, real=19.34 secs] 
138932.964: [Full GC [PSYoungGen: 2599424K->309258K(2665344K)] [PSOldGen: 5456905K->5456905K(5461376K)] 8056329K->5766163K(8126720K) [PSPermGen: 71778K->71778K(71872K)], 19.1366570 secs] [Times: user=18.38 sys=0.76, real=19.13 secs] 
138984.130: [Full GC [PSYoungGen: 2599424K->308035K(2665344K)] [PSOldGen: 5456905K->5456905K(5461376K)] 8056329K->5764940K(8126720K) [PSPermGen: 71779K->71779K(71872K)], 19.1675230 secs] [Times: user=18.33 sys=0.83, real=19.17 secs] 
139063.314: [Full GC [PSYoungGen: 2599424K->184547K(2665344K)] [PSOldGen: 5456905K->5456843K(5461376K)] 8056329K->5641391K(8126720K) [PSPermGen: 71787K->71763K(71808K)], 19.3047010 secs] [Times: user=18.51 sys=0.79, real=19.30 secs] 
139161.327: [Full GC [PSYoungGen: 2599424K->318288K(2665344K)] [PSOldGen: 5456843K->5456843K(5461376K)] 8056267K->5775131K(8126720K) [PSPermGen: 71773K->71773K(71808K)], 19.1768000 secs] [Times: user=18.40 sys=0.78, real=19.17 secs] 
139212.738: [Full GC [PSYoungGen: 2599424K->253359K(2665344K)] [PSOldGen: 5456843K->5456843K(5461376K)] 8056267K->5710202K(8126720K) [PSPermGen: 71783K->71783K(71872K)], 20.9617490 secs] [Times: user=18.73 sys=2.22, real=20.96 secs] 
139255.824: [Full GC [PSYoungGen: 2599424K->318812K(2665344K)] [PSOldGen: 5456843K->5456843K(5461376K)] 8056267K->5775655K(8126720K) [PSPermGen: 71787K->71787K(71872K)], 20.8277310 secs] [Times: user=18.75 sys=2.07, real=20.82 secs] 
139303.649: [Full GC [PSYoungGen: 2599424K->190591K(2665344K)] [PSOldGen: 5456843K->5456799K(5461376K)] 8056267K->5647391K(8126720K) [PSPermGen: 71799K->71732K(71808K)], 21.2324960 secs] [Times: user=19.11 sys=2.12, real=21.23 secs] 
139363.895: [Full GC [PSYoungGen: 2599424K->324182K(2665344K)] [PSOldGen: 5456799K->5456799K(5461376K)] 8056223K->5780982K(8126720K) [PSPermGen: 71744K->71744K(71808K)], 19.0438500 secs] [Times: user=18.22 sys=0.82, real=19.04 secs] 
139414.483: [Full GC [PSYoungGen: 2599424K->307606K(2665344K)] [PSOldGen: 5456799K->5456799K(5461376K)] 8056223K->5764406K(8126720K) [PSPermGen: 71753K->71753K(71808K)], 20.7691080 secs] [Times: user=18.67 sys=2.09, real=20.77 secs] 
139465.420: [Full GC [PSYoungGen: 2599424K->323997K(2665344K)] [PSOldGen: 5456799K->5456799K(5461376K)] 8056223K->5780797K(8126720K) [PSPermGen: 71764K->71764K(71808K)], 19.1022050 secs] [Times: user=18.33 sys=0.76, real=19.10 secs] 
139500.288: [Full GC [PSYoungGen: 2599424K->195740K(2665344K)] [PSOldGen: 5456799K->5456781K(5461376K)] 8056223K->5652521K(8126720K) [PSPermGen: 71768K->71725K(71808K)], 21.0417880 secs] [Times: user=20.18 sys=0.86, real=21.04 secs] 
139553.803: [Full GC [PSYoungGen: 2599424K->299373K(2665344K)] [PSOldGen: 5456781K->5456781K(5461376K)] 8056205K->5756154K(8126720K) [PSPermGen: 71733K->71733K(71808K)], 19.0460920 secs] [Times: user=18.25 sys=0.78, real=19.05 secs] 
139601.743: [Full GC [PSYoungGen: 2599424K->317237K(2665344K)] [PSOldGen: 5456781K->5456781K(5461376K)] 8056205K->5774018K(8126720K) [PSPermGen: 71734K->71734K(71808K)], 19.0985020 secs] [Times: user=18.26 sys=0.83, real=19.09 secs] 
139701.016: [Full GC [PSYoungGen: 2599424K->316520K(2665344K)] [PSOldGen: 5456781K->5456781K(5461376K)] 8056205K->5773302K(8126720K) [PSPermGen: 71754K->71754K(71808K)], 19.3197060 secs] [Times: user=18.54 sys=0.78, real=19.31 secs] 
139754.545: [Full GC [PSYoungGen: 2599424K->199124K(2665344K)] [PSOldGen: 5456781K->5456727K(5461376K)] 8056205K->5655851K(8126720K) [PSPermGen: 71763K->71708K(71744K)], 19.8112360 secs] [Times: user=18.96 sys=0.84, real=19.80 secs] 
139797.877: [Full GC [PSYoungGen: 2599424K->326785K(2665344K)] [PSOldGen: 5456727K->5456727K(5461376K)] 8056151K->5783512K(8126720K) [PSPermGen: 71711K->71711K(71744K)], 19.3781550 secs] [Times: user=18.58 sys=0.80, real=19.38 secs] 
139841.530: [Full GC [PSYoungGen: 2599424K->329067K(2665344K)] [PSOldGen: 5456727K->5456727K(5461376K)] 8056151K->5785795K(8126720K) [PSPermGen: 71713K->71713K(71744K)], 19.3570930 secs] [Times: user=18.58 sys=0.77, real=19.35 secs] 
139934.048: [Full GC [PSYoungGen: 2599424K->335042K(2665344K)] [PSOldGen: 5456727K->5456727K(5461376K)] 8056151K->5791770K(8126720K) [PSPermGen: 71731K->71731K(71808K)], 21.1395600 secs] [Times: user=19.08 sys=2.05, real=21.14 secs] 
140014.528: [Full GC [PSYoungGen: 2599424K->206044K(2665344K)] [PSOldGen: 5456727K->5456687K(5461376K)] 8056151K->5662731K(8126720K) [PSPermGen: 71741K->71711K(71744K)], 23.1160380 secs] [Times: user=21.00 sys=2.12, real=23.11 secs] 
140065.799: [Full GC [PSYoungGen: 2599424K->341750K(2665344K)] [PSOldGen: 5456687K->5456687K(5461376K)] 8056111K->5798437K(8126720K) [PSPermGen: 71715K->71715K(71744K)], 19.4287390 secs] [Times: user=18.64 sys=0.78, real=19.43 secs] 
140102.530: [Full GC [PSYoungGen: 2599424K->340855K(2665344K)] [PSOldGen: 5456687K->5456687K(5461376K)] 8056111K->5797542K(8126720K) [PSPermGen: 71718K->71718K(71744K)], 19.3459850 secs] [Times: user=18.53 sys=0.80, real=19.34 secs] 
140152.811: [Full GC [PSYoungGen: 2599424K->316681K(2665344K)] [PSOldGen: 5456687K->5456687K(5461376K)] 8056111K->5773369K(8126720K) [PSPermGen: 71726K->71726K(71808K)], 19.3334340 secs] [Times: user=18.59 sys=0.74, real=19.33 secs] 
140199.465: [Full GC [PSYoungGen: 2599424K->211172K(2665344K)] [PSOldGen: 5456687K->5456687K(5461376K)] 8056111K->5667859K(8126720K) [PSPermGen: 71728K->71711K(71744K)], 19.4134370 secs] [Times: user=18.59 sys=0.82, real=19.41 secs] 
140256.117: [Full GC [PSYoungGen: 2599424K->342952K(2665344K)] [PSOldGen: 5456687K->5456687K(5461376K)] 8056111K->5799639K(8126720K) [PSPermGen: 71723K->71723K(71744K)], 21.0528180 secs] [Times: user=18.93 sys=2.12, real=21.05 secs] 
140323.707: [Full GC [PSYoungGen: 2599424K->345360K(2665344K)] [PSOldGen: 5456687K->5456687K(5461376K)] 8056111K->5802048K(8126720K) [PSPermGen: 71735K->71735K(71808K)], 20.9083820 secs] [Times: user=18.81 sys=2.09, real=20.91 secs] 
140819.137: [Full GC [PSYoungGen: 2599424K->358239K(2665344K)] [PSOldGen: 5456687K->5456687K(5461376K)] 8056111K->5814926K(8126720K) [PSPermGen: 71782K->71782K(71872K)], 20.7298420 secs] [Times: user=18.65 sys=2.07, real=20.73 secs] 
140945.325: [Full GC [PSYoungGen: 2599424K->230321K(2665344K)] [PSOldGen: 5456687K->5456550K(5461376K)] 8056111K->5686872K(8126720K) [PSPermGen: 71847K->71765K(71872K)], 21.3978890 secs] [Times: user=20.56 sys=0.84, real=21.39 secs] 
141071.555: [Full GC [PSYoungGen: 2599424K->363788K(2665344K)] [PSOldGen: 5456550K->5456550K(5461376K)] 8055974K->5820339K(8126720K) [PSPermGen: 71793K->71793K(71872K)], 19.3950780 secs] [Times: user=18.57 sys=0.82, real=19.39 secs] 
141263.602: [Full GC [PSYoungGen: 2599424K->364643K(2665344K)] [PSOldGen: 5456550K->5456550K(5461376K)] 8055974K->5821194K(8126720K) [PSPermGen: 71816K->71816K(72448K)], 21.1037700 secs] [Times: user=18.96 sys=2.13, real=21.10 secs] 
141405.099: [Full GC [PSYoungGen: 2599424K->375710K(2665344K)] [PSOldGen: 5456550K->5456550K(5461376K)] 8055974K->5832261K(8126720K) [PSPermGen: 71858K->71858K(72448K)], 19.3554470 secs] [Times: user=18.55 sys=0.81, real=19.36 secs] 
141540.736: [Full GC [PSYoungGen: 2599424K->255242K(2665344K)] [PSOldGen: 5456550K->5456539K(5461376K)] 8055974K->5711781K(8126720K) [PSPermGen: 71896K->71809K(71872K)], 23.2587390 secs] [Times: user=21.01 sys=2.23, real=23.26 secs] 
141657.747: [Full GC [PSYoungGen: 2599424K->389308K(2665344K)] [PSOldGen: 5456539K->5456539K(5461376K)] 8055963K->5845848K(8126720K) [PSPermGen: 71830K->71830K(72448K)], 21.2863940 secs] [Times: user=19.18 sys=2.10, real=21.29 secs] 
141797.833: [Full GC [PSYoungGen: 2599424K->388099K(2665344K)] [PSOldGen: 5456539K->5456539K(5461376K)] 8055963K->5844638K(8126720K) [PSPermGen: 71854K->71854K(72448K)], 21.1819340 secs] [Times: user=19.12 sys=2.05, real=21.18 secs] 
141934.872: [Full GC [PSYoungGen: 2599424K->393848K(2665344K)] [PSOldGen: 5456539K->5456539K(5461376K)] 8055963K->5850388K(8126720K) [PSPermGen: 71878K->71878K(72448K)], 19.5366550 secs] [Times: user=18.73 sys=0.79, real=19.53 secs] 
142045.522: [Full GC [PSYoungGen: 2599424K->273829K(2665344K)] [PSOldGen: 5456539K->5455510K(5461376K)] 8055963K->5729340K(8126720K) [PSPermGen: 71900K->71819K(71872K)], 21.5100290 secs] [Times: user=20.70 sys=0.81, real=21.51 secs] 
142170.438: [Full GC [PSYoungGen: 2599424K->418098K(2665344K)] [PSOldGen: 5455510K->5455510K(5461376K)] 8054934K->5873608K(8126720K) [PSPermGen: 71845K->71845K(72448K)], 21.4237750 secs] [Times: user=19.33 sys=2.09, real=21.42 secs] 
142267.753: [Full GC [PSYoungGen: 2599424K->418805K(2665344K)] [PSOldGen: 5455510K->5455510K(5461376K)] 8054934K->5874316K(8126720K) [PSPermGen: 71868K->71868K(72448K)], 21.3809940 secs] [Times: user=19.18 sys=2.20, real=21.38 secs] 
142346.483: [Full GC [PSYoungGen: 2599424K->424031K(2665344K)] [PSOldGen: 5455510K->5455510K(5461376K)] 8054934K->5879542K(8126720K) [PSPermGen: 71888K->71888K(72448K)], 21.4096970 secs] [Times: user=19.30 sys=2.09, real=21.40 secs] 
142433.081: [Full GC [PSYoungGen: 2599424K->299869K(2665344K)] [PSOldGen: 5455510K->5455339K(5461376K)] 8054934K->5755208K(8126720K) [PSPermGen: 71907K->71827K(71872K)], 23.3537690 secs] [Times: user=21.23 sys=2.12, real=23.35 secs] 
142566.367: [Full GC [PSYoungGen: 2599424K->429436K(2665344K)] [PSOldGen: 5455339K->5455339K(5461376K)] 8054763K->5884775K(8126720K) [PSPermGen: 71854K->71854K(72448K)], 19.6261990 secs] [Times: user=18.82 sys=0.80, real=19.62 secs] 
142685.563: [Full GC [PSYoungGen: 2599424K->436646K(2665344K)] [PSOldGen: 5455339K->5455339K(5461376K)] 8054763K->5891985K(8126720K) [PSPermGen: 71876K->71876K(72448K)], 19.6698390 secs] [Times: user=18.83 sys=0.83, real=19.66 secs] 
142820.125: [Full GC [PSYoungGen: 2599424K->445619K(2665344K)] [PSOldGen: 5455339K->5455339K(5461376K)] 8054763K->5900959K(8126720K) [PSPermGen: 71897K->71897K(72448K)], 21.4272400 secs] [Times: user=19.21 sys=2.20, real=21.42 secs] 
142912.257: [Full GC [PSYoungGen: 2599424K->265257K(2665344K)] [PSOldGen: 5455339K->5461375K(5461376K)] 8054763K->5726632K(8126720K) [PSPermGen: 72011K->71896K(72256K)], 23.5709930 secs] [Times: user=21.49 sys=2.07, real=23.56 secs] 
142992.410: [Full GC [PSYoungGen: 2599424K->393053K(2665344K)] [PSOldGen: 5461375K->5461375K(5461376K)] 8060799K->5854429K(8126720K) [PSPermGen: 71923K->71923K(72320K)], 21.4724360 secs] [Times: user=19.31 sys=2.13, real=21.47 secs] 
143114.962: [Full GC [PSYoungGen: 2599424K->375947K(2665344K)] [PSOldGen: 5461375K->5461375K(5461376K)] 8060799K->5837323K(8126720K) [PSPermGen: 71951K->71951K(72320K)], 19.5798310 secs] [Times: user=18.80 sys=0.78, real=19.58 secs] 
143271.861: [Full GC [PSYoungGen: 2599424K->403207K(2665344K)] [PSOldGen: 5461375K->5461375K(5461376K)] 8060799K->5864583K(8126720K) [PSPermGen: 71976K->71976K(72320K)], 19.4949910 secs] [Times: user=18.72 sys=0.77, real=19.49 secs] 
143362.541: [Full GC [PSYoungGen: 2599424K->273540K(2665344K)] [PSOldGen: 5461375K->5461375K(5461376K)] 8060799K->5734916K(8126720K) [PSPermGen: 71989K->71910K(72256K)], 21.6225160 secs] [Times: user=20.80 sys=0.80, real=21.62 secs] 
143398.509: [Full GC [PSYoungGen: 2599424K->402175K(2665344K)] [PSOldGen: 5461375K->5461375K(5461376K)] 8060799K->5863550K(8126720K) [PSPermGen: 71922K->71922K(72256K)], 19.5620340 secs] [Times: user=18.73 sys=0.82, real=19.56 secs] 
143459.978: [Full GC [PSYoungGen: 2599424K->404982K(2665344K)] [PSOldGen: 5461375K->5461375K(5461376K)] 8060799K->5866358K(8126720K) [PSPermGen: 71941K->71941K(72320K)], 21.2915200 secs]