
 num     #instances         #bytes  class name
----------------------------------------------
   1:         47648       52709936  [B
   2:          6332       21716072  [S
   3:        199915       20172432  [C
   4:         13498       16973832  [I
   5:          2711        3704576  [F
   6:        129273        3102552  java.lang.String
   7:         37764        2743928  [Ljava.lang.Object;
   8:         15011        1320968  java.lang.reflect.Method
   9:         37830        1210560  java.util.HashMap$Node
  10:          9037        1007224  java.lang.Class
  11:         24592         983680  java.lang.ref.Finalizer
  12:          6818         983560  [Ljava.lang.String;
  13:         12202         683312  java.util.zip.ZipFile$ZipFileInputStream
  14:         11733         657048  java.util.zip.ZipFile$ZipFileInflaterInputStream
  15:          9099         620248  [Ljava.util.HashMap$Node;
  16:         11607         557136  java.nio.HeapCharBuffer
  17:         16770         536640  java.util.concurrent.ConcurrentHashMap$Node
  18:         10871         521808  java.util.HashMap
  19:         22372         498488  [Ljava.lang.Class;
  20:         18406         441744  java.util.ArrayList
  21:          9573         382920  java.lang.ref.SoftReference
  22:         13385         321240  java.lang.StringBuilder
  23:          7822         312880  java.util.LinkedHashMap$Entry
  24:          3519         281520  java.lang.reflect.Constructor
  25:         14644         234304  java.lang.Object
  26:           188         234080  [J
  27:          6913         221216  java.util.ArrayList$Itr
  28:          5240         209600  java.util.TreeMap$Entry
  29:          6496         207872  java.util.Hashtable$Entry
  30:          2670         192240  java.lang.reflect.Field
  31:          4770         190800  java.util.HashMap$KeyIterator
  32:          5895         188640  org.eclipse.jetty.http.HttpField
  33:          5258         168256  java.lang.ref.WeakReference
  34:          7002         168048  java.lang.StringBuffer
  35:          2963         165928  org.codehaus.groovy.runtime.metaclass.MetaMethodIndex$Entry
  36:           377         163168  [Ljava.util.concurrent.ConcurrentHashMap$Node;
  37:          2908         162848  java.util.LinkedHashMap
  38:          3657         146280  java.util.Formatter$FormatSpecifier
  39:          3657         146280  org.eclipse.jetty.http.HttpFields$1
  40:          1946         124544  java.net.URL
  41:           851         122544  org.codehaus.groovy.ast.ClassNode
  42:          2552         122496  org.acegisecurity.ui.savedrequest.SavedCookie
  43:          5077         121848  java.util.jar.Attributes$Name
  44:          4644         111456  java.lang.Double
  45:          1873         104888  java.lang.Class$ReflectionData
  46:          1512          96768  org.codehaus.groovy.reflection.CachedMethod
  47:          1438          92800  [Ljava.lang.reflect.Method;
  48:          1272          81408  java.util.regex.Matcher
  49:          2529          80928  java.util.concurrent.locks.AbstractQueuedSynchronizer$Node
  50:          1661          79728  java.util.TreeMap
  51:          3059          73416  java.util.concurrent.ConcurrentLinkedDeque$Node
  52:           993          71496  java.util.concurrent.ScheduledThreadPoolExecutor$ScheduledFutureTask
  53:           305          70904  [Ljava.util.Hashtable$Entry;
  54:          1751          70040  java.util.HashMap$EntryIterator
  55:          4213          67408  java.util.jar.Attributes
  56:          1173          65688  org.codehaus.groovy.reflection.GeneratedMetaMethod$Proxy
  57:          2705          64920  [Lorg.acegisecurity.GrantedAuthority;
  58:          2703          64872  java.util.Formatter$FixedString
  59:          2006          64192  java.util.concurrent.locks.ReentrantLock$NonfairSync
  60:           393          62480  [Lorg.codehaus.groovy.util.ComplexKeyHashMap$Entry;
  61:          1280          61440  javax.servlet.http.Cookie
  62:          3667          58672  java.util.Formatter$Flags
  63:          1458          58320  sun.util.locale.BaseLocale$Key
  64:          1431          57240  [Ljava.util.Formatter$Flags;
  65:          1012          56672  java.beans.MethodDescriptor
  66:           642          53696  [Lorg.eclipse.jetty.http.HttpField;
  67:           955          53480  [Ljava.text.Format;
  68:          2226          53424  java.util.concurrent.CopyOnWriteArrayList$COWIterator
  69:          1079          51792  org.codehaus.groovy.util.ReferenceType$SoftRef
  70:          1608          51456  java.util.concurrent.SynchronousQueue$TransferStack$SNode
  71:           320          51200  org.eclipse.jetty.server.Request
  72:          1533          49056  org.codehaus.groovy.util.SingleKeyHashMap$Entry
  73:          1479          47328  java.util.Locale
  74:           730          46720  java.util.concurrent.ConcurrentHashMap
  75:           320          46080  org.eclipse.jetty.http.HttpParser
  76:          2792          44672  java.lang.Integer
  77:           795          44520  java.util.stream.ReferencePipeline$Head
  78:           775          43400  sun.nio.cs.UTF_8$Encoder
  79:          1113          43248  [Ljava.util.Formatter$FormatString;
  80:          2558          40928  java.util.HashMap$KeySet
  81:          1704          40896  java.beans.MethodRef
  82:           481          40208  [Ljava.util.WeakHashMap$Entry;
  83:          2403          38448  java.util.concurrent.atomic.AtomicReference
  84:           320          38400  org.eclipse.jetty.io.SocketChannelEndPoint
  85:           320          38400  org.eclipse.jetty.server.HttpChannelOverHttp
  86:           955          38200  java.text.MessageFormat
  87:           159          38160  com.jcraft.jzlib.Deflate
  88:           791          37968  java.nio.HeapByteBuffer
  89:          1173          37536  org.codehaus.groovy.reflection.GeneratedMetaMethod$DgmMethodRecord
  90:           768          36864  java.util.logging.LogManager$LoggerWeakRef
  91:           328          36736  sun.nio.ch.SocketChannelImpl
  92:           917          36680  java.math.BigInteger
  93:          1113          35616  org.eclipse.jetty.http.QuotedQualityCSV
  94:          1113          35616  sun.misc.FloatingDecimal$ASCIIToBinaryBuffer
  95:          1071          34272  sun.security.util.DerInputBuffer
  96:          1071          34272  sun.security.util.DerValue
  97:          1048          33536  com.google.common.cache.LocalCache$StrongEntry
  98:           320          33280  org.eclipse.jetty.server.HttpConnection
  99:           511          32704  java.nio.DirectByteBuffer
 100:           570          31920  java.lang.invoke.MemberName
 101:          1316          31584  org.codehaus.groovy.util.FastArray
 102:          1298          31152  java.net.InetSocketAddress$InetSocketAddressHolder
 103:          1934          30944  java.util.concurrent.locks.ReentrantLock
 104:           966          30912  java.util.TreeMap$KeyIterator
 105:           955          30560  [Ljava.lang.StringBuilder;
 106:           955          30560  java.text.FieldPosition
 107:           955          30560  org.acegisecurity.providers.anonymous.AnonymousAuthenticationToken
 108:          1273          30552  sun.reflect.annotation.AnnotationInvocationHandler
 109:          1256          30424  [Ljava.lang.reflect.Constructor;
 110:           760          30400  java.lang.invoke.MethodType
 111:          1182          29608  [Lorg.codehaus.groovy.reflection.CachedClass;
 112:           894          28608  java.util.ArrayDeque$DeqIterator
 113:           714          28560  net.java.sezpoz.IndexItem
 114:          1774          28384  java.util.HashMap$EntrySet
 115:           320          28160  org.eclipse.jetty.server.HttpOutput
 116:           382          27504  java.util.logging.Logger
 117:          1679          26864  jenkins.security.NonSerializableSecurityContext
 118:            71          26696  java.lang.Thread
 119:          1079          25896  org.codehaus.groovy.util.ManagedReference
 120:          1071          25704  sun.security.util.DerInputStream
 121:           320          25600  org.eclipse.jetty.server.HttpInputOverHTTP
 122:           320          25600  org.eclipse.jetty.server.Response
 123:           797          25504  java.util.Formatter
 124:          1590          25440  hudson.ExpressionFactory2$JellyJexlContext
 125:          1590          25440  hudson.ExpressionFactory2$JellyMap
 126:           795          25440  java.util.ArrayList$ArrayListSpliterator
 127:          1047          25128  [Lsun.security.x509.AVA;
 128:          1047          25128  sun.security.x509.AVA
 129:          1047          25128  sun.security.x509.RDN
 130:           783          25056  java.lang.invoke.MethodType$ConcurrentWeakInternSet$WeakEntry
 131:           346          24912  java.beans.PropertyDescriptor
 132:            29          24656  [Lorg.codehaus.groovy.runtime.metaclass.MetaMethodIndex$Entry;
 133:           766          24512  org.codehaus.groovy.util.ReferenceType$WeakRef
 134:          1007          24168  org.xml.sax.helpers.AttributesImpl
 135:           993          23832  java.util.concurrent.Executors$RunnableAdapter
 136:           490          23520  sun.nio.cs.StreamEncoder
 137:           319          22968  org.acegisecurity.ui.savedrequest.SavedRequest
 138:           957          22968  org.eclipse.jetty.io.CyclicTimeout$Timeout
 139:          1432          22912  java.util.HashSet
 140:           954          22896  org.acegisecurity.ui.WebAuthenticationDetails
 141:           954          22896  org.apache.commons.beanutils.ConvertingWrapDynaBean
 142:           954          22896  org.apache.commons.beanutils.WrapDynaClass$CacheKey
 143:           476          22848  java.util.WeakHashMap
 144:           714          22848  net.java.sezpoz.impl.SerAnnotatedElement
 145:           911          21864  sun.reflect.generics.tree.SimpleClassTypeSignature
 146:           387          21672  java.lang.Package
 147:           898          21552  java.util.concurrent.CopyOnWriteArrayList
 148:           896          21504  java.util.concurrent.atomic.AtomicLong
 149:           336          21504  sun.nio.cs.SingleByte$Encoder
 150:           232          21360  [Z
 151:           662          21184  java.net.InetAddress$InetAddressHolder
 152:           659          21088  java.util.concurrent.atomic.LongAdder
 153:          1298          20768  java.net.InetSocketAddress
 154:           643          20576  java.net.Inet6Address
 155:           643          20576  java.net.Inet6Address$Inet6AddressHolder
 156:           318          20352  java.util.stream.ReferencePipeline$3
 157:          1202          19232  hudson.security.ACLContext
 158:           480          19200  org.eclipse.jetty.http.MetaData$Response
 159:           795          19080  java.util.Collections$3
 160:           214          18832  org.codehaus.groovy.ast.MethodNode
 161:           583          18656  sun.security.util.ObjectIdentifier
 162:           882          18544  [Ljava.lang.reflect.Type;
 163:           579          18528  java.lang.ref.ReferenceQueue
 164:           651          18288  [Ljava.lang.reflect.Field;
 165:           320          17920  org.eclipse.jetty.http.HttpURI
 166:           320          17920  org.eclipse.jetty.server.HttpChannelState
 167:           319          17864  org.codehaus.groovy.reflection.ClassInfo
 168:           159          17808  org.dom4j.io.HTMLWriter
 169:           911          17472  [Lsun.reflect.generics.tree.TypeArgument;
 170:           542          17344  java.util.logging.LogManager$LogNode
 171:           540          17280  com.thoughtworks.xstream.converters.reflection.FieldKey
 172:             9          17088  [[C
 173:          1042          16672  com.google.common.cache.LocalCache$StrongValueReference
 174:           511          16352  groovy.lang.MetaBeanProperty
 175:           407          16280  hudson.model.LoadStatistics$LoadStatisticsSnapshot
 176:           407          16280  hudson.model.LoadStatistics$LoadStatisticsSnapshot$Builder
 177:           336          16128  com.google.inject.internal.ConstructorBindingImpl
 178:           671          16104  java.util.concurrent.locks.AbstractQueuedSynchronizer$ConditionObject
 179:           222          15984  org.codehaus.groovy.reflection.CachedClass
 180:           662          15888  java.util.Arrays$ArrayList
 181:           661          15864  sun.reflect.NativeConstructorAccessorImpl
 182:           387          15480  java.util.WeakHashMap$Entry
 183:           640          15360  org.eclipse.jetty.http.HttpFields
 184:           320          15360  org.eclipse.jetty.http.HttpGenerator
 185:           320          15360  org.eclipse.jetty.server.HttpConnection$SendCallback
 186:           958          15328  org.acegisecurity.GrantedAuthorityImpl
 187:           319          15312  org.codehaus.groovy.reflection.CachedClass$1
 188:           319          15312  org.codehaus.groovy.reflection.CachedClass$2
 189:           319          15312  org.codehaus.groovy.reflection.CachedClass$3
 190:           319          15312  org.codehaus.groovy.reflection.CachedClass$4
 191:           319          15312  org.codehaus.groovy.reflection.CachedClass$5
 192:           319          15312  org.codehaus.groovy.reflection.CachedClass$6
 193:           319          15312  org.codehaus.groovy.reflection.CachedClass$7
 194:           319          15312  org.codehaus.groovy.reflection.CachedClass$8
 195:           319          15312  org.codehaus.groovy.reflection.ClassInfo$LazyCachedClassRef
 196:           319          15312  org.codehaus.groovy.reflection.ClassInfo$LazyClassLoaderRef
 197:           477          15264  hudson.security.ChainedServletFilter$1
 198:           477          15264  java.util.Vector$Itr
 199:           477          15264  jenkins.security.stapler.StaplerDispatchValidator$$Lambda$132/1113789790
 200:           477          15264  org.acegisecurity.context.HttpSessionContextIntegrationFilter$OnRedirectUpdateSessionResponseWrapper
 201:           477          15264  org.eclipse.jetty.server.HttpChannel$SendCallback
 202:           477          15264  org.eclipse.jetty.server.session.AbstractSessionDataStore$1
 203:           318          15264  org.eclipse.jetty.util.MultiMap$1
 204:           634          15216  com.thoughtworks.xstream.core.util.PrioritizedList$PrioritizedItem
 205:           619          14856  java.util.ArrayDeque
 206:           206          14832  java.util.regex.Pattern
 207:           611          14664  java.lang.Class$AnnotationData
 208:           182          14560  java.net.URI
 209:           359          14360  com.google.inject.internal.SingletonScope$1
 210:           535          14128  [Ljava.nio.ByteBuffer;
 211:           350          14000  java.io.FileDescriptor
 212:           431          13792  java.lang.invoke.LambdaForm$Name
 213:           861          13776  sun.reflect.generics.tree.ClassTypeSignature
 214:           852          13632  org.codehaus.groovy.ast.ClassNode$MapOfLists
 215:           338          13520  com.google.inject.internal.MembersInjectorImpl
 216:           139          13344  java.util.jar.JarFile$JarFileEntry
 217:           332          13280  org.eclipse.jetty.xml.XmlParser$Node
 218:           324          12960  sun.nio.ch.SocketAdaptor
 219:           323          12920  java.io.PrintWriter
 220:           269          12912  java.util.Hashtable
 221:           807          12912  org.eclipse.jetty.util.thread.ScheduledExecutorScheduler$ScheduledFutureTask
 222:           802          12832  org.eclipse.jetty.io.IdleTimeout$$Lambda$106/171280834
 223:           320          12800  org.eclipse.jetty.http.MetaData$Request
 224:           320          12800  sun.nio.ch.SelectionKeyImpl
 225:           319          12760  org.codehaus.groovy.reflection.GroovyClassValuePreJava7$EntryWithValue
 226:           398          12736  org.jenkins.ui.icon.Icon
 227:           159          12720  com.jcraft.jzlib.Deflater
 228:           318          12720  hudson.security.AccessDeniedException2
 229:           318          12720  org.acegisecurity.InsufficientAuthenticationException
 230:           318          12720  org.kohsuke.stapler.jelly.HeaderTag
 231:           176          12672  org.codehaus.groovy.ast.Parameter
 232:           261          12528  sun.security.x509.X500Name
 233:           772          12352  java.util.concurrent.atomic.AtomicInteger
 234:           220          12320  java.security.Provider$Service
 235:           383          12256  com.google.inject.Key
 236:           151          12080  sun.net.www.protocol.jar.URLJarFile
 237:           377          12064  sun.security.x509.AlgorithmId
 238:           213          11928  sun.security.ssl.CipherSuite
 239:           492          11808  hudson.ExtensionList$1
 240:           489          11736  java.io.OutputStreamWriter
 241:           243          11664  java.lang.management.MemoryUsage
 242:           362          11584  com.google.inject.spi.ElementSource
 243:           360          11520  java.lang.StackTraceElement
 244:           359          11488  com.google.inject.internal.CycleDetectingLock$CycleDetectingLockFactory$ReentrantCycleDetectingLock
 245:           477          11448  com.jcraft.jzlib.Tree
 246:           477          11448  hudson.util.PluginServletFilter$1
 247:           477          11448  java.util.stream.MatchOps$$Lambda$111/1082785472
 248:           477          11448  java.util.stream.MatchOps$1MatchSink
 249:           477          11448  java.util.stream.MatchOps$MatchOp
 250:           477          11448  jenkins.security.stapler.StaplerDispatchValidator$$Lambda$129/1112757186
 251:           477          11448  jenkins.security.stapler.StaplerDispatchValidator$ValidatorCache$$Lambda$130/574784834
 252:           477          11448  org.apache.commons.jexl.util.introspection.UberspectImpl$VelMethodImpl
 253:           477          11448  org.eclipse.jetty.http.QuotedCSV
 254:           477          11448  org.eclipse.jetty.security.authentication.DeferredAuthentication
 255:           477          11448  org.eclipse.jetty.server.session.AbstractSessionCache$$Lambda$123/52873334
 256:           477          11448  org.eclipse.jetty.server.session.DefaultSessionCache$$Lambda$124/854526601
 257:           477          11448  org.kohsuke.stapler.compression.CompressionServletResponse
 258:           477          11448  sun.security.action.GetPropertyAction
 259:           473          11352  java.security.Provider$ServiceKey
 260:           353          11296  com.google.inject.spi.InjectionPoint
 261:           126          11232  [Ljava.lang.ThreadLocal$ThreadLocalMap$Entry;
 262:           694          11104  sun.reflect.DelegatingConstructorAccessorImpl
 263:           341          10912  sun.misc.FDBigInteger
 264:           336          10752  com.google.inject.internal.ConstructorBindingImpl$Factory
 265:           336          10752  com.google.inject.internal.ConstructorInjector
 266:           192          10752  org.codehaus.groovy.ast.GenericsType
 267:           164          10496  hudson.TcpSlaveAgentListener$TcpSlaveAgentListenerRescheduler
 268:           328          10496  hudson.model.Queue$Snapshot
 269:           320          10240  [Ljava.nio.channels.SelectionKey;
 270:           320          10240  org.eclipse.jetty.io.ChannelEndPoint$2
 271:           320          10240  org.eclipse.jetty.io.ChannelEndPoint$3
 272:           320          10240  org.eclipse.jetty.io.ChannelEndPoint$4
 273:           320          10240  org.eclipse.jetty.server.HttpOutput$WriteBlocker
 274:           320          10240  org.eclipse.jetty.util.Utf8StringBuilder
 275:           320          10240  sun.nio.ch.WindowsSelectorImpl$MapEntry
 276:           319          10224  [Ljavax.servlet.http.Cookie;
 277:           319          10208  org.codehaus.groovy.util.LockableObject
 278:           159          10176  com.jcraft.jzlib.GZIPHeader
 279:           318          10176  java.io.CharArrayWriter
 280:           318          10176  java.util.concurrent.TimeoutException
 281:           318          10176  java.util.stream.Collectors$CollectorImpl
 282:           318          10176  java.util.stream.ReduceOps$3
 283:           318          10176  java.util.stream.ReduceOps$3ReducingSink
 284:           318          10176  org.eclipse.jetty.io.ManagedSelector$Accept
 285:           181          10136  java.lang.invoke.LambdaFormEditor$Transform
 286:           421          10104  java.util.Date
 287:           125          10000  sun.security.x509.X509CertImpl
 288:           404           9696  com.google.inject.TypeLiteral
 289:           302           9664  java.lang.ThreadLocal$ThreadLocalMap$Entry
 290:           291           9312  java.util.zip.ZipCoder
 291:           291           9312  org.eclipse.jetty.http.PreEncodedHttpField
 292:           581           9296  java.lang.ref.ReferenceQueue$Lock
 293:           166           9296  sun.nio.cs.ISO_8859_1$Encoder
 294:           383           9192  com.google.common.base.Suppliers$MemoizingSupplier
 295:           180           9128  [Lorg.codehaus.groovy.reflection.CachedMethod;
 296:           163           9128  java.util.concurrent.ConcurrentHashMap$ValueIterator
 297:           161           9016  java.util.concurrent.ConcurrentHashMap$KeyIterator
 298:           261           9008  [Lsun.security.x509.RDN;
 299:           281           8992  java.lang.invoke.DirectMethodHandle
 300:           140           8960  java.util.jar.JarFile
 301:           224           8960  org.codehaus.groovy.ast.VariableScope
 302:           159           8904  [Ljava.util.regex.Pattern$GroupHead;
 303:           159           8904  org.apache.commons.jelly.tags.core.NewTag
 304:           159           8904  org.kohsuke.stapler.RequestImpl
 305:            50           8824  [Ljava.beans.MethodDescriptor;
 306:           361           8664  com.google.inject.internal.ProvisionListenerStackCallback
 307:           361           8656  [Lcom.google.inject.spi.ProvisionListener;
 308:           144           8640  [Ljava.lang.ref.SoftReference;
 309:           294           8640  [[B
 310:           360           8640  com.google.inject.internal.ProvisionListenerCallbackStore$KeyBinding
 311:           359           8616  com.google.inject.internal.ConstructionContext
 312:           359           8616  com.google.inject.internal.InternalFactoryToProviderAdapter
 313:           359           8616  com.google.inject.internal.ProviderToInternalFactoryAdapter
 314:           215           8600  org.codehaus.groovy.ast.stmt.ReturnStatement
 315:           357           8568  hudson.ExtensionFinder$GuiceFinder$FaultTolerantScope$1
 316:           357           8568  net.java.sezpoz.IndexItem$AnnotationProxy
 317:           175           8400  java.util.zip.Inflater
 318:           348           8352  sun.reflect.generics.factory.CoreReflectionFactory
 319:           336           8064  com.google.inject.internal.DefaultConstructionProxyFactory$1
 320:           336           8064  com.google.inject.internal.cglib.reflect.$FastConstructor
 321:           335           8040  java.util.concurrent.ConcurrentLinkedQueue$Node
 322:           137           8032  [Lgroovy.lang.MetaMethod;
 323:           334           8016  org.codehaus.groovy.util.SingleKeyHashMap
 324:           334           8016  sun.nio.ch.SocketOptionRegistry$RegistryKey
 325:           492           7872  hudson.util.Iterators$5
 326:           246           7872  java.lang.invoke.BoundMethodHandle$Species_L
 327:           326           7824  hudson.model.Queue$JobOffer
 328:           244           7808  java.util.concurrent.ConcurrentSkipListMap$ValueIterator
 329:           323           7752  org.eclipse.jetty.util.thread.Locker
 330:           373           7736  [Lsun.reflect.generics.tree.FieldTypeSignature;
 331:           321           7704  org.eclipse.jetty.util.AtomicBiInteger
 332:           320           7680  [Ljava.net.InetSocketAddress;
 333:           320           7680  org.eclipse.jetty.io.AbstractEndPoint$1
 334:           320           7680  org.eclipse.jetty.io.AbstractEndPoint$2
 335:           320           7680  org.eclipse.jetty.util.SharedBlockingCallback$Blocker
 336:           160           7680  org.kohsuke.stapler.jelly.CustomJellyContext
 337:           320           7680  org.kohsuke.stapler.lang.Klass
 338:           319           7656  org.codehaus.groovy.util.ManagedConcurrentLinkedQueue$Element
 339:           159           7632  java.util.StringTokenizer
 340:           318           7632  java.util.stream.ReferencePipeline$3$1
 341:           318           7632  jenkins.security.stapler.StaplerDispatchValidator$$Lambda$133/216377168
 342:           477           7632  org.eclipse.jetty.http.HttpParser$$Lambda$110/1597382705
 343:           318           7632  org.eclipse.jetty.io.ManagedSelector$DestroyEndPoint
 344:           477           7632  org.eclipse.jetty.server.HttpChannel$$Lambda$114/1187190049
 345:           477           7632  org.eclipse.jetty.server.HttpChannel$$Lambda$121/1848650988
 346:           477           7632  org.eclipse.jetty.util.Callback$4
 347:           234           7488  java.util.regex.Pattern$Curly
 348:           310           7440  sun.reflect.generics.reflectiveObjects.ParameterizedTypeImpl
 349:           230           7360  com.google.inject.spi.Dependency
 350:           227           7264  java.util.Collections$SynchronizedMap
 351:           302           7248  java.util.LinkedList$Node
 352:           149           7152  java.lang.invoke.LambdaForm
 353:           149           7152  sun.misc.URLClassPath$JarLoader
 354:           354           7080  [Lhudson.model.Computer;
 355:           125           7000  sun.security.util.MemoryCache$SoftCacheEntry
 356:           125           7000  sun.security.x509.X509CertInfo
 357:           290           6960  org.codehaus.groovy.reflection.CachedField
 358:           289           6936  java.lang.Long
 359:           173           6920  org.codehaus.groovy.runtime.metaclass.NewInstanceMetaMethod
 360:           154           6760  [Ljava.lang.invoke.LambdaForm$Name;
 361:           169           6760  java.io.BufferedWriter
 362:           162           6480  java.security.ProtectionDomain
 363:           161           6440  org.dom4j.io.OutputFormat
 364:           136           6400  [Ljava.lang.Integer;
 365:           159           6360  java.util.ArrayList$SubList
 366:           159           6360  java.util.ArrayList$SubList$1
 367:           159           6360  org.apache.commons.jelly.tags.xml.DoctypeTag
 368:           159           6360  org.dom4j.tree.NamespaceStack
 369:           159           6360  org.kohsuke.stapler.AncestorImpl
 370:           159           6360  org.kohsuke.stapler.ResponseImpl
 371:           159           6360  sun.util.locale.LanguageTag
 372:           349           6336  [Lsun.reflect.generics.tree.FormalTypeParameter;
 373:           198           6336  sun.reflect.generics.repository.ClassRepository
 374:           393           6288  java.util.LinkedHashSet
 375:           192           6144  java.util.Vector
 376:           256           6144  org.eclipse.jetty.http.HttpTokens$Token
 377:           383           6128  com.google.inject.Key$1
 378:           189           6048  java.util.Stack
 379:           151           6040  sun.reflect.generics.repository.MethodRepository
 380:           149           5960  sun.nio.fs.WindowsPath
 381:           246           5904  sun.reflect.generics.scope.ClassScope
 382:            72           5760  com.google.common.cache.LocalCache$Segment
 383:           180           5760  java.util.LinkedHashMap$LinkedValueIterator
 384:           357           5712  com.google.inject.internal.Scoping$6
 385:           357           5712  com.sun.proxy.$Proxy21
 386:           238           5712  hudson.ExtensionComponent
 387:           293           5656  [Lorg.codehaus.groovy.ast.ClassNode;
 388:           176           5632  org.eclipse.jetty.util.ArrayTernaryTrie
 389:           350           5600  com.sun.proxy.$Proxy15
 390:           345           5520  java.util.Collections$UnmodifiableSet
 391:           137           5480  sun.nio.cs.UTF_8$Decoder
 392:           225           5400  java.util.regex.Pattern$5
 393:           336           5376  com.google.inject.internal.DefaultConstructionProxyFactory
 394:           334           5344  java.nio.channels.spi.AbstractInterruptibleChannel$1
 395:           330           5320  [Lorg.eclipse.jetty.xml.XmlParser$Attribute;
 396:           163           5216  java.security.CodeSource
 397:           323           5168  org.eclipse.jetty.util.thread.Locker$Lock
 398:           321           5136  [Ljava.lang.annotation.Annotation;
 399:           160           5120  org.eclipse.jetty.http.HostPortHttpField
 400:           320           5120  org.eclipse.jetty.io.AbstractConnection$ReadCallback
 401:           320           5120  org.eclipse.jetty.io.ChannelEndPoint$1
 402:           160           5120  org.eclipse.jetty.server.CookieCutter
 403:           320           5120  org.eclipse.jetty.server.HttpChannel$$Lambda$108/648109199
 404:           320           5120  org.eclipse.jetty.server.HttpConnection$AsyncReadCallback
 405:           320           5120  org.eclipse.jetty.server.HttpConnection$BlockingReadCallback
 406:           213           5112  com.google.inject.internal.InjectorImpl$2
 407:           319           5104  org.acegisecurity.acls.sid.PrincipalSid
 408:           271           5088  [Ljava.lang.reflect.TypeVariable;
 409:           159           5088  com.jcraft.jzlib.Adler32
 410:           159           5088  com.jcraft.jzlib.GZIPOutputStream
 411:           318           5088  hudson.Functions
 412:           159           5088  java.lang.Throwable
 413:           159           5088  org.kohsuke.stapler.ScriptRequestDispatcher
 414:           159           5088  org.kohsuke.stapler.TokenList
 415:           159           5088  org.kohsuke.stapler.jelly.ContentTypeTag
 416:           159           5088  org.kohsuke.stapler.jelly.DefaultScriptInvoker$$Lambda$134/1712678626
 417:           159           5088  org.kohsuke.stapler.jelly.HTMLWriterOutput
 418:           159           5088  org.kohsuke.stapler.jelly.StatusCodeTag
 419:           208           4992  java.util.regex.Pattern$Single
 420:           151           4832  sun.reflect.generics.tree.MethodTypeSignature
 421:           198           4752  sun.reflect.generics.tree.ClassSignature
 422:           193           4632  java.util.regex.Pattern$Start
 423:           190           4560  java.util.concurrent.ConcurrentHashMap$KeySetView
 424:           190           4544  [Lorg.codehaus.groovy.ast.GenericsType;
 425:            81           4536  java.lang.invoke.MethodTypeForm
 426:           113           4520  sun.security.rsa.RSAPublicKeyImpl
 427:           281           4496  java.lang.Byte
 428:           186           4464  jenkins.security.ImpersonatingScheduledExecutorService$1
 429:            79           4424  com.thoughtworks.xstream.core.util.OrderRetainingMap
 430:           184           4416  java.util.Collections$UnmodifiableRandomAccessList
 431:           138           4416  java.util.LinkedList
 432:           177           4248  java.util.Collections$UnmodifiableCollection$1
 433:           263           4208  java.lang.Short
 434:           175           4200  java.util.zip.ZStreamRef
 435:           131           4192  org.eclipse.jetty.util.resource.PathResource
 436:             1           4112  [Lcom.sun.org.apache.xpath.internal.objects.XObject;
 437:           171           4104  java.lang.invoke.LambdaForm$NamedFunction
 438:           128           4096  org.codehaus.groovy.util.ManagedConcurrentMap$EntryWithValue
 439:           255           4080  com.thoughtworks.xstream.converters.SingleValueConverterWrapper
 440:           198           4016  [Lsun.reflect.generics.tree.ClassTypeSignature;
 441:           167           4008  java.util.regex.Pattern$1
 442:           167           4008  org.eclipse.jetty.server.Server$DateField
 443:           166           3984  sun.nio.cs.Surrogate$Parser
 444:           124           3968  org.eclipse.jetty.webapp.MetaData$OriginInfo
 445:            55           3960  sun.reflect.DelegatingClassLoader
 446:            49           3920  org.codehaus.groovy.reflection.stdclasses.CachedSAMClass
 447:           163           3912  jenkins.model.UnlabeledLoadStatistics$UnlabeledNodesIterator
 448:           160           3840  org.eclipse.jetty.util.HostPort
 449:            96           3840  sun.misc.Cleaner
 450:           159           3816  [[Ljava.lang.annotation.Annotation;
 451:           159           3816  java.util.regex.Pattern$TreeInfo
 452:           159           3816  jenkins.security.stapler.StaplerDispatchValidator$$Lambda$136/1546475207
 453:           159           3816  org.apache.commons.jelly.XMLOutput$NamespaceStack
 454:           159           3816  org.kohsuke.stapler.compression.FilterServletOutputStream
 455:           159           3816  org.kohsuke.stapler.jelly.DefaultScriptInvoker$1
 456:           159           3816  org.kohsuke.stapler.jelly.DefaultScriptInvoker$LazyOutputStreamSupplier
 457:           115           3680  org.codehaus.groovy.classgen.asm.MethodCaller
 458:           151           3624  sun.reflect.generics.scope.MethodScope
 459:            90           3600  com.google.common.cache.AbstractCache$SimpleStatsCounter
 460:           111           3552  sun.security.x509.BasicConstraintsExtension
 461:           121           3528  [Ljava.security.cert.Certificate;
 462:           110           3520  org.codehaus.groovy.runtime.metaclass.MetaMethodIndex$Header
 463:           109           3488  sun.security.x509.SubjectKeyIdentifierExtension
 464:            86           3440  java.io.ObjectStreamField
 465:           210           3360  com.sun.proxy.$Proxy1
 466:            56           3336  [Ljava.beans.PropertyDescriptor;
 467:           103           3296  sun.reflect.generics.reflectiveObjects.TypeVariableImpl
 468:            29           3248  java.util.GregorianCalendar
 469:           101           3232  sun.security.x509.KeyUsageExtension
 470:            36           3160  [Ljava.lang.invoke.MethodHandle;
 471:            78           3120  org.eclipse.jetty.http.HttpHeader
 472:           151           3080  [Lsun.reflect.generics.tree.TypeSignature;
 473:           127           3048  sun.security.util.BitArray
 474:            38           3040  org.kohsuke.stapler.jelly.ReallyStaticTagLibrary$1
 475:           126           3024  java.security.Provider$UString
 476:           126           3024  java.util.Collections$SynchronizedSet
 477:           123           3016  [Lorg.codehaus.groovy.ast.Parameter;
 478:            75           3000  sun.reflect.UnsafeQualifiedStaticObjectFieldAccessorImpl
 479:           125           3000  sun.security.util.Cache$EqualByteArray
 480:           125           3000  sun.security.x509.CertificateValidity
 481:            22           2992  org.springframework.beans.factory.support.RootBeanDefinition
 482:             7           2976  [[Ljava.lang.String;
 483:            31           2976  sun.util.calendar.Gregorian$Date
 484:            41           2952  org.codehaus.groovy.ast.FieldNode
 485:            92           2944  org.jvnet.hudson.reactor.Reactor$Node
 486:           181           2896  java.util.TreeSet
 487:            72           2880  com.thoughtworks.xstream.core.util.Pool
 488:           177           2832  jenkins.model.Jenkins$7
 489:           117           2808  java.lang.ThreadLocal$ThreadLocalMap
 490:           116           2784  sun.reflect.NativeMethodAccessorImpl
 491:           172           2752  java.util.TreeMap$KeySet
 492:           171           2736  com.sun.proxy.$Proxy16
 493:           113           2712  sun.security.x509.CertificateExtensions
 494:            55           2640  sun.net.www.MimeEntry
 495:           164           2624  hudson.slaves.NodeProvisioner$$Lambda$105/836818344
 496:            82           2624  java.security.Permissions
 497:           109           2616  sun.security.provider.JavaKeyStore$TrustedCertEntry
 498:           162           2592  [Ljava.security.Principal;
 499:            81           2592  java.io.FilePermission
 500:           162           2592  java.security.ProtectionDomain$Key
 501:            54           2592  org.apache.commons.beanutils.converters.ArrayConverter
 502:           161           2576  org.eclipse.jetty.util.AttributesMap
 503:           159           2544  com.jcraft.jzlib.CRC32
 504:           159           2544  java.lang.invoke.LambdaFormEditor
 505:           159           2544  jenkins.security.stapler.StaplerDispatchValidator$$Lambda$135/1450249938
 506:            53           2544  sun.util.locale.LocaleObjectCache$CacheEntry
 507:            78           2496  org.codehaus.groovy.reflection.CachedConstructor
 508:           103           2472  sun.reflect.generics.tree.FormalTypeParameter
 509:           153           2448  sun.security.x509.KeyIdentifier
 510:           152           2432  sun.reflect.generics.tree.TypeVariableSignature
 511:             9           2408  [[I
 512:            50           2400  java.beans.BeanDescriptor
 513:             6           2352  hudson.node_monitors.AbstractNodeMonitorDescriptor$Record
 514:             2           2320  [Lorg.eclipse.jetty.http.HttpStatus$Code;
 515:            68           2312  [Lorg.codehaus.groovy.reflection.CachedField;
 516:            18           2304  com.google.common.cache.LocalCache
 517:           143           2288  com.sun.proxy.$Proxy8
 518:           141           2256  java.lang.Character
 519:            70           2240  org.apache.commons.jelly.impl.ExpressionAttribute
 520:            46           2208  com.google.inject.internal.ProviderInstanceBindingImpl
 521:            92           2208  java.util.regex.Pattern$Slice
 522:            55           2200  java.security.AccessControlContext
 523:            68           2176  com.sun.org.apache.xerces.internal.xni.QName
 524:           135           2160  sun.security.x509.SerialNumber
 525:            53           2120  sun.security.ec.NamedCurve
 526:            87           2088  org.eclipse.jetty.util.log.JavaUtilLog
 527:           130           2080  sun.reflect.DelegatingMethodAccessorImpl
 528:             1           2064  [Lorg.eclipse.jetty.http.HttpGenerator$PreparedResponse;
 529:           126           2016  groovyjarjarantlr.collections.impl.BitSet
 530:            14           2016  java.text.DecimalFormat
 531:            50           2000  java.beans.GenericBeanInfo
 532:           125           2000  sun.security.x509.CertificateAlgorithmId
 533:           125           2000  sun.security.x509.CertificateSerialNumber
 534:           125           2000  sun.security.x509.CertificateVersion
 535:           125           2000  sun.security.x509.CertificateX509Key
 536:            82           1968  org.apache.commons.beanutils.DynaProperty
 537:            61           1952  org.eclipse.jetty.http2.hpack.HpackContext$StaticEntry
 538:            81           1944  hudson.model.TimeSeries
 539:            81           1944  java.io.FilePermissionCollection
 540:            81           1944  java.util.jar.Manifest
 541:            60           1920  org.eclipse.jetty.http.HttpStatus$Code
 542:            20           1920  sun.font.CompositeFont
 543:            34           1904  sun.util.calendar.ZoneInfo
 544:            79           1896  com.thoughtworks.xstream.core.util.OrderRetainingMap$ArraySet
 545:            58           1856  groovy.lang.MetaClassImpl$MethodIndex
 546:            77           1848  org.jvnet.localizer.Localizable
 547:            25           1800  java.util.logging.LogRecord
 548:            16           1792  groovy.lang.MetaClassImpl
 549:            56           1792  org.eclipse.jetty.servlet.ServletHandler$CachedChain
 550:            44           1760  sun.security.x509.AuthorityKeyIdentifierExtension
 551:            54           1728  com.thoughtworks.xstream.converters.reflection.SerializableConverter
 552:            72           1728  com.thoughtworks.xstream.core.util.ThreadSafeSimpleDateFormat
 553:            72           1728  com.thoughtworks.xstream.core.util.ThreadSafeSimpleDateFormat$1
 554:            36           1728  hudson.security.Permission
 555:            70           1696  [Lorg.apache.commons.jexl.parser.Node;
 556:            53           1696  java.security.spec.EllipticCurve
 557:            13           1664  org.codehaus.groovy.runtime.metaclass.ClosureMetaClass
 558:           103           1648  org.apache.commons.beanutils.converters.ConverterFacade
 559:            67           1608  java.io.ExpiringCache$Entry
 560:            50           1600  sun.reflect.generics.reflectiveObjects.WildcardTypeImpl
 561:            99           1584  com.thoughtworks.xstream.converters.reflection.SerializableConverter$UnserializableParentsReflectionProvider
 562:            28           1568  org.springframework.beans.PropertyValue
 563:            65           1560  java.security.spec.ECPoint
 564:            47           1504  sun.security.x509.URIName
 565:            62           1488  com.sun.org.apache.xerces.internal.util.SymbolTable$Entry
 566:            62           1488  com.thoughtworks.xstream.core.util.FastField
 567:            31           1488  java.util.concurrent.ThreadPoolExecutor$Worker
 568:            20           1440  [Lsun.font.PhysicalFont;
 569:            30           1440  java.time.temporal.ValueRange
 570:            60           1440  java.util.regex.Pattern$GroupHead
 571:            60           1440  java.util.regex.Pattern$GroupTail
 572:            18           1424  [Ljava.lang.Byte;
 573:            59           1416  java.util.regex.Pattern$BitClass
 574:            59           1416  sun.reflect.generics.tree.Wildcard
 575:            44           1408  java.io.File
 576:            29           1392  java.nio.HeapByteBufferR
 577:            58           1392  org.eclipse.jetty.http.HttpGenerator$PreparedResponse
 578:             1           1376  [Lsun.misc.FDBigInteger;
 579:            24           1344  java.util.ResourceBundle$CacheKey
 580:            28           1344  org.codehaus.groovy.ast.AnnotationNode
 581:            41           1312  [Ljava.math.BigInteger;
 582:            82           1312  com.sun.proxy.$Proxy10
 583:            41           1312  java.nio.DirectByteBuffer$Deallocator
 584:            41           1312  sun.reflect.UnsafeObjectFieldAccessorImpl
 585:            54           1296  org.jvnet.hudson.reactor.Reactor$2
 586:            53           1272  com.google.common.collect.SingletonImmutableSet
 587:            39           1248  java.lang.reflect.WeakCache$CacheValue
 588:            42           1240  [Ljava.security.ProtectionDomain;
 589:            77           1232  [Ljava.io.Serializable;
 590:            51           1224  org.slf4j.impl.JDK14LoggerAdapter
 591:            38           1216  java.lang.reflect.Proxy$Key1
 592:            30           1200  java.time.temporal.ChronoField
 593:            50           1200  org.apache.commons.logging.impl.SLF4JLocationAwareLog
 594:            15           1200  org.codehaus.groovy.reflection.stdclasses.CachedClosureClass
 595:            37           1184  com.google.inject.internal.asm.$Type
 596:            74           1184  com.sun.proxy.$Proxy12
 597:            49           1176  hudson.util.VersionNumber$ListItem
 598:            49           1176  org.eclipse.jetty.util.component.ContainerLifeCycle$Bean
 599:            29           1160  java.math.BigDecimal
 600:            72           1152  com.thoughtworks.xstream.converters.reflection.SerializationMethodInvoker
 601:            72           1152  com.thoughtworks.xstream.core.ClassLoaderReference
 602:            18           1152  com.thoughtworks.xstream.mapper.AnnotationMapper
 603:            72           1152  hudson.util.VersionNumber$IntegerItem
 604:            24           1152  java.util.ResourceBundle$BundleReference
 605:            72           1152  java.util.concurrent.atomic.AtomicReferenceArray
 606:            16           1152  org.codehaus.groovy.reflection.stdclasses.ArrayCachedClass
 607:            35           1120  sun.reflect.annotation.AnnotationType
 608:             4           1088  [Ljava.lang.Long;
 609:             4           1088  [Ljava.lang.Short;
 610:            45           1080  com.google.inject.internal.cglib.core.$Signature
 611:            27           1080  hudson.ExtensionList
 612:            27           1080  hudson.model.MultiStageTimeSeries
 613:            33           1056  java.nio.channels.CancelledKeyException
 614:            22           1056  java.util.Properties
 615:            33           1056  sun.nio.ch.AllocatedNativeObject
 616:            66           1056  sun.security.x509.GeneralName
 617:             1           1040  [Ljava.util.logging.LogRecord;
 618:             1           1040  [Lorg.eclipse.jetty.http.HttpTokens$Token;
 619:             1           1040  [Lsun.text.normalizer.UnicodeSet;
 620:            31           1032  [Ljava.util.regex.Pattern$Node;
 621:             7           1008  [Lorg.eclipse.jetty.util.TreeTrie;
 622:             9           1008  hudson.util.XStream2
 623:            63           1008  java.util.LinkedHashMap$LinkedKeySet
 624:            31            992  java.lang.invoke.DirectMethodHandle$Special
 625:            31            992  java.util.regex.Pattern$Branch
 626:            61            976  java.util.LinkedHashMap$LinkedValues
 627:            30            960  java.security.Provider$EngineDescription
 628:            24            960  java.util.EnumMap
 629:            30            960  java.util.RegularEnumSet
 630:            60            960  org.apache.commons.jelly.expression.ConstantExpression
 631:            30            960  sun.font.SunFontManager$FontRegistrationInfo
 632:            30            960  sun.security.x509.DistributionPoint
 633:            29            928  org.codehaus.groovy.runtime.metaclass.MetaMethodIndex
 634:            19            912  org.eclipse.jetty.http.MimeTypes$Type
 635:            38            912  org.jvnet.hudson.reactor.Reactor$1
 636:            10            904  [D
 637:            30            896  [Ljava.io.ObjectStreamField;
 638:            28            896  io.jenkins.lib.versionnumber.JavaSpecificationVersion
 639:            14            896  java.text.DateFormatSymbols
 640:            14            896  java.text.DecimalFormatSymbols
 641:            28            896  org.apache.commons.jexl.parser.ASTIdentifier
 642:            16            896  org.codehaus.groovy.reflection.GroovyClassValuePreJava7$GroovyClassValuePreJava7Segment
 643:            28            896  org.jvnet.hudson.reactor.TaskGraphBuilder$TaskImpl
 644:             2            880  hudson.model.Executor
 645:            12            864  org.apache.commons.jelly.impl.TagScript
 646:            27            864  sun.util.locale.BaseLocale
 647:            27            856  [Ljava.time.format.DateTimeFormatterBuilder$DateTimePrinterParser;
 648:            28            840  [Lorg.codehaus.groovy.reflection.CachedConstructor;
 649:            35            840  sun.awt.SunHints$Value
 650:            26            832  hudson.init.TaskMethodFinder$TaskImpl
 651:            13            832  java.security.SecureRandom
 652:            13            832  java.text.SimpleDateFormat
 653:            17            816  sun.nio.ch.IOVecWrapper
 654:            50            800  sun.security.x509.DNSName
 655:             9            792  org.codehaus.groovy.ast.ConstructorNode
 656:            14            784  org.codehaus.groovy.ast.expr.ConstantExpression
 657:            14            784  sun.security.provider.SHA
 658:            24            768  java.util.ResourceBundle$LoaderReference
 659:            16            768  org.codehaus.groovy.util.ManagedConcurrentMap$Segment
 660:            24            768  sun.font.EAttribute
 661:            24            768  sun.security.x509.OIDMap$OIDInfo
 662:            19            760  org.jvnet.localizer.ResourceBundleHolder$ResourceBundleImpl
 663:            31            744  org.kohsuke.args4j.OptionHandlerRegistry$DefaultConstructorHandlerFactory
 664:            46            736  com.sun.proxy.$Proxy24
 665:            23            736  java.awt.Color
 666:            23            736  java.util.concurrent.SynchronousQueue
 667:            23            736  sun.security.x509.CRLDistributionPointsExtension
 668:            46            736  sun.security.x509.GeneralNames
 669:            30            720  com.google.common.collect.SingletonImmutableList
 670:             9            720  com.thoughtworks.xstream.core.util.CompositeClassLoader
 671:            45            720  com.thoughtworks.xstream.mapper.DefaultMapper
 672:            22            704  org.apache.commons.jexl.parser.ASTReference
 673:            22            704  sun.nio.fs.NativeBuffer
 674:            29            696  groovy.lang.MetaArrayLengthProperty
 675:            43            688  java.lang.Float
 676:            14            672  com.google.common.cache.LocalCache$SoftValueReference
 677:            21            672  hudson.util.VersionNumber
 678:            21            672  sun.reflect.UnsafeQualifiedObjectFieldAccessorImpl
 679:            12            672  sun.security.ssl.CipherSuite$BulkCipher
 680:             2            656  [Lorg.eclipse.jetty.http.HttpHeader;
 681:            41            656  sun.reflect.BootstrapConstructorAccessorImpl
 682:            27            648  java.time.format.DateTimeFormatterBuilder$CompositePrinterParser
 683:            20            640  org.apache.commons.jexl.ExpressionImpl
 684:            20            640  org.apache.commons.jexl.parser.ASTJexlScript
 685:            20            640  org.apache.commons.jexl.parser.ASTReferenceExpression
 686:            16            640  org.codehaus.groovy.runtime.metaclass.NewStaticMetaMethod
 687:             3            624  [Ljava.lang.invoke.LambdaForm;
 688:            26            624  java.security.spec.ECFieldF2m
 689:            39            624  java.util.regex.Pattern$CharPropertyNames$1
 690:            26            624  org.eclipse.jetty.webapp.ClasspathPattern$PackageEntry
 691:             7            616  java.util.jar.JarVerifier
 692:            19            608  java.time.format.DateTimeFormatterBuilder$NumberPrinterParser
 693:            19            608  jenkins.plugins.DetachedPluginsUtil$DetachedPlugin
 694:            38            608  org.apache.commons.jelly.impl.ScriptBlock
 695:             5            600  [Ljava.lang.ClassValue$Entry;
 696:            15            600  java.lang.invoke.MethodHandleImpl$IntrinsicMethodHandle
 697:            25            600  java.time.LocalTime
 698:            15            600  java.time.format.DateTimeFormatter
 699:            25            600  java.util.Locale$LocaleKey
 700:            25            600  sun.nio.fs.NativeBuffer$Deallocator
 701:             2            592  [Lorg.eclipse.jetty.http2.hpack.HpackContext$StaticEntry;
 702:            17            584  [Lorg.codehaus.groovy.classgen.asm.MethodCaller;
 703:            18            576  [Lcom.google.common.cache.LocalCache$Segment;
 704:             4            576  [Ljava.lang.Character;
 705:            12            576  com.sun.org.apache.xerces.internal.util.XMLAttributesImpl$Attribute
 706:            24            576  com.sun.org.apache.xerces.internal.util.XMLStringBuffer
 707:            36            576  java.lang.ThreadLocal
 708:            18            576  java.security.MessageDigest$Delegate
 709:            18            576  java.security.cert.PolicyQualifierInfo
 710:            12            576  java.util.concurrent.locks.ReentrantReadWriteLock$NonfairSync
 711:            18            576  sun.security.x509.CertificatePoliciesExtension
 712:            14            560  hudson.model.BallColor
 713:            14            560  java.text.DigitList
 714:            35            560  java.util.LinkedHashMap$LinkedEntrySet
 715:             2            560  java.util.concurrent.ConcurrentHashMap$CounterCell
 716:             7            560  org.eclipse.jetty.servlet.FilterHolder
 717:            10            560  sun.invoke.util.Wrapper
 718:            23            552  sun.nio.ch.Util$BufferCache
 719:             2            544  [Lorg.eclipse.jetty.io.ByteBufferPool$Bucket;
 720:            17            544  org.codehaus.groovy.runtime.callsite.PogoMetaClassSite
 721:             1            528  [Ljava.util.TimerTask;
 722:            22            528  com.google.inject.internal.InternalFactoryToInitializableAdapter
 723:            22            528  com.thoughtworks.xstream.io.xml.XmlFriendlyNameCoder$IntPair
 724:            22            528  hudson.ExtensionFinder$GuiceFinder$SezpozModule$1
 725:            22            528  org.eclipse.jetty.http.HttpParser$State
 726:            22            528  org.springframework.beans.MutablePropertyValues
 727:            22            528  org.springframework.beans.factory.config.ConstructorArgumentValues
 728:            11            528  sun.misc.URLClassPath
 729:            22            528  sun.security.x509.PolicyInformation
 730:             5            520  java.io.ObjectStreamClass
 731:            10            512  [Lorg.apache.commons.beanutils.DynaProperty;
 732:             7            512  [Lsun.invoke.util.Wrapper;
 733:            16            512  com.google.inject.internal.SingleFieldInjector
 734:            16            512  java.time.temporal.ChronoUnit
 735:             4            512  sun.nio.ch.WindowsSelectorImpl
 736:            16            512  sun.security.ssl.CipherSuite$KeyExchange
 737:            21            504  com.sun.org.apache.xerces.internal.xni.XMLString
 738:            21            504  java.util.AbstractMap$SimpleImmutableEntry
 739:             7            504  java.util.concurrent.ThreadPoolExecutor
 740:            21            504  java.util.regex.Pattern$Ctype
 741:            21            504  org.jvnet.localizer.ResourceBundleHolder
 742:            21            504  sun.security.x509.AVAKeyword
 743:            31            496  java.util.regex.Pattern$BranchConn
 744:            10            480  [Lsun.awt.SunHints$Value;
 745:            12            480  java.lang.invoke.BoundMethodHandle$Species_LL
 746:            10            480  org.apache.commons.beanutils.WrapDynaClass
 747:            20            480  org.eclipse.jetty.servlet.Source
 748:            20            480  org.eclipse.jetty.util.thread.ReservedThreadExecutor$ReservedThread
 749:            29            464  org.acegisecurity.context.SecurityContextImpl
 750:             2            464  sun.net.www.protocol.https.DelegateHttpsURLConnection
 751:            29            464  sun.nio.ch.IOVecWrapper$Deallocator
 752:            19            456  java.net.Inet4Address
 753:            19            456  java.time.Duration
 754:            19            456  winstone.cmdline.Option$OInt
 755:            14            448  com.sun.org.apache.xml.internal.dtm.ref.ExtendedType
 756:            14            448  hudson.model.Items$AllItemsIterable
 757:            14            448  hudson.model.Items$AllItemsIterable$AllItemsIterator
 758:            14            448  hudson.slaves.ComputerRetentionWork$1
 759:            14            448  java.security.AlgorithmParameters
 760:            14            448  java.util.TreeMap$ValueIterator
 761:            14            448  sun.security.provider.SecureRandom
 762:            11            440  org.eclipse.jetty.util.ArrayTrie
 763:            11            440  sun.security.ec.ECPublicKeyImpl
 764:             9            432  com.sun.jna.Structure$StructField
 765:            27            432  com.thoughtworks.xstream.converters.extended.JavaClassConverter
 766:            18            432  com.thoughtworks.xstream.converters.extended.TextAttributeConverter
 767:            18            432  com.thoughtworks.xstream.converters.reflection.FieldDictionary
 768:            18            432  com.thoughtworks.xstream.converters.reflection.SunUnsafeReflectionProvider
 769:            18            432  java.lang.invoke.Invokers
 770:            27            432  java.security.spec.ECFieldFp
 771:            18            432  java.text.DateFormat$Field
 772:            18            432  sun.misc.MetaIndex
 773:            18            432  sun.security.x509.AccessDescription
 774:             1            424  [Lcom.sun.org.apache.xerces.internal.util.SymbolTable$Entry;
 775:            13            416  [Lsun.nio.fs.NativeBuffer;
 776:            13            416  com.sun.org.apache.xerces.internal.util.AugmentationsImpl$SmallContainer
 777:            26            416  com.sun.proxy.$Proxy14
 778:            13            416  java.lang.invoke.SimpleMethodHandle
 779:            13            416  java.util.Collections$UnmodifiableMap
 780:            13            416  java.util.concurrent.ConcurrentHashMap$ForwardingNode
 781:            13            416  org.apache.commons.jexl.parser.Parser$JJCalls
 782:             2            416  sun.security.ssl.ClientHandshaker
 783:            26            416  sun.security.x509.CertificatePolicyId
 784:            19            400  [Ljava.security.CodeSigner;
 785:            15            400  [Lorg.codehaus.groovy.runtime.callsite.CallSite;
 786:            10            400  java.lang.invoke.DirectMethodHandle$Accessor
 787:            10            400  javax.crypto.CryptoPermission
 788:            10            400  org.eclipse.jetty.http.pathmap.ServletPathSpec
 789:             1            392  hudson.WebAppMain$3
 790:             4            384  [Lcom.sun.org.apache.xerces.internal.xni.QName;
 791:             1            384  java.lang.ref.Finalizer$FinalizerThread
 792:             1            384  java.util.TimerThread
 793:             1            384  java.util.logging.LogManager$Cleaner
 794:            12            384  net.sf.ezmorph.array.ObjectArrayMorpher
 795:            16            384  net.sf.ezmorph.object.NumberMorpher
 796:             8            384  org.apache.sshd.common.cipher.BuiltinCiphers
 797:            16            384  org.codehaus.groovy.classgen.asm.MethodCallerMultiAdapter
 798:            12            384  org.codehaus.groovy.syntax.Token
 799:            12            384  org.eclipse.jetty.http.HttpHeaderValue
 800:            12            384  org.kohsuke.asm6.Type
 801:             6            384  sun.nio.ch.FileChannelImpl
 802:            16            384  sun.nio.ch.OptionKey
 803:            12            384  sun.security.x509.ExtendedKeyUsageExtension
 804:             8            384  sun.util.locale.provider.LocaleResources$ResourceReference
 805:             1            384  winstone.ShutdownHook
 806:            16            384  winstone.cmdline.Option$OString
 807:             1            376  java.lang.ref.Reference$ReferenceHandler
 808:            23            368  com.google.inject.internal.Initializables$1
 809:            23            368  java.awt.font.TextAttribute
 810:            23            368  java.util.concurrent.SynchronousQueue$TransferStack
 811:             9            360  [Lcom.thoughtworks.xstream.core.util.ThreadSafeSimpleDateFormat;
 812:             9            360  com.sun.org.apache.xalan.internal.utils.XMLSecurityManager$Limit
 813:             9            360  com.sun.org.apache.xerces.internal.utils.XMLSecurityManager$Limit
 814:             9            360  com.thoughtworks.xstream.mapper.AttributeMapper
 815:             9            360  hudson.util.RobustReflectionConverter
 816:             9            360  java.lang.ClassLoader$NativeLibrary
 817:             3            360  java.net.SocksSocketImpl
 818:            15            360  org.codehaus.groovy.runtime.callsite.CallSiteArray
 819:            15            360  org.eclipse.jetty.http.DateGenerator
 820:            15            360  sun.security.x509.Extension
 821:             4            352  [Ljava.util.concurrent.RunnableScheduledFuture;
 822:            22            352  com.google.inject.Key$AnnotationInstanceStrategy
 823:            22            352  com.google.inject.name.NamedImpl
 824:             1            352  com.sun.org.apache.xerces.internal.impl.XMLNSDocumentScannerImpl
 825:            22            352  com.sun.proxy.$Proxy25
 826:            22            352  com.sun.proxy.$Proxy35
 827:            11            352  jenkins.security.stapler.StaplerDispatchValidator$ValidatorCache$Validator
 828:             4            352  org.codehaus.groovy.control.CompilerConfiguration
 829:            11            352  org.eclipse.jetty.http.HttpMethod
 830:            11            352  org.eclipse.jetty.http2.hpack.StaticTableHttpField
 831:            22            352  org.springframework.beans.factory.support.MethodOverrides
 832:             2            352  sun.security.ssl.SSLSocketImpl
 833:            11            352  sun.security.ssl.SignatureAndHashAlgorithm
 834:             3            344  [Ljava.lang.Thread;
 835:            10            336  [Ljava.lang.annotation.ElementType;
 836:             3            336  [Lsun.font.EAttribute;
 837:            14            336  java.lang.invoke.LambdaFormEditor$Transform$Kind
 838:             6            336  java.nio.DirectLongBufferU
 839:             3            336  org.eclipse.jetty.servlet.ServletHolder
 840:             2            336  org.springframework.beans.factory.support.DefaultListableBeanFactory
 841:             6            336  sun.management.MemoryPoolImpl
 842:             6            336  sun.security.ssl.InputRecord
 843:             8            320  com.google.common.cache.LocalCache$WeakEntry
 844:            10            320  com.jcraft.jzlib.Deflate$Config
 845:            20            320  hudson.ExpressionFactory2$JexlExpression
 846:            10            320  java.lang.OutOfMemoryError
 847:             4            320  java.util.zip.ZipEntry
 848:             8            320  org.apache.commons.beanutils.converters.ByteConverter
 849:             8            320  org.apache.commons.beanutils.converters.DoubleConverter
 850:             8            320  org.apache.commons.beanutils.converters.FloatConverter
 851:             8            320  org.apache.commons.beanutils.converters.IntegerConverter
 852:             8            320  org.apache.commons.beanutils.converters.LongConverter
 853:             8            320  org.apache.commons.beanutils.converters.ShortConverter
 854:             4            320  org.eclipse.jetty.io.ManagedSelector
 855:             4            320  org.eclipse.jetty.util.thread.strategy.EatWhatYouKill
 856:            20            320  sun.font.Font2DHandle
 857:            10            320  sun.security.jca.ProviderConfig
 858:             8            320  sun.security.ssl.SignatureAndHashAlgorithm$HashAlgorithm
 859:            10            320  sun.security.x509.AuthorityInfoAccessExtension
 860:            13            312  com.sun.jna.Pointer
 861:             1            312  hudson.model.Hudson
 862:            13            312  org.codehaus.groovy.runtime.metaclass.ClosureMetaClass$StandardClosureChooser
 863:            13            312  sun.security.ssl.ExtensionType
 864:             3            312  sun.security.ssl.SSLSessionImpl
 865:            19            304  hudson.util.VersionNumber$WildCardItem
 866:            19            304  java.util.regex.Pattern$Dot
 867:             1            296  winstone.HostConfiguration$1
 868:            18            288  com.sun.proxy.$Proxy7
 869:            12            288  com.thoughtworks.xstream.converters.basic.BooleanConverter
 870:             9            288  com.thoughtworks.xstream.converters.basic.DateConverter
 871:             9            288  com.thoughtworks.xstream.converters.extended.LookAndFeelConverter
 872:            18            288  com.thoughtworks.xstream.converters.reflection.ImmutableFieldKeySorter
 873:            18            288  com.thoughtworks.xstream.core.JVM
 874:             9            288  com.thoughtworks.xstream.io.xml.XmlFriendlyNameCoder
 875:             9            288  com.thoughtworks.xstream.mapper.ClassAliasingMapper
 876:             9            288  com.thoughtworks.xstream.mapper.FieldAliasingMapper
 877:             9            288  groovyjarjarasm.asm.Type
 878:            12            288  hudson.util.DescriptorList
 879:             9            288  java.lang.ClassValue$Entry
 880:            12            288  java.lang.RuntimePermission
 881:             9            288  java.lang.StringCoding$StringDecoder
 882:            12            288  java.util.concurrent.locks.ReentrantReadWriteLock
 883:             9            288  java.util.logging.Level
 884:            18            288  java.util.regex.Pattern$CharPropertyNames$4
 885:             9            288  jdk.internal.org.objectweb.asm.Type
 886:             6            288  org.apache.commons.beanutils.converters.DateConverter
 887:             9            288  org.eclipse.jetty.http.HttpComplianceSection
 888:            12            288  org.eclipse.jetty.server.HttpChannelState$Action
 889:             9            288  org.kohsuke.asm5.Type
 890:            12            288  org.springframework.beans.CachedIntrospectionResults
 891:             3            288  sun.net.www.protocol.jar.URLJarFile$URLJarFileEntry
 892:            12            288  winstone.cmdline.Option$OFile
 893:             7            280  java.util.IdentityHashMap
 894:             1            280  java.util.concurrent.atomic.Striped64$Cell
 895:             5            280  org.eclipse.jetty.servlet.ListenerHolder
 896:             7            280  org.eclipse.jetty.util.TreeTrie
 897:            17            272  java.time.format.DateTimeFormatterBuilder$CharLiteralPrinterParser
 898:            17            272  sun.invoke.util.ValueConversions$WrapperCache
 899:            10            264  [Ljava.lang.Boolean;
 900:             3            264  java.net.DualStackPlainSocketImpl
 901:            11            264  java.net.StandardSocketOptions$StdSocketOption
 902:            11            264  java.util.regex.Pattern$Dollar
 903:            11            264  org.eclipse.jetty.http.HttpTokens$Type
 904:            11            264  org.eclipse.jetty.http.HttpURI$State
 905:            16            256  com.google.common.cache.LocalCache$LocalLoadingCache
 906:             8            256  com.google.common.collect.RegularImmutableSet
 907:            16            256  com.sun.proxy.$Proxy20
 908:             4            256  java.lang.ClassValue$ClassValueMap
 909:            16            256  java.util.HashMap$Values
 910:            16            256  java.util.regex.Pattern$Begin
 911:             8            256  org.apache.commons.beanutils.converters.BooleanConverter
 912:             4            256  org.codehaus.groovy.ast.expr.PropertyExpression
 913:             8            256  sun.misc.ProxyGenerator$PrimitiveTypeInfo
 914:             4            256  sun.security.provider.SHA2$SHA256
 915:             8            256  sun.security.x509.NetscapeCertTypeExtension
 916:             8            248  [Ljava.lang.invoke.LambdaForm$BasicType;
 917:             6            240  [Ljava.lang.invoke.BoundMethodHandle$SpeciesData;
 918:             5            240  com.google.inject.internal.InstanceBindingImpl
 919:            10            240  com.google.inject.spi.TypeConverterBinding
 920:            10            240  com.sun.org.apache.xerces.internal.impl.XMLScanner$NameType
 921:             2            240  groovy.lang.GroovyClassLoader$InnerLoader
 922:            10            240  hudson.init.InitMilestone
 923:             6            240  hudson.node_monitors.AbstractNodeMonitorDescriptor$1
 924:            10            240  java.lang.annotation.ElementType
 925:            10            240  java.nio.file.StandardOpenOption
 926:            10            240  java.security.CryptoPrimitive
 927:            10            240  java.util.concurrent.Executors$DefaultThreadFactory
 928:             5            240  java.util.concurrent.LinkedBlockingQueue
 929:             3            240  java.util.concurrent.ScheduledThreadPoolExecutor
 930:            10            240  java.util.regex.Pattern$Ques
 931:            10            240  org.eclipse.jetty.http.pathmap.MappedResource
 932:            10            240  sun.awt.SunHints$Key
 933:             5            240  sun.font.FontFamily
 934:             6            240  sun.management.MemoryPoolImpl$CollectionSensor
 935:             6            240  sun.management.MemoryPoolImpl$PoolSensor
 936:            10            240  sun.security.provider.certpath.X509CertPath
 937:             7            224  com.google.common.collect.RegularImmutableList
 938:            14            224  com.sun.proxy.$Proxy9
 939:             2            224  groovy.lang.GroovyClassLoader
 940:            14            224  hudson.model.Items$AllItemsIterable$AllItemsIterator$$Lambda$91/317188872
 941:            14            224  hudson.util.CopyOnWriteList
 942:             7            224  java.io.FileOutputStream
 943:            14            224  java.util.concurrent.atomic.AtomicBoolean
 944:             4            224  org.apache.commons.beanutils.WeakFastHashMap
 945:            14            224  org.apache.commons.jelly.impl.TextScript
 946:             7            224  org.eclipse.jetty.servlet.FilterMapping
 947:             2            224  org.springframework.web.context.support.StaticWebApplicationContext
 948:             4            224  sun.nio.ch.SinkChannelImpl
 949:             4            224  sun.nio.ch.SourceChannelImpl
 950:             7            224  sun.reflect.UnsafeLongFieldAccessorImpl
 951:             9            216  com.thoughtworks.xstream.converters.basic.StringConverter
 952:             9            216  com.thoughtworks.xstream.converters.collections.CollectionConverter
 953:             9            216  com.thoughtworks.xstream.converters.collections.MapConverter
 954:             9            216  com.thoughtworks.xstream.converters.collections.SingletonCollectionConverter
 955:             9            216  com.thoughtworks.xstream.converters.collections.SingletonMapConverter
 956:             9            216  com.thoughtworks.xstream.converters.collections.TreeMapConverter
 957:             9            216  com.thoughtworks.xstream.converters.collections.TreeSetConverter
 958:             9            216  com.thoughtworks.xstream.converters.collections.TreeSetConverter$1
 959:             9            216  com.thoughtworks.xstream.converters.enums.EnumMapConverter
 960:             9            216  com.thoughtworks.xstream.converters.extended.DynamicProxyConverter
 961:             9            216  com.thoughtworks.xstream.converters.extended.FontConverter
 962:             9            216  com.thoughtworks.xstream.converters.extended.JavaFieldConverter
 963:             9            216  com.thoughtworks.xstream.converters.extended.ThrowableConverter
 964:             9            216  com.thoughtworks.xstream.converters.reflection.ExternalizableConverter
 965:             9            216  com.thoughtworks.xstream.core.DefaultConverterLookup
 966:             9            216  com.thoughtworks.xstream.core.util.PrioritizedList
 967:             9            216  com.thoughtworks.xstream.core.util.SelfStreamingInstanceChecker
 968:             9            216  com.thoughtworks.xstream.core.util.WeakCache
 969:             9            216  com.thoughtworks.xstream.mapper.AttributeAliasingMapper
 970:             9            216  com.thoughtworks.xstream.mapper.CachingMapper
 971:             9            216  com.thoughtworks.xstream.mapper.DefaultImplementationsMapper
 972:             9            216  com.thoughtworks.xstream.mapper.DynamicProxyMapper
 973:             9            216  com.thoughtworks.xstream.mapper.EnumMapper
 974:             9            216  com.thoughtworks.xstream.mapper.ImmutableTypesMapper
 975:             9            216  com.thoughtworks.xstream.mapper.ImplicitCollectionMapper
 976:             9            216  com.thoughtworks.xstream.mapper.LocalConversionMapper
 977:             9            216  com.thoughtworks.xstream.mapper.OuterClassMapper
 978:             9            216  com.thoughtworks.xstream.mapper.PackageAliasingMapper
 979:             9            216  com.thoughtworks.xstream.mapper.SecurityMapper
 980:             9            216  com.thoughtworks.xstream.mapper.SystemAttributeAliasingMapper
 981:             9            216  hudson.util.CopyOnWriteMap$Tree$ConverterImpl
 982:             9            216  hudson.util.DescribableList$ConverterImpl
 983:             9            216  hudson.util.NamingThreadFactory
 984:             9            216  hudson.util.RobustCollectionConverter
 985:             9            216  hudson.util.RobustMapConverter
 986:             9            216  hudson.util.XStream2$2
 987:             9            216  hudson.util.XStream2$3
 988:             9            216  hudson.util.XStream2$AssociatedConverterImpl
 989:             9            216  hudson.util.XStream2$CompatibilityMapper
 990:             9            216  hudson.util.XStream2$MapperInjectionPoint
 991:             9            216  hudson.util.XStream2$PluginClassOwnership
 992:             9            216  hudson.util.xstream.ImmutableListConverter
 993:             9            216  hudson.util.xstream.ImmutableMapConverter
 994:             9            216  hudson.util.xstream.ImmutableSetConverter
 995:             9            216  hudson.util.xstream.ImmutableSortedSetConverter
 996:             9            216  java.util.concurrent.ConcurrentLinkedQueue
 997:             9            216  java.util.logging.Level$KnownLevel
 998:             9            216  java.util.regex.Pattern$CharProperty$1
 999:             9            216  jenkins.security.stapler.StaplerDispatchValidator$ValidatorCache$$Lambda$44/1656752571
1000:             9            216  org.codehaus.groovy.control.CompilePhase
1001:             9            216  org.codehaus.groovy.transform.sc.StaticCompilationMetadataKeys
1002:             9            216  org.eclipse.jetty.http.HttpCompliance
1003:             9            216  org.eclipse.jetty.http.HttpGenerator$Result
1004:             9            216  sun.util.logging.PlatformLogger$Level
1005:             7            208  [Ljava.lang.invoke.LambdaForm$NamedFunction;
1006:             2            208  [Lorg.eclipse.jetty.http.HttpParser$State;
1007:            13            208  com.sun.org.apache.xerces.internal.util.AugmentationsImpl
1008:             2            208  sun.util.calendar.ImmutableGregorianDate
1009:             2            200  [Ljava.text.DateFormat$Field;
1010:             6            200  [[S
1011:             1            200  com.sun.org.apache.xerces.internal.impl.XMLDTDScannerImpl
1012:             5            200  java.io.ObjectStreamClass$FieldReflector
1013:             5            200  java.io.ObjectStreamClass$FieldReflectorKey
1014:             5            200  java.lang.invoke.BoundMethodHandle$SpeciesData
1015:             5            200  java.util.stream.StreamOpFlag
1016:             5            200  sun.reflect.UnsafeQualifiedStaticLongFieldAccessorImpl
1017:             4            192  [Lsun.nio.ch.SelectionKeyImpl;
1018:             1            192  com.sun.org.apache.xerces.internal.parsers.XIncludeAwareParserConfiguration
1019:            12            192  com.sun.proxy.$Proxy17
1020:             6            192  java.io.PrintStream
1021:             6            192  java.lang.StringCoding$StringEncoder
1022:             6            192  java.lang.invoke.LambdaForm$BasicType
1023:             8            192  java.lang.invoke.MethodHandleImpl$Intrinsic
1024:             8            192  java.math.RoundingMode
1025:             6            192  java.time.format.TextStyle
1026:             6            192  java.util.concurrent.atomic.AtomicReferenceFieldUpdater$AtomicReferenceFieldUpdaterImpl
1027:            12            192  java.util.concurrent.locks.ReentrantReadWriteLock$ReadLock
1028:            12            192  java.util.concurrent.locks.ReentrantReadWriteLock$Sync$ThreadLocalHoldCounter
1029:            12            192  java.util.concurrent.locks.ReentrantReadWriteLock$WriteLock
1030:             8            192  javax.crypto.CryptoPermissionCollection
1031:             8            192  org.apache.commons.beanutils.converters.CharacterConverter
1032:             4            192  org.apache.commons.beanutils.converters.SqlDateConverter
1033:             4            192  org.apache.commons.beanutils.converters.SqlTimeConverter
1034:             4            192  org.apache.commons.beanutils.converters.SqlTimestampConverter
1035:            12            192  org.apache.commons.jelly.impl.DefaultTagFactory
1036:             6            192  org.apache.commons.jexl.parser.ASTMethod
1037:             4            192  org.apache.commons.jexl.parser.Token
1038:            12            192  org.apache.commons.lang.time.FastDateFormat$CharacterLiteral
1039:             4            192  org.codehaus.groovy.ast.expr.ClassExpression
1040:             6            192  org.codehaus.groovy.runtime.callsite.PogoGetPropertySite
1041:             8            192  org.codehaus.groovy.runtime.metaclass.MetaMethodIndex$CacheEntry
1042:             8            192  org.eclipse.jetty.server.HttpChannelState$RequestState
1043:             8            192  org.eclipse.jetty.util.ArrayTernaryTrie$Growing
1044:             3            192  org.eclipse.jetty.util.thread.ScheduledExecutorScheduler
1045:             6            192  org.kohsuke.stapler.jelly.InternationalizedStringExpression
1046:             2            192  sun.net.www.protocol.https.HttpsClient
1047:             4            192  sun.nio.ch.WindowsSelectorImpl$FdMap
1048:             2            192  sun.security.jgss.SunProvider
1049:             2            192  sun.security.provider.Sun
1050:             4            192  sun.security.ssl.OutputRecord
1051:             6            192  sun.security.util.MemoryCache
1052:             8            192  winstone.cmdline.Option$OBoolean
1053:             4            176  [Ljava.math.BigDecimal;
1054:             1            176  com.sun.org.apache.xerces.internal.impl.dtd.XMLNSDTDValidator
1055:            11            176  hudson.util.CopyOnWriteList$ConverterImpl
1056:             2            176  java.net.URLClassLoader
1057:            11            176  java.text.NumberFormat$Field
1058:             2            176  sun.net.www.protocol.https.HttpsURLConnectionImpl
1059:            11            176  sun.security.ec.ECParameters
1060:             3            168  [Lorg.codehaus.groovy.control.CompilePhase;
1061:             1            168  [[Ljava.math.BigInteger;
1062:             7            168  com.google.common.collect.RegularImmutableMap$TerminalEntry
1063:             7            168  com.google.inject.internal.TypeConverterBindingProcessor$5
1064:             7            168  com.sun.org.apache.xerces.internal.util.FeatureState
1065:             7            168  hudson.util.DescribableList
1066:             7            168  java.net.NetPermission
1067:             7            168  java.security.CodeSigner
1068:             7            168  java.util.concurrent.ConcurrentSkipListMap$Node
1069:             7            168  org.apache.commons.discovery.log.SimpleLog
1070:             3            168  org.codehaus.groovy.ast.expr.ListExpression
1071:             7            168  org.eclipse.jetty.servlet.FilterHolder$Config
1072:             7            168  org.eclipse.jetty.util.IteratingCallback$State
1073:             7            168  org.eclipse.jetty.webapp.ClasspathPattern$ClassEntry
1074:             7            168  org.eclipse.jetty.webapp.Origin
1075:             7            168  org.eclipse.jetty.xml.XmlParser$Attribute
1076:             7            168  sun.security.x509.NetscapeCertTypeExtension$MapEntry
1077:             2            160  [Lorg.codehaus.groovy.util.AbstractConcurrentMapBase$Segment;
1078:             5            160  [[Lsun.awt.FontDescriptor;
1079:             5            160  com.sun.org.apache.xpath.internal.objects.XNumber
1080:            10            160  com.sun.proxy.$Proxy0
1081:            10            160  com.thoughtworks.xstream.converters.basic.ByteConverter
1082:            10            160  hudson.model.Label$ConverterImpl
1083:             5            160  hudson.model.Result
1084:             5            160  hudson.security.PermissionGroup
1085:             5            160  hudson.util.AtomicFileWriter
1086:             5            160  hudson.util.FileChannelWriter
1087:             5            160  java.io.FileInputStream
1088:             5            160  java.io.ObjectStreamClass$WeakClassKey
1089:             4            160  java.lang.invoke.MethodHandleImpl$AsVarargsCollector
1090:             5            160  java.util.JumboEnumSet
1091:             4            160  java.util.PropertyResourceBundle
1092:            10            160  java.util.WeakHashMap$KeySet
1093:             5            160  java.util.regex.Pattern$3
1094:             4            160  org.apache.commons.beanutils.converters.BigDecimalConverter
1095:             4            160  org.apache.commons.beanutils.converters.BigIntegerConverter
1096:             2            160  org.apache.commons.jelly.tags.core.CoreTagLibrary$2
1097:             2            160  org.codehaus.groovy.reflection.stdclasses.BooleanCachedClass
1098:             2            160  org.codehaus.groovy.reflection.stdclasses.CharacterCachedClass
1099:             2            160  org.codehaus.groovy.reflection.stdclasses.DoubleCachedClass
1100:             2            160  org.codehaus.groovy.reflection.stdclasses.FloatCachedClass
1101:             2            160  org.codehaus.groovy.reflection.stdclasses.IntegerCachedClass
1102:             2            160  org.codehaus.groovy.reflection.stdclasses.LongCachedClass
1103:             2            160  org.codehaus.groovy.runtime.callsite.CallSiteClassLoader
1104:             4            160  org.codehaus.groovy.runtime.callsite.GetEffectivePojoFieldSite
1105:             4            160  org.codehaus.groovy.runtime.callsite.PojoMetaMethodSite$PojoMetaMethodSiteNoUnwrapNoCoerce
1106:             4            160  org.eclipse.jetty.http.HttpVersion
1107:             5            160  org.eclipse.jetty.security.ConstraintMapping
1108:             1            160  org.eclipse.jetty.server.ServerConnector
1109:             1            160  org.eclipse.jetty.server.session.SessionHandler
1110:             5            160  org.eclipse.jetty.util.security.Constraint
1111:             1            160  sun.awt.Win32FontManager
1112:             5            160  sun.reflect.UnsafeIntegerFieldAccessorImpl
1113:             5            160  sun.reflect.UnsafeQualifiedBooleanFieldAccessorImpl
1114:             5            160  sun.reflect.UnsafeStaticObjectFieldAccessorImpl
1115:             5            160  sun.security.ssl.CipherSuite$MacAlg
1116:             5            160  sun.security.ssl.ProtocolList
1117:             5            160  sun.security.ssl.SignatureAndHashAlgorithm$SignatureAlgorithm
1118:             5            160  sun.security.x509.SubjectAlternativeNameExtension
1119:             5            160  sun.util.locale.provider.LocaleProviderAdapter$Type
1120:             1            144  [Ljava.util.Queue;
1121:             1            144  [Ljava.util.concurrent.ConcurrentMap;
1122:             2            144  [Lorg.apache.commons.lang.time.FastDateFormat$Rule;
1123:             9            144  com.google.inject.internal.TypeConverterBindingProcessor$6
1124:             9            144  com.sun.org.apache.xerces.internal.jaxp.datatype.DatatypeFactoryImpl
1125:             6            144  com.sun.org.apache.xerces.internal.util.Status
1126:             6            144  com.sun.org.apache.xml.internal.utils.NSInfo
1127:             9            144  com.thoughtworks.xstream.XStream$1
1128:             9            144  com.thoughtworks.xstream.XStream$2
1129:             9            144  com.thoughtworks.xstream.converters.basic.BigDecimalConverter
1130:             9            144  com.thoughtworks.xstream.converters.basic.BigIntegerConverter
1131:             9            144  com.thoughtworks.xstream.converters.basic.CharConverter
1132:             9            144  com.thoughtworks.xstream.converters.basic.DoubleConverter
1133:             9            144  com.thoughtworks.xstream.converters.basic.FloatConverter
1134:             9            144  com.thoughtworks.xstream.converters.basic.IntConverter
1135:             9            144  com.thoughtworks.xstream.converters.basic.LongConverter
1136:             9            144  com.thoughtworks.xstream.converters.basic.NullConverter
1137:             9            144  com.thoughtworks.xstream.converters.basic.ShortConverter
1138:             9            144  com.thoughtworks.xstream.converters.basic.StringBufferConverter
1139:             9            144  com.thoughtworks.xstream.converters.basic.StringBuilderConverter
1140:             9            144  com.thoughtworks.xstream.converters.basic.URIConverter
1141:             9            144  com.thoughtworks.xstream.converters.basic.URLConverter
1142:             9            144  com.thoughtworks.xstream.converters.basic.UUIDConverter
1143:             9            144  com.thoughtworks.xstream.converters.collections.ArrayConverter
1144:             9            144  com.thoughtworks.xstream.converters.collections.BitSetConverter
1145:             9            144  com.thoughtworks.xstream.converters.collections.CharArrayConverter
1146:             9            144  com.thoughtworks.xstream.converters.collections.PropertiesConverter
1147:             9            144  com.thoughtworks.xstream.converters.enums.EnumConverter
1148:             9            144  com.thoughtworks.xstream.converters.enums.EnumSetConverter
1149:             9            144  com.thoughtworks.xstream.converters.extended.CharsetConverter
1150:             9            144  com.thoughtworks.xstream.converters.extended.ColorConverter
1151:             9            144  com.thoughtworks.xstream.converters.extended.CurrencyConverter
1152:             9            144  com.thoughtworks.xstream.converters.extended.DurationConverter
1153:             9            144  com.thoughtworks.xstream.converters.extended.EncodedByteArrayConverter
1154:             9            144  com.thoughtworks.xstream.converters.extended.FileConverter
1155:             9            144  com.thoughtworks.xstream.converters.extended.GregorianCalendarConverter
1156:             9            144  com.thoughtworks.xstream.converters.extended.JavaMethodConverter
1157:             9            144  com.thoughtworks.xstream.converters.extended.LocaleConverter
1158:             9            144  com.thoughtworks.xstream.converters.extended.RegexPatternConverter
1159:             9            144  com.thoughtworks.xstream.converters.extended.SqlDateConverter
1160:             9            144  com.thoughtworks.xstream.converters.extended.SqlTimeConverter
1161:             9            144  com.thoughtworks.xstream.converters.extended.SqlTimestampConverter
1162:             9            144  com.thoughtworks.xstream.converters.extended.StackTraceElementConverter
1163:             9            144  com.thoughtworks.xstream.converters.extended.SubjectConverter
1164:             9            144  com.thoughtworks.xstream.core.ReferenceByXPathMarshallingStrategy
1165:             9            144  com.thoughtworks.xstream.io.xml.KXml2Driver
1166:             9            144  com.thoughtworks.xstream.mapper.ArrayMapper
1167:             9            144  com.thoughtworks.xstream.security.ExplicitTypePermission
1168:             9            144  com.thoughtworks.xstream.security.NoPermission
1169:             3            144  hudson.DescriptorExtensionList
1170:             6            144  hudson.security.PermissionScope
1171:             9            144  hudson.util.XStream2$BlacklistedTypesConverter
1172:             3            144  java.lang.invoke.BoundMethodHandle$Species_L4
1173:             9            144  java.util.Collections$SingletonSet
1174:             3            144  java.util.concurrent.ConcurrentSkipListMap
1175:             6            144  java.util.regex.Pattern$CharPropertyNames$2
1176:             6            144  java.util.regex.Pattern$SingleI
1177:             9            144  jenkins.util.xstream.SafeURLConverter
1178:             2            144  org.codehaus.groovy.ast.expr.VariableExpression
1179:             1            144  org.codehaus.groovy.control.ClassNodeResolver$1
1180:             6            144  org.eclipse.jetty.http.pathmap.PathSpecGroup
1181:             6            144  org.eclipse.jetty.io.AbstractEndPoint$State
1182:             6            144  org.eclipse.jetty.server.HttpChannelState$InputState
1183:             6            144  org.eclipse.jetty.server.HttpOutput$ApiState
1184:             1            144  org.eclipse.jetty.servlet.ServletHandler
1185:             2            144  org.eclipse.jetty.util.resource.JarFileResource
1186:             6            144  org.kohsuke.stapler.Facet$1
1187:             6            144  org.kohsuke.stapler.MetaClassLoader
1188:             6            144  org.kohsuke.stapler.jelly.JellyClassLoaderTearOff
1189:             6            144  sun.misc.PerfCounter
1190:             6            144  sun.net.www.MessageHeader
1191:             6            144  sun.nio.ch.NativeThreadSet
1192:             1            144  sun.reflect.MethodAccessorGenerator
1193:             9            144  sun.reflect.generics.tree.ArrayTypeSignature
1194:             6            144  sun.security.ssl.ProtocolVersion
1195:             6            144  sun.security.util.DisabledAlgorithmConstraints$KeySizeConstraint$Operator
1196:             3            144  sun.text.normalizer.CharTrie
1197:             2            136  [Lcom.google.common.collect.RegularImmutableMap$LinkedEntry;
1198:             1            136  [Ljava.time.temporal.ChronoField;
1199:             4            136  [Lsun.invoke.util.ValueConversions$WrapperCache;
1200:             1            136  hudson.remoting.RemoteInvocationHandler$Unexporter
1201:             2            128  [Lorg.apache.sshd.common.cipher.BuiltinCiphers;
1202:             2            128  [Lorg.eclipse.jetty.http.HttpMethod;
1203:             8            128  com.google.inject.matcher.Matchers$IdenticalTo
1204:             1            128  com.sun.org.apache.xerces.internal.impl.XMLEntityManager
1205:             8            128  com.sun.proxy.$Proxy3
1206:             8            128  hudson.util.DaemonThreadFactory
1207:             2            128  java.io.ExpiringCache$1
1208:             4            128  java.net.URI$Parser
1209:             4            128  java.util.Random
1210:             8            128  java.util.concurrent.CopyOnWriteArraySet
1211:             4            128  java.util.concurrent.ScheduledThreadPoolExecutor$DelayedWorkQueue
1212:             8            128  java.util.regex.Pattern$CharPropertyNames$3
1213:             4            128  jenkins.security.HMACConfidentialKey
1214:             8            128  org.apache.commons.jelly.expression.CompositeExpression
1215:             8            128  org.apache.commons.jelly.impl.ExpressionScript
1216:             8            128  org.apache.commons.lang.time.FastDateFormat$TwoDigitNumberField
1217:             4            128  org.eclipse.jetty.http.HttpScheme
1218:             4            128  org.eclipse.jetty.util.IncludeExcludeSet
1219:             1            128  org.jvnet.hudson.Windows$MEMORYSTATUSEX
1220:             4            128  sun.misc.URLClassPath$JarLoader$2
1221:             4            128  sun.nio.ch.PollArrayWrapper
1222:             4            128  sun.nio.ch.WindowsSelectorImpl$SubSelector
1223:             4            128  sun.reflect.UnsafeBooleanFieldAccessorImpl
1224:             4            128  sun.security.ssl.CipherSuite$PRF
1225:             2            120  [Lcom.thoughtworks.xstream.io.xml.XmlFriendlyNameCoder$IntPair;
1226:             5            120  com.sun.org.apache.xalan.internal.utils.FeaturePropertyBase$State
1227:             5            120  com.sun.org.apache.xalan.internal.utils.XMLSecurityManager$State
1228:             1            120  com.sun.org.apache.xerces.internal.jaxp.SAXParserImpl$JAXPSAXParser
1229:             5            120  com.sun.org.apache.xerces.internal.util.PropertyState
1230:             5            120  com.sun.org.apache.xerces.internal.utils.XMLSecurityManager$State
1231:             5            120  com.sun.org.apache.xerces.internal.utils.XMLSecurityPropertyManager$State
1232:             5            120  hudson.security.SparseACL$Entry
1233:             3            120  java.lang.invoke.DirectMethodHandle$Constructor
1234:             5            120  java.time.format.SignStyle
1235:             5            120  java.util.concurrent.LinkedBlockingQueue$Node
1236:             3            120  java.util.concurrent.atomic.LongAccumulator
1237:             5            120  java.util.stream.StreamOpFlag$Type
1238:             3            120  javax.net.ssl.SSLParameters
1239:             5            120  javax.servlet.DispatcherType
1240:             5            120  javax.xml.namespace.QName
1241:             5            120  jenkins.install.InstallState
1242:             5            120  org.apache.commons.beanutils.BeanIntrospectionData
1243:             5            120  org.eclipse.jetty.http.HttpGenerator$State
1244:             5            120  org.eclipse.jetty.http.HttpParser$FieldState
1245:             5            120  org.eclipse.jetty.http.HttpTokens$EndOfContent
1246:             5            120  org.eclipse.jetty.io.WriteFlusher$StateType
1247:             5            120  org.eclipse.jetty.security.RoleInfo
1248:             5            120  org.eclipse.jetty.server.HttpChannelState$State
1249:             5            120  org.eclipse.jetty.server.Response$EncodingFrom
1250:             1            120  org.eclipse.jetty.util.thread.QueuedThreadPool
1251:             5            120  org.springframework.context.support.MessageSourceAccessor
1252:             5            120  sun.misc.FloatingDecimal$PreparedASCIIToBinaryBuffer
1253:             5            120  sun.nio.fs.WindowsPathType
1254:             5            120  sun.security.jca.ServiceId
1255:             3            120  sun.security.provider.DSAPublicKeyImpl
1256:             5            120  sun.security.ssl.CipherSuiteList
1257:             5            120  sun.security.util.DisabledAlgorithmConstraints
1258:             2            112  [Lhudson.init.InitMilestone;
1259:             2            112  [Ljava.lang.invoke.MethodType;
1260:             2            112  [Ljava.security.CryptoPrimitive;
1261:             1            112  [Ljava.time.LocalTime;
1262:             2            112  [Lorg.eclipse.jetty.http.HttpComplianceSection;
1263:             1            112  java.util.SimpleTimeZone
1264:             7            112  java.util.jar.JarVerifier$3
1265:             1            112  org.eclipse.jetty.webapp.WebAppClassLoader
1266:             1            112  org.kohsuke.stapler.jelly.groovy.GroovyClassLoaderTearOff$2
1267:             7            112  sun.nio.ch.FileDispatcherImpl
1268:             2            112  sun.security.rsa.RSAPrivateCrtKeyImpl
1269:             1            104  org.eclipse.jetty.security.ConstraintSecurityHandler
1270:             1            104  org.eclipse.jetty.server.HttpConfiguration
1271:             1            104  org.kohsuke.stapler.WebApp
1272:             1            104  sun.awt.windows.WFontConfiguration
1273:             2             96  [Lcom.google.common.cache.LocalCache$EntryFactory;
1274:             2             96  [Lcom.sun.org.apache.xerces.internal.utils.XMLSecurityManager$State;
1275:             3             96  [Ljava.lang.invoke.LambdaFormEditor$Transform;
1276:             3             96  [Ljavax.servlet.Filter;
1277:             1             96  [Lorg.eclipse.jetty.http.MimeTypes$Type;
1278:             1             96  [Lsun.font.CompositeFont;
1279:             1             96  [Lsun.font.FileFont;
1280:             1             96  [[J
1281:             4             96  com.google.common.cache.LocalCache$WriteQueue$1
1282:             3             96  com.jcraft.jzlib.StaticTree
1283:             1             96  com.sun.crypto.provider.SunJCE
1284:             2             96  com.sun.jna.Function
1285:             1             96  com.sun.net.ssl.internal.ssl.Provider
1286:             3             96  com.sun.org.apache.xalan.internal.utils.XMLSecurityManager$NameMap
1287:             1             96  com.sun.org.apache.xerces.internal.impl.dtd.XMLDTDProcessor
1288:             3             96  com.sun.org.apache.xerces.internal.util.XMLResourceIdentifierImpl
1289:             3             96  com.sun.org.apache.xerces.internal.utils.XMLSecurityManager$NameMap
1290:             6             96  com.sun.proxy.$Proxy11
1291:             6             96  com.sun.proxy.$Proxy29
1292:             1             96  com.sun.security.sasl.Provider
1293:             3             96  hudson.model.MultiStageTimeSeries$TimeScale
1294:             3             96  hudson.model.Queue$ItemList
1295:             2             96  hudson.node_monitors.DiskSpaceMonitorDescriptor$DiskSpace
1296:             3             96  hudson.remoting.AtmostOneThreadExecutor
1297:             2             96  hudson.security.TokenBasedRememberMeServices2
1298:             2             96  hudson.slaves.NodeProvisioner
1299:             4             96  java.io.BufferedOutputStream
1300:             4             96  java.lang.ClassValue$Version
1301:             2             96  java.lang.ThreadGroup
1302:             2             96  java.lang.invoke.MethodHandleImpl$WrappedMember
1303:             4             96  java.lang.invoke.MethodHandles$Lookup
1304:             4             96  java.math.MathContext
1305:             2             96  java.net.SocketInputStream
1306:             2             96  java.net.SocketOutputStream
1307:             4             96  java.text.Normalizer$Form
1308:             4             96  java.time.LocalDate
1309:             4             96  java.time.format.DateTimeFormatterBuilder$OffsetIdPrinterParser
1310:             4             96  java.time.format.DateTimeFormatterBuilder$SettingsParser
1311:             3             96  java.util.concurrent.ConcurrentSkipListMap$HeadIndex
1312:             4             96  java.util.regex.Pattern$7
1313:             4             96  java.util.stream.StreamShape
1314:             4             96  jenkins.util.io.FileBoolean
1315:             6             96  org.acegisecurity.util.PortMapperImpl
1316:             2             96  org.apache.commons.beanutils.ConvertUtilsBean
1317:             2             96  org.apache.commons.beanutils.converters.CalendarConverter
1318:             4             96  org.apache.commons.beanutils.converters.ClassConverter
1319:             4             96  org.apache.commons.beanutils.converters.StringConverter
1320:             3             96  org.apache.commons.io.IOCase
1321:             1             96  org.apache.commons.jexl.parser.Parser
1322:             4             96  org.codehaus.groovy.util.ReferenceBundle
1323:             4             96  org.eclipse.jetty.io.ManagedSelector$SelectorProducer
1324:             4             96  org.eclipse.jetty.server.HttpChannelState$OutputState
1325:             4             96  org.eclipse.jetty.server.HttpOutput$State
1326:             4             96  org.eclipse.jetty.server.handler.ContextHandler$Availability
1327:             4             96  org.eclipse.jetty.server.session.Session$State
1328:             1             96  org.eclipse.jetty.server.session.SessionData
1329:             3             96  org.eclipse.jetty.servlet.ServletMapping
1330:             4             96  org.eclipse.jetty.servlet.Source$Origin
1331:             3             96  org.eclipse.jetty.util.ConstantThrowable
1332:             2             96  org.eclipse.jetty.util.MultiMap
1333:             4             96  org.eclipse.jetty.util.component.ContainerLifeCycle$Managed
1334:             4             96  org.eclipse.jetty.util.thread.strategy.EatWhatYouKill$Mode
1335:             4             96  org.eclipse.jetty.webapp.ClasspathPattern$ByClass
1336:             4             96  org.eclipse.jetty.webapp.ClasspathPattern$ByLocationOrModule
1337:             4             96  org.eclipse.jetty.webapp.ClasspathPattern$ByModule
1338:             4             96  org.eclipse.jetty.webapp.ClasspathPattern$ByPackageOrName
1339:             1             96  org.jcp.xml.dsig.internal.dom.XMLDSigRI
1340:             2             96  org.jenkinsci.bytecode.MemberTransformSpec
1341:             6             96  org.kohsuke.stapler.CachingScriptLoader$1
1342:             2             96  org.kohsuke.stapler.MetaClass
1343:             6             96  org.kohsuke.stapler.jelly.InternationalizedStringExpression$1
1344:             3             96  org.springframework.beans.factory.support.ManagedList
1345:             1             96  sun.font.AttributeValues
1346:             1             96  sun.misc.Launcher$AppClassLoader
1347:             3             96  sun.net.spi.DefaultProxySelector$NonProxyInfo
1348:             4             96  sun.nio.ch.PipeImpl
1349:             1             96  sun.nio.ch.ServerSocketChannelImpl
1350:             4             96  sun.nio.ch.WindowsSelectorImpl$FinishLock
1351:             4             96  sun.nio.ch.WindowsSelectorImpl$StartLock
1352:             2             96  sun.nio.cs.SingleByte$Decoder
1353:             4             96  sun.nio.fs.WindowsPathParser$Result
1354:             1             96  sun.security.ec.SunEC
1355:             1             96  sun.security.jca.ProviderList$1
1356:             1             96  sun.security.mscapi.SunMSCAPI
1357:             1             96  sun.security.rsa.SunRsaSign
1358:             1             96  sun.security.smartcardio.SunPCSC
1359:             4             96  sun.security.ssl.SSLAlgorithmConstraints
1360:             3             96  sun.util.locale.provider.LocaleServiceProviderPool
1361:             1             88  [Lsun.security.util.ObjectIdentifier;
1362:             1             88  [[Ljava.lang.Byte;
1363:             1             88  org.eclipse.jetty.server.Server
1364:             1             88  org.eclipse.jetty.server.ServerConnector$ServerConnectorManager
1365:             1             88  sun.misc.Launcher$ExtClassLoader
1366:             2             80  [Lcom.sun.org.apache.xerces.internal.util.XMLAttributesImpl$Attribute;
1367:             1             80  [Ljava.time.temporal.ChronoUnit;
1368:             2             80  [Ljava.util.stream.StreamOpFlag$Type;
1369:             2             80  [Lorg.eclipse.jetty.io.WriteFlusher$StateType;
1370:             2             80  [Lorg.eclipse.jetty.server.Response$EncodingFrom;
1371:             1             80  [Lsun.security.ssl.CipherSuite$KeyExchange;
1372:             2             80  com.google.inject.internal.Initializer$InjectableReference
1373:             5             80  com.google.inject.util.Providers$ConstantProvider
1374:             2             80  com.sun.jna.Library$Handler$FunctionInfo
1375:             2             80  com.sun.org.apache.xerces.internal.impl.dtd.XMLEntityDecl
1376:             2             80  com.sun.org.apache.xerces.internal.impl.dtd.XMLSimpleType
1377:             5             80  com.sun.org.apache.xerces.internal.impl.dv.dtd.ListDatatypeValidator
1378:             5             80  com.sun.proxy.$Proxy18
1379:             5             80  groovy.lang.GroovyClassLoader$1
1380:             1             80  hudson.PluginManager$UberClassLoader
1381:             2             80  hudson.model.DependencyGraph
1382:             1             80  hudson.slaves.ConnectionActivityMonitor
1383:             2             80  hudson.util.DoubleLaunchChecker$1
1384:             1             80  hudson.util.MaskingClassLoader
1385:             2             80  java.io.BufferedInputStream
1386:             2             80  java.io.ExpiringCache
1387:             2             80  java.util.Collections$SingletonMap
1388:             2             80  java.util.Collections$SynchronizedSortedMap
1389:             5             80  java.util.Collections$UnmodifiableCollection
1390:             5             80  java.util.Hashtable$EntrySet
1391:             2             80  java.util.Locale$Category
1392:             2             80  java.util.regex.Pattern$Loop
1393:             5             80  javax.security.auth.x500.X500Principal
1394:             1             80  jenkins.util.ErrorLoggingScheduledThreadPoolExecutor
1395:             5             80  org.acegisecurity.ui.AuthenticationDetailsSourceImpl
1396:             2             80  org.apache.commons.lang.time.FastDateFormat
1397:             2             80  org.codehaus.groovy.classgen.asm.BytecodeVariable
1398:             1             80  org.codehaus.groovy.reflection.stdclasses.BigDecimalCachedClass
1399:             2             80  org.eclipse.jetty.io.ByteBufferPool$Bucket
1400:             1             80  org.eclipse.jetty.server.session.DefaultSessionIdManager
1401:             2             80  org.springframework.context.support.StaticMessageSource
1402:             1             80  sun.font.GlyphList
1403:             2             80  sun.misc.FloatingDecimal$BinaryToASCIIBuffer
1404:             2             80  sun.security.ssl.HandshakeHash
1405:             2             80  sun.util.calendar.Era
1406:             1             72  [Lcom.sun.org.apache.xml.internal.dtm.ref.ExtendedType;
1407:             1             72  [Lhudson.model.BallColor;
1408:             4             72  [Ljava.io.File;
1409:             1             72  [Ljava.lang.invoke.LambdaFormEditor$Transform$Kind;
1410:             3             72  [Ljava.net.InetAddress;
1411:             1             72  [Lorg.apache.commons.jexl.parser.Parser$JJCalls;
1412:             2             72  [Lsun.security.jca.ProviderConfig;
1413:             2             72  [Lsun.security.util.DerValue;
1414:             3             72  com.google.inject.Stage
1415:             3             72  com.google.inject.internal.InjectorImpl$JitLimitation
1416:             3             72  com.google.inject.internal.InternalFlags$IncludeStackTraceOption
1417:             3             72  com.google.inject.internal.InternalFlags$NullableProvidesOption
1418:             3             72  com.google.inject.spi.InjectionPoint$Position
1419:             3             72  com.google.inject.spi.ModuleSource
1420:             3             72  com.sun.nio.file.ExtendedOpenOption
1421:             1             72  hudson.model.FingerprintCleanupThread
1422:             1             72  hudson.model.Hudson$MasterComputer
1423:             1             72  hudson.model.Queue
1424:             1             72  hudson.model.WorkspaceCleanupThread
1425:             3             72  hudson.util.PersistedList
1426:             1             72  java.awt.Font
1427:             1             72  java.awt.geom.AffineTransform
1428:             3             72  java.lang.annotation.RetentionPolicy
1429:             3             72  java.net.InetAddress$CacheEntry
1430:             3             72  java.net.Proxy$Type
1431:             3             72  java.nio.file.StandardCopyOption
1432:             3             72  java.security.SecurityPermission
1433:             3             72  java.security.Timestamp
1434:             3             72  java.time.Instant
1435:             3             72  java.time.ZoneOffset
1436:             3             72  java.time.format.ResolverStyle
1437:             3             72  java.util.Base64$Encoder
1438:             1             72  java.util.ResourceBundle$RBClassLoader
1439:             3             72  java.util.concurrent.ConcurrentLinkedDeque
1440:             3             72  java.util.concurrent.atomic.AtomicMarkableReference$Pair
1441:             1             72  java.util.logging.LogManager$RootLogger
1442:             3             72  java.util.regex.Pattern$Category
1443:             3             72  java.util.stream.Collector$Characteristics
1444:             3             72  java.util.stream.MatchOps$MatchKind
1445:             3             72  javax.crypto.CryptoPermissions
1446:             3             72  javax.servlet.SessionTrackingMode
1447:             1             72  jenkins.DailyCheck
1448:             3             72  jenkins.YesNoMaybe
1449:             1             72  jenkins.model.BackgroundGlobalBuildDiscarder
1450:             3             72  jenkins.model.identity.InstanceIdentityProvider$KeyTypes
1451:             3             72  jenkins.security.ImpersonatingExecutorService
1452:             3             72  jenkins.security.stapler.RoutingDecisionProvider$Decision
1453:             1             72  jenkins.telemetry.Telemetry$TelemetryReporter
1454:             3             72  org.apache.commons.beanutils.converters.FileConverter
1455:             3             72  org.apache.commons.beanutils.converters.URLConverter
1456:             1             72  org.apache.commons.jexl.parser.SimpleCharStream
1457:             3             72  org.apache.commons.jexl.util.introspection.ClassMap
1458:             3             72  org.apache.commons.jexl.util.introspection.ClassMap$MethodCache
1459:             3             72  org.apache.tools.ant.types.FilterSet$OnMissing
1460:             1             72  org.codehaus.groovy.reflection.SunClassLoader
1461:             1             72  org.codehaus.groovy.reflection.stdclasses.BigIntegerCachedClass
1462:             1             72  org.codehaus.groovy.reflection.stdclasses.NumberCachedClass
1463:             1             72  org.codehaus.groovy.reflection.stdclasses.ObjectCachedClass
1464:             1             72  org.codehaus.groovy.reflection.stdclasses.StringCachedClass
1465:             3             72  org.codehaus.groovy.util.ManagedConcurrentLinkedQueue
1466:             3             72  org.eclipse.jetty.http.HttpCookie$SameSite
1467:             1             72  org.eclipse.jetty.http.PathMap
1468:             3             72  org.eclipse.jetty.http.PathMap$MappedEntry
1469:             3             72  org.eclipse.jetty.http.QuotedCSVParser$State
1470:             3             72  org.eclipse.jetty.security.UserDataConstraint
1471:             1             72  org.eclipse.jetty.server.HttpConnectionFactory
1472:             3             72  org.eclipse.jetty.server.Response$OutputType
1473:             1             72  org.eclipse.jetty.server.session.DefaultSessionCache
1474:             1             72  org.eclipse.jetty.servlet.ErrorPageErrorHandler
1475:             3             72  org.eclipse.jetty.servlet.ServletHolder$Config
1476:             3             72  org.eclipse.jetty.servlet.ServletHolder$Registration
1477:             3             72  org.eclipse.jetty.util.IteratingCallback$Action
1478:             3             72  org.eclipse.jetty.util.thread.Invocable$InvocationType
1479:             1             72  org.eclipse.jetty.util.thread.ReservedThreadExecutor
1480:             3             72  org.eclipse.jetty.util.thread.ThreadPoolBudget$Leased
1481:             3             72  org.eclipse.jetty.util.thread.strategy.EatWhatYouKill$State
1482:             1             72  org.eclipse.jetty.webapp.MetaData
1483:             3             72  org.eclipse.jetty.webapp.MetaDataComplete
1484:             3             72  org.springframework.beans.BeanWrapperImpl$PropertyTokenHolder
1485:             3             72  sun.misc.FloatingDecimal$ExceptionalBinaryToASCIIBuffer
1486:             3             72  sun.net.www.protocol.http.HttpURLConnection$TunnelState
1487:             3             72  sun.security.provider.DSAParameters
1488:             3             72  sun.security.ssl.CipherSuite$CipherType
1489:             3             72  sun.security.util.DisabledAlgorithmConstraints$KeySizeConstraint
1490:             1             72  sun.util.locale.provider.JRELocaleProviderAdapter
1491:             3             72  sun.util.resources.ParallelListResourceBundle$KeySet
1492:             1             72  winstone.realm.ArgumentsRealm
1493:             2             64  [Lcom.sun.org.apache.xerces.internal.impl.XMLEntityManager$CharacterBuffer;
1494:             2             64  [Lcom.sun.org.apache.xerces.internal.utils.XMLSecurityPropertyManager$State;
1495:             2             64  [Ljava.lang.annotation.RetentionPolicy;
1496:             3             64  [Ljava.nio.file.LinkOption;
1497:             2             64  [Ljava.util.stream.Collector$Characteristics;
1498:             2             64  [Ljavax.servlet.SessionTrackingMode;
1499:             2             64  [Ljenkins.YesNoMaybe;
1500:             1             64  [Lorg.eclipse.jetty.http.HttpHeaderValue;
1501:             1             64  [Lorg.eclipse.jetty.http.HttpTokens$Type;
1502:             1             64  [Lorg.eclipse.jetty.http.HttpURI$State;
1503:             1             64  [Lorg.eclipse.jetty.server.HttpChannelState$Action;
1504:             2             64  [Lorg.jvnet.hudson.reactor.TaskBuilder;
1505:             1             64  com.google.common.cache.CacheStats
1506:             4             64  com.google.common.cache.LocalCache$WriteQueue
1507:             2             64  com.sun.jna.Library$Handler
1508:             2             64  com.sun.org.apache.xalan.internal.utils.XMLSecurityPropertyManager$Property
1509:             1             64  com.sun.org.apache.xerces.internal.impl.XMLEntityScanner
1510:             2             64  com.sun.org.apache.xerces.internal.jaxp.SAXParserFactoryImpl
1511:             2             64  com.sun.org.apache.xerces.internal.utils.XMLSecurityPropertyManager$Property
1512:             4             64  com.sun.proxy.$Proxy19
1513:             4             64  com.sun.proxy.$Proxy22
1514:             4             64  com.sun.proxy.$Proxy33
1515:             2             64  com.thoughtworks.xstream.mapper.ImplicitCollectionMapper$ImplicitCollectionMappingImpl
1516:             2             64  hudson.diagnosis.MemoryUsageMonitor$MemoryGroup
1517:             2             64  hudson.model.AllView
1518:             1             64  hudson.security.AuthenticationProcessingFilter2
1519:             2             64  hudson.security.HudsonAuthenticationEntryPoint
1520:             4             64  hudson.util.AlternativeUiTextProvider$Message
1521:             4             64  java.lang.Boolean
1522:             4             64  java.lang.ClassValue$Identity
1523:             2             64  java.lang.VirtualMachineError
1524:             2             64  java.lang.ref.ReferenceQueue$Null
1525:             2             64  java.lang.reflect.WeakCache$CacheKey
1526:             1             64  java.nio.DirectByteBufferR
1527:             4             64  java.nio.channels.spi.AbstractSelector$1
1528:             2             64  java.time.format.DateTimeFormatterBuilder$TextPrinterParser
1529:             2             64  java.time.temporal.IsoFields$Unit
1530:             4             64  java.util.Hashtable$KeySet
1531:             2             64  java.util.concurrent.CountDownLatch$Sync
1532:             2             64  jenkins.security.ExceptionTranslationFilter
1533:             2             64  jenkins.security.HexStringConfidentialKey
1534:             2             64  org.acegisecurity.providers.anonymous.AnonymousProcessingFilter
1535:             4             64  org.acegisecurity.util.PortResolverImpl
1536:             4             64  org.apache.commons.jelly.impl.CompositeTextScriptBlock
1537:             2             64  org.apache.commons.jexl.parser.ASTExpression
1538:             2             64  org.eclipse.jetty.io.CyclicTimeout$Wakeup
1539:             4             64  org.eclipse.jetty.io.ManagedSelector$$Lambda$32/6559830
1540:             1             64  org.eclipse.jetty.server.ForwardedRequestCustomizer
1541:             1             64  org.eclipse.jetty.server.session.HouseKeeper
1542:             1             64  org.eclipse.jetty.server.session.NullSessionDataStore
1543:             1             64  org.eclipse.jetty.servlet.DefaultServlet
1544:             4             64  org.eclipse.jetty.webapp.ClasspathPattern$ByLocation
1545:             4             64  org.eclipse.jetty.webapp.ClasspathPattern$ByPackage
1546:             2             64  org.jvnet.hudson.reactor.TaskGraphBuilder
1547:             2             64  org.kohsuke.stapler.jelly.JellyClassTearOff
1548:             2             64  org.kohsuke.stapler.jelly.JellyViewScript
1549:             2             64  org.springframework.ui.context.support.ResourceBundleThemeSource
1550:             4             64  org.springframework.web.context.request.SessionScope
1551:             2             64  sun.misc.SoftCache
1552:             4             64  sun.net.www.ParseUtil
1553:             4             64  sun.net.www.protocol.jar.Handler
1554:             4             64  sun.nio.ch.Util$3
1555:             2             64  sun.reflect.UnsafeQualifiedIntegerFieldAccessorImpl
1556:             4             64  sun.reflect.generics.reflectiveObjects.GenericArrayTypeImpl
1557:             2             64  sun.security.ssl.EphemeralKeyManager$EphemeralKeyPair
1558:             4             64  sun.security.ssl.RandomCookie
1559:             1             64  sun.security.ssl.SSLContextImpl$DefaultSSLContext
1560:             2             64  sun.security.ssl.SSLSessionContextImpl
1561:             2             64  sun.security.x509.PolicyMappingsExtension
1562:             2             64  sun.security.x509.PrivateKeyUsageExtension
1563:             4             64  sun.security.x509.RFC822Name
1564:             4             64  winstone.WinstoneResourceBundle
1565:             1             56  [Lcom.jcraft.jzlib.Deflate$Config;
1566:             1             56  [Lcom.sun.org.apache.xalan.internal.utils.XMLSecurityManager$Limit;
1567:             1             56  [Lcom.sun.org.apache.xerces.internal.impl.XMLScanner$NameType;
1568:             1             56  [Lcom.sun.org.apache.xerces.internal.utils.XMLSecurityManager$Limit;
1569:             1             56  [Ljava.lang.Runnable;
1570:             1             56  [Ljava.nio.file.StandardOpenOption;
1571:             1             56  [Ljava.util.Locale;
1572:             1             56  [Ljava.util.Map;
1573:             1             56  [Lorg.codehaus.groovy.transform.sc.StaticCompilationMetadataKeys;
1574:             1             56  [Lorg.eclipse.jetty.http.HttpCompliance;
1575:             1             56  [Lorg.eclipse.jetty.http.HttpGenerator$Result;
1576:             1             56  [Lsun.util.logging.PlatformLogger$Level;
1577:             1             56  [[Lsun.awt.SunHints$Value;
1578:             1             56  com.google.inject.internal.InheritingState
1579:             1             56  com.google.inject.internal.InjectorImpl
1580:             1             56  com.sun.org.apache.xerces.internal.jaxp.SAXParserImpl
1581:             1             56  com.sun.org.apache.xerces.internal.util.XMLAttributesIteratorImpl
1582:             1             56  hudson.EnvVars
1583:             1             56  hudson.LocalPluginManager
1584:             1             56  hudson.WebAppMain$1
1585:             1             56  hudson.model.Label$1
1586:             1             56  hudson.model.OverallLoadStatistics
1587:             1             56  hudson.model.labels.LabelAtom
1588:             1             56  hudson.tools.DownloadFromUrlInstaller$DescriptorImpl$1
1589:             1             56  java.net.SocketPermission
1590:             1             56  java.util.logging.ConsoleHandler
1591:             1             56  java.util.logging.LogManager
1592:             1             56  jenkins.model.JenkinsLocationConfiguration
1593:             1             56  jenkins.model.UnlabeledLoadStatistics
1594:             1             56  org.acegisecurity.AcegiMessageSource
1595:             1             56  org.apache.commons.jexl.parser.ParserTokenManager
1596:             1             56  org.codehaus.groovy.ast.expr.ArgumentListExpression
1597:             1             56  org.codehaus.groovy.ast.expr.TupleExpression
1598:             1             56  org.eclipse.jetty.io.ArrayByteBufferPool
1599:             1             56  org.eclipse.jetty.server.CachedContentFactory
1600:             1             56  org.eclipse.jetty.server.ResourceService
1601:             1             56  org.eclipse.jetty.server.handler.ErrorHandler
1602:             1             56  org.eclipse.jetty.server.session.Session
1603:             1             56  org.eclipse.jetty.webapp.DefaultsDescriptor
1604:             1             56  org.eclipse.jetty.webapp.WebDescriptor
1605:             1             48  [Lcom.sun.beans.util.Cache$CacheEntry;
1606:             2             48  [Lhudson.init.TermMilestone;
1607:             2             48  [Lhudson.model.Node$Mode;
1608:             1             48  [Ljava.beans.WeakIdentityMap$Entry;
1609:             3             48  [Ljava.lang.Double;
1610:             3             48  [Ljava.lang.Float;
1611:             3             48  [Ljava.lang.StackTraceElement;
1612:             1             48  [Ljava.lang.invoke.MethodHandleImpl$Intrinsic;
1613:             1             48  [Ljava.math.RoundingMode;
1614:             3             48  [Ljava.net.URL;
1615:             2             48  [Ljava.security.cert.X509Certificate;
1616:             1             48  [Ljava.util.concurrent.TimeUnit;
1617:             1             48  [Lorg.eclipse.jetty.server.HttpChannelState$RequestState;
1618:             1             48  [Lorg.eclipse.jetty.servlet.FilterHolder;
1619:             1             48  [Lorg.eclipse.jetty.servlet.FilterMapping;
1620:             1             48  [Lorg.eclipse.jetty.util.IteratingCallback$State;
1621:             1             48  [Lorg.eclipse.jetty.webapp.Origin;
1622:             1             48  [Lsun.font.FontStrike;
1623:             1             48  [Lsun.security.ssl.SignatureAndHashAlgorithm$HashAlgorithm;
1624:             1             48  [Lsun.security.x509.NetscapeCertTypeExtension$MapEntry;
1625:             2             48  [Lsun.util.calendar.Era;
1626:             2             48  com.google.common.base.Joiner$MapJoiner
1627:             1             48  com.google.common.collect.LinkedHashMultimap
1628:             2             48  com.google.common.collect.RegularImmutableMap$NonTerminalEntry
1629:             2             48  com.google.inject.internal.Annotations$AnnotationChecker
1630:             3             48  com.google.inject.internal.ConstantFactory
1631:             2             48  com.google.inject.internal.InternalFlags$CustomClassLoadingOption
1632:             2             48  com.google.inject.internal.cglib.core.$AbstractClassGenerator$Source
1633:             2             48  com.google.inject.spi.ScopeBinding
1634:             1             48  com.sun.jna.NativeLibrary
1635:             1             48  com.sun.jna.NativeLibrary$1
1636:             1             48  com.sun.org.apache.xerces.internal.impl.XMLDocumentFragmentScannerImpl$ElementStack
1637:             1             48  com.sun.org.apache.xerces.internal.util.XMLAttributesImpl
1638:             1             48  com.sun.org.apache.xml.internal.utils.FastStringBuffer
1639:             3             48  com.sun.proxy.$Proxy4
1640:             2             48  com.thoughtworks.xstream.mapper.ImplicitCollectionMapper$NamedItemType
1641:             1             48  groovy.lang.Closure$1
1642:             2             48  hudson.Platform
1643:             1             48  hudson.PluginManager$1
1644:             1             48  hudson.diagnosis.MemoryUsageMonitor
1645:             2             48  hudson.init.TermMilestone
1646:             2             48  hudson.model.DependencyGraph$2
1647:             2             48  hudson.model.Node$Mode
1648:             1             48  hudson.model.UpdateSite
1649:             1             48  hudson.model.UsageStatistics
1650:             2             48  hudson.model.View$PropertyList
1651:             1             48  hudson.node_monitors.ArchitectureMonitor$DescriptorImpl
1652:             1             48  hudson.node_monitors.ClockMonitor$DescriptorImpl
1653:             1             48  hudson.node_monitors.DiskSpaceMonitor$1
1654:             1             48  hudson.node_monitors.ResponseTimeMonitor$1
1655:             1             48  hudson.node_monitors.SwapSpaceMonitor$DescriptorImpl
1656:             1             48  hudson.node_monitors.SwapSpaceMonitor$MemoryUsage2
1657:             1             48  hudson.node_monitors.TemporarySpaceMonitor$DescriptorImpl
1658:             3             48  hudson.security.ChainedServletFilter
1659:             2             48  hudson.security.SecurityRealm$SecurityComponents
1660:             2             48  hudson.security.SparseACL
1661:             2             48  hudson.security.csrf.DefaultCrumbIssuer
1662:             1             48  hudson.slaves.ComputerRetentionWork
1663:             1             48  hudson.triggers.SCMTrigger$DescriptorImpl
1664:             1             48  hudson.triggers.Trigger$Cron
1665:             2             48  hudson.util.ClockDifference
1666:             2             48  hudson.util.CopyOnWriteList$1
1667:             2             48  hudson.util.CopyOnWriteMap$Tree
1668:             2             48  hudson.util.PersistedList$ConverterImpl
1669:             1             48  hudson.util.Retrier
1670:             2             48  hudson.util.StreamTaskListener
1671:             2             48  java.io.ByteArrayOutputStream
1672:             1             48  java.io.Console
1673:             1             48  java.io.Console$3
1674:             1             48  java.io.Console$LineReader
1675:             2             48  java.io.File$PathStatus
1676:             1             48  java.lang.ProcessEnvironment
1677:             2             48  java.lang.management.MemoryType
1678:             2             48  java.lang.reflect.ReflectPermission
1679:             2             48  java.net.InetAddress$Cache
1680:             2             48  java.net.InetAddress$Cache$Type
1681:             2             48  java.net.StandardProtocolFamily
1682:             2             48  java.net.URLClassLoader$1
1683:             2             48  java.net.URLClassLoader$2
1684:             3             48  java.nio.channels.FileChannel$MapMode
1685:             2             48  java.nio.charset.CoderResult
1686:             3             48  java.nio.charset.CodingErrorAction
1687:             2             48  java.security.KeyPair
1688:             3             48  java.text.AttributedCharacterIterator$Attribute
1689:             2             48  java.time.LocalDateTime
1690:             2             48  java.time.format.DateTimeFormatterBuilder$1
1691:             2             48  java.time.format.DateTimeFormatterBuilder$ZoneIdPrinterParser
1692:             2             48  java.time.format.DateTimeTextProvider$LocaleStore
1693:             3             48  java.util.Base64$Decoder
1694:             2             48  java.util.BitSet
1695:             2             48  java.util.Collections$SetFromMap
1696:             2             48  java.util.Collections$SynchronizedCollection
1697:             3             48  java.util.ResourceBundle$NoFallbackControl
1698:             3             48  java.util.concurrent.ConcurrentHashMap$ValuesView
1699:             2             48  java.util.concurrent.ConcurrentSkipListMap$Index
1700:             3             48  java.util.concurrent.atomic.AtomicMarkableReference
1701:             2             48  java.util.logging.Logger$LoggerBundle
1702:             2             48  java.util.regex.Pattern$Prolog
1703:             2             48  java.util.regex.Pattern$SliceI
1704:             2             48  javax.crypto.spec.SecretKeySpec
1705:             2             48  javax.net.ssl.SNIHostName
1706:             1             48  jenkins.model.Jenkins$5
1707:             2             48  jenkins.security.CryptoConfidentialKey
1708:             2             48  jenkins.security.ImpersonatingExecutorService$1
1709:             3             48  jenkins.security.ImpersonatingUserDetailsService
1710:             2             48  jenkins.security.stapler.StaplerDispatchValidator$ValidatorCache$$Lambda$131/1574419935
1711:             2             48  net.sf.ezmorph.object.BooleanObjectMorpher
1712:             2             48  net.sf.ezmorph.object.CharacterObjectMorpher
1713:             2             48  org.acegisecurity.AuthenticationTrustResolverImpl
1714:             2             48  org.acegisecurity.userdetails.memory.UserAttribute
1715:             1             48  org.apache.commons.beanutils.WrapDynaClass$2
1716:             3             48  org.apache.commons.jexl.util.introspection.MethodMap
1717:             2             48  org.apache.commons.lang.time.FastDateFormat$PaddedNumberField
1718:             2             48  org.apache.commons.lang.time.FastDateFormat$TextField
1719:             1             48  org.apache.sshd.common.cipher.BuiltinCiphers$1
1720:             1             48  org.apache.sshd.common.cipher.BuiltinCiphers$2
1721:             1             48  org.apache.sshd.common.cipher.BuiltinCiphers$3
1722:             1             48  org.codehaus.groovy.antlr.GroovySourceAST
1723:             1             48  org.codehaus.groovy.ast.tools.WideningCategories$1
1724:             1             48  org.codehaus.groovy.classgen.BytecodeExpression$1
1725:             2             48  org.codehaus.groovy.runtime.callsite.AbstractCallSite
1726:             1             48  org.codehaus.groovy.runtime.dgm$1120
1727:             1             48  org.codehaus.groovy.runtime.dgm$1122
1728:             1             48  org.codehaus.groovy.runtime.dgm$469
1729:             1             48  org.codehaus.groovy.runtime.dgm$470
1730:             1             48  org.codehaus.groovy.runtime.dgm$471
1731:             1             48  org.codehaus.groovy.runtime.dgm$472
1732:             1             48  org.codehaus.groovy.runtime.dgm$473
1733:             1             48  org.codehaus.groovy.runtime.dgm$474
1734:             1             48  org.codehaus.groovy.runtime.metaclass.MetaClassRegistryImpl
1735:             2             48  org.codehaus.groovy.util.ReferenceType$HardRef
1736:             2             48  org.dom4j.Namespace
1737:             2             48  org.dom4j.tree.QNameCache
1738:             2             48  org.dom4j.util.SimpleSingleton
1739:             2             48  org.eclipse.jetty.http.CookieCompliance
1740:             1             48  org.eclipse.jetty.security.authentication.FormAuthenticator
1741:             2             48  org.eclipse.jetty.server.HttpInput$EofContent
1742:             2             48  org.eclipse.jetty.server.MultiPartFormDataCompliance
1743:             1             48  org.eclipse.jetty.util.BlockingArrayQueue
1744:             1             48  org.eclipse.jetty.util.component.AttributeContainerMap
1745:             2             48  org.eclipse.jetty.util.statistic.CounterStatistic
1746:             3             48  org.eclipse.jetty.util.thread.ScheduledExecutorScheduler$$Lambda$21/967576586
1747:             2             48  org.eclipse.jetty.webapp.ClasspathPattern
1748:             1             48  org.eclipse.jetty.webapp.WebDescriptor$1
1749:             2             48  org.jenkins.ui.icon.IconType
1750:             2             48  org.jenkinsci.bytecode.NameAndType
1751:             2             48  org.jenkinsci.main.modules.instance_identity.InstanceIdentity
1752:             1             48  org.jenkinsci.main.modules.sshd.SSHD
1753:             1             48  org.jvnet.hudson.MemoryUsage
1754:             2             48  org.kohsuke.stapler.IndexViewDispatcher
1755:             3             48  org.kohsuke.stapler.Optional
1756:             2             48  org.kohsuke.stapler.ResponseImpl$OutputMode
1757:             1             48  org.kohsuke.stapler.framework.adjunct.AdjunctManager
1758:             2             48  org.kohsuke.stapler.jelly.ResourceBundle
1759:             2             48  org.kohsuke.stapler.jelly.groovy.GroovyClassTearOff
1760:             2             48  org.kohsuke.stapler.jelly.groovy.GroovyServerPageTearOff
1761:             2             48  org.springframework.context.event.SimpleApplicationEventMulticaster
1762:             2             48  org.springframework.context.support.AbstractApplicationContext$BeanPostProcessorChecker
1763:             2             48  org.springframework.core.NamedThreadLocal
1764:             2             48  org.springframework.web.context.support.ServletContextAwareProcessor
1765:             2             48  org.springframework.web.context.support.ServletContextResourcePatternResolver
1766:             2             48  sun.misc.JarIndex
1767:             2             48  sun.misc.NativeSignalHandler
1768:             2             48  sun.misc.Signal
1769:             1             48  sun.net.www.http.KeepAliveCache
1770:             1             48  sun.nio.cs.StreamDecoder
1771:             1             48  sun.nio.cs.US_ASCII$Decoder
1772:             2             48  sun.security.jca.ProviderList
1773:             2             48  sun.security.jca.ProviderList$3
1774:             2             48  sun.security.ssl.AppInputStream
1775:             2             48  sun.security.ssl.AppOutputStream
1776:             1             48  sun.security.ssl.CipherBox
1777:             2             48  sun.security.ssl.HandshakeOutStream
1778:             3             48  sun.security.ssl.SessionId
1779:             3             48  sun.security.util.AlgorithmDecomposer
1780:             3             48  sun.security.util.DisabledAlgorithmConstraints$KeySizeConstraints
1781:             2             48  sun.security.x509.CertificatePolicyMap
1782:             3             48  sun.text.normalizer.CharTrie$FriendAgent
1783:             1             48  sun.text.normalizer.IntTrie
1784:             3             48  sun.text.normalizer.NormalizerBase$QuickCheckResult
1785:             3             48  sun.text.normalizer.VersionInfo
1786:             1             48  sun.text.resources.FormatData
1787:             1             48  sun.text.resources.en.FormatData_en
1788:             1             48  sun.text.resources.en.FormatData_en_US
1789:             1             48  sun.util.resources.CalendarData
1790:             1             48  sun.util.resources.CurrencyNames
1791:             1             48  sun.util.resources.TimeZoneNames
1792:             1             48  sun.util.resources.en.CalendarData_en
1793:             1             48  sun.util.resources.en.CurrencyNames_en_US
1794:             1             48  sun.util.resources.en.TimeZoneNames_en
1795:             1             48  winstone.HostConfiguration
1796:             2             48  winstone.cmdline.Option$OClass
1797:             2             40  [Lcom.google.inject.internal.asm.$Type;
1798:             1             40  [Lcom.sun.org.apache.xalan.internal.utils.FeaturePropertyBase$State;
1799:             1             40  [Lcom.sun.org.apache.xalan.internal.utils.XMLSecurityManager$State;
1800:             1             40  [Lcom.sun.org.apache.xerces.internal.util.Status;
1801:             1             40  [Lhudson.model.Result;
1802:             1             40  [Ljava.lang.management.MemoryPoolMXBean;
1803:             1             40  [Ljava.time.format.SignStyle;
1804:             1             40  [Ljava.time.format.TextStyle;
1805:             1             40  [Ljava.util.stream.StreamOpFlag;
1806:             1             40  [Ljavax.servlet.DispatcherType;
1807:             1             40  [Ljenkins.install.InstallState;
1808:             1             40  [Lorg.eclipse.jetty.http.HttpGenerator$State;
1809:             1             40  [Lorg.eclipse.jetty.http.HttpParser$FieldState;
1810:             1             40  [Lorg.eclipse.jetty.http.HttpTokens$EndOfContent;
1811:             1             40  [Lorg.eclipse.jetty.http.pathmap.PathSpecGroup;
1812:             1             40  [Lorg.eclipse.jetty.io.AbstractEndPoint$State;
1813:             1             40  [Lorg.eclipse.jetty.server.HttpChannelState$InputState;
1814:             1             40  [Lorg.eclipse.jetty.server.HttpChannelState$State;
1815:             1             40  [Lorg.eclipse.jetty.server.HttpOutput$ApiState;
1816:             1             40  [Lorg.eclipse.jetty.servlet.ListenerHolder;
1817:             1             40  [Lsun.nio.fs.WindowsPathType;
1818:             1             40  [Lsun.security.jca.ServiceId;
1819:             1             40  [Lsun.security.ssl.SignatureAndHashAlgorithm$SignatureAlgorithm;
1820:             1             40  [Lsun.security.util.DisabledAlgorithmConstraints$KeySizeConstraint$Operator;
1821:             1             40  [Lsun.util.locale.provider.LocaleProviderAdapter$Type;
1822:             1             40  [[Ljava.lang.invoke.LambdaForm$Name;
1823:             1             40  [[[I
1824:             1             40  [[[Lsun.awt.FontDescriptor;
1825:             1             40  [[[S
1826:             1             40  com.google.common.collect.EmptyImmutableListMultimap
1827:             1             40  com.google.common.collect.RegularImmutableMap
1828:             1             40  com.sun.beans.finder.MethodFinder$1
1829:             1             40  com.sun.jna.Structure$LayoutInfo
1830:             1             40  com.sun.org.apache.xerces.internal.impl.XMLDocumentFragmentScannerImpl$ElementStack2
1831:             1             40  com.sun.org.apache.xerces.internal.impl.XMLEntityManager$CharacterBufferPool
1832:             1             40  com.sun.org.apache.xerces.internal.impl.XMLErrorReporter
1833:             1             40  com.sun.org.apache.xerces.internal.impl.XMLVersionDetector
1834:             1             40  com.sun.org.apache.xerces.internal.impl.dtd.XMLDTDDescription
1835:             1             40  com.sun.org.apache.xerces.internal.impl.validation.ValidationState
1836:             1             40  com.sun.org.apache.xerces.internal.util.SymbolTable
1837:             1             40  com.sun.org.apache.xerces.internal.utils.XMLLimitAnalyzer
1838:             1             40  com.sun.org.apache.xerces.internal.utils.XMLSecurityManager
1839:             1             40  com.sun.xml.internal.stream.XMLEntityStorage
1840:             1             40  com.sun.xml.internal.stream.util.BufferAllocator
1841:             1             40  hudson.PluginManager$2
1842:             1             40  hudson.diagnosis.HudsonHomeDiskUsageChecker
1843:             1             40  hudson.model.ComputerSet$3
1844:             1             40  hudson.model.JDK$DescriptorImpl
1845:             1             40  hudson.model.LoadStatistics$LoadStatisticsUpdater
1846:             1             40  hudson.model.Queue$MaintainTask
1847:             1             40  hudson.model.UpdateCenter
1848:             1             40  hudson.scm.NullSCM$DescriptorImpl
1849:             1             40  hudson.security.AbstractPasswordBasedSecurityRealm$Authenticator
1850:             1             40  hudson.security.SecurityRealm$getLoginUrl
1851:             1             40  hudson.security.csrf.DefaultCrumbIssuer$DescriptorImpl
1852:             1             40  hudson.slaves.NodeProvisioner$NodeProvisionerInvoker
1853:             1             40  hudson.tasks.Maven$DescriptorImpl
1854:             1             40  hudson.tasks.Maven$MavenInstallation$DescriptorImpl
1855:             1             40  hudson.tasks.Shell$DescriptorImpl
1856:             1             40  hudson.util.DoubleLaunchChecker
1857:             1             40  java.beans.WeakIdentityMap$Entry
1858:             1             40  java.io.StringReader
1859:             1             40  java.lang.invoke.BoundMethodHandle$Species_L3
1860:             1             40  java.lang.reflect.Proxy$Key2
1861:             1             40  java.time.format.DateTimeFormatterBuilder
1862:             1             40  java.util.HashMap$ValueIterator
1863:             1             40  java.util.ResourceBundle$1
1864:             1             40  javax.crypto.CryptoAllPermission
1865:             1             40  jenkins.install.SetupWizard
1866:             1             40  jenkins.management.AdministrativeMonitorsDecorator
1867:             1             40  jenkins.model.ArtifactManagerConfiguration
1868:             1             40  jenkins.model.GlobalBuildDiscarderConfiguration
1869:             1             40  jenkins.model.Jenkins$get
1870:             1             40  jenkins.model.Jenkins$getSecretKey$0
1871:             1             40  jenkins.mvn.GlobalMavenConfig
1872:             1             40  jenkins.security.QueueItemAuthenticatorConfiguration
1873:             1             40  jenkins.security.ResourceDomainConfiguration
1874:             1             40  jenkins.security.UpdateSiteWarningsConfiguration
1875:             1             40  jenkins.security.apitoken.ApiTokenPropertyConfiguration
1876:             1             40  jenkins.security.s2m.MasterKillSwitchConfiguration
1877:             1             40  jenkins.telemetry.Correlator
1878:             1             40  org.acegisecurity.providers.ProviderManager
1879:             1             40  org.codehaus.groovy.runtime.callsite.ConstructorSite$ConstructorSiteNoUnwrapNoCoerce
1880:             1             40  org.codehaus.groovy.util.ReferenceManager$1
1881:             1             40  org.eclipse.jetty.security.UserStore
1882:             1             40  org.eclipse.jetty.webapp.StandardDescriptorProcessor
1883:             1             40  org.eclipse.jetty.webapp.WebAppContext$Context
1884:             1             40  org.jenkinsci.bytecode.AdaptField$FactoryImpl$1
1885:             1             40  org.jenkinsci.bytecode.AdaptField$FactoryImpl$GetFieldAdapter
1886:             1             40  org.jenkinsci.main.modules.instance_identity.PageDecoratorImpl
1887:             1             40  org.jenkinsci.main.modules.sshd.PortAdvertiser
1888:             1             40  org.kohsuke.stapler.MetaClass$11
1889:             1             40  org.kohsuke.stapler.Stapler
1890:             1             40  sun.awt.resources.awt
1891:             1             40  sun.net.idn.StringPrep
1892:             1             40  sun.nio.ch.FileChannelImpl$Unmapper
1893:             1             40  sun.nio.cs.StandardCharsets$Aliases
1894:             1             40  sun.nio.cs.StandardCharsets$Cache
1895:             1             40  sun.nio.cs.StandardCharsets$Classes
1896:             1             40  sun.security.provider.JavaKeyStore$DualFormatJKS
1897:             1             40  sun.util.logging.resources.logging
1898:             1             40  winstone.Launcher
1899:             1             32  [Lcom.google.common.cache.LocalCache$Strength;
1900:             1             32  [Lcom.google.inject.Stage;
1901:             1             32  [Lcom.google.inject.internal.InjectorImpl$JitLimitation;
1902:             1             32  [Lcom.google.inject.internal.InternalFlags$IncludeStackTraceOption;
1903:             1             32  [Lcom.google.inject.internal.InternalFlags$NullableProvidesOption;
1904:             1             32  [Lcom.google.inject.spi.InjectionPoint$Position;
1905:             1             32  [Lcom.sun.beans.util.Cache$Kind;
1906:             1             32  [Lcom.sun.nio.file.ExtendedOpenOption;
1907:             1             32  [Lcom.sun.org.apache.xalan.internal.utils.XMLSecurityManager$NameMap;
1908:             1             32  [Lcom.sun.org.apache.xerces.internal.utils.XMLSecurityManager$NameMap;
1909:             1             32  [Lcom.thoughtworks.xstream.core.util.FastField;
1910:             1             32  [Lhudson.model.MultiStageTimeSeries$TimeScale;
1911:             1             32  [Ljava.awt.Color;
1912:             2             32  [Ljava.lang.Enum;
1913:             1             32  [Ljava.lang.OutOfMemoryError;
1914:             1             32  [Ljava.lang.ThreadGroup;
1915:             1             32  [Ljava.net.Proxy$Type;
1916:             1             32  [Ljava.nio.file.StandardCopyOption;
1917:             2             32  [Ljava.sql.Date;
1918:             2             32  [Ljava.sql.Time;
1919:             2             32  [Ljava.sql.Timestamp;
1920:             1             32  [Ljava.text.Normalizer$Form;
1921:             1             32  [Ljava.time.format.DateTimeFormatterBuilder$SettingsParser;
1922:             1             32  [Ljava.time.format.ResolverStyle;
1923:             1             32  [Ljava.time.temporal.IsoFields$Field;
1924:             2             32  [Ljava.util.Calendar;
1925:             2             32  [Ljava.util.Date;
1926:             1             32  [Ljava.util.stream.MatchOps$MatchKind;
1927:             1             32  [Ljava.util.stream.StreamShape;
1928:             1             32  [Ljenkins.security.stapler.RoutingDecisionProvider$Decision;
1929:             1             32  [Lorg.apache.commons.io.IOCase;
1930:             1             32  [Lorg.apache.sshd.common.NamedFactory;
1931:             1             32  [Lorg.codehaus.groovy.util.ReferenceType;
1932:             1             32  [Lorg.eclipse.jetty.http.HttpCookie$SameSite;
1933:             1             32  [Lorg.eclipse.jetty.http.HttpScheme;
1934:             1             32  [Lorg.eclipse.jetty.http.HttpVersion;
1935:             1             32  [Lorg.eclipse.jetty.http.QuotedCSVParser$State;
1936:             1             32  [Lorg.eclipse.jetty.io.ManagedSelector;
1937:             1             32  [Lorg.eclipse.jetty.security.UserDataConstraint;
1938:             1             32  [Lorg.eclipse.jetty.server.HttpChannelState$OutputState;
1939:             1             32  [Lorg.eclipse.jetty.server.HttpOutput$State;
1940:             1             32  [Lorg.eclipse.jetty.server.Response$OutputType;
1941:             1             32  [Lorg.eclipse.jetty.server.handler.ContextHandler$Availability;
1942:             1             32  [Lorg.eclipse.jetty.server.session.Session$State;
1943:             1             32  [Lorg.eclipse.jetty.servlet.ServletHolder;
1944:             1             32  [Lorg.eclipse.jetty.servlet.ServletMapping;
1945:             1             32  [Lorg.eclipse.jetty.servlet.Source$Origin;
1946:             1             32  [Lorg.eclipse.jetty.util.IteratingCallback$Action;
1947:             1             32  [Lorg.eclipse.jetty.util.component.ContainerLifeCycle$Managed;
1948:             1             32  [Lorg.eclipse.jetty.util.thread.Invocable$InvocationType;
1949:             1             32  [Lorg.eclipse.jetty.util.thread.strategy.EatWhatYouKill$Mode;
1950:             1             32  [Lorg.eclipse.jetty.util.thread.strategy.EatWhatYouKill$State;
1951:             1             32  [Lorg.eclipse.jetty.webapp.MetaDataComplete;
1952:             1             32  [Lsun.net.www.protocol.http.HttpURLConnection$TunnelState;
1953:             1             32  [Lsun.security.ssl.CipherSuite$CipherType;
1954:             1             32  [Lsun.security.ssl.CipherSuite$PRF;
1955:             2             32  com.google.common.base.Joiner
1956:             2             32  com.google.common.cache.LocalCache$LocalManualCache
1957:             1             32  com.google.common.util.concurrent.MoreExecutors$SameThreadExecutorService
1958:             2             32  com.google.inject.internal.Annotations$AnnotationChecker$1
1959:             2             32  com.google.inject.internal.FailableCache$1
1960:             1             32  com.google.inject.internal.Initializer
1961:             1             32  com.google.inject.internal.cglib.core.$ClassNameReader$EarlyExitException
1962:             2             32  com.sun.beans.WeakCache
1963:             1             32  com.sun.beans.finder.BeanInfoFinder
1964:             1             32  com.sun.jna.Memory
1965:             1             32  com.sun.jna.Structure$AutoAllocated
1966:             1             32  com.sun.org.apache.xalan.internal.utils.FeatureManager$Feature
1967:             1             32  com.sun.org.apache.xerces.internal.impl.XMLEntityScanner$1
1968:             1             32  com.sun.org.apache.xerces.internal.impl.dtd.XMLElementDecl
1969:             2             32  com.sun.org.apache.xerces.internal.impl.dv.dtd.ENTITYDatatypeValidator
1970:             1             32  com.sun.org.apache.xerces.internal.util.NamespaceSupport
1971:             2             32  com.sun.proxy.$Proxy13
1972:             2             32  com.sun.proxy.$Proxy2
1973:             2             32  com.sun.proxy.$Proxy30
1974:             2             32  com.sun.proxy.$Proxy31
1975:             2             32  com.sun.proxy.$Proxy36
1976:             1             32  com.thoughtworks.xstream.mapper.ImplicitCollectionMapper$ImplicitCollectionMapperForClass
1977:             1             32  groovy.lang.MetaClassImpl$DummyMetaMethod
1978:             2             32  groovy.lang.MetaClassRegistry$MetaClassCreationHandle
1979:             1             32  hudson.ExtensionFinder$GuiceFinder
1980:             2             32  hudson.ExtensionFinder$GuiceFinder$FaultTolerantScope
1981:             1             32  hudson.ExtensionFinder$GuiceFinder$SezpozModule
1982:             1             32  hudson.FileSystemProvisioner$Default$DescriptorImpl
1983:             1             32  hudson.ProxyConfiguration$DescriptorImpl
1984:             1             32  hudson.console.ExpandableDetailsNote$DescriptorImpl
1985:             1             32  hudson.console.HyperlinkNote$DescriptorImpl
1986:             1             32  hudson.console.ModelHyperlinkNote$DescriptorImpl
1987:             1             32  hudson.init.InitializerFinder
1988:             1             32  hudson.markup.EscapedMarkupFormatter$DescriptorImpl
1989:             1             32  hudson.model.AllView$DescriptorImpl
1990:             1             32  hudson.model.BooleanParameterDefinition$DescriptorImpl
1991:             1             32  hudson.model.ChoiceParameterDefinition$DescriptorImpl
1992:             1             32  hudson.model.ComputerSet$DescriptorImpl
1993:             1             32  hudson.model.FileParameterDefinition$DescriptorImpl
1994:             1             32  hudson.model.FingerprintMap
1995:             1             32  hudson.model.FreeStyleProject$DescriptorImpl
1996:             1             32  hudson.model.ListView$DescriptorImpl
1997:             1             32  hudson.model.MyView$DescriptorImpl
1998:             1             32  hudson.model.MyViewsProperty
1999:             1             32  hudson.model.MyViewsProperty$DescriptorImpl
2000:             1             32  hudson.model.PaneStatusProperties$DescriptorImpl
2001:             1             32  hudson.model.ParametersDefinitionProperty$DescriptorImpl
2002:             1             32  hudson.model.PasswordParameterDefinition$ParameterDescriptorImpl
2003:             1             32  hudson.model.ProxyView$DescriptorImpl
2004:             1             32  hudson.model.RunParameterDefinition$DescriptorImpl
2005:             1             32  hudson.model.StringParameterDefinition$DescriptorImpl
2006:             1             32  hudson.model.TextParameterDefinition$DescriptorImpl
2007:             1             32  hudson.model.TimeZoneProperty$DescriptorImpl
2008:             1             32  hudson.model.User
2009:             1             32  hudson.node_monitors.ResponseTimeMonitor$Data
2010:             1             32  hudson.os.solaris.ZFSProvisioner$DescriptorImpl
2011:             1             32  hudson.search.UserSearchProperty$DescriptorImpl
2012:             2             32  hudson.security.AccessDeniedHandlerImpl
2013:             1             32  hudson.security.AuthorizationStrategy$Unsecured$DescriptorImpl
2014:             1             32  hudson.security.FullControlOnceLoggedInAuthorizationStrategy$DescriptorImpl
2015:             1             32  hudson.security.GlobalSecurityConfiguration$DescriptorImpl
2016:             1             32  hudson.security.HudsonPrivateSecurityRealm$DescriptorImpl
2017:             1             32  hudson.security.HudsonPrivateSecurityRealm$Details$DescriptorImpl
2018:             1             32  hudson.security.LegacyAuthorizationStrategy$DescriptorImpl
2019:             1             32  hudson.security.LegacySecurityRealm$DescriptorImpl
2020:             1             32  hudson.security.SecurityRealm$None$DescriptorImpl
2021:             2             32  hudson.security.UnwrapSecurityExceptionFilter
2022:             1             32  hudson.security.csrf.GlobalCrumbIssuerConfiguration
2023:             1             32  hudson.slaves.DumbSlave$DescriptorImpl
2024:             1             32  hudson.slaves.EnvironmentVariablesNodeProperty$DescriptorImpl
2025:             1             32  hudson.slaves.JNLPLauncher$DescriptorImpl
2026:             1             32  hudson.slaves.RetentionStrategy$Always$DescriptorImpl
2027:             1             32  hudson.slaves.RetentionStrategy$Demand$DescriptorImpl
2028:             1             32  hudson.slaves.RetentionStrategy$NoOp$DescriptorImpl
2029:             1             32  hudson.slaves.SimpleScheduledRetentionStrategy$DescriptorImpl
2030:             1             32  hudson.tasks.ArtifactArchiver$DescriptorImpl
2031:             1             32  hudson.tasks.BatchFile$DescriptorImpl
2032:             1             32  hudson.tasks.BuildTrigger$DescriptorImpl
2033:             1             32  hudson.tasks.Fingerprinter$DescriptorImpl
2034:             1             32  hudson.tasks.LogRotator$LRDescriptor
2035:             1             32  hudson.tasks.Maven$MavenInstaller$DescriptorImpl
2036:             1             32  hudson.tasks._maven.Maven3MojoNote$DescriptorImpl
2037:             1             32  hudson.tasks._maven.MavenErrorNote$DescriptorImpl
2038:             1             32  hudson.tasks._maven.MavenMojoNote$DescriptorImpl
2039:             1             32  hudson.tasks._maven.MavenWarningNote$DescriptorImpl
2040:             1             32  hudson.tools.BatchCommandInstaller$DescriptorImpl
2041:             1             32  hudson.tools.CommandInstaller$DescriptorImpl
2042:             1             32  hudson.tools.InstallSourceProperty$DescriptorImpl
2043:             1             32  hudson.tools.ToolLocationNodeProperty$DescriptorImpl
2044:             1             32  hudson.tools.ZipExtractionInstaller$DescriptorImpl
2045:             1             32  hudson.triggers.TimerTrigger$DescriptorImpl
2046:             2             32  hudson.util.ExceptionCatchingThreadFactory
2047:             1             32  hudson.views.BuildButtonColumn$DescriptorImpl
2048:             1             32  hudson.views.DefaultMyViewsTabBar$DescriptorImpl
2049:             1             32  hudson.views.DefaultViewsTabBar$DescriptorImpl
2050:             1             32  hudson.views.GlobalDefaultViewConfiguration
2051:             1             32  hudson.views.JobColumn$DescriptorImpl
2052:             1             32  hudson.views.LastDurationColumn$DescriptorImpl
2053:             1             32  hudson.views.LastFailureColumn$DescriptorImpl
2054:             1             32  hudson.views.LastStableColumn$DescriptorImpl
2055:             1             32  hudson.views.LastSuccessColumn$DescriptorImpl
2056:             1             32  hudson.views.MyViewsTabBar$GlobalConfigurationImpl
2057:             1             32  hudson.views.StatusColumn$DescriptorImpl
2058:             1             32  hudson.views.ViewsTabBar$GlobalConfigurationImpl
2059:             1             32  hudson.views.WeatherColumn$DescriptorImpl
2060:             1             32  java.awt.font.FontRenderContext
2061:             1             32  java.beans.ThreadGroupContext
2062:             1             32  java.beans.ThreadGroupContext$1
2063:             1             32  java.io.ByteArrayInputStream
2064:             1             32  java.io.DataInputStream
2065:             1             32  java.io.WinNTFileSystem
2066:             1             32  java.lang.ArithmeticException
2067:             1             32  java.lang.ArrayIndexOutOfBoundsException
2068:             1             32  java.lang.ClassCastException
2069:             1             32  java.lang.NullPointerException
2070:             2             32  java.lang.Shutdown$Lock
2071:             1             32  java.lang.reflect.WeakCache
2072:             2             32  java.nio.ByteOrder
2073:             1             32  java.nio.channels.Channels$1
2074:             1             32  java.security.BasicPermissionCollection
2075:             1             32  java.security.KeyStore
2076:             1             32  java.text.DontCareFieldPosition
2077:             1             32  java.time.format.DateTimeFormatterBuilder$FractionPrinterParser
2078:             2             32  java.time.format.DateTimeFormatterBuilder$StringLiteralPrinterParser
2079:             1             32  java.util.AbstractList$Itr
2080:             2             32  java.util.Collections$UnmodifiableMap$UnmodifiableEntrySet
2081:             1             32  java.util.LinkedHashMap$LinkedKeyIterator
2082:             1             32  java.util.LinkedList$ListItr
2083:             2             32  java.util.ResourceBundle$SingleFormatControl
2084:             2             32  java.util.TreeMap$Values
2085:             2             32  java.util.concurrent.ConcurrentHashMap$EntrySetView
2086:             2             32  java.util.concurrent.CountDownLatch
2087:             1             32  java.util.concurrent.FutureTask
2088:             1             32  java.util.concurrent.ThreadLocalRandom
2089:             2             32  java.util.logging.ErrorManager
2090:             1             32  java.util.logging.LogManager$SystemLoggerContext
2091:             1             32  javax.crypto.spec.RC5ParameterSpec
2092:             2             32  javax.xml.xpath.SecuritySupport
2093:             1             32  jenkins.management.AdministrativeMonitorsConfiguration
2094:             1             32  jenkins.model.BuildDiscarderProperty$DescriptorImpl
2095:             1             32  jenkins.model.DefaultSimplePageDecorator
2096:             1             32  jenkins.model.DefaultUserCanonicalIdResolver$1
2097:             1             32  jenkins.model.GlobalNodePropertiesConfiguration
2098:             1             32  jenkins.model.GlobalPluginConfiguration
2099:             1             32  jenkins.model.GlobalProjectNamingStrategyConfiguration
2100:             1             32  jenkins.model.GlobalQuietPeriodConfiguration
2101:             1             32  jenkins.model.GlobalSCMRetryCountConfiguration
2102:             1             32  jenkins.model.IdStrategy$CaseInsensitive$DescriptorImpl
2103:             1             32  jenkins.model.IdStrategy$CaseSensitive$DescriptorImpl
2104:             1             32  jenkins.model.IdStrategy$CaseSensitiveEmailAddress$DescriptorImpl
2105:             1             32  jenkins.model.Jenkins$DescriptorImpl
2106:             1             32  jenkins.model.JobGlobalBuildDiscarderStrategy$DescriptorImpl
2107:             1             32  jenkins.model.MasterBuildConfiguration
2108:             1             32  jenkins.model.ProjectNamingStrategy$DefaultProjectNamingStrategy$DescriptorImpl
2109:             1             32  jenkins.model.ProjectNamingStrategy$PatternProjectNamingStrategy$DescriptorImpl
2110:             1             32  jenkins.model.SimpleGlobalBuildDiscarderStrategy$DescriptorImpl
2111:             1             32  jenkins.mvn.DefaultGlobalSettingsProvider$DescriptorImpl
2112:             1             32  jenkins.mvn.DefaultSettingsProvider$DescriptorImpl
2113:             1             32  jenkins.mvn.FilePathGlobalSettingsProvider$DescriptorImpl
2114:             1             32  jenkins.mvn.FilePathSettingsProvider$DescriptorImpl
2115:             1             32  jenkins.scm.DefaultSCMCheckoutStrategyImpl$DescriptorImpl
2116:             1             32  jenkins.security.ApiTokenProperty
2117:             1             32  jenkins.security.ApiTokenProperty$DescriptorImpl
2118:             1             32  jenkins.security.FrameOptionsPageDecorator
2119:             1             32  jenkins.security.LastGrantedAuthoritiesProperty$DescriptorImpl
2120:             1             32  jenkins.security.RekeySecretAdminMonitor
2121:             1             32  jenkins.security.s2m.AdminWhitelistRule
2122:             1             32  jenkins.security.seed.UserSeedProperty$DescriptorImpl
2123:             1             32  jenkins.security.stapler.StaticRoutingDecisionProvider
2124:             2             32  jenkins.slaves.JnlpSlaveAgentProtocol4$$FastClassByGuice$$b470638c
2125:             1             32  jenkins.slaves.RemotingWorkDirSettings$DescriptorImpl
2126:             1             32  jenkins.triggers.ReverseBuildTrigger$DescriptorImpl
2127:             1             32  jenkins.util.AtmostOneTaskExecutor
2128:             2             32  jenkins.util.ContextResettingExecutorService
2129:             1             32  jenkins.util.groovy.GroovyHookScript
2130:             1             32  org.acegisecurity.providers.UsernamePasswordAuthenticationToken
2131:             1             32  org.apache.commons.beanutils.PropertyUtilsBean
2132:             2             32  org.apache.commons.jelly.parser.EscapingExpression
2133:             2             32  org.apache.commons.jelly.tags.core.CoreTagLibrary
2134:             1             32  org.apache.commons.jexl.parser.JJTParserState
2135:             1             32  org.apache.commons.jexl.parser.Parser$LookaheadSuccess
2136:             1             32  org.apache.commons.jexl.util.introspection.Introspector
2137:             2             32  org.apache.commons.lang.time.FastDateFormat$TimeZoneNumberRule
2138:             2             32  org.codehaus.groovy.antlr.AntlrParserPluginFactory
2139:             1             32  org.codehaus.groovy.reflection.GroovyClassValuePreJava7$GroovyClassValuePreJava7Map
2140:             1             32  org.codehaus.groovy.runtime.dgmimpl.NumberNumberDiv
2141:             1             32  org.codehaus.groovy.runtime.dgmimpl.NumberNumberMinus
2142:             1             32  org.codehaus.groovy.runtime.dgmimpl.NumberNumberMultiply
2143:             1             32  org.codehaus.groovy.runtime.dgmimpl.NumberNumberPlus
2144:             1             32  org.codehaus.groovy.runtime.dgmimpl.arrays.BooleanArrayGetAtMetaMethod
2145:             1             32  org.codehaus.groovy.runtime.dgmimpl.arrays.BooleanArrayPutAtMetaMethod
2146:             1             32  org.codehaus.groovy.runtime.dgmimpl.arrays.ByteArrayGetAtMetaMethod
2147:             1             32  org.codehaus.groovy.runtime.dgmimpl.arrays.ByteArrayPutAtMetaMethod
2148:             1             32  org.codehaus.groovy.runtime.dgmimpl.arrays.CharacterArrayGetAtMetaMethod
2149:             1             32  org.codehaus.groovy.runtime.dgmimpl.arrays.CharacterArrayPutAtMetaMethod
2150:             1             32  org.codehaus.groovy.runtime.dgmimpl.arrays.DoubleArrayGetAtMetaMethod
2151:             1             32  org.codehaus.groovy.runtime.dgmimpl.arrays.DoubleArrayPutAtMetaMethod
2152:             1             32  org.codehaus.groovy.runtime.dgmimpl.arrays.FloatArrayGetAtMetaMethod
2153:             1             32  org.codehaus.groovy.runtime.dgmimpl.arrays.FloatArrayPutAtMetaMethod
2154:             1             32  org.codehaus.groovy.runtime.dgmimpl.arrays.IntegerArrayGetAtMetaMethod
2155:             1             32  org.codehaus.groovy.runtime.dgmimpl.arrays.IntegerArrayPutAtMetaMethod
2156:             1             32  org.codehaus.groovy.runtime.dgmimpl.arrays.LongArrayGetAtMetaMethod
2157:             1             32  org.codehaus.groovy.runtime.dgmimpl.arrays.LongArrayPutAtMetaMethod
2158:             1             32  org.codehaus.groovy.runtime.dgmimpl.arrays.ObjectArrayGetAtMetaMethod
2159:             1             32  org.codehaus.groovy.runtime.dgmimpl.arrays.ObjectArrayPutAtMetaMethod
2160:             1             32  org.codehaus.groovy.runtime.dgmimpl.arrays.ShortArrayGetAtMetaMethod
2161:             1             32  org.codehaus.groovy.runtime.dgmimpl.arrays.ShortArrayPutAtMetaMethod
2162:             1             32  org.codehaus.groovy.runtime.m12n.MetaInfExtensionModule
2163:             1             32  org.codehaus.groovy.util.ManagedConcurrentMap
2164:             2             32  org.codehaus.groovy.util.ReferenceManager
2165:             1             32  org.eclipse.jetty.http.pathmap.PathMappings
2166:             2             32  org.eclipse.jetty.security.DefaultIdentityService
2167:             1             32  org.eclipse.jetty.server.ShutdownMonitor
2168:             1             32  org.eclipse.jetty.server.session.Session$SessionInactivityTimer$1
2169:             1             32  org.eclipse.jetty.server.session.SessionContext
2170:             2             32  org.eclipse.jetty.servlet.ServletHolder$NotAsyncServlet
2171:             1             32  org.eclipse.jetty.util.JavaVersion
2172:             1             32  org.eclipse.jetty.util.statistic.SampleStatistic
2173:             1             32  org.eclipse.jetty.util.thread.ThreadPoolBudget
2174:             1             32  org.eclipse.jetty.xml.XmlParser$Handler
2175:             1             32  org.jenkins.ui.icon.IconSet
2176:             1             32  org.jenkinsci.main.modules.cli.auth.ssh.UserPropertyImpl$DescriptorImpl
2177:             2             32  org.kohsuke.stapler.DirectoryishDispatcher
2178:             2             32  org.springframework.beans.factory.support.CglibSubclassingInstantiationStrategy
2179:             2             32  org.springframework.beans.factory.support.SimpleAutowireCandidateResolver
2180:             2             32  org.springframework.beans.support.ResourceEditorRegistrar
2181:             2             32  org.springframework.context.support.ApplicationContextAwareProcessor
2182:             2             32  org.springframework.core.task.SyncTaskExecutor
2183:             2             32  org.springframework.util.AntPathMatcher
2184:             2             32  org.springframework.web.context.request.RequestScope
2185:             1             32  sun.net.www.protocol.https.Handler
2186:             1             32  sun.nio.ch.ServerSocketAdaptor
2187:             2             32  sun.nio.ch.SocketDispatcher
2188:             1             32  sun.nio.cs.StandardCharsets
2189:             1             32  sun.nio.fs.WindowsFileSystem
2190:             1             32  sun.reflect.ClassFileAssembler
2191:             1             32  sun.reflect.MethodAccessorGenerator$1
2192:             2             32  sun.security.ssl.HandshakeInStream
2193:             2             32  sun.security.ssl.SSLAlgorithmDecomposer
2194:             1             32  sun.security.ssl.X509TrustManagerImpl
2195:             1             32  sun.security.validator.SimpleValidator
2196:             1             32  sun.security.x509.IssuerAlternativeNameExtension
2197:             1             32  sun.util.locale.provider.LocaleResources
2198:             1             24  [Lcom.google.common.cache.CacheBuilder$NullListener;
2199:             1             24  [Lcom.google.common.cache.CacheBuilder$OneWeigher;
2200:             1             24  [Lcom.google.inject.Key$NullAnnotationStrategy;
2201:             1             24  [Lcom.google.inject.internal.BytecodeGen$Visibility;
2202:             1             24  [Lcom.google.inject.internal.InternalFlags$CustomClassLoadingOption;
2203:             1             24  [Lcom.google.inject.internal.SingleParameterInjector;
2204:             1             24  [Lcom.sun.jna.Structure;
2205:             1             24  [Lcom.sun.org.apache.xalan.internal.utils.FeatureManager$Feature;
2206:             1             24  [Lcom.sun.org.apache.xalan.internal.utils.XMLSecurityPropertyManager$Property;
2207:             1             24  [Lcom.sun.org.apache.xerces.internal.utils.XMLSecurityPropertyManager$Property;
2208:             1             24  [Lhudson.Platform;
2209:             1             24  [Lhudson.security.Permission;
2210:             1             24  [Ljava.io.File$PathStatus;
2211:             1             24  [Ljava.lang.management.MemoryType;
2212:             1             24  [Ljava.net.InetAddress$Cache$Type;
2213:             1             24  [Ljava.net.StandardProtocolFamily;
2214:             1             24  [Ljava.time.temporal.IsoFields$Unit;
2215:             1             24  [Ljava.util.Comparators$NaturalOrderComparator;
2216:             1             24  [Ljava.util.Locale$Category;
2217:             1             24  [Ljava.util.Properties;
2218:             1             24  [Ljava.util.concurrent.ConcurrentHashMap$CounterCell;
2219:             1             24  [Ljava.util.concurrent.atomic.Striped64$Cell;
2220:             1             24  [Ljavax.net.ssl.KeyManager;
2221:             1             24  [Ljavax.net.ssl.TrustManager;
2222:             1             24  [Lorg.acegisecurity.acls.sid.Sid;
2223:             1             24  [Lorg.eclipse.jetty.http.CookieCompliance;
2224:             1             24  [Lorg.eclipse.jetty.http.HttpFieldPreEncoder;
2225:             1             24  [Lorg.eclipse.jetty.server.Handler;
2226:             1             24  [Lorg.eclipse.jetty.server.MultiPartFormDataCompliance;
2227:             1             24  [Lorg.jenkins.ui.icon.IconType;
2228:             1             24  [Lorg.jenkinsci.bytecode.Kind;
2229:             1             24  [Lorg.kohsuke.stapler.ResponseImpl$OutputMode;
2230:             1             24  [Lsun.launcher.LauncherHelper;
2231:             1             24  [Lsun.security.ssl.EphemeralKeyManager$EphemeralKeyPair;
2232:             1             24  com.google.common.cache.CacheBuilder$NullListener
2233:             1             24  com.google.common.cache.CacheBuilder$OneWeigher
2234:             1             24  com.google.common.cache.LocalCache$EntryFactory$1
2235:             1             24  com.google.common.cache.LocalCache$EntryFactory$2
2236:             1             24  com.google.common.cache.LocalCache$EntryFactory$3
2237:             1             24  com.google.common.cache.LocalCache$EntryFactory$4
2238:             1             24  com.google.common.cache.LocalCache$EntryFactory$5
2239:             1             24  com.google.common.cache.LocalCache$EntryFactory$6
2240:             1             24  com.google.common.cache.LocalCache$EntryFactory$7
2241:             1             24  com.google.common.cache.LocalCache$EntryFactory$8
2242:             1             24  com.google.common.cache.LocalCache$Strength$1
2243:             1             24  com.google.common.cache.LocalCache$Strength$2
2244:             1             24  com.google.common.cache.LocalCache$Strength$3
2245:             1             24  com.google.common.collect.Sets$SetFromMap
2246:             1             24  com.google.inject.Key$NullAnnotationStrategy
2247:             1             24  com.google.inject.internal.BytecodeGen$Visibility$1
2248:             1             24  com.google.inject.internal.BytecodeGen$Visibility$2
2249:             1             24  com.google.inject.internal.ConstructorInjectorStore
2250:             1             24  com.google.inject.internal.ConstructorInjectorStore$1
2251:             1             24  com.google.inject.internal.CycleDetectingLock$CycleDetectingLockFactory
2252:             1             24  com.google.inject.internal.InjectorImpl$InjectorOptions
2253:             1             24  com.google.inject.internal.MembersInjectorStore
2254:             1             24  com.google.inject.internal.MembersInjectorStore$1
2255:             1             24  com.google.inject.internal.ProvisionListenerCallbackStore
2256:             1             24  com.google.inject.internal.SingleMethodInjector
2257:             1             24  com.google.inject.internal.SingleMethodInjector$1
2258:             1             24  com.google.inject.internal.SingleParameterInjector
2259:             1             24  com.google.inject.internal.WeakKeySet
2260:             1             24  com.google.inject.internal.cglib.core.$EmitUtils$ArrayDelimiters
2261:             1             24  com.google.inject.internal.cglib.core.$MethodWrapper$MethodWrapperKey$$$KeyFactoryByCGLIB$$e23ecb5d
2262:             1             24  com.google.inject.internal.cglib.reflect.$FastMethod
2263:             1             24  com.google.inject.internal.util.SourceProvider
2264:             1             24  com.google.inject.spi.ProvisionListenerBinding
2265:             1             24  com.sun.beans.util.Cache$Kind$1
2266:             1             24  com.sun.beans.util.Cache$Kind$2
2267:             1             24  com.sun.beans.util.Cache$Kind$3
2268:             1             24  com.sun.jna.Structure$3
2269:             1             24  com.sun.jna.Structure$StructureSet
2270:             1             24  com.sun.jna.WeakMemoryHolder
2271:             1             24  com.sun.org.apache.xerces.internal.impl.Constants$ArrayEnumeration
2272:             1             24  com.sun.org.apache.xerces.internal.impl.XMLNSDocumentScannerImpl$NSContentDriver
2273:             1             24  com.sun.org.apache.xerces.internal.impl.dtd.DTDGrammarBucket
2274:             1             24  com.sun.org.apache.xerces.internal.impl.dtd.XMLAttributeDecl
2275:             1             24  com.sun.org.apache.xerces.internal.impl.msg.XMLMessageFormatter
2276:             1             24  com.sun.org.apache.xerces.internal.impl.validation.ValidationManager
2277:             1             24  com.sun.org.apache.xerces.internal.utils.XMLSecurityPropertyManager
2278:             1             24  com.sun.org.apache.xml.internal.utils.ObjectPool
2279:             1             24  com.sun.org.apache.xpath.internal.objects.XString
2280:             1             24  com.thoughtworks.xstream.io.path.Path
2281:             1             24  groovy.lang.Binding
2282:             1             24  hudson.ClassicPluginStrategy
2283:             1             24  hudson.ExtensionListView$1
2284:             1             24  hudson.ExtensionListView$2
2285:             1             24  hudson.PluginManager$PluginCycleDependenciesMonitor
2286:             1             24  hudson.PluginManager$PluginUpdateMonitor
2287:             1             24  hudson.PluginWrapper$PluginWrapperAdministrativeMonitor
2288:             1             24  hudson.WebAppMain
2289:             1             24  hudson.XmlFile
2290:             1             24  hudson.diagnosis.HudsonHomeDiskUsageMonitor
2291:             1             24  hudson.diagnosis.NullIdDescriptorMonitor
2292:             1             24  hudson.diagnosis.OldDataMonitor
2293:             1             24  hudson.model.Hudson$CloudList
2294:             1             24  hudson.model.LoadBalancer$2
2295:             1             24  hudson.model.MyViewsProperty$1
2296:             1             24  hudson.model.PaneStatusProperties
2297:             1             24  hudson.model.PaneStatusProperties$PaneStatusPropertiesSessionFallback
2298:             1             24  hudson.model.ResourceList
2299:             1             24  hudson.model.TimeZoneProperty
2300:             1             24  hudson.model.UserIdMapper
2301:             1             24  hudson.model.labels.LabelAtom$LabelAtomConverter
2302:             1             24  hudson.node_monitors.AbstractAsyncNodeMonitorDescriptor$Result
2303:             1             24  hudson.node_monitors.DiskSpaceMonitor
2304:             1             24  hudson.node_monitors.MonitorMarkedNodeOffline
2305:             1             24  hudson.node_monitors.TemporarySpaceMonitor
2306:             1             24  hudson.remoting.ChannelProperty
2307:             1             24  hudson.remoting.LocalChannel$1
2308:             1             24  hudson.remoting.LocalChannel$2
2309:             1             24  hudson.remoting.NamingThreadFactory
2310:             1             24  hudson.search.UserSearchProperty
2311:             1             24  hudson.security.HttpSessionContextIntegrationFilter2
2312:             1             24  hudson.security.HudsonFilter
2313:             1             24  hudson.security.HudsonPrivateSecurityRealm
2314:             1             24  hudson.security.HudsonPrivateSecurityRealm$Details
2315:             1             24  hudson.security.SecurityRealm$None
2316:             1             24  hudson.slaves.ChannelPinger
2317:             1             24  hudson.tasks.BuildStep$PublisherList
2318:             1             24  hudson.triggers.SCMTrigger$AdministrativeMonitorImpl
2319:             1             24  hudson.triggers.SlowTriggerAdminMonitor
2320:             1             24  hudson.util.CopyOnWriteMap$Hash
2321:             1             24  hudson.util.PluginServletFilter
2322:             1             24  hudson.util.RingBufferLogHandler$1
2323:             1             24  hudson.util.SequentialExecutionQueue
2324:             1             24  java.lang.Class$MethodArray
2325:             1             24  java.lang.ThreadLocal$SuppliedThreadLocal
2326:             1             24  java.lang.invoke.DirectMethodHandle$EnsureInitialized
2327:             1             24  java.lang.invoke.MethodHandleImpl$4
2328:             1             24  java.lang.invoke.MethodHandleImpl$ArrayAccessor$1
2329:             1             24  java.lang.invoke.MethodHandleImpl$BindCaller$1
2330:             1             24  java.lang.invoke.MethodType$ConcurrentWeakInternSet
2331:             1             24  java.math.BitSieve
2332:             1             24  java.math.MutableBigInteger
2333:             1             24  java.net.Inet6AddressImpl
2334:             1             24  java.net.Proxy
2335:             1             24  java.nio.file.LinkOption
2336:             1             24  java.security.AllPermissionCollection
2337:             1             24  java.security.cert.CertificateFactory
2338:             1             24  java.time.format.DecimalStyle
2339:             1             24  java.time.temporal.IsoFields$Field$1
2340:             1             24  java.time.temporal.IsoFields$Field$2
2341:             1             24  java.time.temporal.IsoFields$Field$3
2342:             1             24  java.time.temporal.IsoFields$Field$4
2343:             1             24  java.util.Collections$EmptyMap
2344:             1             24  java.util.Collections$SingletonList
2345:             1             24  java.util.Collections$SynchronizedRandomAccessList
2346:             1             24  java.util.Comparators$NaturalOrderComparator
2347:             1             24  java.util.Currency
2348:             1             24  java.util.Locale$Cache
2349:             1             24  java.util.ResourceBundle$Control$CandidateListCache
2350:             1             24  java.util.TaskQueue
2351:             1             24  java.util.Timer
2352:             1             24  java.util.concurrent.FutureTask$WaitNode
2353:             1             24  java.util.concurrent.TimeUnit$1
2354:             1             24  java.util.concurrent.TimeUnit$2
2355:             1             24  java.util.concurrent.TimeUnit$3
2356:             1             24  java.util.concurrent.TimeUnit$4
2357:             1             24  java.util.concurrent.TimeUnit$5
2358:             1             24  java.util.concurrent.TimeUnit$6
2359:             1             24  java.util.concurrent.TimeUnit$7
2360:             1             24  java.util.logging.LogManager$LoggerContext
2361:             1             24  java.util.logging.LoggingPermission
2362:             1             24  java.util.regex.Pattern$Neg
2363:             1             24  javax.crypto.spec.RC2ParameterSpec
2364:             1             24  javax.net.ssl.SSLContext
2365:             1             24  jenkins.InitReactorRunner$1
2366:             1             24  jenkins.diagnosis.HsErrPidList
2367:             1             24  jenkins.install.InstallState$1
2368:             1             24  jenkins.install.InstallState$2
2369:             1             24  jenkins.install.InstallState$3
2370:             1             24  jenkins.install.InstallState$4
2371:             1             24  jenkins.install.InstallState$5
2372:             1             24  jenkins.install.InstallState$6
2373:             1             24  jenkins.install.InstallState$ConfigureInstance
2374:             1             24  jenkins.install.InstallState$CreateAdminUser
2375:             1             24  jenkins.install.InstallState$Downgrade
2376:             1             24  jenkins.install.InstallState$InitialSecuritySetup
2377:             1             24  jenkins.install.InstallState$InitialSetupCompleted
2378:             1             24  jenkins.install.InstallState$Restart
2379:             1             24  jenkins.install.InstallState$Unknown
2380:             1             24  jenkins.install.UpgradeWizard
2381:             1             24  jenkins.model.Jenkins$1
2382:             1             24  jenkins.model.Jenkins$15
2383:             1             24  jenkins.model.Jenkins$2
2384:             1             24  jenkins.model.Jenkins$EnforceSlaveAgentPortAdministrativeMonitor
2385:             1             24  jenkins.model.Nodes
2386:             1             24  jenkins.model.Uptime
2387:             1             24  jenkins.security.BasicHeaderProcessor
2388:             1             24  jenkins.security.ClassFilterImpl
2389:             1             24  jenkins.security.DefaultConfidentialStore
2390:             1             24  jenkins.security.ImpersonatingScheduledExecutorService
2391:             1             24  jenkins.security.apitoken.ApiTokenStats
2392:             1             24  jenkins.security.s2m.AdminCallableMonitor
2393:             1             24  jenkins.security.s2m.CallableRejectionConfig
2394:             1             24  jenkins.security.s2m.CallableWhitelistConfig
2395:             1             24  jenkins.security.s2m.FilePathRuleConfig
2396:             1             24  jenkins.security.s2m.MasterKillSwitchWarning
2397:             1             24  jenkins.security.seed.UserSeedProperty
2398:             1             24  jenkins.security.stapler.StaplerDispatchValidator$ValidatorCache
2399:             1             24  jenkins.telemetry.impl.java11.MissingClassEvents
2400:             1             24  jenkins.util.ContextResettingExecutorService$2
2401:             1             24  net.sf.ezmorph.array.BooleanArrayMorpher
2402:             1             24  net.sf.ezmorph.array.ByteArrayMorpher
2403:             1             24  net.sf.ezmorph.array.CharArrayMorpher
2404:             1             24  net.sf.ezmorph.array.DoubleArrayMorpher
2405:             1             24  net.sf.ezmorph.array.FloatArrayMorpher
2406:             1             24  net.sf.ezmorph.array.IntArrayMorpher
2407:             1             24  net.sf.ezmorph.array.LongArrayMorpher
2408:             1             24  net.sf.ezmorph.array.ShortArrayMorpher
2409:             1             24  net.sf.ezmorph.primitive.BooleanMorpher
2410:             1             24  net.sf.ezmorph.primitive.ByteMorpher
2411:             1             24  net.sf.ezmorph.primitive.CharMorpher
2412:             1             24  net.sf.ezmorph.primitive.DoubleMorpher
2413:             1             24  net.sf.ezmorph.primitive.FloatMorpher
2414:             1             24  net.sf.ezmorph.primitive.IntMorpher
2415:             1             24  net.sf.ezmorph.primitive.LongMorpher
2416:             1             24  net.sf.ezmorph.primitive.ShortMorpher
2417:             1             24  org.acegisecurity.providers.anonymous.AnonymousAuthenticationProvider
2418:             1             24  org.acegisecurity.providers.encoding.ShaPasswordEncoder
2419:             1             24  org.acegisecurity.providers.rememberme.RememberMeAuthenticationProvider
2420:             1             24  org.acegisecurity.ui.rememberme.RememberMeProcessingFilter
2421:             1             24  org.apache.commons.beanutils.BeanUtilsBean
2422:             1             24  org.apache.commons.beanutils.BeanUtilsBean$1
2423:             1             24  org.apache.commons.beanutils.WrapDynaClass$1
2424:             1             24  org.apache.commons.jexl.util.introspection.Info
2425:             1             24  org.apache.commons.logging.impl.SLF4JLogFactory
2426:             1             24  org.apache.log4j.Logger
2427:             1             24  org.apache.tools.ant.Location
2428:             1             24  org.apache.tools.ant.PropertyHelper$1
2429:             1             24  org.apache.tools.ant.PropertyHelper$2
2430:             1             24  org.apache.tools.ant.types.selectors.TokenizedPath
2431:             1             24  org.apache.tools.ant.types.selectors.TokenizedPattern
2432:             1             24  org.apache.tools.ant.util.FileUtils
2433:             1             24  org.codehaus.groovy.control.io.NullWriter
2434:             1             24  org.codehaus.groovy.reflection.GroovyClassValuePreJava7
2435:             1             24  org.codehaus.groovy.runtime.GroovyCategorySupport$MyThreadLocal
2436:             1             24  org.codehaus.groovy.util.LazyReference$1
2437:             1             24  org.codehaus.groovy.util.LazyReference$2
2438:             1             24  org.codehaus.groovy.util.ReferenceType$1
2439:             1             24  org.codehaus.groovy.util.ReferenceType$2
2440:             1             24  org.codehaus.groovy.util.ReferenceType$3
2441:             1             24  org.codehaus.groovy.util.ReferenceType$4
2442:             1             24  org.codehaus.groovy.util.TripleKeyHashMap
2443:             1             24  org.dom4j.DocumentFactory
2444:             1             24  org.eclipse.jetty.http.HttpGenerator$1
2445:             1             24  org.eclipse.jetty.server.AbstractConnector$Acceptor
2446:             1             24  org.eclipse.jetty.server.session.Session$SessionInactivityTimer
2447:             1             24  org.eclipse.jetty.servlet.NoJspServlet
2448:             1             24  org.eclipse.jetty.util.IO$NullWrite
2449:             1             24  org.eclipse.jetty.util.Uptime$DefaultImpl
2450:             1             24  org.eclipse.jetty.util.component.DumpableCollection
2451:             1             24  org.eclipse.jetty.xml.XmlParser$NoopHandler
2452:             1             24  org.jenkinsci.bytecode.Kind$1
2453:             1             24  org.jenkinsci.bytecode.Kind$2
2454:             1             24  org.jenkinsci.bytecode.TransformationSpec
2455:             1             24  org.kohsuke.stapler.Function$InstanceFunction
2456:             1             24  org.kohsuke.stapler.Function$StaticFunction
2457:             1             24  org.kohsuke.stapler.MetaClass$10
2458:             1             24  org.kohsuke.stapler.Stapler$1
2459:             1             24  org.kohsuke.stapler.Stapler$2
2460:             1             24  org.kohsuke.stapler.jelly.JellyFacet
2461:             1             24  org.kohsuke.stapler.jelly.ThisTagLibrary
2462:             1             24  org.kohsuke.stapler.jelly.groovy.GroovyClassLoaderTearOff
2463:             1             24  org.slf4j.helpers.BasicMarker
2464:             1             24  org.slf4j.helpers.SubstituteLoggerFactory
2465:             1             24  sun.awt.SunHints$LCDContrastKey
2466:             1             24  sun.launcher.LauncherHelper
2467:             1             24  sun.management.RuntimeImpl
2468:             1             24  sun.management.VMManagementImpl
2469:             1             24  sun.misc.URLClassPath$FileLoader
2470:             1             24  sun.net.ProgressMonitor
2471:             1             24  sun.net.www.MimeTable
2472:             1             24  sun.net.www.protocol.http.Handler
2473:             1             24  sun.nio.cs.IBM437
2474:             1             24  sun.nio.cs.ISO_8859_1
2475:             1             24  sun.nio.cs.MS1252
2476:             1             24  sun.nio.cs.ThreadLocalCoders$1
2477:             1             24  sun.nio.cs.ThreadLocalCoders$2
2478:             1             24  sun.nio.cs.US_ASCII
2479:             1             24  sun.nio.cs.UTF_16
2480:             1             24  sun.nio.cs.UTF_16BE
2481:             1             24  sun.nio.cs.UTF_16LE
2482:             1             24  sun.nio.cs.UTF_8
2483:             1             24  sun.nio.fs.WindowsSecurityDescriptor
2484:             1             24  sun.reflect.ByteVectorImpl
2485:             1             24  sun.security.ssl.MAC
2486:             1             24  sun.security.ssl.SunX509KeyManagerImpl
2487:             1             24  sun.security.ssl.SupportedEllipticCurvesExtension
2488:             1             24  sun.security.ssl.SupportedEllipticPointFormatsExtension
2489:             1             24  sun.security.validator.EndEntityChecker
2490:             1             24  sun.security.x509.IPAddressName
2491:             1             24  sun.util.locale.BaseLocale$Cache
2492:             1             24  sun.util.locale.provider.CalendarDataProviderImpl
2493:             1             24  sun.util.locale.provider.CalendarProviderImpl
2494:             1             24  sun.util.locale.provider.CurrencyNameProviderImpl
2495:             1             24  sun.util.locale.provider.DateFormatSymbolsProviderImpl
2496:             1             24  sun.util.locale.provider.DecimalFormatSymbolsProviderImpl
2497:             1             24  sun.util.locale.provider.NumberFormatProviderImpl
2498:             1             24  sun.util.locale.provider.TimeZoneNameProviderImpl
2499:             1             24  sun.util.logging.PlatformLogger
2500:             1             24  sun.util.logging.PlatformLogger$JavaLoggerProxy
2501:             1             24  winstone.HostGroup
2502:             1             16  [Lcom.google.inject.internal.util.StackTraceElements$InMemoryStackTraceElement;
2503:             1             16  [Lhudson.tasks.Maven$MavenInstallation;
2504:             1             16  [Ljava.beans.EventSetDescriptor;
2505:             1             16  [Ljava.lang.Throwable;
2506:             1             16  [Ljava.nio.file.attribute.FileAttribute;
2507:             1             16  [Ljava.security.Provider;
2508:             1             16  [Ljava.text.FieldPosition;
2509:             1             16  [Ljava.util.logging.Handler;
2510:             1             16  [Lorg.apache.commons.jelly.expression.Expression;
2511:             1             16  [Lorg.codehaus.groovy.ast.MixinNode;
2512:             1             16  [Lorg.codehaus.groovy.tools.GroovyClass;
2513:             1             16  [Lorg.eclipse.jetty.http.CompressedContentFormat;
2514:             1             16  com.google.common.base.Equivalences$Equals
2515:             1             16  com.google.common.base.Equivalences$Identity
2516:             1             16  com.google.common.base.Optional$Absent
2517:             1             16  com.google.common.base.Platform$1
2518:             1             16  com.google.common.base.Suppliers$SupplierOfInstance
2519:             1             16  com.google.common.base.Ticker$1
2520:             1             16  com.google.common.cache.CacheBuilder$1
2521:             1             16  com.google.common.cache.CacheBuilder$2
2522:             1             16  com.google.common.cache.CacheBuilder$3
2523:             1             16  com.google.common.cache.LocalCache$1
2524:             1             16  com.google.common.cache.LocalCache$2
2525:             1             16  com.google.common.collect.AbstractMultimap$2
2526:             1             16  com.google.common.collect.EmptyImmutableList
2527:             1             16  com.google.common.collect.EmptyImmutableList$1
2528:             1             16  com.google.common.collect.EmptyImmutableMap
2529:             1             16  com.google.common.collect.EmptyImmutableSet
2530:             1             16  com.google.common.collect.ImmutableCollection$EmptyImmutableCollection
2531:             1             16  com.google.common.collect.Iterators$1
2532:             1             16  com.google.common.collect.Iterators$2
2533:             1             16  com.google.inject.Scopes$1
2534:             1             16  com.google.inject.Scopes$2
2535:             1             16  com.google.inject.internal.Annotations$1
2536:             1             16  com.google.inject.internal.Annotations$3
2537:             1             16  com.google.inject.internal.BytecodeGen$1
2538:             1             16  com.google.inject.internal.BytecodeGen$2
2539:             1             16  com.google.inject.internal.BytecodeGen$3
2540:             1             16  com.google.inject.internal.Errors$2
2541:             1             16  com.google.inject.internal.Errors$3
2542:             1             16  com.google.inject.internal.Errors$4
2543:             1             16  com.google.inject.internal.InjectorImpl$BindingsMultimap
2544:             1             16  com.google.inject.internal.InjectorShell$InjectorFactory
2545:             1             16  com.google.inject.internal.InjectorShell$LoggerFactory
2546:             1             16  com.google.inject.internal.ProviderMethodsModule$1
2547:             1             16  com.google.inject.internal.ProvisionListenerCallbackStore$1
2548:             1             16  com.google.inject.internal.Scoping$1
2549:             1             16  com.google.inject.internal.Scoping$2
2550:             1             16  com.google.inject.internal.Scoping$3
2551:             1             16  com.google.inject.internal.Scoping$4
2552:             1             16  com.google.inject.internal.SingletonScope
2553:             1             16  com.google.inject.internal.State$1
2554:             1             16  com.google.inject.internal.TypeConverterBindingProcessor$1
2555:             1             16  com.google.inject.internal.TypeConverterBindingProcessor$2
2556:             1             16  com.google.inject.internal.TypeConverterBindingProcessor$3
2557:             1             16  com.google.inject.internal.TypeConverterBindingProcessor$4
2558:             1             16  com.google.inject.internal.WeakKeySet$1
2559:             1             16  com.google.inject.internal.cglib.core.$DefaultGeneratorStrategy
2560:             1             16  com.google.inject.internal.cglib.core.$DefaultNamingPolicy
2561:             1             16  com.google.inject.internal.cglib.core.$KeyFactory$1
2562:             1             16  com.google.inject.internal.cglib.core.$KeyFactory$2
2563:             1             16  com.google.inject.internal.cglib.core.$MethodInfoTransformer
2564:             1             16  com.google.inject.internal.util.StackTraceElements$1
2565:             1             16  com.google.inject.matcher.Matchers$Any
2566:             1             16  com.google.inject.matcher.Matchers$SubclassesOf
2567:             1             16  com.google.inject.spi.Elements$1
2568:             1             16  com.google.inject.util.Modules$EmptyModule
2569:             1             16  com.sun.jna.JNIEnv
2570:             1             16  com.sun.jna.Native$1
2571:             1             16  com.sun.jna.Native$2
2572:             1             16  com.sun.jna.Native$7
2573:             1             16  com.sun.jna.Structure$1
2574:             1             16  com.sun.jna.Structure$2
2575:             1             16  com.sun.jna.VarArgsChecker$RealVarArgsChecker
2576:             1             16  com.sun.naming.internal.VersionHelper12
2577:             1             16  com.sun.org.apache.xalan.internal.utils.SecuritySupport
2578:             1             16  com.sun.org.apache.xerces.internal.dom.CharacterDataImpl$1
2579:             1             16  com.sun.org.apache.xerces.internal.impl.XMLDocumentScannerImpl$PrologDriver
2580:             1             16  com.sun.org.apache.xerces.internal.impl.XMLDocumentScannerImpl$TrailingMiscDriver
2581:             1             16  com.sun.org.apache.xerces.internal.impl.XMLDocumentScannerImpl$XMLDeclDriver
2582:             1             16  com.sun.org.apache.xerces.internal.impl.dv.dtd.DTDDVFactoryImpl
2583:             1             16  com.sun.org.apache.xerces.internal.impl.dv.dtd.IDDatatypeValidator
2584:             1             16  com.sun.org.apache.xerces.internal.impl.dv.dtd.IDREFDatatypeValidator
2585:             1             16  com.sun.org.apache.xerces.internal.impl.dv.dtd.NMTOKENDatatypeValidator
2586:             1             16  com.sun.org.apache.xerces.internal.impl.dv.dtd.NOTATIONDatatypeValidator
2587:             1             16  com.sun.org.apache.xerces.internal.impl.dv.dtd.StringDatatypeValidator
2588:             1             16  com.sun.org.apache.xerces.internal.impl.dv.dtd.XML11IDDatatypeValidator
2589:             1             16  com.sun.org.apache.xerces.internal.impl.dv.dtd.XML11IDREFDatatypeValidator
2590:             1             16  com.sun.org.apache.xerces.internal.impl.dv.dtd.XML11NMTOKENDatatypeValidator
2591:             1             16  com.sun.org.apache.xerces.internal.parsers.AbstractSAXParser$AttributesProxy
2592:             1             16  com.sun.org.apache.xerces.internal.util.EntityResolverWrapper
2593:             1             16  com.sun.org.apache.xerces.internal.util.ErrorHandlerWrapper
2594:             1             16  com.sun.org.apache.xerces.internal.utils.SecuritySupport
2595:             1             16  com.sun.org.apache.xpath.internal.objects.EqualComparator
2596:             1             16  com.sun.org.apache.xpath.internal.objects.GreaterThanComparator
2597:             1             16  com.sun.org.apache.xpath.internal.objects.GreaterThanOrEqualComparator
2598:             1             16  com.sun.org.apache.xpath.internal.objects.LessThanComparator
2599:             1             16  com.sun.org.apache.xpath.internal.objects.LessThanOrEqualComparator
2600:             1             16  com.sun.org.apache.xpath.internal.objects.NotEqualComparator
2601:             1             16  com.sun.org.apache.xpath.internal.objects.XMLStringFactoryImpl
2602:             1             16  com.sun.proxy.$Proxy23
2603:             1             16  com.sun.proxy.$Proxy26
2604:             1             16  com.sun.proxy.$Proxy27
2605:             1             16  com.sun.proxy.$Proxy28
2606:             1             16  com.sun.proxy.$Proxy34
2607:             1             16  com.sun.proxy.$Proxy37
2608:             1             16  com.sun.proxy.$Proxy38
2609:             1             16  com.sun.proxy.$Proxy6
2610:             1             16  com.thoughtworks.xstream.converters.collections.TreeMapConverter$NullComparator
2611:             1             16  com.thoughtworks.xstream.converters.extended.DynamicProxyConverter$1
2612:             1             16  com.thoughtworks.xstream.converters.extended.StackTraceElementFactory15
2613:             1             16  com.thoughtworks.xstream.core.util.Base64Encoder
2614:             1             16  com.thoughtworks.xstream.mapper.PackageAliasingMapper$1
2615:             1             16  com.thoughtworks.xstream.security.AnyTypePermission
2616:             1             16  com.thoughtworks.xstream.security.NoTypePermission
2617:             1             16  groovy.lang.MetaClassImpl$1
2618:             1             16  groovy.lang.MetaClassImpl$16
2619:             1             16  groovy.lang.MetaClassImpl$17
2620:             1             16  groovyjarjarantlr.Token
2621:             1             16  hudson.AboutJenkins$$FastClassByGuice$$cbb5c65c
2622:             1             16  hudson.BulkChange$1
2623:             1             16  hudson.ClassicPluginStrategy$1
2624:             1             16  hudson.DescriptorExtensionList$$Lambda$90/1807004523
2625:             1             16  hudson.ExpressionFactory2
2626:             1             16  hudson.ExtensionFinder$$Lambda$73/248777602
2627:             1             16  hudson.ExtensionFinder$$Lambda$74/745550532
2628:             1             16  hudson.ExtensionFinder$DefaultGuiceExtensionAnnotation
2629:             1             16  hudson.ExtensionFinder$DefaultGuiceExtensionAnnotation$$FastClassByGuice$$c50e37c0
2630:             1             16  hudson.ExtensionFinder$GuiceFinder$$FastClassByGuice$$b996da11
2631:             1             16  hudson.ExtensionFinder$GuiceFinder$2
2632:             1             16  hudson.ExtensionFinder$GuiceFinder$SezpozModule$$Lambda$69/1817181739
2633:             1             16  hudson.ExtensionFinder$GuiceFinder$SezpozModule$$Lambda$70/1208713036
2634:             1             16  hudson.ExtensionFinder$Sezpoz
2635:             1             16  hudson.ExtensionList$$Lambda$42/1535155976
2636:             1             16  hudson.ExtensionList$Lock
2637:             1             16  hudson.FilePath$3
2638:             1             16  hudson.FilePath$UrlFactory
2639:             1             16  hudson.FileSystemProvisioner$Default$DescriptorImpl$$FastClassByGuice$$fb5e0bf2
2640:             1             16  hudson.Lookup
2641:             1             16  hudson.PluginManager$$Lambda$93/801926414
2642:             1             16  hudson.PluginManager$$Lambda$94/456998196
2643:             1             16  hudson.PluginManager$$Lambda$95/1436902872
2644:             1             16  hudson.PluginManager$1$1
2645:             1             16  hudson.PluginManager$1$2
2646:             1             16  hudson.PluginManager$1$3
2647:             1             16  hudson.PluginManager$1$3$2
2648:             1             16  hudson.PluginManager$2$1
2649:             1             16  hudson.PluginManager$2$1$3
2650:             1             16  hudson.PluginManager$2$2
2651:             1             16  hudson.PluginManager$PluginCycleDependenciesMonitor$$FastClassByGuice$$a1ab827b
2652:             1             16  hudson.PluginManager$PluginInstanceStore
2653:             1             16  hudson.PluginManager$PluginUpdateMonitor$$FastClassByGuice$$e5f43901
2654:             1             16  hudson.ProxyConfiguration$DescriptorImpl$$FastClassByGuice$$3d330538
2655:             1             16  hudson.TcpSlaveAgentListener$PingAgentProtocol$$FastClassByGuice$$28bd2417
2656:             1             16  hudson.TcpSlaveAgentListener$TcpSlaveAgentListenerRescheduler$$FastClassByGuice$$ddb45ab9
2657:             1             16  hudson.WebAppMain$2
2658:             1             16  hudson.cli.AddJobToViewCommand$$FastClassByGuice$$6fb93bce
2659:             1             16  hudson.cli.BuildCommand$$FastClassByGuice$$556e3b7e
2660:             1             16  hudson.cli.CLIAction
2661:             1             16  hudson.cli.CLIAction$$FastClassByGuice$$bfe48495
2662:             1             16  hudson.cli.CancelQuietDownCommand$$FastClassByGuice$$a1686550
2663:             1             16  hudson.cli.ClearQueueCommand$$FastClassByGuice$$74bb9e06
2664:             1             16  hudson.cli.CliCrumbExclusion$$FastClassByGuice$$7622f572
2665:             1             16  hudson.cli.ConnectNodeCommand$$FastClassByGuice$$e1781960
2666:             1             16  hudson.cli.ConsoleCommand$$FastClassByGuice$$bbf09835
2667:             1             16  hudson.cli.CopyJobCommand$$FastClassByGuice$$7f3c8064
2668:             1             16  hudson.cli.CreateJobCommand$$FastClassByGuice$$b5d3e8eb
2669:             1             16  hudson.cli.CreateNodeCommand$$FastClassByGuice$$38899a6c
2670:             1             16  hudson.cli.CreateViewCommand$$FastClassByGuice$$8102069
2671:             1             16  hudson.cli.DeleteBuildsCommand$$FastClassByGuice$$72ddea3a
2672:             1             16  hudson.cli.DeleteJobCommand$$FastClassByGuice$$ee5dfeda
2673:             1             16  hudson.cli.DeleteNodeCommand$$FastClassByGuice$$1142425d
2674:             1             16  hudson.cli.DeleteViewCommand$$FastClassByGuice$$e0c8c85a
2675:             1             16  hudson.cli.DisablePluginCommand$$FastClassByGuice$$1fe1011
2676:             1             16  hudson.cli.DisconnectNodeCommand$$FastClassByGuice$$4c2b74c
2677:             1             16  hudson.cli.EnablePluginCommand$$FastClassByGuice$$17f0ca34
2678:             1             16  hudson.cli.GetJobCommand$$FastClassByGuice$$58f2a263
2679:             1             16  hudson.cli.GetNodeCommand$$FastClassByGuice$$f9420ff4
2680:             1             16  hudson.cli.GetViewCommand$$FastClassByGuice$$c8c895f1
2681:             1             16  hudson.cli.GroovyCommand$$FastClassByGuice$$8637f4fc
2682:             1             16  hudson.cli.GroovyshCommand$$FastClassByGuice$$2407dcc7
2683:             1             16  hudson.cli.HelpCommand$$FastClassByGuice$$cf135629
2684:             1             16  hudson.cli.InstallPluginCommand$$FastClassByGuice$$d495483e
2685:             1             16  hudson.cli.ListChangesCommand$$FastClassByGuice$$bd667107
2686:             1             16  hudson.cli.ListJobsCommand$$FastClassByGuice$$50fd9876
2687:             1             16  hudson.cli.ListPluginsCommand$$FastClassByGuice$$9650998a
2688:             1             16  hudson.cli.OfflineNodeCommand$$FastClassByGuice$$d5bfdec7
2689:             1             16  hudson.cli.OnlineNodeCommand$$FastClassByGuice$$671498b5
2690:             1             16  hudson.cli.QuietDownCommand$$FastClassByGuice$$f8b76b76
2691:             1             16  hudson.cli.ReloadConfigurationCommand$$FastClassByGuice$$17eb9d6f
2692:             1             16  hudson.cli.ReloadJobCommand$$FastClassByGuice$$6e626948
2693:             1             16  hudson.cli.RemoveJobFromViewCommand$$FastClassByGuice$$e45cda04
2694:             1             16  hudson.cli.SessionIdCommand$$FastClassByGuice$$25f85bb
2695:             1             16  hudson.cli.SetBuildDescriptionCommand$$FastClassByGuice$$36021cbc
2696:             1             16  hudson.cli.SetBuildDisplayNameCommand$$FastClassByGuice$$310592b
2697:             1             16  hudson.cli.UpdateJobCommand$$FastClassByGuice$$fc80e478
2698:             1             16  hudson.cli.UpdateNodeCommand$$FastClassByGuice$$c77c107f
2699:             1             16  hudson.cli.UpdateViewCommand$$FastClassByGuice$$9702967c
2700:             1             16  hudson.cli.VersionCommand$$FastClassByGuice$$f70e1d94
2701:             1             16  hudson.cli.WaitNodeOfflineCommand$$FastClassByGuice$$edf7b220
2702:             1             16  hudson.cli.WaitNodeOnlineCommand$$FastClassByGuice$$688ac840
2703:             1             16  hudson.cli.WhoAmICommand$$FastClassByGuice$$8ba542eb
2704:             1             16  hudson.cli.declarative.CLIRegisterer
2705:             1             16  hudson.cli.declarative.CLIRegisterer$$FastClassByGuice$$eb1e1e4b
2706:             1             16  hudson.console.ExpandableDetailsNote$DescriptorImpl$$FastClassByGuice$$1fbb79dd
2707:             1             16  hudson.console.HyperlinkNote$DescriptorImpl$$FastClassByGuice$$af6d1925
2708:             1             16  hudson.console.ModelHyperlinkNote$DescriptorImpl$$FastClassByGuice$$427416da
2709:             1             16  hudson.console.UrlAnnotator$$FastClassByGuice$$96f4f57
2710:             1             16  hudson.diagnosis.HudsonHomeDiskUsageChecker$$FastClassByGuice$$31aaa3fb
2711:             1             16  hudson.diagnosis.HudsonHomeDiskUsageMonitor$$FastClassByGuice$$4f1c91a0
2712:             1             16  hudson.diagnosis.MemoryUsageMonitor$$FastClassByGuice$$f0a6862a
2713:             1             16  hudson.diagnosis.NullIdDescriptorMonitor$$FastClassByGuice$$56c2fdf9
2714:             1             16  hudson.diagnosis.OldDataMonitor$$FastClassByGuice$$a877c3b9
2715:             1             16  hudson.diagnosis.OldDataMonitor$1
2716:             1             16  hudson.diagnosis.OldDataMonitor$2
2717:             1             16  hudson.diagnosis.OldDataMonitor$3
2718:             1             16  hudson.diagnosis.OldDataMonitor$ManagementLinkImpl$$FastClassByGuice$$adcba588
2719:             1             16  hudson.diagnosis.ReverseProxySetupMonitor
2720:             1             16  hudson.diagnosis.ReverseProxySetupMonitor$$FastClassByGuice$$37562cf9
2721:             1             16  hudson.diagnosis.TooManyJobsButNoView
2722:             1             16  hudson.diagnosis.TooManyJobsButNoView$$FastClassByGuice$$4978452e
2723:             1             16  hudson.init.InitStrategy
2724:             1             16  hudson.init.impl.InstallUncaughtExceptionHandler$$Lambda$54/261071560
2725:             1             16  hudson.init.impl.InstallUncaughtExceptionHandler$DefaultUncaughtExceptionHandler
2726:             1             16  hudson.lifecycle.ExitLifecycle$$FastClassByGuice$$a0251c95
2727:             1             16  hudson.logging.LogRecorder$ComputerLogInitializer
2728:             1             16  hudson.logging.LogRecorder$ComputerLogInitializer$$FastClassByGuice$$e3054f7d
2729:             1             16  hudson.logging.LogRecorderManager
2730:             1             16  hudson.markup.EscapedMarkupFormatter$DescriptorImpl$$FastClassByGuice$$964a6301
2731:             1             16  hudson.model.AbstractProject$2
2732:             1             16  hudson.model.AllView$DescriptorImpl$$FastClassByGuice$$df772725
2733:             1             16  hudson.model.AperiodicWork$AperiodicWorkExtensionListListener
2734:             1             16  hudson.model.AsyncPeriodicWork$$Lambda$92/224536491
2735:             1             16  hudson.model.BooleanParameterDefinition$DescriptorImpl$$FastClassByGuice$$d84aa507
2736:             1             16  hudson.model.ChoiceParameterDefinition$DescriptorImpl$$FastClassByGuice$$b4b5f1f0
2737:             1             16  hudson.model.Computer$DisplayExecutor$InternalComputerListener
2738:             1             16  hudson.model.Computer$DisplayExecutor$InternalComputerListener$$FastClassByGuice$$bc64442c
2739:             1             16  hudson.model.ComputerPinger$BuiltInComputerPinger$$FastClassByGuice$$d3d1d96b
2740:             1             16  hudson.model.ComputerSet$1
2741:             1             16  hudson.model.ComputerSet$DescriptorImpl$$FastClassByGuice$$c95b1a4
2742:             1             16  hudson.model.DependencyGraph$3
2743:             1             16  hudson.model.DisplayNameListener$$FastClassByGuice$$9fb8d8e9
2744:             1             16  hudson.model.DownloadService$$FastClassByGuice$$63e97b5
2745:             1             16  hudson.model.DownloadService$DownloadableListener
2746:             1             16  hudson.model.EnvironmentContributor$EnvVarsHtml
2747:             1             16  hudson.model.EnvironmentContributor$EnvVarsHtml$$FastClassByGuice$$f72c7260
2748:             1             16  hudson.model.FileParameterDefinition$DescriptorImpl$$FastClassByGuice$$76c3890b
2749:             1             16  hudson.model.Fingerprint$ProjectRenameListener$$FastClassByGuice$$8eb63e53
2750:             1             16  hudson.model.FingerprintCleanupThread$$FastClassByGuice$$7672f1a2
2751:             1             16  hudson.model.FreeStyleProject$DescriptorImpl$$FastClassByGuice$$d6e11ee7
2752:             1             16  hudson.model.ItemGroupMixIn$2
2753:             1             16  hudson.model.Items$$Lambda$88/594358464
2754:             1             16  hudson.model.Items$1
2755:             1             16  hudson.model.Items$2
2756:             1             16  hudson.model.Items$3
2757:             1             16  hudson.model.JDK$DescriptorImpl$$FastClassByGuice$$f9ca53a
2758:             1             16  hudson.model.Job$2
2759:             1             16  hudson.model.Job$LastItemListener$$FastClassByGuice$$2118071c
2760:             1             16  hudson.model.Job$SubItemBuildsLocationImpl$$FastClassByGuice$$a44b110e
2761:             1             16  hudson.model.Label$3
2762:             1             16  hudson.model.ListView$DescriptorImpl$$FastClassByGuice$$ba680758
2763:             1             16  hudson.model.ListView$Listener$$FastClassByGuice$$1a11c49d
2764:             1             16  hudson.model.LoadBalancer$1
2765:             1             16  hudson.model.LoadStatistics$LoadStatisticsUpdater$$FastClassByGuice$$b39fa05d
2766:             1             16  hudson.model.ManageJenkinsAction
2767:             1             16  hudson.model.ManageJenkinsAction$$FastClassByGuice$$1726b3cf
2768:             1             16  hudson.model.MyView$DescriptorImpl$$FastClassByGuice$$3465cd8a
2769:             1             16  hudson.model.MyViewsProperty$DescriptorImpl$$FastClassByGuice$$b7026ed4
2770:             1             16  hudson.model.MyViewsProperty$GlobalAction
2771:             1             16  hudson.model.MyViewsProperty$GlobalAction$$FastClassByGuice$$e4dde19e
2772:             1             16  hudson.model.Node$InternalComputerListener
2773:             1             16  hudson.model.Node$InternalComputerListener$$FastClassByGuice$$e5dc62f6
2774:             1             16  hudson.model.PaneStatusProperties$DescriptorImpl$$FastClassByGuice$$5b00902e
2775:             1             16  hudson.model.ParametersDefinitionProperty$DescriptorImpl$$FastClassByGuice$$83a6cc09
2776:             1             16  hudson.model.PasswordParameterDefinition$ParameterDescriptorImpl$$FastClassByGuice$$e63d05d
2777:             1             16  hudson.model.PeriodicWork$PeriodicWorkExtensionListListener
2778:             1             16  hudson.model.ProxyView$DescriptorImpl$$FastClassByGuice$$730ecb38
2779:             1             16  hudson.model.Queue$1
2780:             1             16  hudson.model.Queue$3
2781:             1             16  hudson.model.Queue$4
2782:             1             16  hudson.model.Queue$5
2783:             1             16  hudson.model.Queue$6
2784:             1             16  hudson.model.Queue$Saver$$FastClassByGuice$$d8adfbca
2785:             1             16  hudson.model.ResourceController$1
2786:             1             16  hudson.model.RestartListener$Default$$FastClassByGuice$$92017508
2787:             1             16  hudson.model.Result$1
2788:             1             16  hudson.model.Result$2
2789:             1             16  hudson.model.RunParameterDefinition$DescriptorImpl$$FastClassByGuice$$abee2eaa
2790:             1             16  hudson.model.Saveable$1
2791:             1             16  hudson.model.StringParameterDefinition$DescriptorImpl$$FastClassByGuice$$83015860
2792:             1             16  hudson.model.TextParameterDefinition$DescriptorImpl$$FastClassByGuice$$f452ac7c
2793:             1             16  hudson.model.TimeZoneProperty$DescriptorImpl$$FastClassByGuice$$79a19f4d
2794:             1             16  hudson.model.UpdateCenter$CoreUpdateMonitor
2795:             1             16  hudson.model.UpdateCenter$CoreUpdateMonitor$$FastClassByGuice$$81c2c284
2796:             1             16  hudson.model.UpdateCenter$UpdateCenterConfiguration
2797:             1             16  hudson.model.UpdateSite$$Lambda$78/474281667
2798:             1             16  hudson.model.UpdateSite$$Lambda$79/1566159750
2799:             1             16  hudson.model.UsageStatistics$$FastClassByGuice$$a7df604c
2800:             1             16  hudson.model.User$$Lambda$101/353911136
2801:             1             16  hudson.model.User$AllUsers
2802:             1             16  hudson.model.User$AllUsers$$FastClassByGuice$$8d82de68
2803:             1             16  hudson.model.User$FullNameIdResolver$$FastClassByGuice$$7b913fdc
2804:             1             16  hudson.model.User$UserIDCanonicalIdResolver$$FastClassByGuice$$625722ee
2805:             1             16  hudson.model.User$UserIDCanonicalIdResolver$$Lambda$63/247280830
2806:             1             16  hudson.model.UserIdMapper$$FastClassByGuice$$47efa27f
2807:             1             16  hudson.model.UserIdMigrator$$Lambda$83/292496986
2808:             1             16  hudson.model.View$3
2809:             1             16  hudson.model.WorkspaceCleanupThread$$FastClassByGuice$$d6cdeb91
2810:             1             16  hudson.model.queue.LoadPredictor$CurrentlyRunningTasks$$FastClassByGuice$$eff18732
2811:             1             16  hudson.model.queue.QueueSorter$1
2812:             1             16  hudson.node_monitors.ArchitectureMonitor
2813:             1             16  hudson.node_monitors.ArchitectureMonitor$DescriptorImpl$$FastClassByGuice$$47e80d77
2814:             1             16  hudson.node_monitors.ClockMonitor
2815:             1             16  hudson.node_monitors.ClockMonitor$DescriptorImpl$$FastClassByGuice$$2117c97c
2816:             1             16  hudson.node_monitors.MonitorMarkedNodeOffline$$FastClassByGuice$$87353aa6
2817:             1             16  hudson.node_monitors.NodeMonitorUpdater
2818:             1             16  hudson.node_monitors.NodeMonitorUpdater$$FastClassByGuice$$af82341c
2819:             1             16  hudson.node_monitors.NodeMonitorUpdater$1
2820:             1             16  hudson.node_monitors.ResponseTimeMonitor
2821:             1             16  hudson.node_monitors.SwapSpaceMonitor
2822:             1             16  hudson.node_monitors.SwapSpaceMonitor$DescriptorImpl$$FastClassByGuice$$f0f74461
2823:             1             16  hudson.node_monitors.SwapSpaceMonitor$MonitorTask
2824:             1             16  hudson.node_monitors.TemporarySpaceMonitor$DescriptorImpl$$FastClassByGuice$$17cd19
2825:             1             16  hudson.os.solaris.ZFSProvisioner$DescriptorImpl$$FastClassByGuice$$37ff99be
2826:             1             16  hudson.remoting.ClassFilter$1
2827:             1             16  hudson.remoting.ClassFilter$2
2828:             1             16  hudson.remoting.ClassFilter$RegExpClassFilter
2829:             1             16  hudson.remoting.DaemonThreadFactory
2830:             1             16  hudson.remoting.LocalChannel
2831:             1             16  hudson.scm.NullSCM$DescriptorImpl$$FastClassByGuice$$92ac9d41
2832:             1             16  hudson.search.UserSearchProperty$DescriptorImpl$$FastClassByGuice$$539c2698
2833:             1             16  hudson.security.ACL$1
2834:             1             16  hudson.security.ACL$2
2835:             1             16  hudson.security.AuthenticationManagerProxy
2836:             1             16  hudson.security.AuthorizationStrategy$Unsecured
2837:             1             16  hudson.security.AuthorizationStrategy$Unsecured$$Lambda$28/1044629118
2838:             1             16  hudson.security.AuthorizationStrategy$Unsecured$DescriptorImpl$$FastClassByGuice$$625e0972
2839:             1             16  hudson.security.BasicAuthenticationFilter
2840:             1             16  hudson.security.FullControlOnceLoggedInAuthorizationStrategy
2841:             1             16  hudson.security.FullControlOnceLoggedInAuthorizationStrategy$DescriptorImpl$$FastClassByGuice$$581b99e2
2842:             1             16  hudson.security.GlobalSecurityConfiguration$$FastClassByGuice$$14b710b8
2843:             1             16  hudson.security.GlobalSecurityConfiguration$$Lambda$64/853577151
2844:             1             16  hudson.security.GlobalSecurityConfiguration$DescriptorImpl$$FastClassByGuice$$d1427fbb
2845:             1             16  hudson.security.HudsonPrivateSecurityRealm$2
2846:             1             16  hudson.security.HudsonPrivateSecurityRealm$3
2847:             1             16  hudson.security.HudsonPrivateSecurityRealm$DescriptorImpl$$FastClassByGuice$$60a58291
2848:             1             16  hudson.security.HudsonPrivateSecurityRealm$Details$ConverterImpl
2849:             1             16  hudson.security.HudsonPrivateSecurityRealm$Details$DescriptorImpl$$FastClassByGuice$$4bd1bf53
2850:             1             16  hudson.security.HudsonPrivateSecurityRealm$JBCryptEncoder
2851:             1             16  hudson.security.HudsonPrivateSecurityRealm$ManageUserLinks$$FastClassByGuice$$4a6fc2a7
2852:             1             16  hudson.security.HudsonPrivateSecurityRealm$MultiPasswordEncoder
2853:             1             16  hudson.security.LegacyAuthorizationStrategy$DescriptorImpl$$FastClassByGuice$$36b290ab
2854:             1             16  hudson.security.LegacySecurityRealm$DescriptorImpl$$FastClassByGuice$$2d1bce28
2855:             1             16  hudson.security.Permission$1
2856:             1             16  hudson.security.RememberMeServicesProxy
2857:             1             16  hudson.security.SecurityRealm$None$1
2858:             1             16  hudson.security.SecurityRealm$None$2
2859:             1             16  hudson.security.SecurityRealm$None$DescriptorImpl$$FastClassByGuice$$ec98f6b
2860:             1             16  hudson.security.UserDetailsServiceProxy
2861:             1             16  hudson.security.WhoAmI
2862:             1             16  hudson.security.WhoAmI$$FastClassByGuice$$d28820da
2863:             1             16  hudson.security.csrf.CrumbFilter
2864:             1             16  hudson.security.csrf.CrumbIssuer$1
2865:             1             16  hudson.security.csrf.DefaultCrumbIssuer$DescriptorImpl$$FastClassByGuice$$78f5251
2866:             1             16  hudson.security.csrf.GlobalCrumbIssuerConfiguration$$FastClassByGuice$$ed62b254
2867:             1             16  hudson.slaves.ChannelPinger$$FastClassByGuice$$21f05e43
2868:             1             16  hudson.slaves.ComputerRetentionWork$$FastClassByGuice$$ad6d68b5
2869:             1             16  hudson.slaves.ConnectionActivityMonitor$$FastClassByGuice$$e18ff4ce
2870:             1             16  hudson.slaves.ConnectionActivityMonitor$PingCommand
2871:             1             16  hudson.slaves.DumbSlave$DescriptorImpl$$FastClassByGuice$$b8fbaf61
2872:             1             16  hudson.slaves.EnvironmentVariablesNodeProperty$DescriptorImpl$$FastClassByGuice$$298ca6d9
2873:             1             16  hudson.slaves.JNLPLauncher$DescriptorImpl$$FastClassByGuice$$a424d50c
2874:             1             16  hudson.slaves.NodeProvisioner$NodeProvisionerInvoker$$FastClassByGuice$$39f93bd
2875:             1             16  hudson.slaves.NodeProvisioner$StandardStrategyImpl$$FastClassByGuice$$c9791213
2876:             1             16  hudson.slaves.RetentionStrategy$Always
2877:             1             16  hudson.slaves.RetentionStrategy$Always$DescriptorImpl$$FastClassByGuice$$31611c32
2878:             1             16  hudson.slaves.RetentionStrategy$Demand$DescriptorImpl$$FastClassByGuice$$4a3ec476
2879:             1             16  hudson.slaves.RetentionStrategy$NoOp
2880:             1             16  hudson.slaves.SimpleScheduledRetentionStrategy$DescriptorImpl$$FastClassByGuice$$a8163f5e
2881:             1             16  hudson.slaves.WorkspaceList
2882:             1             16  hudson.tasks.ArtifactArchiver$DescriptorImpl$$FastClassByGuice$$ce25ee5e
2883:             1             16  hudson.tasks.ArtifactArchiver$Migrator$$FastClassByGuice$$33c04cc
2884:             1             16  hudson.tasks.BatchFile$DescriptorImpl$$FastClassByGuice$$b52dba70
2885:             1             16  hudson.tasks.BuildTrigger$DescriptorImpl$$FastClassByGuice$$5c8c7c56
2886:             1             16  hudson.tasks.BuildTrigger$DescriptorImpl$ItemListenerImpl$$FastClassByGuice$$3bc06255
2887:             1             16  hudson.tasks.Fingerprinter$DescriptorImpl$$FastClassByGuice$$b08092d5
2888:             1             16  hudson.tasks.LogRotator$LRDescriptor$$FastClassByGuice$$eebb369d
2889:             1             16  hudson.tasks.Maven$DescriptorImpl$$FastClassByGuice$$dc4bed9b
2890:             1             16  hudson.tasks.Maven$MavenInstallation$DescriptorImpl$$FastClassByGuice$$5b31b5da
2891:             1             16  hudson.tasks.Maven$MavenInstaller$DescriptorImpl$$FastClassByGuice$$8b9c5aaa
2892:             1             16  hudson.tasks.Shell$DescriptorImpl$$FastClassByGuice$$4d90f256
2893:             1             16  hudson.tasks._maven.Maven3MojoNote$DescriptorImpl$$FastClassByGuice$$7f98c523
2894:             1             16  hudson.tasks._maven.MavenErrorNote$DescriptorImpl$$FastClassByGuice$$7a5375b5
2895:             1             16  hudson.tasks._maven.MavenMojoNote$DescriptorImpl$$FastClassByGuice$$2f8fa83e
2896:             1             16  hudson.tasks._maven.MavenWarningNote$DescriptorImpl$$FastClassByGuice$$91ff0a1
2897:             1             16  hudson.tools.BatchCommandInstaller$DescriptorImpl$$FastClassByGuice$$669091a2
2898:             1             16  hudson.tools.CommandInstaller$DescriptorImpl$$FastClassByGuice$$8bded2b0
2899:             1             16  hudson.tools.InstallSourceProperty$DescriptorImpl$$FastClassByGuice$$c288716e
2900:             1             16  hudson.tools.InstallerTranslator$$FastClassByGuice$$5de39c1c
2901:             1             16  hudson.tools.ToolLocationNodeProperty$DescriptorImpl$$FastClassByGuice$$403bba49
2902:             1             16  hudson.tools.ZipExtractionInstaller$DescriptorImpl$$FastClassByGuice$$7c5c1ecd
2903:             1             16  hudson.triggers.SCMTrigger$AdministrativeMonitorImpl$$FastClassByGuice$$734ed4e3
2904:             1             16  hudson.triggers.SCMTrigger$DescriptorImpl$$FastClassByGuice$$924bea38
2905:             1             16  hudson.triggers.SlowTriggerAdminMonitor$$FastClassByGuice$$f2af6422
2906:             1             16  hudson.triggers.TimerTrigger$DescriptorImpl$$FastClassByGuice$$29412b60
2907:             1             16  hudson.triggers.Trigger$Cron$$FastClassByGuice$$a62b0b1a
2908:             1             16  hudson.util.CaseInsensitiveComparator
2909:             1             16  hudson.util.CharacterEncodingFilter
2910:             1             16  hudson.util.ClassLoaderSanityThreadFactory
2911:             1             16  hudson.util.EnumConverter
2912:             1             16  hudson.util.Futures$1
2913:             1             16  hudson.util.HudsonIsLoading
2914:             1             16  hudson.util.NullStream
2915:             1             16  hudson.util.Secret$1
2916:             1             16  hudson.util.TextFile
2917:             1             16  hudson.util.VersionNumber$1
2918:             1             16  hudson.views.BuildButtonColumn$DescriptorImpl$$FastClassByGuice$$3e340db0
2919:             1             16  hudson.views.DefaultMyViewsTabBar
2920:             1             16  hudson.views.DefaultMyViewsTabBar$DescriptorImpl$$FastClassByGuice$$8ed95ac1
2921:             1             16  hudson.views.DefaultViewsTabBar
2922:             1             16  hudson.views.DefaultViewsTabBar$DescriptorImpl$$FastClassByGuice$$372feb75
2923:             1             16  hudson.views.GlobalDefaultViewConfiguration$$FastClassByGuice$$d1d0c946
2924:             1             16  hudson.views.JobColumn$DescriptorImpl$$FastClassByGuice$$bdfa4453
2925:             1             16  hudson.views.LastDurationColumn$DescriptorImpl$$FastClassByGuice$$469affe0
2926:             1             16  hudson.views.LastFailureColumn$DescriptorImpl$$FastClassByGuice$$dfa7675c
2927:             1             16  hudson.views.LastStableColumn$DescriptorImpl$$FastClassByGuice$$8342259
2928:             1             16  hudson.views.LastSuccessColumn$DescriptorImpl$$FastClassByGuice$$c9384e83
2929:             1             16  hudson.views.MyViewsTabBar$GlobalConfigurationImpl$$FastClassByGuice$$a2de593c
2930:             1             16  hudson.views.StatusColumn$DescriptorImpl$$FastClassByGuice$$20b65cf8
2931:             1             16  hudson.views.ViewsTabBar$GlobalConfigurationImpl$$FastClassByGuice$$5cbbc5c8
2932:             1             16  hudson.views.WeatherColumn$DescriptorImpl$$FastClassByGuice$$db51aefc
2933:             1             16  io.jenkins.lib.support_log_formatter.SupportLogFormatter
2934:             1             16  io.jenkins.lib.support_log_formatter.SupportLogFormatter$1
2935:             1             16  java.awt.Font$FontAccessImpl
2936:             1             16  java.awt.GraphicsEnvironment$$Lambda$23/1856093404
2937:             1             16  java.awt.Toolkit$4
2938:             1             16  java.io.Console$1
2939:             1             16  java.io.Console$2
2940:             1             16  java.io.DeleteOnExitHook$1
2941:             1             16  java.io.FileDescriptor$1
2942:             1             16  java.io.FileOutputStream$1
2943:             1             16  java.io.ObjectInputStream$$Lambda$62/59548887
2944:             1             16  java.lang.ApplicationShutdownHooks$1
2945:             1             16  java.lang.CharacterDataLatin1
2946:             1             16  java.lang.InheritableThreadLocal
2947:             1             16  java.lang.ProcessEnvironment$CheckedEntrySet
2948:             1             16  java.lang.ProcessEnvironment$EntryComparator
2949:             1             16  java.lang.ProcessEnvironment$NameComparator
2950:             1             16  java.lang.Runtime
2951:             1             16  java.lang.String$CaseInsensitiveComparator
2952:             1             16  java.lang.System$2
2953:             1             16  java.lang.Terminator$1
2954:             1             16  java.lang.invoke.MemberName$Factory
2955:             1             16  java.lang.invoke.MethodHandleImpl$2
2956:             1             16  java.lang.invoke.MethodHandleImpl$3
2957:             1             16  java.lang.ref.Reference$1
2958:             1             16  java.lang.ref.Reference$Lock
2959:             1             16  java.lang.reflect.Proxy$KeyFactory
2960:             1             16  java.lang.reflect.Proxy$ProxyClassFactory
2961:             1             16  java.lang.reflect.ReflectAccess
2962:             1             16  java.math.BigDecimal$1
2963:             1             16  java.net.InetAddress$2
2964:             1             16  java.net.URLClassLoader$7
2965:             1             16  java.nio.Bits$1
2966:             1             16  java.nio.charset.CoderResult$1
2967:             1             16  java.nio.charset.CoderResult$2
2968:             1             16  java.nio.file.Files$AcceptAllFilter
2969:             1             16  java.security.AllPermission
2970:             1             16  java.security.ProtectionDomain$2
2971:             1             16  java.security.ProtectionDomain$JavaSecurityAccessImpl
2972:             1             16  java.text.DontCareFieldPosition$1
2973:             1             16  java.text.MessageFormat$Field
2974:             1             16  java.time.chrono.AbstractChronology$$Lambda$7/1987375157
2975:             1             16  java.time.chrono.AbstractChronology$$Lambda$8/389993238
2976:             1             16  java.time.chrono.AbstractChronology$$Lambda$9/1961501712
2977:             1             16  java.time.chrono.IsoChronology
2978:             1             16  java.time.format.DateTimeFormatter$$Lambda$10/45023307
2979:             1             16  java.time.format.DateTimeFormatter$$Lambda$11/1561063579
2980:             1             16  java.time.format.DateTimeFormatterBuilder$$Lambda$6/1528195520
2981:             1             16  java.time.format.DateTimeFormatterBuilder$2
2982:             1             16  java.time.format.DateTimeFormatterBuilder$InstantPrinterParser
2983:             1             16  java.time.format.DateTimeTextProvider$1
2984:             1             16  java.util.Collections$EmptyEnumeration
2985:             1             16  java.util.Collections$EmptyIterator
2986:             1             16  java.util.Collections$EmptyList
2987:             1             16  java.util.Collections$EmptySet
2988:             1             16  java.util.Comparator$$Lambda$103/47300976
2989:             1             16  java.util.Currency$CurrencyNameGetter
2990:             1             16  java.util.EnumMap$1
2991:             1             16  java.util.IdentityHashMap$Values
2992:             1             16  java.util.Optional
2993:             1             16  java.util.ResourceBundle$Control
2994:             1             16  java.util.Spliterators$EmptySpliterator$OfDouble
2995:             1             16  java.util.Spliterators$EmptySpliterator$OfInt
2996:             1             16  java.util.Spliterators$EmptySpliterator$OfLong
2997:             1             16  java.util.Spliterators$EmptySpliterator$OfRef
2998:             1             16  java.util.Timer$1
2999:             1             16  java.util.WeakHashMap$EntrySet
3000:             1             16  java.util.concurrent.ConcurrentSkipListMap$EntrySet
3001:             1             16  java.util.concurrent.ConcurrentSkipListMap$Values
3002:             1             16  java.util.concurrent.ConcurrentSkipListSet
3003:             1             16  java.util.concurrent.Executors$FinalizableDelegatedExecutorService
3004:             1             16  java.util.concurrent.ThreadPoolExecutor$AbortPolicy
3005:             1             16  java.util.jar.JavaUtilJarAccessImpl
3006:             1             16  java.util.logging.LoggingProxyImpl
3007:             1             16  java.util.logging.SimpleFormatter
3008:             1             16  java.util.regex.Pattern$4
3009:             1             16  java.util.regex.Pattern$CharPropertyNames$10
3010:             1             16  java.util.regex.Pattern$CharPropertyNames$11
3011:             1             16  java.util.regex.Pattern$CharPropertyNames$12
3012:             1             16  java.util.regex.Pattern$CharPropertyNames$13
3013:             1             16  java.util.regex.Pattern$CharPropertyNames$14
3014:             1             16  java.util.regex.Pattern$CharPropertyNames$15
3015:             1             16  java.util.regex.Pattern$CharPropertyNames$16
3016:             1             16  java.util.regex.Pattern$CharPropertyNames$17
3017:             1             16  java.util.regex.Pattern$CharPropertyNames$18
3018:             1             16  java.util.regex.Pattern$CharPropertyNames$19
3019:             1             16  java.util.regex.Pattern$CharPropertyNames$20
3020:             1             16  java.util.regex.Pattern$CharPropertyNames$21
3021:             1             16  java.util.regex.Pattern$CharPropertyNames$22
3022:             1             16  java.util.regex.Pattern$CharPropertyNames$23
3023:             1             16  java.util.regex.Pattern$CharPropertyNames$5
3024:             1             16  java.util.regex.Pattern$CharPropertyNames$6
3025:             1             16  java.util.regex.Pattern$CharPropertyNames$7
3026:             1             16  java.util.regex.Pattern$CharPropertyNames$8
3027:             1             16  java.util.regex.Pattern$CharPropertyNames$9
3028:             1             16  java.util.regex.Pattern$LastNode
3029:             1             16  java.util.regex.Pattern$Node
3030:             1             16  java.util.stream.Collectors$$Lambda$36/325080134
3031:             1             16  java.util.stream.Collectors$$Lambda$39/1801148216
3032:             1             16  java.util.stream.Collectors$$Lambda$40/145455292
3033:             1             16  java.util.stream.Collectors$$Lambda$46/387891949
3034:             1             16  java.util.stream.Collectors$$Lambda$47/310694833
3035:             1             16  java.util.stream.Collectors$$Lambda$48/1474709093
3036:             1             16  java.util.stream.Collectors$$Lambda$49/915341278
3037:             1             16  java.util.stream.Collectors$$Lambda$57/2058999063
3038:             1             16  java.util.stream.Collectors$$Lambda$58/620766694
3039:             1             16  java.util.stream.Collectors$$Lambda$59/156962228
3040:             1             16  java.util.stream.FindOps$$Lambda$71/1974447665
3041:             1             16  java.util.stream.FindOps$$Lambda$72/874356179
3042:             1             16  java.util.stream.IntPipeline$$Lambda$16/2038522556
3043:             1             16  java.util.stream.Nodes$EmptyNode$OfDouble
3044:             1             16  java.util.stream.Nodes$EmptyNode$OfInt
3045:             1             16  java.util.stream.Nodes$EmptyNode$OfLong
3046:             1             16  java.util.stream.Nodes$EmptyNode$OfRef
3047:             1             16  java.util.zip.ZipFile$1
3048:             1             16  javax.crypto.JceSecurityManager
3049:             1             16  javax.net.ssl.HttpsURLConnection$DefaultHostnameVerifier
3050:             1             16  javax.xml.datatype.SecuritySupport
3051:             1             16  javax.xml.parsers.SecuritySupport
3052:             1             16  javax.xml.transform.SecuritySupport
3053:             1             16  jenkins.DailyCheck$$FastClassByGuice$$d940b6c7
3054:             1             16  jenkins.FilePathFilter$1
3055:             1             16  jenkins.I18n
3056:             1             16  jenkins.I18n$$FastClassByGuice$$fb225476
3057:             1             16  jenkins.JenkinsHttpSessionListener
3058:             1             16  jenkins.MetaLocaleDrivenResourceProvider
3059:             1             16  jenkins.SoloFilePathFilter
3060:             1             16  jenkins.agents.WebSocketAgents
3061:             1             16  jenkins.agents.WebSocketAgents$$FastClassByGuice$$9a0a690d
3062:             1             16  jenkins.cli.StopBuildsCommand$$FastClassByGuice$$4160fe3e
3063:             1             16  jenkins.diagnosis.HsErrPidList$$FastClassByGuice$$b61c3f44
3064:             1             16  jenkins.diagnostics.CompletedInitializationMonitor
3065:             1             16  jenkins.diagnostics.CompletedInitializationMonitor$$FastClassByGuice$$818a63e9
3066:             1             16  jenkins.diagnostics.RootUrlNotSetMonitor
3067:             1             16  jenkins.diagnostics.RootUrlNotSetMonitor$$FastClassByGuice$$134076f8
3068:             1             16  jenkins.diagnostics.SecurityIsOffMonitor
3069:             1             16  jenkins.diagnostics.SecurityIsOffMonitor$$FastClassByGuice$$eb58826f
3070:             1             16  jenkins.diagnostics.URICheckEncodingMonitor
3071:             1             16  jenkins.diagnostics.URICheckEncodingMonitor$$FastClassByGuice$$1fd6ea51
3072:             1             16  jenkins.install.SetupWizard$$FastClassByGuice$$c56a311d
3073:             1             16  jenkins.install.SetupWizard$1
3074:             1             16  jenkins.install.UpgradeWizard$ListenForInstallComplete
3075:             1             16  jenkins.install.UpgradeWizard$ListenForInstallComplete$$FastClassByGuice$$9ce08d9a
3076:             1             16  jenkins.management.AdministrativeMonitorsConfiguration$$FastClassByGuice$$e950a27c
3077:             1             16  jenkins.management.AdministrativeMonitorsDecorator$$FastClassByGuice$$2fa618c1
3078:             1             16  jenkins.management.CliLink$$FastClassByGuice$$70eb66a7
3079:             1             16  jenkins.management.ConfigureLink$$FastClassByGuice$$e38b6fad
3080:             1             16  jenkins.management.ConsoleLink$$FastClassByGuice$$794558de
3081:             1             16  jenkins.management.NodesLink$$FastClassByGuice$$9ce82078
3082:             1             16  jenkins.management.PluginsLink$$FastClassByGuice$$22209ea7
3083:             1             16  jenkins.management.ReloadLink$$FastClassByGuice$$392acca6
3084:             1             16  jenkins.management.ShutdownLink$$FastClassByGuice$$a3149a23
3085:             1             16  jenkins.management.StatisticsLink$$FastClassByGuice$$c2b535b0
3086:             1             16  jenkins.management.SystemInfoLink$$FastClassByGuice$$4594630a
3087:             1             16  jenkins.management.SystemLogLink$$FastClassByGuice$$fd7b73dc
3088:             1             16  jenkins.model.ArtifactManagerConfiguration$$FastClassByGuice$$d3b08c38
3089:             1             16  jenkins.model.AssetManager
3090:             1             16  jenkins.model.AssetManager$$FastClassByGuice$$eaa0619a
3091:             1             16  jenkins.model.BackgroundGlobalBuildDiscarder$$FastClassByGuice$$4722658b
3092:             1             16  jenkins.model.BuildDiscarderProperty$ConditionallyHidden$$FastClassByGuice$$619dfc88
3093:             1             16  jenkins.model.BuildDiscarderProperty$DescriptorImpl$$FastClassByGuice$$8abf78e4
3094:             1             16  jenkins.model.CoreEnvironmentContributor$$FastClassByGuice$$ab827b84
3095:             1             16  jenkins.model.DefaultSimplePageDecorator$$FastClassByGuice$$75592a16
3096:             1             16  jenkins.model.DefaultUserCanonicalIdResolver$$FastClassByGuice$$ed7432c6
3097:             1             16  jenkins.model.GlobalBuildDiscarderConfiguration$$FastClassByGuice$$31d0a079
3098:             1             16  jenkins.model.GlobalBuildDiscarderListener$$FastClassByGuice$$4e9d3351
3099:             1             16  jenkins.model.GlobalCloudConfiguration
3100:             1             16  jenkins.model.GlobalCloudConfiguration$$FastClassByGuice$$927dc141
3101:             1             16  jenkins.model.GlobalConfigurationCategory$Security$$FastClassByGuice$$4e68ca70
3102:             1             16  jenkins.model.GlobalConfigurationCategory$Unclassified$$FastClassByGuice$$3cc7b89c
3103:             1             16  jenkins.model.GlobalNodePropertiesConfiguration$$FastClassByGuice$$e6707da1
3104:             1             16  jenkins.model.GlobalPluginConfiguration$$FastClassByGuice$$76c8d403
3105:             1             16  jenkins.model.GlobalProjectNamingStrategyConfiguration$$FastClassByGuice$$c9cbba42
3106:             1             16  jenkins.model.GlobalQuietPeriodConfiguration$$FastClassByGuice$$923eda61
3107:             1             16  jenkins.model.GlobalSCMRetryCountConfiguration$$FastClassByGuice$$90cd9492
3108:             1             16  jenkins.model.IdStrategy$CaseInsensitive
3109:             1             16  jenkins.model.IdStrategy$CaseInsensitive$DescriptorImpl$$FastClassByGuice$$f36f38b
3110:             1             16  jenkins.model.IdStrategy$CaseSensitive$DescriptorImpl$$FastClassByGuice$$7ceb03a6
3111:             1             16  jenkins.model.IdStrategy$CaseSensitiveEmailAddress$DescriptorImpl$$FastClassByGuice$$1171cf4e
3112:             1             16  jenkins.model.Jenkins$13
3113:             1             16  jenkins.model.Jenkins$16
3114:             1             16  jenkins.model.Jenkins$3
3115:             1             16  jenkins.model.Jenkins$6
3116:             1             16  jenkins.model.Jenkins$EnforceSlaveAgentPortAdministrativeMonitor$$FastClassByGuice$$d54fdd46
3117:             1             16  jenkins.model.Jenkins$MasterRestartNotifyier$$FastClassByGuice$$6f3b01ab
3118:             1             16  jenkins.model.JenkinsLocationConfiguration$$FastClassByGuice$$a6785528
3119:             1             16  jenkins.model.JobGlobalBuildDiscarderStrategy
3120:             1             16  jenkins.model.JobGlobalBuildDiscarderStrategy$DescriptorImpl$$FastClassByGuice$$b678e1c0
3121:             1             16  jenkins.model.MasterBuildConfiguration$$FastClassByGuice$$570852a7
3122:             1             16  jenkins.model.NewViewLink$$FastClassByGuice$$ff6a4b62
3123:             1             16  jenkins.model.Nodes$9$$Lambda$84/88877289
3124:             1             16  jenkins.model.PeepholePermalink$RunListenerImpl$$FastClassByGuice$$26189229
3125:             1             16  jenkins.model.ProjectNamingStrategy$DefaultProjectNamingStrategy
3126:             1             16  jenkins.model.ProjectNamingStrategy$DefaultProjectNamingStrategy$DescriptorImpl$$FastClassByGuice$$196f7733
3127:             1             16  jenkins.model.ProjectNamingStrategy$PatternProjectNamingStrategy$DescriptorImpl$$FastClassByGuice$$24d85102
3128:             1             16  jenkins.model.RenameAction$TransientActionFactoryImpl$$FastClassByGuice$$9adea75d
3129:             1             16  jenkins.model.RunIdMigrator$UnmigrationInstruction
3130:             1             16  jenkins.model.RunIdMigrator$UnmigrationInstruction$$FastClassByGuice$$befdf157
3131:             1             16  jenkins.model.SimpleGlobalBuildDiscarderStrategy$DescriptorImpl$$FastClassByGuice$$a31d6811
3132:             1             16  jenkins.model.TransientActionFactory$1
3133:             1             16  jenkins.model.UnlabeledLoadStatistics$UnlabeledNodesIterable
3134:             1             16  jenkins.model.Uptime$$FastClassByGuice$$5b79b0a5
3135:             1             16  jenkins.model.identity.IdentityRootAction
3136:             1             16  jenkins.model.identity.IdentityRootAction$$FastClassByGuice$$6b3473e9
3137:             1             16  jenkins.model.item_category.ItemCategory$UncategorizedCategory$$FastClassByGuice$$37885abe
3138:             1             16  jenkins.model.item_category.NestedProjectsCategory$$FastClassByGuice$$4af0cc70
3139:             1             16  jenkins.model.item_category.StandaloneProjectsCategory$$FastClassByGuice$$9375273e
3140:             1             16  jenkins.model.lazy.BuildReference$DefaultHolderFactory$$FastClassByGuice$$ecd906a7
3141:             1             16  jenkins.model.lazy.LazyBuildMixIn$ItemListenerImpl$$FastClassByGuice$$62c0daa7
3142:             1             16  jenkins.model.queue.ItemDeletion$$FastClassByGuice$$e1ef8efb
3143:             1             16  jenkins.mvn.DefaultGlobalSettingsProvider$DescriptorImpl$$FastClassByGuice$$3e57159c
3144:             1             16  jenkins.mvn.DefaultSettingsProvider$DescriptorImpl$$FastClassByGuice$$17c8d5bf
3145:             1             16  jenkins.mvn.FilePathGlobalSettingsProvider$DescriptorImpl$$FastClassByGuice$$441420ba
3146:             1             16  jenkins.mvn.FilePathSettingsProvider$DescriptorImpl$$FastClassByGuice$$467c0f5d
3147:             1             16  jenkins.mvn.GlobalMavenConfig$$FastClassByGuice$$cc00d7e9
3148:             1             16  jenkins.plugins.DetachedPluginsUtil$$Lambda$55/668891956
3149:             1             16  jenkins.plugins.DetachedPluginsUtil$$Lambda$56/674873563
3150:             1             16  jenkins.plugins.DetachedPluginsUtil$$Lambda$60/808289258
3151:             1             16  jenkins.scm.DefaultSCMCheckoutStrategyImpl$DescriptorImpl$$FastClassByGuice$$ee410695
3152:             1             16  jenkins.security.ApiCrumbExclusion$$FastClassByGuice$$4438bfb7
3153:             1             16  jenkins.security.ApiTokenProperty$DescriptorImpl$$FastClassByGuice$$36ae8169
3154:             1             16  jenkins.security.BasicHeaderApiTokenAuthenticator$$FastClassByGuice$$1d17c3ef
3155:             1             16  jenkins.security.BasicHeaderRealPasswordAuthenticator$$FastClassByGuice$$de8fe655
3156:             1             16  jenkins.security.ClassFilterImpl$$Lambda$45/1155501794
3157:             1             16  jenkins.security.ClassFilterImpl$$Lambda$86/543647043
3158:             1             16  jenkins.security.CustomClassFilter$Contributed
3159:             1             16  jenkins.security.CustomClassFilter$Contributed$$FastClassByGuice$$9886fb1c
3160:             1             16  jenkins.security.CustomClassFilter$Static
3161:             1             16  jenkins.security.CustomClassFilter$Static$$FastClassByGuice$$b24353c9
3162:             1             16  jenkins.security.FrameOptionsPageDecorator$$FastClassByGuice$$b7731065
3163:             1             16  jenkins.security.LastGrantedAuthoritiesProperty$DescriptorImpl$$FastClassByGuice$$d64ec8ac
3164:             1             16  jenkins.security.LastGrantedAuthoritiesProperty$SecurityListenerImpl
3165:             1             16  jenkins.security.LastGrantedAuthoritiesProperty$SecurityListenerImpl$$FastClassByGuice$$7097e911
3166:             1             16  jenkins.security.QueueItemAuthenticatorConfiguration$$FastClassByGuice$$25503791
3167:             1             16  jenkins.security.QueueItemAuthenticatorConfiguration$ProviderImpl$$FastClassByGuice$$cd91604
3168:             1             16  jenkins.security.QueueItemAuthenticatorMonitor
3169:             1             16  jenkins.security.QueueItemAuthenticatorMonitor$$FastClassByGuice$$76ce5035
3170:             1             16  jenkins.security.QueueItemAuthenticatorMonitor$QueueListenerImpl$$FastClassByGuice$$2bbf15d6
3171:             1             16  jenkins.security.RedactSecretJsonInErrorMessageSanitizer
3172:             1             16  jenkins.security.RekeySecretAdminMonitor$$FastClassByGuice$$34f483b1
3173:             1             16  jenkins.security.ResourceDomainConfiguration$$FastClassByGuice$$c4f2c40e
3174:             1             16  jenkins.security.ResourceDomainFilter
3175:             1             16  jenkins.security.ResourceDomainRecommendation
3176:             1             16  jenkins.security.ResourceDomainRecommendation$$FastClassByGuice$$a8dad3a1
3177:             1             16  jenkins.security.ResourceDomainRootAction
3178:             1             16  jenkins.security.ResourceDomainRootAction$$FastClassByGuice$$ff0b01a0
3179:             1             16  jenkins.security.SecureRequester$Default$$FastClassByGuice$$c65717ac
3180:             1             16  jenkins.security.SuspiciousRequestFilter
3181:             1             16  jenkins.security.UpdateSiteWarningsConfiguration$$FastClassByGuice$$e5bef779
3182:             1             16  jenkins.security.UpdateSiteWarningsMonitor
3183:             1             16  jenkins.security.UpdateSiteWarningsMonitor$$FastClassByGuice$$e1a51e1d
3184:             1             16  jenkins.security.UserDetailsCache$$FastClassByGuice$$be7513a1
3185:             1             16  jenkins.security.apitoken.ApiTokenPropertyConfiguration$$FastClassByGuice$$f7f0e9e9
3186:             1             16  jenkins.security.apitoken.ApiTokenPropertyDisabledDefaultAdministrativeMonitor
3187:             1             16  jenkins.security.apitoken.ApiTokenPropertyDisabledDefaultAdministrativeMonitor$$FastClassByGuice$$dc1f06d4
3188:             1             16  jenkins.security.apitoken.ApiTokenPropertyEnabledNewLegacyAdministrativeMonitor
3189:             1             16  jenkins.security.apitoken.ApiTokenPropertyEnabledNewLegacyAdministrativeMonitor$$FastClassByGuice$$7ba8fdd7
3190:             1             16  jenkins.security.apitoken.ApiTokenStore
3191:             1             16  jenkins.security.apitoken.ApiTokenStore$$Lambda$102/1604782320
3192:             1             16  jenkins.security.apitoken.LegacyApiTokenAdministrativeMonitor
3193:             1             16  jenkins.security.apitoken.LegacyApiTokenAdministrativeMonitor$$FastClassByGuice$$14dd208b
3194:             1             16  jenkins.security.csrf.CSRFAdministrativeMonitor
3195:             1             16  jenkins.security.csrf.CSRFAdministrativeMonitor$$FastClassByGuice$$d5c46074
3196:             1             16  jenkins.security.s2m.AdminCallableMonitor$$FastClassByGuice$$777981c9
3197:             1             16  jenkins.security.s2m.AdminCallableWhitelist$$FastClassByGuice$$7c15a4f6
3198:             1             16  jenkins.security.s2m.AdminFilePathFilter$ChannelConfiguratorImpl$$FastClassByGuice$$383db4c6
3199:             1             16  jenkins.security.s2m.AdminWhitelistRule$$FastClassByGuice$$5cdd1ea
3200:             1             16  jenkins.security.s2m.CallableDirectionChecker$ChannelConfiguratorImpl$$FastClassByGuice$$171609f8
3201:             1             16  jenkins.security.s2m.CallableDirectionChecker$DefaultWhitelist$$FastClassByGuice$$53f07f26
3202:             1             16  jenkins.security.s2m.DefaultFilePathFilter$$FastClassByGuice$$95b41264
3203:             1             16  jenkins.security.s2m.MasterKillSwitchConfiguration$$FastClassByGuice$$56f61e4c
3204:             1             16  jenkins.security.s2m.MasterKillSwitchWarning$$FastClassByGuice$$32ff9172
3205:             1             16  jenkins.security.seed.UserSeedProperty$DescriptorImpl$$FastClassByGuice$$378dcb9b
3206:             1             16  jenkins.security.seed.UserSeedSecurityListener
3207:             1             16  jenkins.security.seed.UserSeedSecurityListener$$FastClassByGuice$$40845017
3208:             1             16  jenkins.security.stapler.DoActionFilter
3209:             1             16  jenkins.security.stapler.StaplerDispatchValidator
3210:             1             16  jenkins.security.stapler.StaplerFilteredActionListener
3211:             1             16  jenkins.security.stapler.StaticRoutingDecisionProvider$$FastClassByGuice$$a53f4b0a
3212:             1             16  jenkins.security.stapler.StaticRoutingDecisionProvider$$Lambda$127/1403376152
3213:             1             16  jenkins.security.stapler.TypedFilter
3214:             1             16  jenkins.slaves.DefaultJnlpSlaveReceiver$$FastClassByGuice$$cd1d72d7
3215:             1             16  jenkins.slaves.IOHubProvider$$FastClassByGuice$$2ffec646
3216:             1             16  jenkins.slaves.JnlpAgentReceiver$JnlpAgentDatabase
3217:             1             16  jenkins.slaves.NioChannelSelector$$FastClassByGuice$$55ecdbe8
3218:             1             16  jenkins.slaves.RemotingWorkDirSettings$DescriptorImpl$$FastClassByGuice$$83f09b91
3219:             1             16  jenkins.slaves.StandardOutputSwapper
3220:             1             16  jenkins.slaves.StandardOutputSwapper$$FastClassByGuice$$f9f6b5d2
3221:             1             16  jenkins.slaves.restarter.JnlpSlaveRestarterInstaller
3222:             1             16  jenkins.slaves.restarter.JnlpSlaveRestarterInstaller$$FastClassByGuice$$da7b5e6f
3223:             1             16  jenkins.slaves.restarter.UnixSlaveRestarter$$FastClassByGuice$$981214d9
3224:             1             16  jenkins.slaves.restarter.WinswSlaveRestarter$$FastClassByGuice$$cc390179
3225:             1             16  jenkins.slaves.systemInfo.ClassLoaderStatisticsSlaveInfo$$FastClassByGuice$$ae8448e
3226:             1             16  jenkins.slaves.systemInfo.EnvVarsSlaveInfo$$FastClassByGuice$$d2795fa3
3227:             1             16  jenkins.slaves.systemInfo.SystemPropertySlaveInfo$$FastClassByGuice$$5057294a
3228:             1             16  jenkins.slaves.systemInfo.ThreadDumpSlaveInfo$$FastClassByGuice$$dc5c0d10
3229:             1             16  jenkins.tasks.SimpleBuildStep$LastBuildActionFactory$$FastClassByGuice$$c19a1390
3230:             1             16  jenkins.telemetry.Correlator$$FastClassByGuice$$5678e8d6
3231:             1             16  jenkins.telemetry.Telemetry$TelemetryReporter$$FastClassByGuice$$ff94f762
3232:             1             16  jenkins.telemetry.impl.SecuritySystemProperties$$FastClassByGuice$$57e743a3
3233:             1             16  jenkins.telemetry.impl.StaplerDispatches$$FastClassByGuice$$862becf0
3234:             1             16  jenkins.telemetry.impl.StaplerDispatches$StaplerTrace
3235:             1             16  jenkins.telemetry.impl.UserLanguages$$FastClassByGuice$$87516baf
3236:             1             16  jenkins.telemetry.impl.UserLanguages$AcceptLanguageFilter
3237:             1             16  jenkins.telemetry.impl.java11.MissingClassTelemetry$$FastClassByGuice$$61e22dbc
3238:             1             16  jenkins.tools.GlobalToolConfiguration$$FastClassByGuice$$4c5dde70
3239:             1             16  jenkins.tools.GlobalToolConfiguration$$Lambda$65/793752653
3240:             1             16  jenkins.tools.ToolConfigurationCategory$$FastClassByGuice$$86c039b1
3241:             1             16  jenkins.triggers.ReverseBuildTrigger$DescriptorImpl$$FastClassByGuice$$ed76e682
3242:             1             16  jenkins.triggers.ReverseBuildTrigger$ItemListenerImpl$$FastClassByGuice$$141eaf3a
3243:             1             16  jenkins.triggers.ReverseBuildTrigger$RunListenerImpl$$FastClassByGuice$$b08db52c
3244:             1             16  jenkins.util.SystemProperties$$Lambda$20/1939022383
3245:             1             16  jenkins.util.SystemProperties$AgentCopier
3246:             1             16  jenkins.util.SystemProperties$AgentCopier$$FastClassByGuice$$dd370089
3247:             1             16  jenkins.util.SystemProperties$Listener
3248:             1             16  jenkins.util.SystemProperties$Listener$$Lambda$22/1533985074
3249:             1             16  jenkins.util.io.PathRemover$PathChecker$$Lambda$80/1894764903
3250:             1             16  jenkins.util.io.PathRemover$PausingGCRetryStrategy$$Lambda$81/1486703374
3251:             1             16  jenkins.util.xml.RestrictiveEntityResolver
3252:             1             16  jenkins.websocket.WebSocketEcho
3253:             1             16  jenkins.websocket.WebSocketEcho$$FastClassByGuice$$7fd2376d
3254:             1             16  jenkins.websocket.WebSockets$$FastClassByGuice$$1a29784b
3255:             1             16  jenkins.widgets.BuildQueueWidget$$FastClassByGuice$$70da671e
3256:             1             16  jenkins.widgets.ExecutorsWidget$$FastClassByGuice$$e183edcd
3257:             1             16  net.sf.ezmorph.MorpherRegistry
3258:             1             16  net.sf.ezmorph.object.ClassMorpher
3259:             1             16  net.sf.ezmorph.object.StringMorpher
3260:             1             16  org.acegisecurity.concurrent.NullConcurrentSessionController
3261:             1             16  org.acegisecurity.context.ThreadLocalSecurityContextHolderStrategy
3262:             1             16  org.acegisecurity.providers.dao.AbstractUserDetailsAuthenticationProvider$DefaultPostAuthenticationChecks
3263:             1             16  org.acegisecurity.providers.dao.AbstractUserDetailsAuthenticationProvider$DefaultPreAuthenticationChecks
3264:             1             16  org.acegisecurity.providers.dao.cache.NullUserCache
3265:             1             16  org.acegisecurity.ui.basicauth.BasicProcessingFilterEntryPoint
3266:             1             16  org.acegisecurity.ui.rememberme.NullRememberMeServices
3267:             1             16  org.apache.commons.beanutils.DefaultBeanIntrospector
3268:             1             16  org.apache.commons.beanutils.expression.DefaultResolver
3269:             1             16  org.apache.commons.discovery.jdk.JDK12Hooks
3270:             1             16  org.apache.commons.io.output.NullOutputStream
3271:             1             16  org.apache.commons.jelly.TagLibrary$1
3272:             1             16  org.apache.commons.jexl.ExpressionFactory
3273:             1             16  org.apache.commons.jexl.util.introspection.ClassMap$MethodCache$CacheMiss
3274:             1             16  org.apache.commons.jexl.util.introspection.UberspectImpl
3275:             1             16  org.apache.commons.lang.time.FastDateFormat$StringLiteral
3276:             1             16  org.apache.commons.lang.time.FastDateFormat$TwoDigitMonthField
3277:             1             16  org.apache.sshd.common.util.GenericUtils$$Lambda$66/2081397277
3278:             1             16  org.apache.sshd.common.util.GenericUtils$$Lambda$67/820754522
3279:             1             16  org.apache.tools.ant.DirectoryScanner$$Lambda$148/818758769
3280:             1             16  org.apache.tools.ant.DirectoryScanner$$Lambda$149/1092510552
3281:             1             16  org.apache.tools.ant.DirectoryScanner$$Lambda$150/777140031
3282:             1             16  org.apache.tools.ant.DirectoryScanner$$Lambda$151/750001436
3283:             1             16  org.apache.tools.ant.DirectoryScanner$$Lambda$153/2069163726
3284:             1             16  org.apache.tools.ant.Project$$Lambda$138/1354613147
3285:             1             16  org.apache.tools.ant.PropertyHelper$$Lambda$140/450401925
3286:             1             16  org.apache.tools.ant.PropertyHelper$$Lambda$141/1646004346
3287:             1             16  org.apache.tools.ant.property.ParseProperties$$Lambda$143/210891364
3288:             1             16  org.apache.tools.ant.types.PatternSet$$Lambda$145/779771466
3289:             1             16  org.apache.tools.ant.types.PatternSet$$Lambda$146/771463987
3290:             1             16  org.apache.tools.ant.types.PatternSet$$Lambda$147/1050294059
3291:             1             16  org.apache.tools.ant.types.selectors.SelectorUtils
3292:             1             16  org.codehaus.groovy.ast.tools.WideningCategories$2
3293:             1             16  org.codehaus.groovy.classgen.ReturnAdder$1
3294:             1             16  org.codehaus.groovy.classgen.asm.MopWriter$1
3295:             1             16  org.codehaus.groovy.reflection.CachedClass$CachedMethodComparatorByName
3296:             1             16  org.codehaus.groovy.reflection.CachedClass$CachedMethodComparatorWithString
3297:             1             16  org.codehaus.groovy.reflection.CachedMethod$MyComparator
3298:             1             16  org.codehaus.groovy.reflection.ClassInfo$1
3299:             1             16  org.codehaus.groovy.reflection.ClassInfo$GlobalClassSet
3300:             1             16  org.codehaus.groovy.runtime.NumberAwareComparator
3301:             1             16  org.codehaus.groovy.runtime.m12n.ExtensionModuleRegistry
3302:             1             16  org.codehaus.groovy.runtime.metaclass.MetaClassRegistryImpl$1
3303:             1             16  org.codehaus.groovy.util.ManagedReference$1
3304:             1             16  org.codehaus.groovy.util.ReferenceManager$CallBackedManager
3305:             1             16  org.codehaus.groovy.vmplugin.v7.Java7
3306:             1             16  org.dom4j.tree.NamespaceCache
3307:             1             16  org.eclipse.jetty.http.DateGenerator$1
3308:             1             16  org.eclipse.jetty.http.Http1FieldPreEncoder
3309:             1             16  org.eclipse.jetty.http.MimeTypes
3310:             1             16  org.eclipse.jetty.http.MimeTypes$$Lambda$2/791885625
3311:             1             16  org.eclipse.jetty.http.MimeTypes$$Lambda$4/607635164
3312:             1             16  org.eclipse.jetty.http.QuotedQualityCSV$$Lambda$115/574841185
3313:             1             16  org.eclipse.jetty.http.QuotedQualityCSV$$Lambda$116/1342177098
3314:             1             16  org.eclipse.jetty.http2.hpack.HpackFieldPreEncoder
3315:             1             16  org.eclipse.jetty.io.CyclicTimeout$$Lambda$120/912123740
3316:             1             16  org.eclipse.jetty.io.SelectorManager$$Lambda$14/370475881
3317:             1             16  org.eclipse.jetty.io.WriteFlusher$CompletingState
3318:             1             16  org.eclipse.jetty.io.WriteFlusher$IdleState
3319:             1             16  org.eclipse.jetty.io.WriteFlusher$WritingState
3320:             1             16  org.eclipse.jetty.security.DefaultAuthenticatorFactory
3321:             1             16  org.eclipse.jetty.security.SecurityHandler$1
3322:             1             16  org.eclipse.jetty.security.SecurityHandler$2
3323:             1             16  org.eclipse.jetty.security.authentication.DeferredAuthentication$1
3324:             1             16  org.eclipse.jetty.security.authentication.DeferredAuthentication$2
3325:             1             16  org.eclipse.jetty.server.AbstractConnector$1
3326:             1             16  org.eclipse.jetty.server.Authentication$1
3327:             1             16  org.eclipse.jetty.server.Authentication$2
3328:             1             16  org.eclipse.jetty.server.Authentication$3
3329:             1             16  org.eclipse.jetty.server.Authentication$4
3330:             1             16  org.eclipse.jetty.server.Authentication$5
3331:             1             16  org.eclipse.jetty.server.HttpChannel$1
3332:             1             16  org.eclipse.jetty.server.HttpInput$1
3333:             1             16  org.eclipse.jetty.server.HttpInput$2
3334:             1             16  org.eclipse.jetty.server.HttpInput$3
3335:             1             16  org.eclipse.jetty.server.HttpInput$4
3336:             1             16  org.eclipse.jetty.server.HttpInput$5
3337:             1             16  org.eclipse.jetty.server.Request$$Lambda$118/1113010700
3338:             1             16  org.eclipse.jetty.server.ResourceService$$Lambda$29/1933328958
3339:             1             16  org.eclipse.jetty.server.ResourceService$$Lambda$30/463381475
3340:             1             16  org.eclipse.jetty.server.handler.ContextHandler$ApproveNonExistentDirectoryAliases
3341:             1             16  org.eclipse.jetty.server.session.HouseKeeper$Runner
3342:             1             16  org.eclipse.jetty.server.session.SessionHandler$1
3343:             1             16  org.eclipse.jetty.server.session.SessionHandler$CookieConfig
3344:             1             16  org.eclipse.jetty.servlet.listener.ELContextCleaner
3345:             1             16  org.eclipse.jetty.servlet.listener.IntrospectorCleaner
3346:             1             16  org.eclipse.jetty.util.Callback$1
3347:             1             16  org.eclipse.jetty.util.DecoratedObjectFactory
3348:             1             16  org.eclipse.jetty.util.DeprecationWarning
3349:             1             16  org.eclipse.jetty.util.IO$ClosedIS
3350:             1             16  org.eclipse.jetty.util.IO$NullOS
3351:             1             16  org.eclipse.jetty.util.TypeUtil$$Lambda$19/2082557120
3352:             1             16  org.eclipse.jetty.util.Uptime
3353:             1             16  org.eclipse.jetty.util.component.Graceful$Shutdown
3354:             1             16  org.eclipse.jetty.util.resource.EmptyResource
3355:             1             16  org.eclipse.jetty.util.statistic.CounterStatistic$$Lambda$13/750029115
3356:             1             16  org.eclipse.jetty.util.statistic.SampleStatistic$$Lambda$12/1758008124
3357:             1             16  org.eclipse.jetty.util.thread.QueuedThreadPool$$Lambda$1/200006406
3358:             1             16  org.eclipse.jetty.util.thread.QueuedThreadPool$Runner
3359:             1             16  org.eclipse.jetty.util.thread.ReservedThreadExecutor$1
3360:             1             16  org.eclipse.jetty.util.thread.ThreadPoolBudget$$Lambda$15/508512860
3361:             1             16  org.eclipse.jetty.util.thread.ThreadPoolBudget$1
3362:             1             16  org.eclipse.jetty.util.thread.TryExecutor$1
3363:             1             16  org.eclipse.jetty.webapp.ClasspathPattern$$Lambda$17/35984028
3364:             1             16  org.eclipse.jetty.webapp.FragmentConfiguration
3365:             1             16  org.eclipse.jetty.webapp.JettyWebXmlConfiguration
3366:             1             16  org.eclipse.jetty.webapp.MetaInfConfiguration
3367:             1             16  org.eclipse.jetty.webapp.WebInfConfiguration
3368:             1             16  org.eclipse.jetty.webapp.WebXmlConfiguration
3369:             1             16  org.jenkinsci.bytecode.$Proxy5
3370:             1             16  org.jenkinsci.bytecode.AdaptField$FactoryImpl
3371:             1             16  org.jenkinsci.bytecode.Transformer
3372:             1             16  org.jenkinsci.main.modules.cli.auth.ssh.UserPropertyImpl$DescriptorImpl$$FastClassByGuice$$21ae1075
3373:             1             16  org.jenkinsci.main.modules.instance_identity.InstanceIdentity$$FastClassByGuice$$af33f6d9
3374:             1             16  org.jenkinsci.main.modules.instance_identity.InstanceIdentityRSAProvider$$FastClassByGuice$$70daffb8
3375:             1             16  org.jenkinsci.main.modules.instance_identity.PageDecoratorImpl$$FastClassByGuice$$68618106
3376:             1             16  org.jenkinsci.main.modules.sshd.CLICommandAdapter$$FastClassByGuice$$24d652d2
3377:             1             16  org.jenkinsci.main.modules.sshd.ItemListenerImpl$$FastClassByGuice$$387d1d9
3378:             1             16  org.jenkinsci.main.modules.sshd.PortAdvertiser$$FastClassByGuice$$e6662f3e
3379:             1             16  org.jenkinsci.main.modules.sshd.SSHD$$FastClassByGuice$$c0b3a86e
3380:             1             16  org.jenkinsci.modules.launchd_slave_installer.SlaveInstallerFactoryImpl$$FastClassByGuice$$9385e07a
3381:             1             16  org.jenkinsci.modules.slave_installer.impl.ComputerListenerImpl
3382:             1             16  org.jenkinsci.modules.slave_installer.impl.ComputerListenerImpl$$FastClassByGuice$$f4dcee0c
3383:             1             16  org.jenkinsci.modules.systemd_slave_installer.SlaveInstallerFactoryImpl$$FastClassByGuice$$6d00dc7e
3384:             1             16  org.jenkinsci.modules.upstart_slave_installer.SlaveInstallerFactoryImpl$$FastClassByGuice$$1c265090
3385:             1             16  org.jenkinsci.modules.windows_slave_installer.SlaveExeUpdater
3386:             1             16  org.jenkinsci.modules.windows_slave_installer.SlaveExeUpdater$$FastClassByGuice$$fe388ea1
3387:             1             16  org.jenkinsci.modules.windows_slave_installer.SlaveInstallerFactoryImpl$$FastClassByGuice$$1fac16c
3388:             1             16  org.jvnet.hudson.Windows
3389:             1             16  org.jvnet.hudson.reactor.Executable$1
3390:             1             16  org.jvnet.hudson.reactor.ReactorListener$1
3391:             1             16  org.jvnet.hudson.reactor.ReactorListener$Aggregator
3392:             1             16  org.jvnet.hudson.reactor.TaskBuilder$1
3393:             1             16  org.jvnet.hudson.reactor.TaskBuilder$2
3394:             1             16  org.jvnet.localizer.LocaleProvider$1
3395:             1             16  org.jvnet.localizer.ResourceProvider$1
3396:             1             16  org.jvnet.tiger_types.Types$1
3397:             1             16  org.jvnet.tiger_types.Types$2
3398:             1             16  org.jvnet.tiger_types.Types$3
3399:             1             16  org.kohsuke.args4j.OptionHandlerRegistry
3400:             1             16  org.kohsuke.stapler.BindInterceptor
3401:             1             16  org.kohsuke.stapler.CrumbIssuer$1
3402:             1             16  org.kohsuke.stapler.DiagnosticThreadNameFilter
3403:             1             16  org.kohsuke.stapler.DispatchValidator$1
3404:             1             16  org.kohsuke.stapler.Function$1
3405:             1             16  org.kohsuke.stapler.Function$MethodFunction$$Lambda$126/1047117968
3406:             1             16  org.kohsuke.stapler.FunctionList$Filter$1
3407:             1             16  org.kohsuke.stapler.HttpResponseRenderer$Default
3408:             1             16  org.kohsuke.stapler.JRebelFacet
3409:             1             16  org.kohsuke.stapler.MetaClass$$Lambda$125/697242034
3410:             1             16  org.kohsuke.stapler.Stapler$3
3411:             1             16  org.kohsuke.stapler.Stapler$4
3412:             1             16  org.kohsuke.stapler.Stapler$5
3413:             1             16  org.kohsuke.stapler.Stapler$6
3414:             1             16  org.kohsuke.stapler.bind.BoundObjectTable
3415:             1             16  org.kohsuke.stapler.compression.CompressionFilter
3416:             1             16  org.kohsuke.stapler.event.FilteredDispatchTriggerListener$1
3417:             1             16  org.kohsuke.stapler.event.FilteredDoActionTriggerListener$1
3418:             1             16  org.kohsuke.stapler.event.FilteredFieldTriggerListener$1
3419:             1             16  org.kohsuke.stapler.event.FilteredGetterTriggerListener$1
3420:             1             16  org.kohsuke.stapler.export.ModelBuilder
3421:             1             16  org.kohsuke.stapler.jelly.DefaultScriptInvoker
3422:             1             16  org.kohsuke.stapler.jelly.JellyClassLoaderTearOff$2
3423:             1             16  org.kohsuke.stapler.jelly.ReallyStaticTagLibrary
3424:             1             16  org.kohsuke.stapler.jelly.ResourceBundleFactory
3425:             1             16  org.kohsuke.stapler.jelly.ThisTagLibrary$2
3426:             1             16  org.kohsuke.stapler.jelly.groovy.GroovyClassLoaderTearOff$1
3427:             1             16  org.kohsuke.stapler.jelly.groovy.GroovyFacet
3428:             1             16  org.kohsuke.stapler.lang.FieldRef$Filter$1
3429:             1             16  org.kohsuke.stapler.lang.KlassNavigator$1
3430:             1             16  org.slf4j.helpers.BasicMarkerFactory
3431:             1             16  org.slf4j.helpers.NOPLoggerFactory
3432:             1             16  org.slf4j.impl.JDK14LoggerFactory
3433:             1             16  org.slf4j.impl.StaticLoggerBinder
3434:             1             16  org.slf4j.impl.StaticMarkerBinder
3435:             1             16  org.springframework.util.ReflectionUtils$3
3436:             1             16  sun.font.SunFontManager$T1Filter
3437:             1             16  sun.font.SunFontManager$TTFilter
3438:             1             16  sun.java2d.Disposer
3439:             1             16  sun.java2d.Disposer$$Lambda$24/1187410086
3440:             1             16  sun.misc.ASCIICaseInsensitiveComparator
3441:             1             16  sun.misc.FloatingDecimal$1
3442:             1             16  sun.misc.Launcher
3443:             1             16  sun.misc.Launcher$Factory
3444:             1             16  sun.misc.Perf
3445:             1             16  sun.misc.Unsafe
3446:             1             16  sun.net.DefaultProgressMeteringPolicy
3447:             1             16  sun.net.ExtendedOptionsImpl$$Lambda$31/577734751
3448:             1             16  sun.net.idn.StringPrep$StringPrepTrieImpl
3449:             1             16  sun.net.spi.DefaultProxySelector
3450:             1             16  sun.net.www.protocol.file.Handler
3451:             1             16  sun.net.www.protocol.jar.JarFileFactory
3452:             1             16  sun.nio.ch.ExtendedSocketOption$1
3453:             1             16  sun.nio.ch.Net$1
3454:             1             16  sun.nio.ch.Util$1
3455:             1             16  sun.nio.ch.WindowsSelectorProvider
3456:             1             16  sun.nio.fs.WindowsChannelFactory$1
3457:             1             16  sun.nio.fs.WindowsFileSystemProvider
3458:             1             16  sun.reflect.GeneratedConstructorAccessor1
3459:             1             16  sun.reflect.GeneratedConstructorAccessor10
3460:             1             16  sun.reflect.GeneratedConstructorAccessor11
3461:             1             16  sun.reflect.GeneratedConstructorAccessor12
3462:             1             16  sun.reflect.GeneratedConstructorAccessor13
3463:             1             16  sun.reflect.GeneratedConstructorAccessor14
3464:             1             16  sun.reflect.GeneratedConstructorAccessor15
3465:             1             16  sun.reflect.GeneratedConstructorAccessor16
3466:             1             16  sun.reflect.GeneratedConstructorAccessor17
3467:             1             16  sun.reflect.GeneratedConstructorAccessor18
3468:             1             16  sun.reflect.GeneratedConstructorAccessor19
3469:             1             16  sun.reflect.GeneratedConstructorAccessor2
3470:             1             16  sun.reflect.GeneratedConstructorAccessor20
3471:             1             16  sun.reflect.GeneratedConstructorAccessor21
3472:             1             16  sun.reflect.GeneratedConstructorAccessor22
3473:             1             16  sun.reflect.GeneratedConstructorAccessor23
3474:             1             16  sun.reflect.GeneratedConstructorAccessor24
3475:             1             16  sun.reflect.GeneratedConstructorAccessor25
3476:             1             16  sun.reflect.GeneratedConstructorAccessor26
3477:             1             16  sun.reflect.GeneratedConstructorAccessor27
3478:             1             16  sun.reflect.GeneratedConstructorAccessor28
3479:             1             16  sun.reflect.GeneratedConstructorAccessor29
3480:             1             16  sun.reflect.GeneratedConstructorAccessor3
3481:             1             16  sun.reflect.GeneratedConstructorAccessor30
3482:             1             16  sun.reflect.GeneratedConstructorAccessor31
3483:             1             16  sun.reflect.GeneratedConstructorAccessor32
3484:             1             16  sun.reflect.GeneratedConstructorAccessor33
3485:             1             16  sun.reflect.GeneratedConstructorAccessor34
3486:             1             16  sun.reflect.GeneratedConstructorAccessor35
3487:             1             16  sun.reflect.GeneratedConstructorAccessor36
3488:             1             16  sun.reflect.GeneratedConstructorAccessor4
3489:             1             16  sun.reflect.GeneratedConstructorAccessor5
3490:             1             16  sun.reflect.GeneratedConstructorAccessor6
3491:             1             16  sun.reflect.GeneratedConstructorAccessor7
3492:             1             16  sun.reflect.GeneratedConstructorAccessor8
3493:             1             16  sun.reflect.GeneratedConstructorAccessor9
3494:             1             16  sun.reflect.GeneratedMethodAccessor1
3495:             1             16  sun.reflect.GeneratedMethodAccessor10
3496:             1             16  sun.reflect.GeneratedMethodAccessor11
3497:             1             16  sun.reflect.GeneratedMethodAccessor12
3498:             1             16  sun.reflect.GeneratedMethodAccessor13
3499:             1             16  sun.reflect.GeneratedMethodAccessor14
3500:             1             16  sun.reflect.GeneratedMethodAccessor2
3501:             1             16  sun.reflect.GeneratedMethodAccessor3
3502:             1             16  sun.reflect.GeneratedMethodAccessor4
3503:             1             16  sun.reflect.GeneratedMethodAccessor5
3504:             1             16  sun.reflect.GeneratedMethodAccessor6
3505:             1             16  sun.reflect.GeneratedMethodAccessor7
3506:             1             16  sun.reflect.GeneratedMethodAccessor8
3507:             1             16  sun.reflect.GeneratedMethodAccessor9
3508:             1             16  sun.reflect.GeneratedSerializationConstructorAccessor1
3509:             1             16  sun.reflect.GeneratedSerializationConstructorAccessor2
3510:             1             16  sun.reflect.GeneratedSerializationConstructorAccessor3
3511:             1             16  sun.reflect.GeneratedSerializationConstructorAccessor4
3512:             1             16  sun.reflect.GeneratedSerializationConstructorAccessor5
3513:             1             16  sun.reflect.ReflectionFactory
3514:             1             16  sun.reflect.generics.tree.BooleanSignature
3515:             1             16  sun.reflect.generics.tree.BottomSignature
3516:             1             16  sun.reflect.generics.tree.IntSignature
3517:             1             16  sun.reflect.generics.tree.VoidDescriptor
3518:             1             16  sun.security.provider.JavaKeyStore$JKS
3519:             1             16  sun.security.provider.NativeSeedGenerator
3520:             1             16  sun.security.provider.X509Factory
3521:             1             16  sun.security.rsa.RSAKeyFactory
3522:             1             16  sun.security.ssl.EphemeralKeyManager
3523:             1             16  sun.security.ssl.SSLSocketFactoryImpl
3524:             1             16  sun.security.util.ByteArrayLexOrder
3525:             1             16  sun.security.util.ByteArrayTagOrder
3526:             1             16  sun.text.normalizer.NormalizerBase$Mode
3527:             1             16  sun.text.normalizer.NormalizerBase$NFCMode
3528:             1             16  sun.text.normalizer.NormalizerBase$NFDMode
3529:             1             16  sun.text.normalizer.NormalizerBase$NFKCMode
3530:             1             16  sun.text.normalizer.NormalizerBase$NFKDMode
3531:             1             16  sun.text.normalizer.NormalizerImpl
3532:             1             16  sun.text.normalizer.NormalizerImpl$AuxTrieImpl
3533:             1             16  sun.text.normalizer.NormalizerImpl$FCDTrieImpl
3534:             1             16  sun.text.normalizer.NormalizerImpl$NormTrieImpl
3535:             1             16  sun.util.CoreResourceBundleControl
3536:             1             16  sun.util.calendar.Gregorian
3537:             1             16  sun.util.calendar.JulianCalendar
3538:             1             16  sun.util.locale.InternalLocaleBuilder$CaseInsensitiveChar
3539:             1             16  sun.util.locale.provider.AuxLocaleProviderAdapter$NullProvider
3540:             1             16  sun.util.locale.provider.CalendarDataUtility$CalendarWeekParameterGetter
3541:             1             16  sun.util.locale.provider.SPILocaleProviderAdapter
3542:             1             16  sun.util.locale.provider.TimeZoneNameUtility$TimeZoneNameGetter
3543:             1             16  sun.util.resources.LocaleData
3544:             1             16  sun.util.resources.LocaleData$LocaleDataResourceBundleControl
Total       1004206      143682696
